nohup: ignoring input
2026-07-14 15:17:45,028 [INFO] ============================================================
2026-07-14 15:17:45,028 [INFO] Configuration
2026-07-14 15:17:45,028 [INFO] ============================================================
2026-07-14 15:17:45,028 [INFO]   BQ_PROJECT              : ocean-tech-adv-analytics-p-usr
2026-07-14 15:17:45,028 [INFO]   AIRAK_DATASET           : ocean-breeze-tier-1.airak
2026-07-14 15:17:45,028 [INFO]   NETWORK_MODE            : full
2026-07-14 15:17:45,028 [INFO]   START_YEAR              : 2023
2026-07-14 15:17:45,028 [INFO]   END_YEAR                : 2026
2026-07-14 15:17:45,028 [INFO]   TOP_N_JOURNALS          : 5
2026-07-14 15:17:45,028 [INFO]   JOURNAL_IDS_OVERRIDE    : 1675037245440,1589137899520,2336462209024,2774548873217,120259084288,764504178688,1005022347264,558345748481
2026-07-14 15:17:45,028 [INFO]   ENABLE_EDGE_WEIGHTS     : True
2026-07-14 15:17:45,028 [INFO]   TEMPORAL_DECAY_TAU      : 5.0
2026-07-14 15:17:45,028 [INFO]   SELF_CITE_JOURNAL_WEIGHT: 0.5
2026-07-14 15:17:45,028 [INFO]   ENABLE_BC_EDGES         : True
2026-07-14 15:17:45,028 [INFO]   BC_MIN_SHARED_REFS      : 3
2026-07-14 15:17:45,029 [INFO]   MAX_EXTERNAL_PAPERS     : 50000
2026-07-14 15:17:45,029 [INFO]   OUTPUT_DIR              : cwts_output
2026-07-14 15:17:45,029 [INFO]   RUN_CLASSIFICATION      : False
2026-07-14 15:17:45,029 [INFO] ============================================================
2026-07-14 15:17:45,029 [INFO] ============================================================
2026-07-14 15:17:45,029 [INFO] CWTS Export — Edge Weight Builder
2026-07-14 15:17:45,029 [INFO]   Mode: FULL  |  Years: 2023-2026
2026-07-14 15:17:45,029 [INFO]   Edge weights: ON
2026-07-14 15:17:45,029 [INFO] ============================================================
2026-07-14 15:17:45,029 [INFO] Using specified journal IDs: [1675037245440, 1589137899520, 2336462209024, 2774548873217, 120259084288, 764504178688, 1005022347264, 558345748481]
2026-07-14 15:17:45,029 [INFO] Fetching Frontiers publication IDs...
2026-07-14 15:17:48,067 [INFO]   19,512 Frontiers publications
2026-07-14 15:17:48,067 [INFO] Building full network (Frontiers + related journals)...
2026-07-14 15:17:48,067 [INFO]   Finding journals citing Frontiers...
2026-07-14 15:17:56,736 [INFO]   Finding journals cited by Frontiers...
2026-07-14 15:18:00,423 [INFO]   443 journals in network (435 related + 8 Frontiers)
2026-07-14 15:18:06,309 [INFO]   4,758,908 publications
2026-07-14 15:18:06,443 [INFO]   Citation batch 1/96...
2026-07-14 15:18:18,729 [INFO]   Citation batch 2/96...
2026-07-14 15:18:31,285 [INFO]   Citation batch 3/96...
2026-07-14 15:18:42,319 [INFO]   Citation batch 4/96...
2026-07-14 15:18:53,186 [INFO]   Citation batch 5/96...
2026-07-14 15:19:02,989 [INFO]   Citation batch 6/96...
2026-07-14 15:19:13,084 [INFO]   Citation batch 7/96...
2026-07-14 15:19:26,436 [INFO]   Citation batch 8/96...
2026-07-14 15:19:35,450 [INFO]   Citation batch 9/96...
2026-07-14 15:19:46,596 [INFO]   Citation batch 10/96...
2026-07-14 15:19:57,303 [INFO]   Citation batch 11/96...
2026-07-14 15:20:09,681 [INFO]   Citation batch 12/96...
2026-07-14 15:20:21,794 [INFO]   Citation batch 13/96...
2026-07-14 15:20:35,806 [INFO]   Citation batch 14/96...
2026-07-14 15:20:48,561 [INFO]   Citation batch 15/96...
2026-07-14 15:20:58,461 [INFO]   Citation batch 16/96...
2026-07-14 15:21:08,717 [INFO]   Citation batch 17/96...
2026-07-14 15:21:19,100 [INFO]   Citation batch 18/96...
2026-07-14 15:21:27,318 [INFO]   Citation batch 19/96...
2026-07-14 15:21:37,628 [INFO]   Citation batch 20/96...
2026-07-14 15:21:47,643 [INFO]   Citation batch 21/96...
2026-07-14 15:21:56,872 [INFO]   Citation batch 22/96...
2026-07-14 15:22:07,288 [INFO]   Citation batch 23/96...
2026-07-14 15:22:17,220 [INFO]   Citation batch 24/96...
2026-07-14 15:22:27,495 [INFO]   Citation batch 25/96...
2026-07-14 15:22:36,201 [INFO]   Citation batch 26/96...
2026-07-14 15:22:47,806 [INFO]   Citation batch 27/96...
2026-07-14 15:22:58,089 [INFO]   Citation batch 28/96...
2026-07-14 15:23:07,216 [INFO]   Citation batch 29/96...
2026-07-14 15:23:17,308 [INFO]   Citation batch 30/96...
2026-07-14 15:23:27,714 [INFO]   Citation batch 31/96...
2026-07-14 15:23:36,669 [INFO]   Citation batch 32/96...
2026-07-14 15:23:48,084 [INFO]   Citation batch 33/96...
2026-07-14 15:23:58,165 [INFO]   Citation batch 34/96...
2026-07-14 15:24:09,968 [INFO]   Citation batch 35/96...
2026-07-14 15:24:20,974 [INFO]   Citation batch 36/96...
2026-07-14 15:24:29,889 [INFO]   Citation batch 37/96...
2026-07-14 15:24:40,233 [INFO]   Citation batch 38/96...
2026-07-14 15:24:53,649 [INFO]   Citation batch 39/96...
2026-07-14 15:25:01,767 [INFO]   Citation batch 40/96...
2026-07-14 15:25:12,176 [INFO]   Citation batch 41/96...
2026-07-14 15:25:21,611 [INFO]   Citation batch 42/96...
2026-07-14 15:25:31,047 [INFO]   Citation batch 43/96...
2026-07-14 15:25:39,217 [INFO]   Citation batch 44/96...
2026-07-14 15:25:49,129 [INFO]   Citation batch 45/96...
2026-07-14 15:25:58,347 [INFO]   Citation batch 46/96...
2026-07-14 15:26:07,538 [INFO]   Citation batch 47/96...
2026-07-14 15:26:16,690 [INFO]   Citation batch 48/96...
2026-07-14 15:26:29,269 [INFO]   Citation batch 49/96...
2026-07-14 15:26:38,912 [INFO]   Citation batch 50/96...
2026-07-14 15:26:49,282 [INFO]   Citation batch 51/96...
2026-07-14 15:26:59,578 [INFO]   Citation batch 52/96...
2026-07-14 15:27:09,161 [INFO]   Citation batch 53/96...
2026-07-14 15:27:19,608 [INFO]   Citation batch 54/96...
2026-07-14 15:27:28,855 [INFO]   Citation batch 55/96...
2026-07-14 15:27:37,258 [INFO]   Citation batch 56/96...
2026-07-14 15:27:45,926 [INFO]   Citation batch 57/96...
2026-07-14 15:27:55,199 [INFO]   Citation batch 58/96...
2026-07-14 15:28:04,112 [INFO]   Citation batch 59/96...
2026-07-14 15:28:13,616 [INFO]   Citation batch 60/96...
2026-07-14 15:28:22,370 [INFO]   Citation batch 61/96...
2026-07-14 15:28:32,073 [INFO]   Citation batch 62/96...
2026-07-14 15:28:40,459 [INFO]   Citation batch 63/96...
2026-07-14 15:28:49,327 [INFO]   Citation batch 64/96...
2026-07-14 15:29:00,249 [INFO]   Citation batch 65/96...
2026-07-14 15:29:09,432 [INFO]   Citation batch 66/96...
2026-07-14 15:29:22,739 [INFO]   Citation batch 67/96...
2026-07-14 15:29:31,085 [INFO]   Citation batch 68/96...
2026-07-14 15:29:40,652 [INFO]   Citation batch 69/96...
2026-07-14 15:29:52,901 [INFO]   Citation batch 70/96...
2026-07-14 15:30:01,434 [INFO]   Citation batch 71/96...
2026-07-14 15:30:12,930 [INFO]   Citation batch 72/96...
2026-07-14 15:30:23,718 [INFO]   Citation batch 73/96...
2026-07-14 15:30:33,632 [INFO]   Citation batch 74/96...
2026-07-14 15:30:43,297 [INFO]   Citation batch 75/96...
2026-07-14 15:30:53,172 [INFO]   Citation batch 76/96...
2026-07-14 15:31:03,180 [INFO]   Citation batch 77/96...
2026-07-14 15:31:12,126 [INFO]   Citation batch 78/96...
2026-07-14 15:31:23,745 [INFO]   Citation batch 79/96...
2026-07-14 15:31:34,876 [INFO]   Citation batch 80/96...
2026-07-14 15:31:48,444 [INFO]   Citation batch 81/96...
2026-07-14 15:31:59,669 [INFO]   Citation batch 82/96...
2026-07-14 15:32:11,810 [INFO]   Citation batch 83/96...
2026-07-14 15:32:24,800 [INFO]   Citation batch 84/96...
2026-07-14 15:32:35,611 [INFO]   Citation batch 85/96...
2026-07-14 15:32:45,290 [INFO]   Citation batch 86/96...
2026-07-14 15:32:54,712 [INFO]   Citation batch 87/96...
2026-07-14 15:33:05,430 [INFO]   Citation batch 88/96...
2026-07-14 15:33:17,770 [INFO]   Citation batch 89/96...
2026-07-14 15:33:27,319 [INFO]   Citation batch 90/96...
2026-07-14 15:33:37,982 [INFO]   Citation batch 91/96...
2026-07-14 15:33:48,587 [INFO]   Citation batch 92/96...
2026-07-14 15:33:59,277 [INFO]   Citation batch 93/96...
2026-07-14 15:34:08,525 [INFO]   Citation batch 94/96...
2026-07-14 15:34:17,051 [INFO]   Citation batch 95/96...
2026-07-14 15:34:27,883 [INFO]   Citation batch 96/96...
2026-07-14 15:34:39,823 [INFO]   12,366,957 edges, 3,028,261 nodes
2026-07-14 15:34:40,117 [INFO] Fetching metadata for 3,028,261 nodes...
2026-07-14 15:34:40,226 [INFO]   Metadata batch 1/152...
2026-07-14 15:34:45,949 [INFO]   Metadata batch 2/152...
2026-07-14 15:34:51,642 [INFO]   Metadata batch 3/152...
2026-07-14 15:34:55,984 [INFO]   Metadata batch 4/152...
2026-07-14 15:35:01,587 [INFO]   Metadata batch 5/152...
2026-07-14 15:35:06,942 [INFO]   Metadata batch 6/152...
2026-07-14 15:35:12,187 [INFO]   Metadata batch 7/152...
2026-07-14 15:35:17,332 [INFO]   Metadata batch 8/152...
2026-07-14 15:35:22,340 [INFO]   Metadata batch 9/152...
2026-07-14 15:35:27,260 [INFO]   Metadata batch 10/152...
2026-07-14 15:35:32,311 [INFO]   Metadata batch 11/152...
2026-07-14 15:35:36,797 [INFO]   Metadata batch 12/152...
2026-07-14 15:35:42,037 [INFO]   Metadata batch 13/152...
2026-07-14 15:35:46,950 [INFO]   Metadata batch 14/152...
2026-07-14 15:35:52,315 [INFO]   Metadata batch 15/152...
2026-07-14 15:35:57,184 [INFO]   Metadata batch 16/152...
2026-07-14 15:36:02,275 [INFO]   Metadata batch 17/152...
2026-07-14 15:36:07,830 [INFO]   Metadata batch 18/152...
2026-07-14 15:36:12,743 [INFO]   Metadata batch 19/152...
2026-07-14 15:36:17,787 [INFO]   Metadata batch 20/152...
2026-07-14 15:36:22,856 [INFO]   Metadata batch 21/152...
2026-07-14 15:36:28,014 [INFO]   Metadata batch 22/152...
2026-07-14 15:36:32,845 [INFO]   Metadata batch 23/152...
2026-07-14 15:36:37,646 [INFO]   Metadata batch 24/152...
2026-07-14 15:36:43,019 [INFO]   Metadata batch 25/152...
2026-07-14 15:36:48,320 [INFO]   Metadata batch 26/152...
2026-07-14 15:36:53,015 [INFO]   Metadata batch 27/152...
2026-07-14 15:36:58,248 [INFO]   Metadata batch 28/152...
2026-07-14 15:37:02,881 [INFO]   Metadata batch 29/152...
2026-07-14 15:37:07,736 [INFO]   Metadata batch 30/152...
2026-07-14 15:37:12,210 [INFO]   Metadata batch 31/152...
2026-07-14 15:37:17,287 [INFO]   Metadata batch 32/152...
2026-07-14 15:37:21,985 [INFO]   Metadata batch 33/152...
2026-07-14 15:37:26,638 [INFO]   Metadata batch 34/152...
2026-07-14 15:37:31,747 [INFO]   Metadata batch 35/152...
2026-07-14 15:37:36,525 [INFO]   Metadata batch 36/152...
2026-07-14 15:37:41,547 [INFO]   Metadata batch 37/152...
2026-07-14 15:37:46,145 [INFO]   Metadata batch 38/152...
2026-07-14 15:37:51,465 [INFO]   Metadata batch 39/152...
2026-07-14 15:37:56,291 [INFO]   Metadata batch 40/152...
2026-07-14 15:38:00,600 [INFO]   Metadata batch 41/152...
2026-07-14 15:38:04,993 [INFO]   Metadata batch 42/152...
2026-07-14 15:38:09,745 [INFO]   Metadata batch 43/152...
2026-07-14 15:38:14,749 [INFO]   Metadata batch 44/152...
2026-07-14 15:38:19,599 [INFO]   Metadata batch 45/152...
2026-07-14 15:38:24,333 [INFO]   Metadata batch 46/152...
2026-07-14 15:38:30,023 [INFO]   Metadata batch 47/152...
2026-07-14 15:38:34,621 [INFO]   Metadata batch 48/152...
2026-07-14 15:38:39,864 [INFO]   Metadata batch 49/152...
2026-07-14 15:38:45,032 [INFO]   Metadata batch 50/152...
2026-07-14 15:38:50,117 [INFO]   Metadata batch 51/152...
2026-07-14 15:38:56,195 [INFO]   Metadata batch 52/152...
2026-07-14 15:39:01,428 [INFO]   Metadata batch 53/152...
2026-07-14 15:39:06,052 [INFO]   Metadata batch 54/152...
2026-07-14 15:39:10,731 [INFO]   Metadata batch 55/152...
2026-07-14 15:39:15,369 [INFO]   Metadata batch 56/152...
2026-07-14 15:39:20,539 [INFO]   Metadata batch 57/152...
2026-07-14 15:39:25,609 [INFO]   Metadata batch 58/152...
2026-07-14 15:39:30,699 [INFO]   Metadata batch 59/152...
2026-07-14 15:39:37,060 [INFO]   Metadata batch 60/152...
2026-07-14 15:39:42,192 [INFO]   Metadata batch 61/152...
2026-07-14 15:39:47,045 [INFO]   Metadata batch 62/152...
2026-07-14 15:39:52,671 [INFO]   Metadata batch 63/152...
2026-07-14 15:39:57,990 [INFO]   Metadata batch 64/152...
2026-07-14 15:40:03,001 [INFO]   Metadata batch 65/152...
2026-07-14 15:40:08,608 [INFO]   Metadata batch 66/152...
2026-07-14 15:40:13,418 [INFO]   Metadata batch 67/152...
2026-07-14 15:40:17,991 [INFO]   Metadata batch 68/152...
2026-07-14 15:40:23,276 [INFO]   Metadata batch 69/152...
2026-07-14 15:40:29,656 [INFO]   Metadata batch 70/152...
2026-07-14 15:40:35,071 [INFO]   Metadata batch 71/152...
2026-07-14 15:40:40,028 [INFO]   Metadata batch 72/152...
2026-07-14 15:40:44,866 [INFO]   Metadata batch 73/152...
2026-07-14 15:40:50,077 [INFO]   Metadata batch 74/152...
2026-07-14 15:40:55,225 [INFO]   Metadata batch 75/152...
2026-07-14 15:40:59,887 [INFO]   Metadata batch 76/152...
2026-07-14 15:41:04,487 [INFO]   Metadata batch 77/152...
2026-07-14 15:41:09,182 [INFO]   Metadata batch 78/152...
2026-07-14 15:41:14,337 [INFO]   Metadata batch 79/152...
2026-07-14 15:41:19,449 [INFO]   Metadata batch 80/152...
2026-07-14 15:41:24,948 [INFO]   Metadata batch 81/152...
2026-07-14 15:41:29,872 [INFO]   Metadata batch 82/152...
2026-07-14 15:41:34,542 [INFO]   Metadata batch 83/152...
2026-07-14 15:41:39,499 [INFO]   Metadata batch 84/152...
2026-07-14 15:41:44,279 [INFO]   Metadata batch 85/152...
2026-07-14 15:41:49,872 [INFO]   Metadata batch 86/152...
2026-07-14 15:41:54,893 [INFO]   Metadata batch 87/152...
2026-07-14 15:42:01,936 [INFO]   Metadata batch 88/152...
2026-07-14 15:42:06,447 [INFO]   Metadata batch 89/152...
2026-07-14 15:42:11,761 [INFO]   Metadata batch 90/152...
2026-07-14 15:42:16,859 [INFO]   Metadata batch 91/152...
2026-07-14 15:42:21,880 [INFO]   Metadata batch 92/152...
2026-07-14 15:42:27,122 [INFO]   Metadata batch 93/152...
2026-07-14 15:42:31,960 [INFO]   Metadata batch 94/152...
2026-07-14 15:42:36,314 [INFO]   Metadata batch 95/152...
2026-07-14 15:42:41,164 [INFO]   Metadata batch 96/152...
2026-07-14 15:42:45,946 [INFO]   Metadata batch 97/152...
2026-07-14 15:42:50,643 [INFO]   Metadata batch 98/152...
2026-07-14 15:42:55,328 [INFO]   Metadata batch 99/152...
2026-07-14 15:43:00,429 [INFO]   Metadata batch 100/152...
2026-07-14 15:43:05,484 [INFO]   Metadata batch 101/152...
2026-07-14 15:43:10,128 [INFO]   Metadata batch 102/152...
2026-07-14 15:43:14,770 [INFO]   Metadata batch 103/152...
2026-07-14 15:43:19,816 [INFO]   Metadata batch 104/152...
2026-07-14 15:43:24,187 [INFO]   Metadata batch 105/152...
2026-07-14 15:43:28,970 [INFO]   Metadata batch 106/152...
2026-07-14 15:43:33,883 [INFO]   Metadata batch 107/152...
2026-07-14 15:43:39,121 [INFO]   Metadata batch 108/152...
2026-07-14 15:43:43,553 [INFO]   Metadata batch 109/152...
2026-07-14 15:43:48,007 [INFO]   Metadata batch 110/152...
2026-07-14 15:43:52,452 [INFO]   Metadata batch 111/152...
2026-07-14 15:43:57,508 [INFO]   Metadata batch 112/152...
2026-07-14 15:44:02,544 [INFO]   Metadata batch 113/152...
2026-07-14 15:44:07,576 [INFO]   Metadata batch 114/152...
2026-07-14 15:44:12,209 [INFO]   Metadata batch 115/152...
2026-07-14 15:44:17,065 [INFO]   Metadata batch 116/152...
2026-07-14 15:44:22,111 [INFO]   Metadata batch 117/152...
2026-07-14 15:44:27,394 [INFO]   Metadata batch 118/152...
2026-07-14 15:44:31,819 [INFO]   Metadata batch 119/152...
2026-07-14 15:44:36,667 [INFO]   Metadata batch 120/152...
2026-07-14 15:44:41,816 [INFO]   Metadata batch 121/152...
2026-07-14 15:44:46,732 [INFO]   Metadata batch 122/152...
2026-07-14 15:44:52,492 [INFO]   Metadata batch 123/152...
2026-07-14 15:44:57,165 [INFO]   Metadata batch 124/152...
2026-07-14 15:45:02,687 [INFO]   Metadata batch 125/152...
2026-07-14 15:45:08,161 [INFO]   Metadata batch 126/152...
2026-07-14 15:45:13,729 [INFO]   Metadata batch 127/152...
2026-07-14 15:45:19,635 [INFO]   Metadata batch 128/152...
2026-07-14 15:45:24,531 [INFO]   Metadata batch 129/152...
2026-07-14 15:45:33,218 [INFO]   Metadata batch 130/152...
2026-07-14 15:45:38,241 [INFO]   Metadata batch 131/152...
2026-07-14 15:45:43,912 [INFO]   Metadata batch 132/152...
2026-07-14 15:45:48,957 [INFO]   Metadata batch 133/152...
2026-07-14 15:45:54,142 [INFO]   Metadata batch 134/152...
2026-07-14 15:45:59,636 [INFO]   Metadata batch 135/152...
2026-07-14 15:46:05,111 [INFO]   Metadata batch 136/152...
2026-07-14 15:46:10,170 [INFO]   Metadata batch 137/152...
2026-07-14 15:46:15,679 [INFO]   Metadata batch 138/152...
2026-07-14 15:46:20,854 [INFO]   Metadata batch 139/152...
2026-07-14 15:46:26,251 [INFO]   Metadata batch 140/152...
2026-07-14 15:46:31,706 [INFO]   Metadata batch 141/152...
2026-07-14 15:46:36,407 [INFO]   Metadata batch 142/152...
2026-07-14 15:46:41,081 [INFO]   Metadata batch 143/152...
2026-07-14 15:46:46,035 [INFO]   Metadata batch 144/152...
2026-07-14 15:46:50,868 [INFO]   Metadata batch 145/152...
2026-07-14 15:46:56,919 [INFO]   Metadata batch 146/152...
2026-07-14 15:47:01,917 [INFO]   Metadata batch 147/152...
2026-07-14 15:47:06,892 [INFO]   Metadata batch 148/152...
2026-07-14 15:47:11,627 [INFO]   Metadata batch 149/152...
2026-07-14 15:47:17,221 [INFO]   Metadata batch 150/152...
2026-07-14 15:47:22,437 [INFO]   Metadata batch 151/152...
2026-07-14 15:47:27,796 [INFO]   Metadata batch 152/152...
2026-07-14 15:47:32,012 [INFO]   3,028,261 nodes (15,263 Frontiers core)
2026-07-14 15:47:32,412 [INFO] Applying edge weights (temporal decay + self-citation discount)...
2026-07-14 15:47:55,213 [INFO]   Decay mean=0.627  |  Self-citations: 2,011,382
2026-07-14 15:47:55,234 [INFO]   Combined weight mean=0.576
2026-07-14 15:47:55,460 [INFO] Computing bibliographic coupling (min shared refs=3)...
2026-07-14 15:47:55,465 [INFO]   BC batch 1/1...
2026-07-14 15:48:12,867 [INFO]     2,901,681 BC edges
2026-07-14 15:48:13,185 [INFO]   Total BC edges: 2,901,681
2026-07-14 15:48:13,199 [INFO] Merging direct citation and BC edges...
2026-07-14 15:48:24,440 [INFO]   Merged: 15,207,027 edges (mean weight=0.481)
2026-07-14 15:48:26,951 [INFO] Writing CWTS files to cwts_output/  (3,028,261 nodes)...
2026-07-14 15:48:48,569 [INFO]   pubs.txt        : 3,028,261 rows  (15,263 Frontiers)
  0%|                                                                                                                                        | 0/1 [00:00<?, ?it/s]2026-07-14 15:48:57,650 [INFO] 3028261 out of 3028261 rows loaded.
100%|██████████████████████████████████████████████████████████████████████████████████████████████████████████████████████████████| 1/1 [00:00<00:00, 8192.00it/s]
2026-07-14 15:48:57,650 [INFO]   → BigQuery: scope_drift_raw.pubs_raw_20260714_151745
2026-07-14 15:49:24,872 [INFO]   pub_metadata.txt: 3,028,261 rows
  0%|                                                                                                                                        | 0/1 [00:00<?, ?it/s]2026-07-14 15:50:15,502 [INFO] 3028261 out of 3028261 rows loaded.
100%|██████████████████████████████████████████████████████████████████████████████████████████████████████████████████████████████| 1/1 [00:00<00:00, 6000.43it/s]
2026-07-14 15:50:15,502 [INFO]   → BigQuery: scope_drift_raw.pub_metadata_raw_20260714_151745
2026-07-14 15:51:24,023 [INFO]   cit_links.txt   : 29,759,422 rows  (14,879,711 unique × 2 directions)
  0%|                                                                                                                                        | 0/1 [00:00<?, ?it/s]2026-07-14 15:52:05,925 [INFO] 29759422 out of 29759422 rows loaded.
100%|██████████████████████████████████████████████████████████████████████████████████████████████████████████████████████████████| 1/1 [00:00<00:00, 7503.23it/s]
2026-07-14 15:52:05,925 [INFO]   → BigQuery: scope_drift_raw.cit_links_raw_20260714_151745
2026-07-14 15:52:05,925 [INFO] Classification step skipped (RUN_CLASSIFICATION=false)
/home/jupyter/scope-drift-model/cwts_export.py:902: DeprecationWarning: datetime.datetime.utcnow() is deprecated and scheduled for removal in a future version. Use timezone-aware objects to represent datetimes in UTC: datetime.datetime.now(datetime.UTC).
  "generated_utc": datetime.utcnow().strftime("%Y-%m-%d %H:%M UTC"),
  0%|                                                                                                                                        | 0/1 [00:00<?, ?it/s]2026-07-14 15:52:12,213 [INFO] 1 out of 1 rows loaded.
100%|██████████████████████████████████████████████████████████████████████████████████████████████████████████████████████████████| 1/1 [00:00<00:00, 8886.24it/s]
2026-07-14 15:52:12,213 [INFO]   → BigQuery: scope_drift_raw.run_metadata_20260714_151745
2026-07-14 15:52:12,213 [INFO] Done!!!!
