CWTS Publication Classification Run
==================================================
Timestamp : 2026-06-16T12:52:41.407867

Input Files
------------------------------
  pubs                : cwts_output/pubs.txt
  cit_links           : cwts_output/cit_links.txt
  output              : cwts_output/classification.txt
  jar                 : publicationclassification.jar

Parameters
------------------------------
  largest_component_only    : true
  iterations                : 1000
  micro_resolution          : 2e-4
  micro_min_cluster_size    : 10000
  meso_resolution           : 4.9e-7
  meso_min_cluster_size     : 10000
  macro_resolution          : 2.2e-8
  macro_min_cluster_size    : 200000

Return Code: 0

STDOUT
------------------------------
PublicationClassificationCreator version 1.1.0
By Nees Jan van Eck
Centre for Science and Technology Studies (CWTS), Leiden University

Reading citation network from file... Finished!
Reading citation network from file took 0h 0m 0s.
Citation network:
	Number of publications: 76599
	Number of citation links: 417338
	Total publication weight: 76599
	Total citation link weight: 101630

Identifying largest connected component in citation network... Finished!
Identifying largest connected component in citation network took 0h 0m 0s.
Largest connected component:
	Number of publications: 76568
	Number of citation links: 417317
	Total publication weight: 76568
	Total citation link weight: 101620

Creating publication classification...
	Clustering algorithm: Leiden algorithm
	Number of iterations: 1000
	Random seed: 0

Adding micro-level classification...
Creating clustering... Finished! 5307 clusters created.
Reassigning small clusters... Finished! 3 clusters remaining.
Adding micro-level classification took 0h 3m 33s.
Micro-level classification:
	Resolution: 2.0E-4
	Threshold: 10000
	Number of clusters: 3

Adding meso-level classification...
Creating clustering... Finished! 1 clusters created.
Reassigning small clusters... Finished! 1 clusters remaining.
Adding meso-level classification took 0h 0m 0s.
Meso-level classification:
	Resolution: 4.9E-7
	Threshold: 10000
	Number of clusters: 1

Adding macro-level classification...
Creating clustering... Finished! 1 clusters created.
Reassigning small clusters... Finished! 1 clusters remaining.
Adding macro-level classification took 0h 0m 0s.
Macro-level classification:
	Resolution: 2.2E-8
	Threshold: 200000
	Number of clusters: 1

Writing publication classification to file... Finished!
Writing publication classification to file took 0h 0m 0s.

STDERR
------------------------------
(empty)
