CWTS Publication Classification Run
==================================================
Timestamp : 20260617_215705

Input Files
------------------------------
  pubs                : cwts_output/pubs.txt
  cit_links           : cwts_output/cit_links.txt
  output              : cwts_output/classification.txt
  jar                 : publicationclassification.jar

Parameters
------------------------------
  largest_component_only    : true
  iterations                : 100
  micro_resolution          : 5e-3
  micro_min_cluster_size    : 500
  meso_resolution           : 1e-4
  meso_min_cluster_size     : 1000
  macro_resolution          : 2e-5
  macro_min_cluster_size    : 5000

Return Code: 0

STDOUT
------------------------------
PublicationClassificationCreator version 1.1.0
By Nees Jan van Eck
Centre for Science and Technology Studies (CWTS), Leiden University

Reading citation network from file... Finished!
Reading citation network from file took 0h 0m 32s.
Citation network:
	Number of publications: 3943071
	Number of citation links: 36537120
	Total publication weight: 3943071
	Total citation link weight: 10948391

Identifying largest connected component in citation network... Finished!
Identifying largest connected component in citation network took 0h 0m 3s.
Largest connected component:
	Number of publications: 3844339
	Number of citation links: 36478421
	Total publication weight: 3844339
	Total citation link weight: 10918126

Creating publication classification...
	Clustering algorithm: Leiden algorithm
	Number of iterations: 100
	Random seed: 0

Adding micro-level classification...
Creating clustering... Finished! 233331 clusters created.
Reassigning small clusters... Finished! 3981 clusters remaining.
Adding micro-level classification took 0h 34m 57s.
Micro-level classification:
	Resolution: 0.005
	Threshold: 500
	Number of clusters: 3981

Adding meso-level classification...
Creating clustering... Finished! 3054 clusters created.
Reassigning small clusters... Finished! 1756 clusters remaining.
Adding meso-level classification took 0h 0m 29s.
Meso-level classification:
	Resolution: 1.0E-4
	Threshold: 1000
	Number of clusters: 1756

Adding macro-level classification...
Creating clustering... Finished! 828 clusters created.
Reassigning small clusters... Finished! 344 clusters remaining.
Adding macro-level classification took 0h 0m 8s.
Macro-level classification:
	Resolution: 2.0E-5
	Threshold: 5000
	Number of clusters: 344

Writing publication classification to file... Finished!
Writing publication classification to file took 0h 0m 1s.

STDERR
------------------------------
(empty)
