CWTS Publication Classification Run
==================================================
Timestamp : 20260618_130306

Input Files
------------------------------
  pubs                : cwts_output/pubs.txt
  cit_links           : cwts_output/cit_links.txt
  output              : cwts_output/classification.txt
  jar                 : publicationclassification.jar

Parameters
------------------------------
  largest_component_only    : true
  iterations                : 100
  micro_resolution          : 5e-4
  micro_min_cluster_size    : 1000
  meso_resolution           : 5e-6
  meso_min_cluster_size     : 5000
  macro_resolution          : 1e-6
  macro_min_cluster_size    : 20000

Return Code: 0

STDOUT
------------------------------
PublicationClassificationCreator version 1.1.0
By Nees Jan van Eck
Centre for Science and Technology Studies (CWTS), Leiden University

Reading citation network from file... Finished!
Reading citation network from file took 0h 0m 26s.
Citation network:
	Number of publications: 3943071
	Number of citation links: 36537120
	Total publication weight: 3943071
	Total citation link weight: 10948391

Identifying largest connected component in citation network... Finished!
Identifying largest connected component in citation network took 0h 0m 3s.
Largest connected component:
	Number of publications: 3844339
	Number of citation links: 36478421
	Total publication weight: 3844339
	Total citation link weight: 10918126

Creating publication classification...
	Clustering algorithm: Leiden algorithm
	Number of iterations: 100
	Random seed: 0

Adding micro-level classification...
Creating clustering... Finished! 124673 clusters created.
Reassigning small clusters... Finished! 1818 clusters remaining.
Adding micro-level classification took 0h 28m 53s.
Micro-level classification:
	Resolution: 5.0E-4
	Threshold: 1000
	Number of clusters: 1818

Adding meso-level classification...
Creating clustering... Finished! 271 clusters created.
Reassigning small clusters... Finished! 183 clusters remaining.
Adding meso-level classification took 0h 0m 8s.
Meso-level classification:
	Resolution: 5.0E-6
	Threshold: 5000
	Number of clusters: 183

Adding macro-level classification...
Creating clustering... Finished! 33 clusters created.
Reassigning small clusters... Finished! 24 clusters remaining.
Adding macro-level classification took 0h 0m 2s.
Macro-level classification:
	Resolution: 1.0E-6
	Threshold: 20000
	Number of clusters: 24

Writing publication classification to file... Finished!
Writing publication classification to file took 0h 0m 1s.

STDERR
------------------------------
(empty)
