nohup: ignoring input
2026-07-23 15:09:48,530 [INFO] ============================================================
2026-07-23 15:09:48,530 [INFO] Configuration
2026-07-23 15:09:48,530 [INFO] ============================================================
2026-07-23 15:09:48,530 [INFO]   BQ_PROJECT              : ocean-tech-adv-analytics-p-usr
2026-07-23 15:09:48,530 [INFO]   AIRAK_DATASET           : ocean-breeze-tier-1.airak
2026-07-23 15:09:48,530 [INFO]   NETWORK_MODE            : full
2026-07-23 15:09:48,530 [INFO]   START_YEAR              : 2020
2026-07-23 15:09:48,530 [INFO]   END_YEAR                : 2026
2026-07-23 15:09:48,530 [INFO]   TOP_N_JOURNALS          : 5
2026-07-23 15:09:48,530 [INFO]   JOURNAL_IDS_OVERRIDE    : 1675037245440,1589137899520,2336462209024,2774548873217,120259084288,764504178688,1005022347264,558345748481
2026-07-23 15:09:48,531 [INFO]   ENABLE_EDGE_WEIGHTS     : True
2026-07-23 15:09:48,531 [INFO]   TEMPORAL_DECAY_TAU      : 5.0
2026-07-23 15:09:48,531 [INFO]   SELF_CITE_JOURNAL_WEIGHT: 0.5
2026-07-23 15:09:48,531 [INFO]   ENABLE_BC_EDGES         : False
2026-07-23 15:09:48,531 [INFO]   BC_MIN_SHARED_REFS      : 3
2026-07-23 15:09:48,531 [INFO]   MAX_EXTERNAL_PAPERS     : 50000
2026-07-23 15:09:48,531 [INFO]   LOG_DIR              : cwts_logs
2026-07-23 15:09:48,531 [INFO]   RUN_CLASSIFICATION      : True
2026-07-23 15:09:48,531 [INFO]   CWTS_JAR_PATH           : publicationclassification.jar
2026-07-23 15:09:48,531 [INFO]   JAVA_HEAP_SIZE          : 
2026-07-23 15:09:48,531 [INFO] ============================================================
2026-07-23 15:09:48,531 [INFO] ============================================================
2026-07-23 15:09:48,531 [INFO] CWTS Export — Edge Weight Builder
2026-07-23 15:09:48,531 [INFO]   Mode: FULL  |  Years: 2020-2026
2026-07-23 15:09:48,531 [INFO]   Edge weights: ON
2026-07-23 15:09:48,531 [INFO] ============================================================
2026-07-23 15:09:48,531 [INFO] Using specified journal IDs: [1675037245440, 1589137899520, 2336462209024, 2774548873217, 120259084288, 764504178688, 1005022347264, 558345748481]
2026-07-23 15:09:48,531 [INFO] Fetching Frontiers publication IDs...
2026-07-23 15:09:51,241 [INFO]   41,071 Frontiers publications
2026-07-23 15:09:51,241 [INFO] Building full network (Frontiers + related journals)...
2026-07-23 15:09:51,241 [INFO]   Finding journals citing Frontiers...
2026-07-23 15:09:53,706 [INFO]   Finding journals cited by Frontiers...
2026-07-23 15:09:55,866 [INFO]   2019 journals in network (2011 related + 8 Frontiers)
2026-07-23 15:10:02,658 [INFO]   13,933,678 publications
2026-07-23 15:10:03,066 [INFO]   Citation batch 1/279...
2026-07-23 15:10:15,307 [INFO]   Citation batch 2/279...
2026-07-23 15:10:27,446 [INFO]   Citation batch 3/279...
2026-07-23 15:10:41,571 [INFO]   Citation batch 4/279...
2026-07-23 15:10:52,080 [INFO]   Citation batch 5/279...
2026-07-23 15:11:04,272 [INFO]   Citation batch 6/279...
2026-07-23 15:11:14,908 [INFO]   Citation batch 7/279...
2026-07-23 15:11:23,820 [INFO]   Citation batch 8/279...
2026-07-23 15:11:33,577 [INFO]   Citation batch 9/279...
2026-07-23 15:11:42,826 [INFO]   Citation batch 10/279...
2026-07-23 15:11:53,854 [INFO]   Citation batch 11/279...
2026-07-23 15:12:05,921 [INFO]   Citation batch 12/279...
2026-07-23 15:12:17,130 [INFO]   Citation batch 13/279...
2026-07-23 15:12:28,662 [INFO]   Citation batch 14/279...
2026-07-23 15:12:40,421 [INFO]   Citation batch 15/279...
2026-07-23 15:12:50,963 [INFO]   Citation batch 16/279...
2026-07-23 15:12:59,585 [INFO]   Citation batch 17/279...
2026-07-23 15:13:09,808 [INFO]   Citation batch 18/279...
2026-07-23 15:13:18,776 [INFO]   Citation batch 19/279...
2026-07-23 15:13:26,863 [INFO]   Citation batch 20/279...
2026-07-23 15:13:35,716 [INFO]   Citation batch 21/279...
2026-07-23 15:13:45,510 [INFO]   Citation batch 22/279...
2026-07-23 15:13:57,981 [INFO]   Citation batch 23/279...
2026-07-23 15:14:07,760 [INFO]   Citation batch 24/279...
2026-07-23 15:14:17,503 [INFO]   Citation batch 25/279...
2026-07-23 15:14:29,077 [INFO]   Citation batch 26/279...
2026-07-23 15:14:38,421 [INFO]   Citation batch 27/279...
2026-07-23 15:14:48,799 [INFO]   Citation batch 28/279...
2026-07-23 15:14:59,505 [INFO]   Citation batch 29/279...
2026-07-23 15:15:09,805 [INFO]   Citation batch 30/279...
2026-07-23 15:15:20,361 [INFO]   Citation batch 31/279...
2026-07-23 15:15:33,746 [INFO]   Citation batch 32/279...
2026-07-23 15:15:43,922 [INFO]   Citation batch 33/279...
2026-07-23 15:15:56,018 [INFO]   Citation batch 34/279...
2026-07-23 15:16:08,248 [INFO]   Citation batch 35/279...
2026-07-23 15:16:18,228 [INFO]   Citation batch 36/279...
2026-07-23 15:16:28,470 [INFO]   Citation batch 37/279...
2026-07-23 15:16:37,373 [INFO]   Citation batch 38/279...
2026-07-23 15:16:46,367 [INFO]   Citation batch 39/279...
2026-07-23 15:16:56,346 [INFO]   Citation batch 40/279...
2026-07-23 15:17:05,267 [INFO]   Citation batch 41/279...
2026-07-23 15:17:15,281 [INFO]   Citation batch 42/279...
2026-07-23 15:17:26,653 [INFO]   Citation batch 43/279...
2026-07-23 15:17:35,332 [INFO]   Citation batch 44/279...
2026-07-23 15:17:44,359 [INFO]   Citation batch 45/279...
2026-07-23 15:17:54,793 [INFO]   Citation batch 46/279...
2026-07-23 15:18:03,861 [INFO]   Citation batch 47/279...
2026-07-23 15:18:12,843 [INFO]   Citation batch 48/279...
2026-07-23 15:18:21,508 [INFO]   Citation batch 49/279...
2026-07-23 15:18:33,028 [INFO]   Citation batch 50/279...
2026-07-23 15:18:43,192 [INFO]   Citation batch 51/279...
2026-07-23 15:18:52,937 [INFO]   Citation batch 52/279...
2026-07-23 15:19:02,557 [INFO]   Citation batch 53/279...
2026-07-23 15:19:11,447 [INFO]   Citation batch 54/279...
2026-07-23 15:19:21,665 [INFO]   Citation batch 55/279...
2026-07-23 15:19:31,380 [INFO]   Citation batch 56/279...
2026-07-23 15:19:40,611 [INFO]   Citation batch 57/279...
2026-07-23 15:19:52,050 [INFO]   Citation batch 58/279...
2026-07-23 15:20:01,823 [INFO]   Citation batch 59/279...
2026-07-23 15:20:12,248 [INFO]   Citation batch 60/279...
2026-07-23 15:20:22,192 [INFO]   Citation batch 61/279...
2026-07-23 15:20:32,817 [INFO]   Citation batch 62/279...
2026-07-23 15:20:43,186 [INFO]   Citation batch 63/279...
2026-07-23 15:20:52,246 [INFO]   Citation batch 64/279...
2026-07-23 15:21:01,297 [INFO]   Citation batch 65/279...
2026-07-23 15:21:11,922 [INFO]   Citation batch 66/279...
2026-07-23 15:21:23,891 [INFO]   Citation batch 67/279...
2026-07-23 15:21:33,562 [INFO]   Citation batch 68/279...
2026-07-23 15:21:43,815 [INFO]   Citation batch 69/279...
2026-07-23 15:21:52,824 [INFO]   Citation batch 70/279...
2026-07-23 15:22:09,974 [INFO]   Citation batch 71/279...
2026-07-23 15:22:21,994 [INFO]   Citation batch 72/279...
2026-07-23 15:22:32,435 [INFO]   Citation batch 73/279...
2026-07-23 15:22:42,641 [INFO]   Citation batch 74/279...
2026-07-23 15:22:50,714 [INFO]   Citation batch 75/279...
2026-07-23 15:22:59,094 [INFO]   Citation batch 76/279...
2026-07-23 15:23:10,093 [INFO]   Citation batch 77/279...
2026-07-23 15:23:19,688 [INFO]   Citation batch 78/279...
2026-07-23 15:23:27,975 [INFO]   Citation batch 79/279...
2026-07-23 15:23:36,157 [INFO]   Citation batch 80/279...
2026-07-23 15:23:44,978 [INFO]   Citation batch 81/279...
2026-07-23 15:23:54,333 [INFO]   Citation batch 82/279...
2026-07-23 15:24:03,549 [INFO]   Citation batch 83/279...
2026-07-23 15:24:11,803 [INFO]   Citation batch 84/279...
2026-07-23 15:24:21,259 [INFO]   Citation batch 85/279...
2026-07-23 15:24:30,030 [INFO]   Citation batch 86/279...
2026-07-23 15:24:39,130 [INFO]   Citation batch 87/279...
2026-07-23 15:24:48,141 [INFO]   Citation batch 88/279...
2026-07-23 15:24:59,528 [INFO]   Citation batch 89/279...
2026-07-23 15:25:10,035 [INFO]   Citation batch 90/279...
2026-07-23 15:25:19,111 [INFO]   Citation batch 91/279...
2026-07-23 15:25:28,776 [INFO]   Citation batch 92/279...
2026-07-23 15:25:37,405 [INFO]   Citation batch 93/279...
2026-07-23 15:25:45,620 [INFO]   Citation batch 94/279...
2026-07-23 15:25:56,821 [INFO]   Citation batch 95/279...
2026-07-23 15:26:06,073 [INFO]   Citation batch 96/279...
2026-07-23 15:26:13,933 [INFO]   Citation batch 97/279...
2026-07-23 15:26:24,855 [INFO]   Citation batch 98/279...
2026-07-23 15:26:34,730 [INFO]   Citation batch 99/279...
2026-07-23 15:26:44,489 [INFO]   Citation batch 100/279...
2026-07-23 15:26:55,031 [INFO]   Citation batch 101/279...
2026-07-23 15:27:03,811 [INFO]   Citation batch 102/279...
2026-07-23 15:27:13,627 [INFO]   Citation batch 103/279...
2026-07-23 15:27:23,484 [INFO]   Citation batch 104/279...
2026-07-23 15:27:32,144 [INFO]   Citation batch 105/279...
2026-07-23 15:27:41,283 [INFO]   Citation batch 106/279...
2026-07-23 15:27:49,953 [INFO]   Citation batch 107/279...
2026-07-23 15:27:59,509 [INFO]   Citation batch 108/279...
2026-07-23 15:28:09,607 [INFO]   Citation batch 109/279...
2026-07-23 15:28:18,628 [INFO]   Citation batch 110/279...
2026-07-23 15:28:27,613 [INFO]   Citation batch 111/279...
2026-07-23 15:28:36,297 [INFO]   Citation batch 112/279...
2026-07-23 15:28:46,762 [INFO]   Citation batch 113/279...
2026-07-23 15:28:56,353 [INFO]   Citation batch 114/279...
2026-07-23 15:29:06,338 [INFO]   Citation batch 115/279...
2026-07-23 15:29:16,343 [INFO]   Citation batch 116/279...
2026-07-23 15:29:26,217 [INFO]   Citation batch 117/279...
2026-07-23 15:29:36,811 [INFO]   Citation batch 118/279...
2026-07-23 15:29:46,525 [INFO]   Citation batch 119/279...
2026-07-23 15:29:56,649 [INFO]   Citation batch 120/279...
2026-07-23 15:30:07,835 [INFO]   Citation batch 121/279...
2026-07-23 15:30:18,423 [INFO]   Citation batch 122/279...
2026-07-23 15:30:31,774 [INFO]   Citation batch 123/279...
2026-07-23 15:30:43,575 [INFO]   Citation batch 124/279...
2026-07-23 15:30:53,505 [INFO]   Citation batch 125/279...
2026-07-23 15:31:04,004 [INFO]   Citation batch 126/279...
2026-07-23 15:31:15,233 [INFO]   Citation batch 127/279...
2026-07-23 15:31:25,496 [INFO]   Citation batch 128/279...
2026-07-23 15:31:35,854 [INFO]   Citation batch 129/279...
2026-07-23 15:31:46,772 [INFO]   Citation batch 130/279...
2026-07-23 15:31:58,843 [INFO]   Citation batch 131/279...
2026-07-23 15:32:09,574 [INFO]   Citation batch 132/279...
2026-07-23 15:32:19,304 [INFO]   Citation batch 133/279...
2026-07-23 15:32:29,534 [INFO]   Citation batch 134/279...
2026-07-23 15:32:41,500 [INFO]   Citation batch 135/279...
2026-07-23 15:32:51,769 [INFO]   Citation batch 136/279...
2026-07-23 15:33:02,759 [INFO]   Citation batch 137/279...
2026-07-23 15:33:13,680 [INFO]   Citation batch 138/279...
2026-07-23 15:33:22,442 [INFO]   Citation batch 139/279...
2026-07-23 15:33:33,128 [INFO]   Citation batch 140/279...
2026-07-23 15:33:41,741 [INFO]   Citation batch 141/279...
2026-07-23 15:33:51,374 [INFO]   Citation batch 142/279...
2026-07-23 15:34:00,434 [INFO]   Citation batch 143/279...
2026-07-23 15:34:11,102 [INFO]   Citation batch 144/279...
2026-07-23 15:34:22,534 [INFO]   Citation batch 145/279...
2026-07-23 15:34:33,949 [INFO]   Citation batch 146/279...
2026-07-23 15:34:42,217 [INFO]   Citation batch 147/279...
2026-07-23 15:34:52,062 [INFO]   Citation batch 148/279...
2026-07-23 15:35:01,386 [INFO]   Citation batch 149/279...
2026-07-23 15:35:11,779 [INFO]   Citation batch 150/279...
2026-07-23 15:35:22,081 [INFO]   Citation batch 151/279...
2026-07-23 15:35:33,216 [INFO]   Citation batch 152/279...
2026-07-23 15:35:43,443 [INFO]   Citation batch 153/279...
2026-07-23 15:35:54,904 [INFO]   Citation batch 154/279...
2026-07-23 15:36:05,381 [INFO]   Citation batch 155/279...
2026-07-23 15:36:16,011 [INFO]   Citation batch 156/279...
2026-07-23 15:36:23,988 [INFO]   Citation batch 157/279...
2026-07-23 15:36:34,055 [INFO]   Citation batch 158/279...
2026-07-23 15:36:43,688 [INFO]   Citation batch 159/279...
2026-07-23 15:37:00,143 [INFO]   Citation batch 160/279...
2026-07-23 15:37:10,475 [INFO]   Citation batch 161/279...
2026-07-23 15:37:19,479 [INFO]   Citation batch 162/279...
2026-07-23 15:37:30,108 [INFO]   Citation batch 163/279...
2026-07-23 15:37:40,431 [INFO]   Citation batch 164/279...
2026-07-23 15:37:51,774 [INFO]   Citation batch 165/279...
2026-07-23 15:38:01,270 [INFO]   Citation batch 166/279...
2026-07-23 15:38:11,613 [INFO]   Citation batch 167/279...
2026-07-23 15:38:20,512 [INFO]   Citation batch 168/279...
2026-07-23 15:38:30,836 [INFO]   Citation batch 169/279...
2026-07-23 15:38:40,405 [INFO]   Citation batch 170/279...
2026-07-23 15:38:49,555 [INFO]   Citation batch 171/279...
2026-07-23 15:38:58,720 [INFO]   Citation batch 172/279...
2026-07-23 15:39:07,774 [INFO]   Citation batch 173/279...
2026-07-23 15:39:18,025 [INFO]   Citation batch 174/279...
2026-07-23 15:39:28,060 [INFO]   Citation batch 175/279...
2026-07-23 15:39:38,169 [INFO]   Citation batch 176/279...
2026-07-23 15:39:47,150 [INFO]   Citation batch 177/279...
2026-07-23 15:39:56,631 [INFO]   Citation batch 178/279...
2026-07-23 15:40:06,971 [INFO]   Citation batch 179/279...
2026-07-23 15:40:17,441 [INFO]   Citation batch 180/279...
2026-07-23 15:40:27,650 [INFO]   Citation batch 181/279...
2026-07-23 15:40:37,645 [INFO]   Citation batch 182/279...
2026-07-23 15:40:48,032 [INFO]   Citation batch 183/279...
2026-07-23 15:40:57,362 [INFO]   Citation batch 184/279...
2026-07-23 15:41:06,957 [INFO]   Citation batch 185/279...
2026-07-23 15:41:16,866 [INFO]   Citation batch 186/279...
2026-07-23 15:41:25,100 [INFO]   Citation batch 187/279...
2026-07-23 15:41:34,607 [INFO]   Citation batch 188/279...
2026-07-23 15:41:45,315 [INFO]   Citation batch 189/279...
2026-07-23 15:41:55,034 [INFO]   Citation batch 190/279...
2026-07-23 15:42:04,058 [INFO]   Citation batch 191/279...
2026-07-23 15:42:13,680 [INFO]   Citation batch 192/279...
2026-07-23 15:42:22,846 [INFO]   Citation batch 193/279...
2026-07-23 15:42:33,062 [INFO]   Citation batch 194/279...
2026-07-23 15:42:42,517 [INFO]   Citation batch 195/279...
2026-07-23 15:42:52,864 [INFO]   Citation batch 196/279...
2026-07-23 15:43:01,313 [INFO]   Citation batch 197/279...
2026-07-23 15:43:10,236 [INFO]   Citation batch 198/279...
2026-07-23 15:43:19,645 [INFO]   Citation batch 199/279...
2026-07-23 15:43:31,493 [INFO]   Citation batch 200/279...
2026-07-23 15:43:41,947 [INFO]   Citation batch 201/279...
2026-07-23 15:43:51,677 [INFO]   Citation batch 202/279...
2026-07-23 15:44:00,014 [INFO]   Citation batch 203/279...
2026-07-23 15:44:09,075 [INFO]   Citation batch 204/279...
2026-07-23 15:44:18,402 [INFO]   Citation batch 205/279...
2026-07-23 15:44:29,540 [INFO]   Citation batch 206/279...
2026-07-23 15:44:39,597 [INFO]   Citation batch 207/279...
2026-07-23 15:44:51,139 [INFO]   Citation batch 208/279...
2026-07-23 15:45:02,990 [INFO]   Citation batch 209/279...
2026-07-23 15:45:12,948 [INFO]   Citation batch 210/279...
2026-07-23 15:45:21,822 [INFO]   Citation batch 211/279...
2026-07-23 15:45:32,427 [INFO]   Citation batch 212/279...
2026-07-23 15:45:42,480 [INFO]   Citation batch 213/279...
2026-07-23 15:45:50,701 [INFO]   Citation batch 214/279...
2026-07-23 15:45:59,283 [INFO]   Citation batch 215/279...
2026-07-23 15:46:09,723 [INFO]   Citation batch 216/279...
2026-07-23 15:46:19,912 [INFO]   Citation batch 217/279...
2026-07-23 15:46:29,898 [INFO]   Citation batch 218/279...
2026-07-23 15:46:41,072 [INFO]   Citation batch 219/279...
2026-07-23 15:46:51,927 [INFO]   Citation batch 220/279...
2026-07-23 15:47:02,482 [INFO]   Citation batch 221/279...
2026-07-23 15:47:12,129 [INFO]   Citation batch 222/279...
2026-07-23 15:47:24,484 [INFO]   Citation batch 223/279...
2026-07-23 15:47:34,579 [INFO]   Citation batch 224/279...
2026-07-23 15:47:45,269 [INFO]   Citation batch 225/279...
2026-07-23 15:47:54,947 [INFO]   Citation batch 226/279...
2026-07-23 15:48:05,690 [INFO]   Citation batch 227/279...
2026-07-23 15:48:14,932 [INFO]   Citation batch 228/279...
2026-07-23 15:48:24,773 [INFO]   Citation batch 229/279...
2026-07-23 15:48:34,524 [INFO]   Citation batch 230/279...
2026-07-23 15:48:45,432 [INFO]   Citation batch 231/279...
2026-07-23 15:48:54,895 [INFO]   Citation batch 232/279...
2026-07-23 15:49:05,478 [INFO]   Citation batch 233/279...
2026-07-23 15:49:14,939 [INFO]   Citation batch 234/279...
2026-07-23 15:49:25,927 [INFO]   Citation batch 235/279...
2026-07-23 15:49:35,508 [INFO]   Citation batch 236/279...
2026-07-23 15:49:45,216 [INFO]   Citation batch 237/279...
2026-07-23 15:49:54,874 [INFO]   Citation batch 238/279...
2026-07-23 15:50:06,184 [INFO]   Citation batch 239/279...
2026-07-23 15:50:16,101 [INFO]   Citation batch 240/279...
2026-07-23 15:50:25,042 [INFO]   Citation batch 241/279...
2026-07-23 15:50:34,972 [INFO]   Citation batch 242/279...
2026-07-23 15:50:44,689 [INFO]   Citation batch 243/279...
2026-07-23 15:50:54,759 [INFO]   Citation batch 244/279...
2026-07-23 15:51:03,697 [INFO]   Citation batch 245/279...
2026-07-23 15:51:13,778 [INFO]   Citation batch 246/279...
2026-07-23 15:51:23,841 [INFO]   Citation batch 247/279...
2026-07-23 15:51:34,262 [INFO]   Citation batch 248/279...
2026-07-23 15:51:43,458 [INFO]   Citation batch 249/279...
2026-07-23 15:51:53,617 [INFO]   Citation batch 250/279...
2026-07-23 15:52:02,358 [INFO]   Citation batch 251/279...
2026-07-23 15:52:12,154 [INFO]   Citation batch 252/279...
2026-07-23 15:52:21,536 [INFO]   Citation batch 253/279...
2026-07-23 15:52:32,956 [INFO]   Citation batch 254/279...
2026-07-23 15:52:41,762 [INFO]   Citation batch 255/279...
2026-07-23 15:52:51,278 [INFO]   Citation batch 256/279...
2026-07-23 15:53:02,027 [INFO]   Citation batch 257/279...
2026-07-23 15:53:12,851 [INFO]   Citation batch 258/279...
2026-07-23 15:53:22,550 [INFO]   Citation batch 259/279...
2026-07-23 15:53:31,663 [INFO]   Citation batch 260/279...
2026-07-23 15:53:39,990 [INFO]   Citation batch 261/279...
2026-07-23 15:53:48,760 [INFO]   Citation batch 262/279...
2026-07-23 15:53:57,631 [INFO]   Citation batch 263/279...
2026-07-23 15:54:07,747 [INFO]   Citation batch 264/279...
2026-07-23 15:54:17,726 [INFO]   Citation batch 265/279...
2026-07-23 15:54:27,688 [INFO]   Citation batch 266/279...
2026-07-23 15:54:38,709 [INFO]   Citation batch 267/279...
2026-07-23 15:54:48,132 [INFO]   Citation batch 268/279...
2026-07-23 15:54:58,912 [INFO]   Citation batch 269/279...
2026-07-23 15:55:09,535 [INFO]   Citation batch 270/279...
2026-07-23 15:55:18,992 [INFO]   Citation batch 271/279...
2026-07-23 15:55:29,101 [INFO]   Citation batch 272/279...
2026-07-23 15:55:37,839 [INFO]   Citation batch 273/279...
2026-07-23 15:55:47,662 [INFO]   Citation batch 274/279...
2026-07-23 15:55:59,026 [INFO]   Citation batch 275/279...
2026-07-23 15:56:09,774 [INFO]   Citation batch 276/279...
2026-07-23 15:56:21,288 [INFO]   Citation batch 277/279...
2026-07-23 15:56:31,063 [INFO]   Citation batch 278/279...
2026-07-23 15:56:40,708 [INFO]   Citation batch 279/279...
2026-07-23 15:58:03,266 [INFO]   108,310,741 edges, 10,660,077 nodes
2026-07-23 15:58:03,995 [INFO] Fetching metadata for 10,660,077 nodes...
2026-07-23 15:58:04,289 [INFO]   Metadata batch 1/534...
2026-07-23 15:58:09,538 [INFO]   Metadata batch 2/534...
2026-07-23 15:58:15,250 [INFO]   Metadata batch 3/534...
2026-07-23 15:58:20,588 [INFO]   Metadata batch 4/534...
2026-07-23 15:58:25,499 [INFO]   Metadata batch 5/534...
2026-07-23 15:58:30,506 [INFO]   Metadata batch 6/534...
2026-07-23 15:58:37,396 [INFO]   Metadata batch 7/534...
2026-07-23 15:58:42,963 [INFO]   Metadata batch 8/534...
2026-07-23 15:58:48,540 [INFO]   Metadata batch 9/534...
2026-07-23 15:58:53,083 [INFO]   Metadata batch 10/534...
2026-07-23 15:58:58,055 [INFO]   Metadata batch 11/534...
2026-07-23 15:59:03,241 [INFO]   Metadata batch 12/534...
2026-07-23 15:59:08,259 [INFO]   Metadata batch 13/534...
2026-07-23 15:59:13,140 [INFO]   Metadata batch 14/534...
2026-07-23 15:59:17,769 [INFO]   Metadata batch 15/534...
2026-07-23 15:59:23,002 [INFO]   Metadata batch 16/534...
2026-07-23 15:59:28,095 [INFO]   Metadata batch 17/534...
2026-07-23 15:59:33,280 [INFO]   Metadata batch 18/534...
2026-07-23 15:59:37,797 [INFO]   Metadata batch 19/534...
2026-07-23 15:59:42,582 [INFO]   Metadata batch 20/534...
2026-07-23 15:59:47,214 [INFO]   Metadata batch 21/534...
2026-07-23 15:59:52,426 [INFO]   Metadata batch 22/534...
2026-07-23 15:59:57,343 [INFO]   Metadata batch 23/534...
2026-07-23 16:00:05,869 [INFO]   Metadata batch 24/534...
2026-07-23 16:00:11,531 [INFO]   Metadata batch 25/534...
2026-07-23 16:00:17,376 [INFO]   Metadata batch 26/534...
2026-07-23 16:00:26,720 [INFO]   Metadata batch 27/534...
2026-07-23 16:00:32,586 [INFO]   Metadata batch 28/534...
2026-07-23 16:00:38,318 [INFO]   Metadata batch 29/534...
2026-07-23 16:00:44,394 [INFO]   Metadata batch 30/534...
2026-07-23 16:00:49,859 [INFO]   Metadata batch 31/534...
2026-07-23 16:00:55,381 [INFO]   Metadata batch 32/534...
2026-07-23 16:01:01,196 [INFO]   Metadata batch 33/534...
2026-07-23 16:01:06,605 [INFO]   Metadata batch 34/534...
2026-07-23 16:01:11,859 [INFO]   Metadata batch 35/534...
2026-07-23 16:01:16,972 [INFO]   Metadata batch 36/534...
2026-07-23 16:01:22,080 [INFO]   Metadata batch 37/534...
2026-07-23 16:01:27,177 [INFO]   Metadata batch 38/534...
2026-07-23 16:01:33,017 [INFO]   Metadata batch 39/534...
2026-07-23 16:01:37,984 [INFO]   Metadata batch 40/534...
2026-07-23 16:01:43,511 [INFO]   Metadata batch 41/534...
2026-07-23 16:01:49,245 [INFO]   Metadata batch 42/534...
2026-07-23 16:01:55,133 [INFO]   Metadata batch 43/534...
2026-07-23 16:02:01,790 [INFO]   Metadata batch 44/534...
2026-07-23 16:02:15,468 [INFO]   Metadata batch 45/534...
2026-07-23 16:02:20,755 [INFO]   Metadata batch 46/534...
2026-07-23 16:02:27,504 [INFO]   Metadata batch 47/534...
2026-07-23 16:02:33,110 [INFO]   Metadata batch 48/534...
2026-07-23 16:02:39,518 [INFO]   Metadata batch 49/534...
2026-07-23 16:02:45,022 [INFO]   Metadata batch 50/534...
2026-07-23 16:02:50,673 [INFO]   Metadata batch 51/534...
2026-07-23 16:02:56,486 [INFO]   Metadata batch 52/534...
2026-07-23 16:03:02,430 [INFO]   Metadata batch 53/534...
2026-07-23 16:03:09,293 [INFO]   Metadata batch 54/534...
2026-07-23 16:03:14,842 [INFO]   Metadata batch 55/534...
2026-07-23 16:03:19,991 [INFO]   Metadata batch 56/534...
2026-07-23 16:03:25,596 [INFO]   Metadata batch 57/534...
2026-07-23 16:03:31,283 [INFO]   Metadata batch 58/534...
2026-07-23 16:03:36,961 [INFO]   Metadata batch 59/534...
2026-07-23 16:03:49,215 [INFO]   Metadata batch 60/534...
2026-07-23 16:03:55,493 [INFO]   Metadata batch 61/534...
2026-07-23 16:04:01,322 [INFO]   Metadata batch 62/534...
2026-07-23 16:04:06,858 [INFO]   Metadata batch 63/534...
2026-07-23 16:04:12,769 [INFO]   Metadata batch 64/534...
2026-07-23 16:04:18,414 [INFO]   Metadata batch 65/534...
2026-07-23 16:04:23,801 [INFO]   Metadata batch 66/534...
2026-07-23 16:04:29,861 [INFO]   Metadata batch 67/534...
2026-07-23 16:04:35,252 [INFO]   Metadata batch 68/534...
2026-07-23 16:04:40,711 [INFO]   Metadata batch 69/534...
2026-07-23 16:04:46,318 [INFO]   Metadata batch 70/534...
2026-07-23 16:04:51,706 [INFO]   Metadata batch 71/534...
2026-07-23 16:04:58,130 [INFO]   Metadata batch 72/534...
2026-07-23 16:05:03,776 [INFO]   Metadata batch 73/534...
2026-07-23 16:05:09,077 [INFO]   Metadata batch 74/534...
2026-07-23 16:05:15,139 [INFO]   Metadata batch 75/534...
2026-07-23 16:05:21,014 [INFO]   Metadata batch 76/534...
2026-07-23 16:05:27,019 [INFO]   Metadata batch 77/534...
2026-07-23 16:05:32,732 [INFO]   Metadata batch 78/534...
2026-07-23 16:05:39,469 [INFO]   Metadata batch 79/534...
2026-07-23 16:05:44,178 [INFO]   Metadata batch 80/534...
2026-07-23 16:05:49,589 [INFO]   Metadata batch 81/534...
2026-07-23 16:05:55,698 [INFO]   Metadata batch 82/534...
2026-07-23 16:06:01,719 [INFO]   Metadata batch 83/534...
2026-07-23 16:06:06,998 [INFO]   Metadata batch 84/534...
2026-07-23 16:06:12,469 [INFO]   Metadata batch 85/534...
2026-07-23 16:06:18,242 [INFO]   Metadata batch 86/534...
2026-07-23 16:06:24,077 [INFO]   Metadata batch 87/534...
2026-07-23 16:06:29,552 [INFO]   Metadata batch 88/534...
2026-07-23 16:06:34,615 [INFO]   Metadata batch 89/534...
2026-07-23 16:06:39,873 [INFO]   Metadata batch 90/534...
2026-07-23 16:06:45,311 [INFO]   Metadata batch 91/534...
2026-07-23 16:06:50,483 [INFO]   Metadata batch 92/534...
2026-07-23 16:06:56,278 [INFO]   Metadata batch 93/534...
2026-07-23 16:07:01,884 [INFO]   Metadata batch 94/534...
2026-07-23 16:07:07,299 [INFO]   Metadata batch 95/534...
2026-07-23 16:07:12,669 [INFO]   Metadata batch 96/534...
2026-07-23 16:07:20,151 [INFO]   Metadata batch 97/534...
2026-07-23 16:07:25,405 [INFO]   Metadata batch 98/534...
2026-07-23 16:07:30,574 [INFO]   Metadata batch 99/534...
2026-07-23 16:07:36,869 [INFO]   Metadata batch 100/534...
2026-07-23 16:07:42,354 [INFO]   Metadata batch 101/534...
2026-07-23 16:07:47,267 [INFO]   Metadata batch 102/534...
2026-07-23 16:07:53,326 [INFO]   Metadata batch 103/534...
2026-07-23 16:07:58,595 [INFO]   Metadata batch 104/534...
2026-07-23 16:08:03,586 [INFO]   Metadata batch 105/534...
2026-07-23 16:08:08,851 [INFO]   Metadata batch 106/534...
2026-07-23 16:08:13,680 [INFO]   Metadata batch 107/534...
2026-07-23 16:08:19,187 [INFO]   Metadata batch 108/534...
2026-07-23 16:08:24,808 [INFO]   Metadata batch 109/534...
2026-07-23 16:08:29,918 [INFO]   Metadata batch 110/534...
2026-07-23 16:08:35,785 [INFO]   Metadata batch 111/534...
2026-07-23 16:08:44,197 [INFO]   Metadata batch 112/534...
2026-07-23 16:08:49,462 [INFO]   Metadata batch 113/534...
2026-07-23 16:08:54,729 [INFO]   Metadata batch 114/534...
2026-07-23 16:09:01,663 [INFO]   Metadata batch 115/534...
2026-07-23 16:09:06,927 [INFO]   Metadata batch 116/534...
2026-07-23 16:09:13,740 [INFO]   Metadata batch 117/534...
2026-07-23 16:09:18,667 [INFO]   Metadata batch 118/534...
2026-07-23 16:09:25,484 [INFO]   Metadata batch 119/534...
2026-07-23 16:09:30,715 [INFO]   Metadata batch 120/534...
2026-07-23 16:09:35,507 [INFO]   Metadata batch 121/534...
2026-07-23 16:09:41,109 [INFO]   Metadata batch 122/534...
2026-07-23 16:09:46,092 [INFO]   Metadata batch 123/534...
2026-07-23 16:09:51,427 [INFO]   Metadata batch 124/534...
2026-07-23 16:09:56,161 [INFO]   Metadata batch 125/534...
2026-07-23 16:10:01,108 [INFO]   Metadata batch 126/534...
2026-07-23 16:10:06,253 [INFO]   Metadata batch 127/534...
2026-07-23 16:10:11,128 [INFO]   Metadata batch 128/534...
2026-07-23 16:10:16,489 [INFO]   Metadata batch 129/534...
2026-07-23 16:10:21,857 [INFO]   Metadata batch 130/534...
2026-07-23 16:10:27,370 [INFO]   Metadata batch 131/534...
2026-07-23 16:10:32,843 [INFO]   Metadata batch 132/534...
2026-07-23 16:10:38,283 [INFO]   Metadata batch 133/534...
2026-07-23 16:10:44,030 [INFO]   Metadata batch 134/534...
2026-07-23 16:10:49,284 [INFO]   Metadata batch 135/534...
2026-07-23 16:10:54,977 [INFO]   Metadata batch 136/534...
2026-07-23 16:11:01,165 [INFO]   Metadata batch 137/534...
2026-07-23 16:11:06,052 [INFO]   Metadata batch 138/534...
2026-07-23 16:11:11,088 [INFO]   Metadata batch 139/534...
2026-07-23 16:11:16,263 [INFO]   Metadata batch 140/534...
2026-07-23 16:11:21,120 [INFO]   Metadata batch 141/534...
2026-07-23 16:11:26,365 [INFO]   Metadata batch 142/534...
2026-07-23 16:11:31,877 [INFO]   Metadata batch 143/534...
2026-07-23 16:11:37,085 [INFO]   Metadata batch 144/534...
2026-07-23 16:11:42,588 [INFO]   Metadata batch 145/534...
2026-07-23 16:11:48,264 [INFO]   Metadata batch 146/534...
2026-07-23 16:11:55,452 [INFO]   Metadata batch 147/534...
2026-07-23 16:12:01,580 [INFO]   Metadata batch 148/534...
2026-07-23 16:12:07,773 [INFO]   Metadata batch 149/534...
2026-07-23 16:12:13,456 [INFO]   Metadata batch 150/534...
2026-07-23 16:12:19,919 [INFO]   Metadata batch 151/534...
2026-07-23 16:12:24,737 [INFO]   Metadata batch 152/534...
2026-07-23 16:12:30,232 [INFO]   Metadata batch 153/534...
2026-07-23 16:12:35,362 [INFO]   Metadata batch 154/534...
2026-07-23 16:12:40,361 [INFO]   Metadata batch 155/534...
2026-07-23 16:12:46,684 [INFO]   Metadata batch 156/534...
2026-07-23 16:12:51,936 [INFO]   Metadata batch 157/534...
2026-07-23 16:12:57,236 [INFO]   Metadata batch 158/534...
2026-07-23 16:13:02,248 [INFO]   Metadata batch 159/534...
2026-07-23 16:13:07,361 [INFO]   Metadata batch 160/534...
2026-07-23 16:13:12,517 [INFO]   Metadata batch 161/534...
2026-07-23 16:13:17,821 [INFO]   Metadata batch 162/534...
2026-07-23 16:13:22,769 [INFO]   Metadata batch 163/534...
2026-07-23 16:13:29,101 [INFO]   Metadata batch 164/534...
2026-07-23 16:13:34,167 [INFO]   Metadata batch 165/534...
2026-07-23 16:13:39,329 [INFO]   Metadata batch 166/534...
2026-07-23 16:13:44,661 [INFO]   Metadata batch 167/534...
2026-07-23 16:13:50,079 [INFO]   Metadata batch 168/534...
2026-07-23 16:13:55,293 [INFO]   Metadata batch 169/534...
2026-07-23 16:14:00,557 [INFO]   Metadata batch 170/534...
2026-07-23 16:14:07,040 [INFO]   Metadata batch 171/534...
2026-07-23 16:14:12,434 [INFO]   Metadata batch 172/534...
2026-07-23 16:14:18,932 [INFO]   Metadata batch 173/534...
2026-07-23 16:14:23,882 [INFO]   Metadata batch 174/534...
2026-07-23 16:14:28,934 [INFO]   Metadata batch 175/534...
2026-07-23 16:14:33,926 [INFO]   Metadata batch 176/534...
2026-07-23 16:14:39,019 [INFO]   Metadata batch 177/534...
2026-07-23 16:14:44,035 [INFO]   Metadata batch 178/534...
2026-07-23 16:14:49,276 [INFO]   Metadata batch 179/534...
2026-07-23 16:14:53,879 [INFO]   Metadata batch 180/534...
2026-07-23 16:14:59,756 [INFO]   Metadata batch 181/534...
2026-07-23 16:15:04,615 [INFO]   Metadata batch 182/534...
2026-07-23 16:15:09,721 [INFO]   Metadata batch 183/534...
2026-07-23 16:15:15,180 [INFO]   Metadata batch 184/534...
2026-07-23 16:15:20,855 [INFO]   Metadata batch 185/534...
2026-07-23 16:15:26,307 [INFO]   Metadata batch 186/534...
2026-07-23 16:15:31,793 [INFO]   Metadata batch 187/534...
2026-07-23 16:15:37,438 [INFO]   Metadata batch 188/534...
2026-07-23 16:15:42,728 [INFO]   Metadata batch 189/534...
2026-07-23 16:15:48,521 [INFO]   Metadata batch 190/534...
2026-07-23 16:15:54,550 [INFO]   Metadata batch 191/534...
2026-07-23 16:16:03,524 [INFO]   Metadata batch 192/534...
2026-07-23 16:16:09,280 [INFO]   Metadata batch 193/534...
2026-07-23 16:16:14,529 [INFO]   Metadata batch 194/534...
2026-07-23 16:16:20,368 [INFO]   Metadata batch 195/534...
2026-07-23 16:16:26,106 [INFO]   Metadata batch 196/534...
2026-07-23 16:16:32,035 [INFO]   Metadata batch 197/534...
2026-07-23 16:16:38,479 [INFO]   Metadata batch 198/534...
2026-07-23 16:16:43,584 [INFO]   Metadata batch 199/534...
2026-07-23 16:16:48,430 [INFO]   Metadata batch 200/534...
2026-07-23 16:16:53,844 [INFO]   Metadata batch 201/534...
2026-07-23 16:16:59,306 [INFO]   Metadata batch 202/534...
2026-07-23 16:17:04,830 [INFO]   Metadata batch 203/534...
2026-07-23 16:17:10,288 [INFO]   Metadata batch 204/534...
2026-07-23 16:17:15,579 [INFO]   Metadata batch 205/534...
2026-07-23 16:17:21,014 [INFO]   Metadata batch 206/534...
2026-07-23 16:17:26,260 [INFO]   Metadata batch 207/534...
2026-07-23 16:17:31,732 [INFO]   Metadata batch 208/534...
2026-07-23 16:17:37,321 [INFO]   Metadata batch 209/534...
2026-07-23 16:17:41,957 [INFO]   Metadata batch 210/534...
2026-07-23 16:17:46,501 [INFO]   Metadata batch 211/534...
2026-07-23 16:17:51,527 [INFO]   Metadata batch 212/534...
2026-07-23 16:17:57,095 [INFO]   Metadata batch 213/534...
2026-07-23 16:18:02,495 [INFO]   Metadata batch 214/534...
2026-07-23 16:18:08,215 [INFO]   Metadata batch 215/534...
2026-07-23 16:18:13,239 [INFO]   Metadata batch 216/534...
2026-07-23 16:18:18,852 [INFO]   Metadata batch 217/534...
2026-07-23 16:18:23,873 [INFO]   Metadata batch 218/534...
2026-07-23 16:18:28,863 [INFO]   Metadata batch 219/534...
2026-07-23 16:18:34,468 [INFO]   Metadata batch 220/534...
2026-07-23 16:18:39,336 [INFO]   Metadata batch 221/534...
2026-07-23 16:18:44,890 [INFO]   Metadata batch 222/534...
2026-07-23 16:18:49,674 [INFO]   Metadata batch 223/534...
2026-07-23 16:18:55,163 [INFO]   Metadata batch 224/534...
2026-07-23 16:18:59,826 [INFO]   Metadata batch 225/534...
2026-07-23 16:19:04,942 [INFO]   Metadata batch 226/534...
2026-07-23 16:19:10,395 [INFO]   Metadata batch 227/534...
2026-07-23 16:19:15,358 [INFO]   Metadata batch 228/534...
2026-07-23 16:19:20,195 [INFO]   Metadata batch 229/534...
2026-07-23 16:19:24,889 [INFO]   Metadata batch 230/534...
2026-07-23 16:19:30,408 [INFO]   Metadata batch 231/534...
2026-07-23 16:19:34,809 [INFO]   Metadata batch 232/534...
2026-07-23 16:19:39,618 [INFO]   Metadata batch 233/534...
2026-07-23 16:19:44,635 [INFO]   Metadata batch 234/534...
2026-07-23 16:19:49,897 [INFO]   Metadata batch 235/534...
2026-07-23 16:19:55,054 [INFO]   Metadata batch 236/534...
2026-07-23 16:19:59,953 [INFO]   Metadata batch 237/534...
2026-07-23 16:20:04,945 [INFO]   Metadata batch 238/534...
2026-07-23 16:20:10,740 [INFO]   Metadata batch 239/534...
2026-07-23 16:20:15,660 [INFO]   Metadata batch 240/534...
2026-07-23 16:20:21,356 [INFO]   Metadata batch 241/534...
2026-07-23 16:20:26,627 [INFO]   Metadata batch 242/534...
2026-07-23 16:20:31,442 [INFO]   Metadata batch 243/534...
2026-07-23 16:20:36,736 [INFO]   Metadata batch 244/534...
2026-07-23 16:20:44,353 [INFO]   Metadata batch 245/534...
2026-07-23 16:20:49,992 [INFO]   Metadata batch 246/534...
2026-07-23 16:20:54,976 [INFO]   Metadata batch 247/534...
2026-07-23 16:20:59,655 [INFO]   Metadata batch 248/534...
2026-07-23 16:21:05,085 [INFO]   Metadata batch 249/534...
2026-07-23 16:21:10,625 [INFO]   Metadata batch 250/534...
2026-07-23 16:21:15,910 [INFO]   Metadata batch 251/534...
2026-07-23 16:21:21,175 [INFO]   Metadata batch 252/534...
2026-07-23 16:21:27,000 [INFO]   Metadata batch 253/534...
2026-07-23 16:21:32,600 [INFO]   Metadata batch 254/534...
2026-07-23 16:21:37,744 [INFO]   Metadata batch 255/534...
2026-07-23 16:21:44,071 [INFO]   Metadata batch 256/534...
2026-07-23 16:21:53,629 [INFO]   Metadata batch 257/534...
2026-07-23 16:21:58,736 [INFO]   Metadata batch 258/534...
2026-07-23 16:22:03,333 [INFO]   Metadata batch 259/534...
2026-07-23 16:22:08,263 [INFO]   Metadata batch 260/534...
2026-07-23 16:22:14,361 [INFO]   Metadata batch 261/534...
2026-07-23 16:22:19,465 [INFO]   Metadata batch 262/534...
2026-07-23 16:22:25,023 [INFO]   Metadata batch 263/534...
2026-07-23 16:22:30,186 [INFO]   Metadata batch 264/534...
2026-07-23 16:22:35,353 [INFO]   Metadata batch 265/534...
2026-07-23 16:22:40,611 [INFO]   Metadata batch 266/534...
2026-07-23 16:22:45,326 [INFO]   Metadata batch 267/534...
2026-07-23 16:22:50,151 [INFO]   Metadata batch 268/534...
2026-07-23 16:22:55,258 [INFO]   Metadata batch 269/534...
2026-07-23 16:23:00,476 [INFO]   Metadata batch 270/534...
2026-07-23 16:23:05,422 [INFO]   Metadata batch 271/534...
2026-07-23 16:23:10,312 [INFO]   Metadata batch 272/534...
2026-07-23 16:23:15,770 [INFO]   Metadata batch 273/534...
2026-07-23 16:23:21,516 [INFO]   Metadata batch 274/534...
2026-07-23 16:23:26,783 [INFO]   Metadata batch 275/534...
2026-07-23 16:23:31,622 [INFO]   Metadata batch 276/534...
2026-07-23 16:23:36,020 [INFO]   Metadata batch 277/534...
2026-07-23 16:23:40,880 [INFO]   Metadata batch 278/534...
2026-07-23 16:23:46,201 [INFO]   Metadata batch 279/534...
2026-07-23 16:23:50,944 [INFO]   Metadata batch 280/534...
2026-07-23 16:23:56,772 [INFO]   Metadata batch 281/534...
2026-07-23 16:24:01,391 [INFO]   Metadata batch 282/534...
2026-07-23 16:24:06,295 [INFO]   Metadata batch 283/534...
2026-07-23 16:24:12,214 [INFO]   Metadata batch 284/534...
2026-07-23 16:24:17,272 [INFO]   Metadata batch 285/534...
2026-07-23 16:24:22,054 [INFO]   Metadata batch 286/534...
2026-07-23 16:24:27,031 [INFO]   Metadata batch 287/534...
2026-07-23 16:24:31,829 [INFO]   Metadata batch 288/534...
2026-07-23 16:24:36,589 [INFO]   Metadata batch 289/534...
2026-07-23 16:24:41,775 [INFO]   Metadata batch 290/534...
2026-07-23 16:24:46,612 [INFO]   Metadata batch 291/534...
2026-07-23 16:24:51,542 [INFO]   Metadata batch 292/534...
2026-07-23 16:24:57,070 [INFO]   Metadata batch 293/534...
2026-07-23 16:25:01,834 [INFO]   Metadata batch 294/534...
2026-07-23 16:25:06,475 [INFO]   Metadata batch 295/534...
2026-07-23 16:25:11,509 [INFO]   Metadata batch 296/534...
2026-07-23 16:25:16,413 [INFO]   Metadata batch 297/534...
2026-07-23 16:25:21,006 [INFO]   Metadata batch 298/534...
2026-07-23 16:25:26,121 [INFO]   Metadata batch 299/534...
2026-07-23 16:25:30,754 [INFO]   Metadata batch 300/534...
2026-07-23 16:25:35,398 [INFO]   Metadata batch 301/534...
2026-07-23 16:25:40,398 [INFO]   Metadata batch 302/534...
2026-07-23 16:25:45,219 [INFO]   Metadata batch 303/534...
2026-07-23 16:25:50,197 [INFO]   Metadata batch 304/534...
2026-07-23 16:25:55,377 [INFO]   Metadata batch 305/534...
2026-07-23 16:26:01,358 [INFO]   Metadata batch 306/534...
2026-07-23 16:26:06,203 [INFO]   Metadata batch 307/534...
2026-07-23 16:26:11,113 [INFO]   Metadata batch 308/534...
2026-07-23 16:26:15,575 [INFO]   Metadata batch 309/534...
2026-07-23 16:26:20,428 [INFO]   Metadata batch 310/534...
2026-07-23 16:26:25,119 [INFO]   Metadata batch 311/534...
2026-07-23 16:26:30,346 [INFO]   Metadata batch 312/534...
2026-07-23 16:26:35,487 [INFO]   Metadata batch 313/534...
2026-07-23 16:26:39,801 [INFO]   Metadata batch 314/534...
2026-07-23 16:26:44,481 [INFO]   Metadata batch 315/534...
2026-07-23 16:26:49,489 [INFO]   Metadata batch 316/534...
2026-07-23 16:26:54,065 [INFO]   Metadata batch 317/534...
2026-07-23 16:26:58,638 [INFO]   Metadata batch 318/534...
2026-07-23 16:27:03,190 [INFO]   Metadata batch 319/534...
2026-07-23 16:27:07,662 [INFO]   Metadata batch 320/534...
2026-07-23 16:27:12,812 [INFO]   Metadata batch 321/534...
2026-07-23 16:27:17,826 [INFO]   Metadata batch 322/534...
2026-07-23 16:27:22,615 [INFO]   Metadata batch 323/534...
2026-07-23 16:27:27,215 [INFO]   Metadata batch 324/534...
2026-07-23 16:27:32,210 [INFO]   Metadata batch 325/534...
2026-07-23 16:27:37,182 [INFO]   Metadata batch 326/534...
2026-07-23 16:27:42,260 [INFO]   Metadata batch 327/534...
2026-07-23 16:27:47,066 [INFO]   Metadata batch 328/534...
2026-07-23 16:27:52,137 [INFO]   Metadata batch 329/534...
2026-07-23 16:27:56,998 [INFO]   Metadata batch 330/534...
2026-07-23 16:28:01,476 [INFO]   Metadata batch 331/534...
2026-07-23 16:28:06,165 [INFO]   Metadata batch 332/534...
2026-07-23 16:28:10,671 [INFO]   Metadata batch 333/534...
2026-07-23 16:28:15,214 [INFO]   Metadata batch 334/534...
2026-07-23 16:28:19,658 [INFO]   Metadata batch 335/534...
2026-07-23 16:28:24,450 [INFO]   Metadata batch 336/534...
2026-07-23 16:28:29,148 [INFO]   Metadata batch 337/534...
2026-07-23 16:28:34,001 [INFO]   Metadata batch 338/534...
2026-07-23 16:28:38,821 [INFO]   Metadata batch 339/534...
2026-07-23 16:28:43,700 [INFO]   Metadata batch 340/534...
2026-07-23 16:28:48,980 [INFO]   Metadata batch 341/534...
2026-07-23 16:28:53,535 [INFO]   Metadata batch 342/534...
2026-07-23 16:28:58,855 [INFO]   Metadata batch 343/534...
2026-07-23 16:29:03,800 [INFO]   Metadata batch 344/534...
2026-07-23 16:29:08,347 [INFO]   Metadata batch 345/534...
2026-07-23 16:29:13,061 [INFO]   Metadata batch 346/534...
2026-07-23 16:29:17,395 [INFO]   Metadata batch 347/534...
2026-07-23 16:29:21,875 [INFO]   Metadata batch 348/534...
2026-07-23 16:29:26,762 [INFO]   Metadata batch 349/534...
2026-07-23 16:29:31,306 [INFO]   Metadata batch 350/534...
2026-07-23 16:29:35,924 [INFO]   Metadata batch 351/534...
2026-07-23 16:29:40,438 [INFO]   Metadata batch 352/534...
2026-07-23 16:29:45,226 [INFO]   Metadata batch 353/534...
2026-07-23 16:29:49,943 [INFO]   Metadata batch 354/534...
2026-07-23 16:29:54,627 [INFO]   Metadata batch 355/534...
2026-07-23 16:29:58,965 [INFO]   Metadata batch 356/534...
2026-07-23 16:30:04,458 [INFO]   Metadata batch 357/534...
2026-07-23 16:30:10,417 [INFO]   Metadata batch 358/534...
2026-07-23 16:30:15,283 [INFO]   Metadata batch 359/534...
2026-07-23 16:30:20,266 [INFO]   Metadata batch 360/534...
2026-07-23 16:30:26,156 [INFO]   Metadata batch 361/534...
2026-07-23 16:30:31,358 [INFO]   Metadata batch 362/534...
2026-07-23 16:30:36,755 [INFO]   Metadata batch 363/534...
2026-07-23 16:30:42,001 [INFO]   Metadata batch 364/534...
2026-07-23 16:30:47,199 [INFO]   Metadata batch 365/534...
2026-07-23 16:30:52,327 [INFO]   Metadata batch 366/534...
2026-07-23 16:30:57,477 [INFO]   Metadata batch 367/534...
2026-07-23 16:31:02,769 [INFO]   Metadata batch 368/534...
2026-07-23 16:31:07,940 [INFO]   Metadata batch 369/534...
2026-07-23 16:31:13,887 [INFO]   Metadata batch 370/534...
2026-07-23 16:31:18,907 [INFO]   Metadata batch 371/534...
2026-07-23 16:31:24,211 [INFO]   Metadata batch 372/534...
2026-07-23 16:31:29,402 [INFO]   Metadata batch 373/534...
2026-07-23 16:31:35,038 [INFO]   Metadata batch 374/534...
2026-07-23 16:31:40,187 [INFO]   Metadata batch 375/534...
2026-07-23 16:31:46,081 [INFO]   Metadata batch 376/534...
2026-07-23 16:31:51,172 [INFO]   Metadata batch 377/534...
2026-07-23 16:31:56,538 [INFO]   Metadata batch 378/534...
2026-07-23 16:32:01,750 [INFO]   Metadata batch 379/534...
2026-07-23 16:32:07,115 [INFO]   Metadata batch 380/534...
2026-07-23 16:32:12,426 [INFO]   Metadata batch 381/534...
2026-07-23 16:32:18,119 [INFO]   Metadata batch 382/534...
2026-07-23 16:32:23,490 [INFO]   Metadata batch 383/534...
2026-07-23 16:32:28,905 [INFO]   Metadata batch 384/534...
2026-07-23 16:32:33,861 [INFO]   Metadata batch 385/534...
2026-07-23 16:32:38,947 [INFO]   Metadata batch 386/534...
2026-07-23 16:32:44,641 [INFO]   Metadata batch 387/534...
2026-07-23 16:32:49,757 [INFO]   Metadata batch 388/534...
2026-07-23 16:32:54,638 [INFO]   Metadata batch 389/534...
2026-07-23 16:32:59,293 [INFO]   Metadata batch 390/534...
2026-07-23 16:33:04,500 [INFO]   Metadata batch 391/534...
2026-07-23 16:33:09,703 [INFO]   Metadata batch 392/534...
2026-07-23 16:33:14,385 [INFO]   Metadata batch 393/534...
2026-07-23 16:33:19,576 [INFO]   Metadata batch 394/534...
2026-07-23 16:33:24,321 [INFO]   Metadata batch 395/534...
2026-07-23 16:33:29,334 [INFO]   Metadata batch 396/534...
2026-07-23 16:33:34,394 [INFO]   Metadata batch 397/534...
2026-07-23 16:33:39,364 [INFO]   Metadata batch 398/534...
2026-07-23 16:33:44,492 [INFO]   Metadata batch 399/534...
2026-07-23 16:33:49,822 [INFO]   Metadata batch 400/534...
2026-07-23 16:33:55,206 [INFO]   Metadata batch 401/534...
2026-07-23 16:34:00,113 [INFO]   Metadata batch 402/534...
2026-07-23 16:34:05,482 [INFO]   Metadata batch 403/534...
2026-07-23 16:34:13,110 [INFO]   Metadata batch 404/534...
2026-07-23 16:34:18,755 [INFO]   Metadata batch 405/534...
2026-07-23 16:34:23,770 [INFO]   Metadata batch 406/534...
2026-07-23 16:34:28,776 [INFO]   Metadata batch 407/534...
2026-07-23 16:34:34,003 [INFO]   Metadata batch 408/534...
2026-07-23 16:34:38,905 [INFO]   Metadata batch 409/534...
2026-07-23 16:34:43,879 [INFO]   Metadata batch 410/534...
2026-07-23 16:34:49,350 [INFO]   Metadata batch 411/534...
2026-07-23 16:34:54,423 [INFO]   Metadata batch 412/534...
2026-07-23 16:34:59,269 [INFO]   Metadata batch 413/534...
2026-07-23 16:35:04,752 [INFO]   Metadata batch 414/534...
2026-07-23 16:35:09,788 [INFO]   Metadata batch 415/534...
2026-07-23 16:35:14,821 [INFO]   Metadata batch 416/534...
2026-07-23 16:35:20,420 [INFO]   Metadata batch 417/534...
2026-07-23 16:35:26,331 [INFO]   Metadata batch 418/534...
2026-07-23 16:35:31,440 [INFO]   Metadata batch 419/534...
2026-07-23 16:35:36,145 [INFO]   Metadata batch 420/534...
2026-07-23 16:35:40,839 [INFO]   Metadata batch 421/534...
2026-07-23 16:35:46,132 [INFO]   Metadata batch 422/534...
2026-07-23 16:35:50,796 [INFO]   Metadata batch 423/534...
2026-07-23 16:35:55,816 [INFO]   Metadata batch 424/534...
2026-07-23 16:36:00,994 [INFO]   Metadata batch 425/534...
2026-07-23 16:36:06,013 [INFO]   Metadata batch 426/534...
2026-07-23 16:36:11,240 [INFO]   Metadata batch 427/534...
2026-07-23 16:36:16,212 [INFO]   Metadata batch 428/534...
2026-07-23 16:36:21,252 [INFO]   Metadata batch 429/534...
2026-07-23 16:36:25,953 [INFO]   Metadata batch 430/534...
2026-07-23 16:36:31,008 [INFO]   Metadata batch 431/534...
2026-07-23 16:36:36,136 [INFO]   Metadata batch 432/534...
2026-07-23 16:36:40,675 [INFO]   Metadata batch 433/534...
2026-07-23 16:36:46,081 [INFO]   Metadata batch 434/534...
2026-07-23 16:36:50,871 [INFO]   Metadata batch 435/534...
2026-07-23 16:36:55,906 [INFO]   Metadata batch 436/534...
2026-07-23 16:37:01,237 [INFO]   Metadata batch 437/534...
2026-07-23 16:37:05,973 [INFO]   Metadata batch 438/534...
2026-07-23 16:37:11,016 [INFO]   Metadata batch 439/534...
2026-07-23 16:37:16,062 [INFO]   Metadata batch 440/534...
2026-07-23 16:37:20,890 [INFO]   Metadata batch 441/534...
2026-07-23 16:37:25,500 [INFO]   Metadata batch 442/534...
2026-07-23 16:37:30,351 [INFO]   Metadata batch 443/534...
2026-07-23 16:37:35,569 [INFO]   Metadata batch 444/534...
2026-07-23 16:37:40,622 [INFO]   Metadata batch 445/534...
2026-07-23 16:37:45,448 [INFO]   Metadata batch 446/534...
2026-07-23 16:37:50,091 [INFO]   Metadata batch 447/534...
2026-07-23 16:37:55,059 [INFO]   Metadata batch 448/534...
2026-07-23 16:37:59,846 [INFO]   Metadata batch 449/534...
2026-07-23 16:38:04,817 [INFO]   Metadata batch 450/534...
2026-07-23 16:38:09,434 [INFO]   Metadata batch 451/534...
2026-07-23 16:38:14,205 [INFO]   Metadata batch 452/534...
2026-07-23 16:38:18,558 [INFO]   Metadata batch 453/534...
2026-07-23 16:38:23,049 [INFO]   Metadata batch 454/534...
2026-07-23 16:38:28,003 [INFO]   Metadata batch 455/534...
2026-07-23 16:38:32,658 [INFO]   Metadata batch 456/534...
2026-07-23 16:38:37,186 [INFO]   Metadata batch 457/534...
2026-07-23 16:38:41,995 [INFO]   Metadata batch 458/534...
2026-07-23 16:38:47,067 [INFO]   Metadata batch 459/534...
2026-07-23 16:38:51,326 [INFO]   Metadata batch 460/534...
2026-07-23 16:38:56,098 [INFO]   Metadata batch 461/534...
2026-07-23 16:39:01,446 [INFO]   Metadata batch 462/534...
2026-07-23 16:39:05,827 [INFO]   Metadata batch 463/534...
2026-07-23 16:39:10,489 [INFO]   Metadata batch 464/534...
2026-07-23 16:39:15,361 [INFO]   Metadata batch 465/534...
2026-07-23 16:39:20,113 [INFO]   Metadata batch 466/534...
2026-07-23 16:39:25,455 [INFO]   Metadata batch 467/534...
2026-07-23 16:39:30,416 [INFO]   Metadata batch 468/534...
2026-07-23 16:39:35,255 [INFO]   Metadata batch 469/534...
2026-07-23 16:39:39,505 [INFO]   Metadata batch 470/534...
2026-07-23 16:39:43,853 [INFO]   Metadata batch 471/534...
2026-07-23 16:39:48,753 [INFO]   Metadata batch 472/534...
2026-07-23 16:39:53,354 [INFO]   Metadata batch 473/534...
2026-07-23 16:39:57,725 [INFO]   Metadata batch 474/534...
2026-07-23 16:40:02,533 [INFO]   Metadata batch 475/534...
2026-07-23 16:40:07,175 [INFO]   Metadata batch 476/534...
2026-07-23 16:40:12,175 [INFO]   Metadata batch 477/534...
2026-07-23 16:40:17,052 [INFO]   Metadata batch 478/534...
2026-07-23 16:40:21,784 [INFO]   Metadata batch 479/534...
2026-07-23 16:40:26,560 [INFO]   Metadata batch 480/534...
2026-07-23 16:40:31,351 [INFO]   Metadata batch 481/534...
2026-07-23 16:40:36,601 [INFO]   Metadata batch 482/534...
2026-07-23 16:40:41,252 [INFO]   Metadata batch 483/534...
2026-07-23 16:40:46,948 [INFO]   Metadata batch 484/534...
2026-07-23 16:40:51,644 [INFO]   Metadata batch 485/534...
2026-07-23 16:40:56,977 [INFO]   Metadata batch 486/534...
2026-07-23 16:41:01,704 [INFO]   Metadata batch 487/534...
2026-07-23 16:41:06,157 [INFO]   Metadata batch 488/534...
2026-07-23 16:41:11,241 [INFO]   Metadata batch 489/534...
2026-07-23 16:41:16,284 [INFO]   Metadata batch 490/534...
2026-07-23 16:41:21,835 [INFO]   Metadata batch 491/534...
2026-07-23 16:41:26,628 [INFO]   Metadata batch 492/534...
2026-07-23 16:41:31,812 [INFO]   Metadata batch 493/534...
2026-07-23 16:41:37,234 [INFO]   Metadata batch 494/534...
2026-07-23 16:41:42,015 [INFO]   Metadata batch 495/534...
2026-07-23 16:41:46,576 [INFO]   Metadata batch 496/534...
2026-07-23 16:41:51,346 [INFO]   Metadata batch 497/534...
2026-07-23 16:41:56,350 [INFO]   Metadata batch 498/534...
2026-07-23 16:42:00,909 [INFO]   Metadata batch 499/534...
2026-07-23 16:42:05,778 [INFO]   Metadata batch 500/534...
2026-07-23 16:42:11,022 [INFO]   Metadata batch 501/534...
2026-07-23 16:42:16,760 [INFO]   Metadata batch 502/534...
2026-07-23 16:42:21,490 [INFO]   Metadata batch 503/534...
2026-07-23 16:42:26,659 [INFO]   Metadata batch 504/534...
2026-07-23 16:42:31,480 [INFO]   Metadata batch 505/534...
2026-07-23 16:42:36,457 [INFO]   Metadata batch 506/534...
2026-07-23 16:42:41,369 [INFO]   Metadata batch 507/534...
2026-07-23 16:42:46,512 [INFO]   Metadata batch 508/534...
2026-07-23 16:42:51,348 [INFO]   Metadata batch 509/534...
2026-07-23 16:42:56,024 [INFO]   Metadata batch 510/534...
2026-07-23 16:43:00,655 [INFO]   Metadata batch 511/534...
2026-07-23 16:43:05,530 [INFO]   Metadata batch 512/534...
2026-07-23 16:43:10,867 [INFO]   Metadata batch 513/534...
2026-07-23 16:43:15,776 [INFO]   Metadata batch 514/534...
2026-07-23 16:43:21,029 [INFO]   Metadata batch 515/534...
2026-07-23 16:43:25,859 [INFO]   Metadata batch 516/534...
2026-07-23 16:43:30,933 [INFO]   Metadata batch 517/534...
2026-07-23 16:43:35,906 [INFO]   Metadata batch 518/534...
2026-07-23 16:43:40,946 [INFO]   Metadata batch 519/534...
2026-07-23 16:43:45,865 [INFO]   Metadata batch 520/534...
2026-07-23 16:43:51,241 [INFO]   Metadata batch 521/534...
2026-07-23 16:43:56,226 [INFO]   Metadata batch 522/534...
2026-07-23 16:44:01,235 [INFO]   Metadata batch 523/534...
2026-07-23 16:44:06,415 [INFO]   Metadata batch 524/534...
2026-07-23 16:44:11,770 [INFO]   Metadata batch 525/534...
2026-07-23 16:44:16,096 [INFO]   Metadata batch 526/534...
2026-07-23 16:44:21,256 [INFO]   Metadata batch 527/534...
2026-07-23 16:44:26,109 [INFO]   Metadata batch 528/534...
2026-07-23 16:44:30,855 [INFO]   Metadata batch 529/534...
2026-07-23 16:44:36,139 [INFO]   Metadata batch 530/534...
2026-07-23 16:44:41,451 [INFO]   Metadata batch 531/534...
2026-07-23 16:44:47,423 [INFO]   Metadata batch 532/534...
2026-07-23 16:44:52,711 [INFO]   Metadata batch 533/534...
2026-07-23 16:44:57,748 [INFO]   Metadata batch 534/534...
2026-07-23 16:45:00,644 [INFO]   10,660,077 nodes (38,239 Frontiers core)
2026-07-23 16:45:02,218 [INFO] Applying edge weights (temporal decay + self-citation discount)...
2026-07-23 16:46:37,012 [INFO]   Decay mean=0.438  |  Self-citations: 10,102,736
2026-07-23 16:46:37,199 [INFO]   Combined weight mean=0.417
2026-07-23 16:46:38,714 [INFO] BC edges disabled (ENABLE_BC_EDGES=false)
2026-07-23 16:46:46,443 [INFO] Writing CWTS files to cwts_output/  (10,660,077 nodes)...
2026-07-23 16:48:04,768 [INFO]   pubs.txt        : 10,660,077 rows  (38,239 Frontiers)
  0%|                                                                                                        | 0/1 [00:00<?, ?it/s]2026-07-23 16:48:18,418 [INFO] 10660077 out of 10660077 rows loaded.
100%|██████████████████████████████████████████████████████████████████████████████████████████████| 1/1 [00:00<00:00, 7423.55it/s]
2026-07-23 16:48:18,419 [INFO]   → BigQuery: raw_citation_network_data.pubs_raw_20260723_150948
2026-07-23 16:49:52,495 [INFO]   pub_metadata.txt: 10,660,077 rows
  0%|                                                                                                        | 0/1 [00:00<?, ?it/s]2026-07-23 16:50:49,523 [INFO] 10660077 out of 10660077 rows loaded.
100%|██████████████████████████████████████████████████████████████████████████████████████████████| 1/1 [00:00<00:00, 4429.04it/s]
2026-07-23 16:50:49,524 [INFO]   → BigQuery: raw_citation_network_data.pub_metadata_raw_20260723_150948
2026-07-23 16:59:21,490 [INFO]   cit_links.txt   : 216,555,714 rows  (108,277,857 unique × 2 directions)
  0%|                                                                                                        | 0/1 [00:00<?, ?it/s]2026-07-23 17:00:26,461 [INFO] 216555714 out of 216555714 rows loaded.
100%|██████████████████████████████████████████████████████████████████████████████████████████████| 1/1 [00:00<00:00, 4350.94it/s]
2026-07-23 17:00:26,461 [INFO]   → BigQuery: raw_citation_network_data.cit_links_raw_20260723_150948
2026-07-23 17:00:26,462 [INFO] ============================================================
2026-07-23 17:00:26,462 [INFO] Running CWTS Classification
2026-07-23 17:00:26,462 [INFO] ============================================================
2026-07-23 17:00:26,462 [INFO]   JAR: publicationclassification.jar
2026-07-23 17:00:26,462 [INFO]   Parameters:
2026-07-23 17:00:26,462 [INFO]     largest_component_only: true
2026-07-23 17:00:26,462 [INFO]     iterations: 100
2026-07-23 17:00:26,462 [INFO]     micro_resolution: 5e-4
2026-07-23 17:00:26,462 [INFO]     micro_min_cluster_size: 1000
2026-07-23 17:00:26,462 [INFO]     meso_resolution: 5e-6
2026-07-23 17:00:26,462 [INFO]     meso_min_cluster_size: 5000
2026-07-23 17:00:26,462 [INFO]     macro_resolution: 6e-7
2026-07-23 17:00:26,462 [INFO]     macro_min_cluster_size: 30000
2026-07-23 17:00:26,462 [INFO]   Running command...
2026-07-23 18:25:11,850 [INFO]   Log written to: cwts_logs/cwts_classification_20260723_150948.log
2026-07-23 18:25:11,851 [INFO]   STDOUT: PublicationClassificationCreator version 1.1.0
By Nees Jan van Eck
Centre for Science and Technology Studies (CWTS), Leiden University

Reading citation network from file... Finished!
Reading citation...
2026-07-23 18:25:11,851 [INFO]   Classification complete: cwts_output/classification.txt
2026-07-23 18:25:11,851 [INFO] Uploading classification to BigQuery...
2026-07-23 18:25:13,519 [INFO]   Loaded 10,587,970 rows
2026-07-23 18:25:13,560 [INFO]   Micro clusters: 4,749
2026-07-23 18:25:13,598 [INFO]   Meso clusters:  312
2026-07-23 18:25:13,637 [INFO]   Macro clusters: 21
  0%|                                                                                                        | 0/1 [00:00<?, ?it/s]2026-07-23 18:25:29,455 [INFO] 10587970 out of 10587970 rows loaded.
100%|██████████████████████████████████████████████████████████████████████████████████████████████| 1/1 [00:00<00:00, 7319.90it/s]
2026-07-23 18:25:29,455 [INFO]   → BigQuery: raw_citation_network_data.classification_raw_20260723_150948
/home/jupyter/scope-drift-model/src/cwts_export.py:906: DeprecationWarning: datetime.datetime.utcnow() is deprecated and scheduled for removal in a future version. Use timezone-aware objects to represent datetimes in UTC: datetime.datetime.now(datetime.UTC).
  "generated_utc": datetime.utcnow().strftime("%Y-%m-%d %H:%M UTC"),
  0%|                                                                                                        | 0/1 [00:00<?, ?it/s]2026-07-23 18:25:32,766 [INFO] 1 out of 1 rows loaded.
100%|██████████████████████████████████████████████████████████████████████████████████████████████| 1/1 [00:00<00:00, 7516.67it/s]
2026-07-23 18:25:32,766 [INFO]   → BigQuery: raw_citation_network_data.run_metadata_20260723_150948
2026-07-23 18:25:32,766 [INFO] Done!!!!
