nohup: ignoring input
2026-08-19 08:22:25,097 [INFO] CWTS Publication Classification Run

2026-08-19 08:22:25,098 [INFO] ==================================================

2026-08-19 08:22:25,098 [INFO] Timestamp : 20260818_120128


2026-08-19 08:22:25,098 [INFO] 
Parameters
------------------------------

2026-08-19 08:22:25,098 [INFO]   largest_component_only    : true

2026-08-19 08:22:25,098 [INFO]   iterations                : 1000

2026-08-19 08:22:25,098 [INFO]   micro_resolution          : 5e-5

2026-08-19 08:22:25,098 [INFO]   micro_min_cluster_size    : 50

2026-08-19 08:22:25,098 [INFO]   meso_resolution           : 2e-6

2026-08-19 08:22:25,098 [INFO]   meso_min_cluster_size     : 500

2026-08-19 08:22:25,098 [INFO]   macro_resolution          : 8e-8

2026-08-19 08:22:25,098 [INFO]   macro_min_cluster_size    : 100000

2026-08-19 08:22:25,098 [INFO]   BQ_PROJECT              : ocean-tech-adv-analytics-c-tfs
2026-08-19 08:22:25,098 [INFO]   AIRAK_DATASET           : raw_citation_network_data
2026-08-19 08:22:28,669 [INFO] pubs_df loaded successfully
2026-08-19 08:22:38,275 [INFO] cit_links_df loaded successfully
2026-08-19 08:22:54,168 [INFO] temp files created for leiden
2026-08-19 08:38:35,155 [INFO] LEIDEN HAS RUN!1
2026-08-19 08:38:35,224 [INFO] 
Return Code: 0

2026-08-19 08:38:35,224 [INFO] 
STDOUT
------------------------------

2026-08-19 08:38:35,224 [INFO] PublicationClassificationCreator version 1.1.0
By Nees Jan van Eck
Centre for Science and Technology Studies (CWTS), Leiden University

Reading citation network from file... Finished!
Reading citation network from file took 0h 0m 3s.
Citation network:
	Number of publications: 305622
	Number of citation links: 6080604
	Total publication weight: 305622
	Total citation link weight: 937198

Identifying largest connected component in citation network... Finished!
Identifying largest connected component in citation network took 0h 0m 0s.
Largest connected component:
	Number of publications: 304338
	Number of citation links: 6079829
	Total publication weight: 304338
	Total citation link weight: 936748

Creating publication classification...
	Clustering algorithm: Leiden algorithm
	Number of iterations: 1000
	Random seed: 0

Adding micro-level classification...
Creating clustering... Finished! 10008 clusters created.
Reassigning small clusters... Finished! 344 clusters remaining.
Adding micro-level classification took 0h 15m 34s.
Micro-level classification:
	Resolution: 5.0E-5
	Threshold: 50
	Number of clusters: 344

Adding meso-level classification...
Creating clustering... Finished! 32 clusters created.
Reassigning small clusters... Finished! 7 clusters remaining.
Adding meso-level classification took 0h 0m 1s.
Meso-level classification:
	Resolution: 2.0E-6
	Threshold: 500
	Number of clusters: 7

Adding macro-level classification...
Creating clustering... Finished! 1 clusters created.
Reassigning small clusters... Finished! 1 clusters remaining.
Adding macro-level classification took 0h 0m 0s.
Macro-level classification:
	Resolution: 8.0E-8
	Threshold: 100000
	Number of clusters: 1

Writing publication classification to file... Finished!
Writing publication classification to file took 0h 0m 0s.

2026-08-19 08:38:35,224 [INFO] 
STDERR
------------------------------

2026-08-19 08:38:35,224 [INFO] (empty)

Traceback (most recent call last):
  File "/home/jupyter/scope-drift-model/src/subprocess_leiden.py", line 130, in <module>
    print(result.stdout)
                         
NameError: name 'log_path' is not defined
