2026-07-21 09:04:20,866 [INFO] ============================================================
2026-07-21 09:04:20,866 [INFO] Configuration
2026-07-21 09:04:20,866 [INFO] ============================================================
2026-07-21 09:04:20,866 [INFO]   BQ_PROJECT              : ocean-tech-adv-analytics-p-usr
2026-07-21 09:04:20,866 [INFO]   AIRAK_DATASET           : ocean-breeze-tier-1.airak
2026-07-21 09:04:20,866 [INFO]   NETWORK_MODE            : full
2026-07-21 09:04:20,866 [INFO]   START_YEAR              : 2020
2026-07-21 09:04:20,866 [INFO]   END_YEAR                : 2026
2026-07-21 09:04:20,866 [INFO]   TOP_N_JOURNALS          : 5
2026-07-21 09:04:20,866 [INFO]   JOURNAL_IDS_OVERRIDE    : 1675037245440,1589137899520,2336462209024,2774548873217,120259084288,764504178688,1005022347264,558345748481
2026-07-21 09:04:20,866 [INFO]   ENABLE_EDGE_WEIGHTS     : True
2026-07-21 09:04:20,866 [INFO]   TEMPORAL_DECAY_TAU      : 5.0
2026-07-21 09:04:20,866 [INFO]   SELF_CITE_JOURNAL_WEIGHT: 0.5
2026-07-21 09:04:20,866 [INFO]   ENABLE_BC_EDGES         : True
2026-07-21 09:04:20,866 [INFO]   BC_MIN_SHARED_REFS      : 3
2026-07-21 09:04:20,866 [INFO]   MAX_EXTERNAL_PAPERS     : 50000
2026-07-21 09:04:20,866 [INFO]   LOG_DIR              : cwts_logs
2026-07-21 09:04:20,866 [INFO]   RUN_CLASSIFICATION      : True
2026-07-21 09:04:20,866 [INFO]   CWTS_JAR_PATH           : publicationclassification.jar
2026-07-21 09:04:20,866 [INFO]   JAVA_HEAP_SIZE          : 
2026-07-21 09:04:20,866 [INFO] ============================================================
2026-07-21 09:04:20,866 [INFO] ============================================================
2026-07-21 09:04:20,866 [INFO] CWTS Export — Edge Weight Builder
2026-07-21 09:04:20,866 [INFO]   Mode: FULL  |  Years: 2020-2026
2026-07-21 09:04:20,866 [INFO]   Edge weights: ON
2026-07-21 09:04:20,866 [INFO] ============================================================
2026-07-21 09:04:20,866 [INFO] Using specified journal IDs: [1675037245440, 1589137899520, 2336462209024, 2774548873217, 120259084288, 764504178688, 1005022347264, 558345748481]
2026-07-21 09:04:20,866 [INFO] Fetching Frontiers publication IDs...
2026-07-21 09:04:23,883 [INFO]   41,071 Frontiers publications
2026-07-21 09:04:23,883 [INFO] Building full network (Frontiers + related journals)...
2026-07-21 09:04:23,883 [INFO]   Finding journals citing Frontiers...
2026-07-21 09:04:30,320 [INFO]   Finding journals cited by Frontiers...
2026-07-21 09:04:35,443 [INFO]   2019 journals in network (2011 related + 8 Frontiers)
2026-07-21 09:04:46,012 [INFO]   13,933,678 publications
2026-07-21 09:04:46,443 [INFO]   Citation batch 1/279...
2026-07-21 09:04:59,911 [INFO]   Citation batch 2/279...
2026-07-21 09:05:14,555 [INFO]   Citation batch 3/279...
2026-07-21 09:05:26,911 [INFO]   Citation batch 4/279...
2026-07-21 09:05:43,451 [INFO]   Citation batch 5/279...
2026-07-21 09:05:59,865 [INFO]   Citation batch 6/279...
2026-07-21 09:06:17,424 [INFO]   Citation batch 7/279...
2026-07-21 09:06:27,993 [INFO]   Citation batch 8/279...
2026-07-21 09:06:43,897 [INFO]   Citation batch 9/279...
2026-07-21 09:06:57,428 [INFO]   Citation batch 10/279...
2026-07-21 09:07:11,259 [INFO]   Citation batch 11/279...
2026-07-21 09:07:28,268 [INFO]   Citation batch 12/279...
2026-07-21 09:07:44,566 [INFO]   Citation batch 13/279...
2026-07-21 09:08:07,354 [INFO]   Citation batch 14/279...
2026-07-21 09:08:22,202 [INFO]   Citation batch 15/279...
2026-07-21 09:08:32,515 [INFO]   Citation batch 16/279...
2026-07-21 09:08:41,887 [INFO]   Citation batch 17/279...
2026-07-21 09:08:52,784 [INFO]   Citation batch 18/279...
2026-07-21 09:09:04,823 [INFO]   Citation batch 19/279...
2026-07-21 09:09:13,442 [INFO]   Citation batch 20/279...
2026-07-21 09:09:24,530 [INFO]   Citation batch 21/279...
2026-07-21 09:09:36,440 [INFO]   Citation batch 22/279...
2026-07-21 09:09:48,711 [INFO]   Citation batch 23/279...
2026-07-21 09:09:58,764 [INFO]   Citation batch 24/279...
2026-07-21 09:10:10,418 [INFO]   Citation batch 25/279...
2026-07-21 09:10:25,036 [INFO]   Citation batch 26/279...
2026-07-21 09:10:41,046 [INFO]   Citation batch 27/279...
2026-07-21 09:10:54,803 [INFO]   Citation batch 28/279...
2026-07-21 09:11:07,936 [INFO]   Citation batch 29/279...
2026-07-21 09:11:20,973 [INFO]   Citation batch 30/279...
2026-07-21 09:11:34,552 [INFO]   Citation batch 31/279...
2026-07-21 09:11:49,426 [INFO]   Citation batch 32/279...
2026-07-21 09:12:01,990 [INFO]   Citation batch 33/279...
2026-07-21 09:12:15,914 [INFO]   Citation batch 34/279...
2026-07-21 09:12:28,658 [INFO]   Citation batch 35/279...
2026-07-21 09:12:42,938 [INFO]   Citation batch 36/279...
2026-07-21 09:12:53,705 [INFO]   Citation batch 37/279...
2026-07-21 09:13:04,863 [INFO]   Citation batch 38/279...
2026-07-21 09:13:14,485 [INFO]   Citation batch 39/279...
2026-07-21 09:13:28,218 [INFO]   Citation batch 40/279...
2026-07-21 09:13:39,225 [INFO]   Citation batch 41/279...
2026-07-21 09:13:49,809 [INFO]   Citation batch 42/279...
2026-07-21 09:14:02,384 [INFO]   Citation batch 43/279...
2026-07-21 09:14:13,648 [INFO]   Citation batch 44/279...
2026-07-21 09:14:25,146 [INFO]   Citation batch 45/279...
2026-07-21 09:14:35,250 [INFO]   Citation batch 46/279...
2026-07-21 09:14:44,627 [INFO]   Citation batch 47/279...
2026-07-21 09:14:55,134 [INFO]   Citation batch 48/279...
2026-07-21 09:15:05,137 [INFO]   Citation batch 49/279...
2026-07-21 09:15:16,329 [INFO]   Citation batch 50/279...
2026-07-21 09:15:28,411 [INFO]   Citation batch 51/279...
2026-07-21 09:15:43,138 [INFO]   Citation batch 52/279...
2026-07-21 09:15:53,630 [INFO]   Citation batch 53/279...
2026-07-21 09:16:04,208 [INFO]   Citation batch 54/279...
2026-07-21 09:16:16,088 [INFO]   Citation batch 55/279...
2026-07-21 09:16:27,659 [INFO]   Citation batch 56/279...
2026-07-21 09:16:38,735 [INFO]   Citation batch 57/279...
2026-07-21 09:16:49,666 [INFO]   Citation batch 58/279...
2026-07-21 09:17:01,063 [INFO]   Citation batch 59/279...
2026-07-21 09:17:11,059 [INFO]   Citation batch 60/279...
2026-07-21 09:17:23,216 [INFO]   Citation batch 61/279...
2026-07-21 09:17:34,508 [INFO]   Citation batch 62/279...
2026-07-21 09:17:44,419 [INFO]   Citation batch 63/279...
2026-07-21 09:17:54,767 [INFO]   Citation batch 64/279...
2026-07-21 09:18:04,996 [INFO]   Citation batch 65/279...
2026-07-21 09:18:17,957 [INFO]   Citation batch 66/279...
2026-07-21 09:18:28,713 [INFO]   Citation batch 67/279...
2026-07-21 09:18:38,960 [INFO]   Citation batch 68/279...
2026-07-21 09:18:52,666 [INFO]   Citation batch 69/279...
2026-07-21 09:20:02,303 [INFO]   Citation batch 70/279...
2026-07-21 09:20:12,543 [INFO]   Citation batch 71/279...
2026-07-21 09:20:24,795 [INFO]   Citation batch 72/279...
2026-07-21 09:20:36,581 [INFO]   Citation batch 73/279...
2026-07-21 09:20:48,877 [INFO]   Citation batch 74/279...
2026-07-21 09:20:58,020 [INFO]   Citation batch 75/279...
2026-07-21 09:21:09,044 [INFO]   Citation batch 76/279...
2026-07-21 09:21:18,484 [INFO]   Citation batch 77/279...
2026-07-21 09:21:29,890 [INFO]   Citation batch 78/279...
2026-07-21 09:21:39,852 [INFO]   Citation batch 79/279...
2026-07-21 09:21:49,154 [INFO]   Citation batch 80/279...
2026-07-21 09:21:58,834 [INFO]   Citation batch 81/279...
2026-07-21 09:22:09,678 [INFO]   Citation batch 82/279...
2026-07-21 09:22:19,260 [INFO]   Citation batch 83/279...
2026-07-21 09:22:28,297 [INFO]   Citation batch 84/279...
2026-07-21 09:22:38,517 [INFO]   Citation batch 85/279...
2026-07-21 09:22:47,498 [INFO]   Citation batch 86/279...
2026-07-21 09:22:58,245 [INFO]   Citation batch 87/279...
2026-07-21 09:23:07,620 [INFO]   Citation batch 88/279...
2026-07-21 09:23:18,164 [INFO]   Citation batch 89/279...
2026-07-21 09:23:28,723 [INFO]   Citation batch 90/279...
2026-07-21 09:23:38,937 [INFO]   Citation batch 91/279...
2026-07-21 09:23:49,019 [INFO]   Citation batch 92/279...
2026-07-21 09:23:58,212 [INFO]   Citation batch 93/279...
2026-07-21 09:24:07,277 [INFO]   Citation batch 94/279...
2026-07-21 09:24:19,338 [INFO]   Citation batch 95/279...
2026-07-21 09:24:29,472 [INFO]   Citation batch 96/279...
2026-07-21 09:24:37,791 [INFO]   Citation batch 97/279...
2026-07-21 09:24:46,470 [INFO]   Citation batch 98/279...
2026-07-21 09:24:57,288 [INFO]   Citation batch 99/279...
2026-07-21 09:25:08,889 [INFO]   Citation batch 100/279...
2026-07-21 09:25:20,004 [INFO]   Citation batch 101/279...
2026-07-21 09:25:31,005 [INFO]   Citation batch 102/279...
2026-07-21 09:25:41,423 [INFO]   Citation batch 103/279...
2026-07-21 09:25:51,484 [INFO]   Citation batch 104/279...
2026-07-21 09:26:02,019 [INFO]   Citation batch 105/279...
2026-07-21 09:26:13,863 [INFO]   Citation batch 106/279...
2026-07-21 09:26:25,976 [INFO]   Citation batch 107/279...
2026-07-21 09:26:35,739 [INFO]   Citation batch 108/279...
2026-07-21 09:26:45,919 [INFO]   Citation batch 109/279...
2026-07-21 09:26:56,184 [INFO]   Citation batch 110/279...
2026-07-21 09:27:05,828 [INFO]   Citation batch 111/279...
2026-07-21 09:27:15,828 [INFO]   Citation batch 112/279...
2026-07-21 09:27:25,705 [INFO]   Citation batch 113/279...
2026-07-21 09:27:35,852 [INFO]   Citation batch 114/279...
2026-07-21 09:27:45,790 [INFO]   Citation batch 115/279...
2026-07-21 09:27:55,673 [INFO]   Citation batch 116/279...
2026-07-21 09:28:06,156 [INFO]   Citation batch 117/279...
2026-07-21 09:28:17,249 [INFO]   Citation batch 118/279...
2026-07-21 09:28:27,704 [INFO]   Citation batch 119/279...
2026-07-21 09:28:37,707 [INFO]   Citation batch 120/279...
2026-07-21 09:28:49,875 [INFO]   Citation batch 121/279...
2026-07-21 09:28:59,571 [INFO]   Citation batch 122/279...
2026-07-21 09:29:10,685 [INFO]   Citation batch 123/279...
2026-07-21 09:29:20,084 [INFO]   Citation batch 124/279...
2026-07-21 09:29:29,955 [INFO]   Citation batch 125/279...
2026-07-21 09:29:41,207 [INFO]   Citation batch 126/279...
2026-07-21 09:29:51,395 [INFO]   Citation batch 127/279...
2026-07-21 09:30:01,917 [INFO]   Citation batch 128/279...
2026-07-21 09:30:12,879 [INFO]   Citation batch 129/279...
2026-07-21 09:30:27,741 [INFO]   Citation batch 130/279...
2026-07-21 09:30:44,597 [INFO]   Citation batch 131/279...
2026-07-21 09:30:54,936 [INFO]   Citation batch 132/279...
2026-07-21 09:31:05,961 [INFO]   Citation batch 133/279...
2026-07-21 09:31:20,277 [INFO]   Citation batch 134/279...
2026-07-21 09:31:32,603 [INFO]   Citation batch 135/279...
2026-07-21 09:31:43,937 [INFO]   Citation batch 136/279...
2026-07-21 09:31:54,997 [INFO]   Citation batch 137/279...
2026-07-21 09:32:05,275 [INFO]   Citation batch 138/279...
2026-07-21 09:32:16,246 [INFO]   Citation batch 139/279...
2026-07-21 09:32:25,435 [INFO]   Citation batch 140/279...
2026-07-21 09:32:36,469 [INFO]   Citation batch 141/279...
2026-07-21 09:32:48,170 [INFO]   Citation batch 142/279...
2026-07-21 09:33:00,086 [INFO]   Citation batch 143/279...
2026-07-21 09:33:10,341 [INFO]   Citation batch 144/279...
2026-07-21 09:33:20,927 [INFO]   Citation batch 145/279...
2026-07-21 09:33:33,021 [INFO]   Citation batch 146/279...
2026-07-21 09:33:42,360 [INFO]   Citation batch 147/279...
2026-07-21 09:33:52,940 [INFO]   Citation batch 148/279...
2026-07-21 09:34:03,272 [INFO]   Citation batch 149/279...
2026-07-21 09:34:13,012 [INFO]   Citation batch 150/279...
2026-07-21 09:34:24,056 [INFO]   Citation batch 151/279...
2026-07-21 09:34:34,310 [INFO]   Citation batch 152/279...
2026-07-21 09:34:43,702 [INFO]   Citation batch 153/279...
2026-07-21 09:34:55,683 [INFO]   Citation batch 154/279...
2026-07-21 09:35:07,994 [INFO]   Citation batch 155/279...
2026-07-21 09:35:18,381 [INFO]   Citation batch 156/279...
2026-07-21 09:35:27,873 [INFO]   Citation batch 157/279...
2026-07-21 09:35:39,009 [INFO]   Citation batch 158/279...
2026-07-21 09:35:49,766 [INFO]   Citation batch 159/279...
2026-07-21 09:35:59,754 [INFO]   Citation batch 160/279...
2026-07-21 09:36:11,065 [INFO]   Citation batch 161/279...
2026-07-21 09:36:22,267 [INFO]   Citation batch 162/279...
2026-07-21 09:36:32,679 [INFO]   Citation batch 163/279...
2026-07-21 09:36:49,934 [INFO]   Citation batch 164/279...
2026-07-21 09:36:59,807 [INFO]   Citation batch 165/279...
2026-07-21 09:37:11,291 [INFO]   Citation batch 166/279...
2026-07-21 09:37:21,550 [INFO]   Citation batch 167/279...
2026-07-21 09:37:32,158 [INFO]   Citation batch 168/279...
2026-07-21 09:37:42,324 [INFO]   Citation batch 169/279...
2026-07-21 09:37:51,072 [INFO]   Citation batch 170/279...
2026-07-21 09:38:14,385 [INFO]   Citation batch 171/279...
2026-07-21 09:38:23,981 [INFO]   Citation batch 172/279...
2026-07-21 09:38:35,261 [INFO]   Citation batch 173/279...
2026-07-21 09:38:46,899 [INFO]   Citation batch 174/279...
2026-07-21 09:38:58,570 [INFO]   Citation batch 175/279...
2026-07-21 09:39:10,081 [INFO]   Citation batch 176/279...
2026-07-21 09:39:19,426 [INFO]   Citation batch 177/279...
2026-07-21 09:39:29,649 [INFO]   Citation batch 178/279...
2026-07-21 09:39:41,276 [INFO]   Citation batch 179/279...
2026-07-21 09:39:52,232 [INFO]   Citation batch 180/279...
2026-07-21 09:40:03,515 [INFO]   Citation batch 181/279...
2026-07-21 09:40:14,366 [INFO]   Citation batch 182/279...
2026-07-21 09:40:25,518 [INFO]   Citation batch 183/279...
2026-07-21 09:40:36,569 [INFO]   Citation batch 184/279...
2026-07-21 09:40:46,309 [INFO]   Citation batch 185/279...
2026-07-21 09:40:57,906 [INFO]   Citation batch 186/279...
2026-07-21 09:41:09,766 [INFO]   Citation batch 187/279...
2026-07-21 09:41:20,393 [INFO]   Citation batch 188/279...
2026-07-21 09:41:29,990 [INFO]   Citation batch 189/279...
2026-07-21 09:41:39,720 [INFO]   Citation batch 190/279...
2026-07-21 09:41:49,443 [INFO]   Citation batch 191/279...
2026-07-21 09:41:59,116 [INFO]   Citation batch 192/279...
2026-07-21 09:42:09,984 [INFO]   Citation batch 193/279...
2026-07-21 09:42:20,737 [INFO]   Citation batch 194/279...
2026-07-21 09:42:32,479 [INFO]   Citation batch 195/279...
2026-07-21 09:42:43,876 [INFO]   Citation batch 196/279...
2026-07-21 09:42:54,260 [INFO]   Citation batch 197/279...
2026-07-21 09:43:09,059 [INFO]   Citation batch 198/279...
2026-07-21 09:43:21,790 [INFO]   Citation batch 199/279...
2026-07-21 09:43:32,391 [INFO]   Citation batch 200/279...
2026-07-21 09:43:42,638 [INFO]   Citation batch 201/279...
2026-07-21 09:43:51,608 [INFO]   Citation batch 202/279...
2026-07-21 09:44:00,963 [INFO]   Citation batch 203/279...
2026-07-21 09:44:12,459 [INFO]   Citation batch 204/279...
2026-07-21 09:44:23,996 [INFO]   Citation batch 205/279...
2026-07-21 09:44:34,941 [INFO]   Citation batch 206/279...
2026-07-21 09:44:46,002 [INFO]   Citation batch 207/279...
2026-07-21 09:44:55,887 [INFO]   Citation batch 208/279...
2026-07-21 09:45:06,241 [INFO]   Citation batch 209/279...
2026-07-21 09:45:16,837 [INFO]   Citation batch 210/279...
2026-07-21 09:45:25,279 [INFO]   Citation batch 211/279...
2026-07-21 09:45:35,445 [INFO]   Citation batch 212/279...
2026-07-21 09:45:44,363 [INFO]   Citation batch 213/279...
2026-07-21 09:45:55,400 [INFO]   Citation batch 214/279...
2026-07-21 09:46:04,329 [INFO]   Citation batch 215/279...
2026-07-21 09:46:15,137 [INFO]   Citation batch 216/279...
2026-07-21 09:46:25,469 [INFO]   Citation batch 217/279...
2026-07-21 09:46:36,946 [INFO]   Citation batch 218/279...
2026-07-21 09:46:46,866 [INFO]   Citation batch 219/279...
2026-07-21 09:46:56,978 [INFO]   Citation batch 220/279...
2026-07-21 09:47:15,723 [INFO]   Citation batch 221/279...
2026-07-21 09:47:26,643 [INFO]   Citation batch 222/279...
2026-07-21 09:47:36,726 [INFO]   Citation batch 223/279...
2026-07-21 09:47:45,796 [INFO]   Citation batch 224/279...
2026-07-21 09:47:54,896 [INFO]   Citation batch 225/279...
2026-07-21 09:48:04,815 [INFO]   Citation batch 226/279...
2026-07-21 09:48:14,546 [INFO]   Citation batch 227/279...
2026-07-21 09:48:23,794 [INFO]   Citation batch 228/279...
2026-07-21 09:48:33,915 [INFO]   Citation batch 229/279...
2026-07-21 09:48:43,819 [INFO]   Citation batch 230/279...
2026-07-21 09:48:53,775 [INFO]   Citation batch 231/279...
2026-07-21 09:49:04,621 [INFO]   Citation batch 232/279...
2026-07-21 09:49:13,646 [INFO]   Citation batch 233/279...
2026-07-21 09:49:24,070 [INFO]   Citation batch 234/279...
2026-07-21 09:49:37,022 [INFO]   Citation batch 235/279...
2026-07-21 09:49:46,794 [INFO]   Citation batch 236/279...
2026-07-21 09:49:55,718 [INFO]   Citation batch 237/279...
2026-07-21 09:50:07,044 [INFO]   Citation batch 238/279...
2026-07-21 09:50:17,963 [INFO]   Citation batch 239/279...
2026-07-21 09:50:29,896 [INFO]   Citation batch 240/279...
2026-07-21 09:50:40,539 [INFO]   Citation batch 241/279...
2026-07-21 09:50:52,180 [INFO]   Citation batch 242/279...
2026-07-21 09:51:04,068 [INFO]   Citation batch 243/279...
2026-07-21 09:51:14,750 [INFO]   Citation batch 244/279...
2026-07-21 09:51:27,722 [INFO]   Citation batch 245/279...
2026-07-21 09:51:38,195 [INFO]   Citation batch 246/279...
2026-07-21 09:51:48,771 [INFO]   Citation batch 247/279...
2026-07-21 09:51:58,607 [INFO]   Citation batch 248/279...
2026-07-21 09:52:11,391 [INFO]   Citation batch 249/279...
2026-07-21 09:52:23,079 [INFO]   Citation batch 250/279...
2026-07-21 09:52:34,472 [INFO]   Citation batch 251/279...
2026-07-21 09:52:45,373 [INFO]   Citation batch 252/279...
2026-07-21 09:52:55,551 [INFO]   Citation batch 253/279...
2026-07-21 09:53:07,744 [INFO]   Citation batch 254/279...
2026-07-21 09:53:23,362 [INFO]   Citation batch 255/279...
2026-07-21 09:53:35,431 [INFO]   Citation batch 256/279...
2026-07-21 09:53:43,981 [INFO]   Citation batch 257/279...
2026-07-21 09:53:55,035 [INFO]   Citation batch 258/279...
2026-07-21 09:54:05,407 [INFO]   Citation batch 259/279...
2026-07-21 09:54:16,790 [INFO]   Citation batch 260/279...
2026-07-21 09:54:26,621 [INFO]   Citation batch 261/279...
2026-07-21 09:54:35,033 [INFO]   Citation batch 262/279...
2026-07-21 09:54:45,542 [INFO]   Citation batch 263/279...
2026-07-21 09:54:56,426 [INFO]   Citation batch 264/279...
2026-07-21 09:55:07,375 [INFO]   Citation batch 265/279...
2026-07-21 09:55:18,849 [INFO]   Citation batch 266/279...
2026-07-21 09:55:29,924 [INFO]   Citation batch 267/279...
2026-07-21 09:55:40,155 [INFO]   Citation batch 268/279...
2026-07-21 09:55:50,213 [INFO]   Citation batch 269/279...
2026-07-21 09:56:00,791 [INFO]   Citation batch 270/279...
2026-07-21 09:56:10,938 [INFO]   Citation batch 271/279...
2026-07-21 09:56:21,571 [INFO]   Citation batch 272/279...
2026-07-21 09:56:32,614 [INFO]   Citation batch 273/279...
2026-07-21 09:56:42,520 [INFO]   Citation batch 274/279...
2026-07-21 09:56:53,569 [INFO]   Citation batch 275/279...
2026-07-21 09:57:05,124 [INFO]   Citation batch 276/279...
2026-07-21 09:57:14,823 [INFO]   Citation batch 277/279...
2026-07-21 09:57:27,875 [INFO]   Citation batch 278/279...
2026-07-21 09:57:39,851 [INFO]   Citation batch 279/279...
2026-07-21 09:59:06,367 [INFO]   108,310,741 edges, 10,660,077 nodes
2026-07-21 09:59:07,086 [INFO] Fetching metadata for 10,660,077 nodes...
2026-07-21 09:59:07,381 [INFO]   Metadata batch 1/534...
2026-07-21 09:59:12,833 [INFO]   Metadata batch 2/534...
2026-07-21 09:59:18,717 [INFO]   Metadata batch 3/534...
2026-07-21 09:59:23,935 [INFO]   Metadata batch 4/534...
2026-07-21 09:59:29,584 [INFO]   Metadata batch 5/534...
2026-07-21 09:59:35,272 [INFO]   Metadata batch 6/534...
2026-07-21 09:59:41,148 [INFO]   Metadata batch 7/534...
2026-07-21 09:59:46,180 [INFO]   Metadata batch 8/534...
2026-07-21 09:59:50,941 [INFO]   Metadata batch 9/534...
2026-07-21 09:59:55,971 [INFO]   Metadata batch 10/534...
2026-07-21 10:00:00,714 [INFO]   Metadata batch 11/534...
2026-07-21 10:00:06,367 [INFO]   Metadata batch 12/534...
2026-07-21 10:00:13,824 [INFO]   Metadata batch 13/534...
2026-07-21 10:00:20,427 [INFO]   Metadata batch 14/534...
2026-07-21 10:00:26,749 [INFO]   Metadata batch 15/534...
2026-07-21 10:00:33,127 [INFO]   Metadata batch 16/534...
2026-07-21 10:00:40,692 [INFO]   Metadata batch 17/534...
2026-07-21 10:00:47,049 [INFO]   Metadata batch 18/534...
2026-07-21 10:00:52,342 [INFO]   Metadata batch 19/534...
2026-07-21 10:00:58,260 [INFO]   Metadata batch 20/534...
2026-07-21 10:01:03,798 [INFO]   Metadata batch 21/534...
2026-07-21 10:01:09,711 [INFO]   Metadata batch 22/534...
2026-07-21 10:01:15,482 [INFO]   Metadata batch 23/534...
2026-07-21 10:01:21,562 [INFO]   Metadata batch 24/534...
2026-07-21 10:01:27,587 [INFO]   Metadata batch 25/534...
2026-07-21 10:01:33,992 [INFO]   Metadata batch 26/534...
2026-07-21 10:01:48,080 [INFO]   Metadata batch 27/534...
2026-07-21 10:01:54,899 [INFO]   Metadata batch 28/534...
2026-07-21 10:02:01,165 [INFO]   Metadata batch 29/534...
2026-07-21 10:02:07,199 [INFO]   Metadata batch 30/534...
2026-07-21 10:02:13,604 [INFO]   Metadata batch 31/534...
2026-07-21 10:02:19,967 [INFO]   Metadata batch 32/534...
2026-07-21 10:02:25,991 [INFO]   Metadata batch 33/534...
2026-07-21 10:02:32,675 [INFO]   Metadata batch 34/534...
2026-07-21 10:02:38,105 [INFO]   Metadata batch 35/534...
2026-07-21 10:02:44,003 [INFO]   Metadata batch 36/534...
2026-07-21 10:02:49,570 [INFO]   Metadata batch 37/534...
2026-07-21 10:02:55,198 [INFO]   Metadata batch 38/534...
2026-07-21 10:03:00,498 [INFO]   Metadata batch 39/534...
2026-07-21 10:03:06,363 [INFO]   Metadata batch 40/534...
2026-07-21 10:03:13,779 [INFO]   Metadata batch 41/534...
2026-07-21 10:03:19,017 [INFO]   Metadata batch 42/534...
2026-07-21 10:03:26,099 [INFO]   Metadata batch 43/534...
2026-07-21 10:03:32,570 [INFO]   Metadata batch 44/534...
2026-07-21 10:03:41,271 [INFO]   Metadata batch 45/534...
2026-07-21 10:03:47,565 [INFO]   Metadata batch 46/534...
2026-07-21 10:03:52,692 [INFO]   Metadata batch 47/534...
2026-07-21 10:03:58,699 [INFO]   Metadata batch 48/534...
2026-07-21 10:04:05,213 [INFO]   Metadata batch 49/534...
2026-07-21 10:04:11,746 [INFO]   Metadata batch 50/534...
2026-07-21 10:04:17,960 [INFO]   Metadata batch 51/534...
2026-07-21 10:04:24,100 [INFO]   Metadata batch 52/534...
2026-07-21 10:04:30,202 [INFO]   Metadata batch 53/534...
2026-07-21 10:04:37,846 [INFO]   Metadata batch 54/534...
2026-07-21 10:04:44,288 [INFO]   Metadata batch 55/534...
2026-07-21 10:04:50,661 [INFO]   Metadata batch 56/534...
2026-07-21 10:04:59,512 [INFO]   Metadata batch 57/534...
2026-07-21 10:05:07,737 [INFO]   Metadata batch 58/534...
2026-07-21 10:05:14,772 [INFO]   Metadata batch 59/534...
2026-07-21 10:05:20,443 [INFO]   Metadata batch 60/534...
2026-07-21 10:05:26,769 [INFO]   Metadata batch 61/534...
2026-07-21 10:05:32,089 [INFO]   Metadata batch 62/534...
2026-07-21 10:05:39,161 [INFO]   Metadata batch 63/534...
2026-07-21 10:05:45,134 [INFO]   Metadata batch 64/534...
2026-07-21 10:05:51,795 [INFO]   Metadata batch 65/534...
2026-07-21 10:05:57,730 [INFO]   Metadata batch 66/534...
2026-07-21 10:06:03,642 [INFO]   Metadata batch 67/534...
2026-07-21 10:06:10,177 [INFO]   Metadata batch 68/534...
2026-07-21 10:06:16,780 [INFO]   Metadata batch 69/534...
2026-07-21 10:06:24,109 [INFO]   Metadata batch 70/534...
2026-07-21 10:06:30,364 [INFO]   Metadata batch 71/534...
2026-07-21 10:06:36,049 [INFO]   Metadata batch 72/534...
2026-07-21 10:06:42,775 [INFO]   Metadata batch 73/534...
2026-07-21 10:06:48,808 [INFO]   Metadata batch 74/534...
2026-07-21 10:06:54,410 [INFO]   Metadata batch 75/534...
2026-07-21 10:07:00,506 [INFO]   Metadata batch 76/534...
2026-07-21 10:07:05,820 [INFO]   Metadata batch 77/534...
2026-07-21 10:07:11,487 [INFO]   Metadata batch 78/534...
2026-07-21 10:07:17,616 [INFO]   Metadata batch 79/534...
2026-07-21 10:07:23,422 [INFO]   Metadata batch 80/534...
2026-07-21 10:07:29,499 [INFO]   Metadata batch 81/534...
2026-07-21 10:07:34,724 [INFO]   Metadata batch 82/534...
2026-07-21 10:07:39,771 [INFO]   Metadata batch 83/534...
2026-07-21 10:07:45,533 [INFO]   Metadata batch 84/534...
2026-07-21 10:07:51,115 [INFO]   Metadata batch 85/534...
2026-07-21 10:07:56,504 [INFO]   Metadata batch 86/534...
2026-07-21 10:08:02,180 [INFO]   Metadata batch 87/534...
2026-07-21 10:08:08,339 [INFO]   Metadata batch 88/534...
2026-07-21 10:08:16,260 [INFO]   Metadata batch 89/534...
2026-07-21 10:08:25,738 [INFO]   Metadata batch 90/534...
2026-07-21 10:08:31,108 [INFO]   Metadata batch 91/534...
2026-07-21 10:08:36,499 [INFO]   Metadata batch 92/534...
2026-07-21 10:08:43,162 [INFO]   Metadata batch 93/534...
2026-07-21 10:08:48,808 [INFO]   Metadata batch 94/534...
2026-07-21 10:08:54,591 [INFO]   Metadata batch 95/534...
2026-07-21 10:09:00,244 [INFO]   Metadata batch 96/534...
2026-07-21 10:09:06,293 [INFO]   Metadata batch 97/534...
2026-07-21 10:09:11,567 [INFO]   Metadata batch 98/534...
2026-07-21 10:09:17,387 [INFO]   Metadata batch 99/534...
2026-07-21 10:09:23,216 [INFO]   Metadata batch 100/534...
2026-07-21 10:09:28,378 [INFO]   Metadata batch 101/534...
2026-07-21 10:09:34,617 [INFO]   Metadata batch 102/534...
2026-07-21 10:09:40,261 [INFO]   Metadata batch 103/534...
2026-07-21 10:09:46,300 [INFO]   Metadata batch 104/534...
2026-07-21 10:09:51,674 [INFO]   Metadata batch 105/534...
2026-07-21 10:09:57,008 [INFO]   Metadata batch 106/534...
2026-07-21 10:10:02,469 [INFO]   Metadata batch 107/534...
2026-07-21 10:10:07,680 [INFO]   Metadata batch 108/534...
2026-07-21 10:10:14,252 [INFO]   Metadata batch 109/534...
2026-07-21 10:10:20,740 [INFO]   Metadata batch 110/534...
2026-07-21 10:10:27,116 [INFO]   Metadata batch 111/534...
2026-07-21 10:10:33,176 [INFO]   Metadata batch 112/534...
2026-07-21 10:10:38,356 [INFO]   Metadata batch 113/534...
2026-07-21 10:10:43,815 [INFO]   Metadata batch 114/534...
2026-07-21 10:10:49,538 [INFO]   Metadata batch 115/534...
2026-07-21 10:10:55,070 [INFO]   Metadata batch 116/534...
2026-07-21 10:11:00,904 [INFO]   Metadata batch 117/534...
2026-07-21 10:11:08,140 [INFO]   Metadata batch 118/534...
2026-07-21 10:11:14,192 [INFO]   Metadata batch 119/534...
2026-07-21 10:11:20,362 [INFO]   Metadata batch 120/534...
2026-07-21 10:11:26,295 [INFO]   Metadata batch 121/534...
2026-07-21 10:11:31,595 [INFO]   Metadata batch 122/534...
2026-07-21 10:11:37,626 [INFO]   Metadata batch 123/534...
2026-07-21 10:11:43,407 [INFO]   Metadata batch 124/534...
2026-07-21 10:11:49,792 [INFO]   Metadata batch 125/534...
2026-07-21 10:11:55,422 [INFO]   Metadata batch 126/534...
2026-07-21 10:12:01,047 [INFO]   Metadata batch 127/534...
2026-07-21 10:12:06,386 [INFO]   Metadata batch 128/534...
2026-07-21 10:12:12,554 [INFO]   Metadata batch 129/534...
2026-07-21 10:12:18,342 [INFO]   Metadata batch 130/534...
2026-07-21 10:12:23,849 [INFO]   Metadata batch 131/534...
2026-07-21 10:12:29,660 [INFO]   Metadata batch 132/534...
2026-07-21 10:12:35,382 [INFO]   Metadata batch 133/534...
2026-07-21 10:12:41,121 [INFO]   Metadata batch 134/534...
2026-07-21 10:12:46,907 [INFO]   Metadata batch 135/534...
2026-07-21 10:12:52,622 [INFO]   Metadata batch 136/534...
2026-07-21 10:12:58,882 [INFO]   Metadata batch 137/534...
2026-07-21 10:13:04,404 [INFO]   Metadata batch 138/534...
2026-07-21 10:13:10,344 [INFO]   Metadata batch 139/534...
2026-07-21 10:13:16,036 [INFO]   Metadata batch 140/534...
2026-07-21 10:13:21,228 [INFO]   Metadata batch 141/534...
2026-07-21 10:13:27,862 [INFO]   Metadata batch 142/534...
2026-07-21 10:13:33,622 [INFO]   Metadata batch 143/534...
2026-07-21 10:13:39,132 [INFO]   Metadata batch 144/534...
2026-07-21 10:13:44,558 [INFO]   Metadata batch 145/534...
2026-07-21 10:13:50,174 [INFO]   Metadata batch 146/534...
2026-07-21 10:13:55,988 [INFO]   Metadata batch 147/534...
2026-07-21 10:14:01,438 [INFO]   Metadata batch 148/534...
2026-07-21 10:14:07,218 [INFO]   Metadata batch 149/534...
2026-07-21 10:14:12,738 [INFO]   Metadata batch 150/534...
2026-07-21 10:14:18,261 [INFO]   Metadata batch 151/534...
2026-07-21 10:14:23,267 [INFO]   Metadata batch 152/534...
2026-07-21 10:14:28,268 [INFO]   Metadata batch 153/534...
2026-07-21 10:14:33,083 [INFO]   Metadata batch 154/534...
2026-07-21 10:14:37,558 [INFO]   Metadata batch 155/534...
2026-07-21 10:14:42,687 [INFO]   Metadata batch 156/534...
2026-07-21 10:14:47,465 [INFO]   Metadata batch 157/534...
2026-07-21 10:14:52,824 [INFO]   Metadata batch 158/534...
2026-07-21 10:14:57,562 [INFO]   Metadata batch 159/534...
2026-07-21 10:15:02,906 [INFO]   Metadata batch 160/534...
2026-07-21 10:15:08,500 [INFO]   Metadata batch 161/534...
2026-07-21 10:15:13,581 [INFO]   Metadata batch 162/534...
2026-07-21 10:15:18,911 [INFO]   Metadata batch 163/534...
2026-07-21 10:15:24,807 [INFO]   Metadata batch 164/534...
2026-07-21 10:15:31,444 [INFO]   Metadata batch 165/534...
2026-07-21 10:15:37,126 [INFO]   Metadata batch 166/534...
2026-07-21 10:15:43,503 [INFO]   Metadata batch 167/534...
2026-07-21 10:15:50,201 [INFO]   Metadata batch 168/534...
2026-07-21 10:15:55,746 [INFO]   Metadata batch 169/534...
2026-07-21 10:16:01,366 [INFO]   Metadata batch 170/534...
2026-07-21 10:16:06,806 [INFO]   Metadata batch 171/534...
2026-07-21 10:16:11,846 [INFO]   Metadata batch 172/534...
2026-07-21 10:16:17,398 [INFO]   Metadata batch 173/534...
2026-07-21 10:16:23,363 [INFO]   Metadata batch 174/534...
2026-07-21 10:16:28,178 [INFO]   Metadata batch 175/534...
2026-07-21 10:16:33,324 [INFO]   Metadata batch 176/534...
2026-07-21 10:16:38,736 [INFO]   Metadata batch 177/534...
2026-07-21 10:16:43,926 [INFO]   Metadata batch 178/534...
2026-07-21 10:16:49,733 [INFO]   Metadata batch 179/534...
2026-07-21 10:16:54,915 [INFO]   Metadata batch 180/534...
2026-07-21 10:17:00,678 [INFO]   Metadata batch 181/534...
2026-07-21 10:17:06,097 [INFO]   Metadata batch 182/534...
2026-07-21 10:17:11,136 [INFO]   Metadata batch 183/534...
2026-07-21 10:17:17,053 [INFO]   Metadata batch 184/534...
2026-07-21 10:17:22,181 [INFO]   Metadata batch 185/534...
2026-07-21 10:17:28,313 [INFO]   Metadata batch 186/534...
2026-07-21 10:17:34,940 [INFO]   Metadata batch 187/534...
2026-07-21 10:17:40,479 [INFO]   Metadata batch 188/534...
2026-07-21 10:17:45,798 [INFO]   Metadata batch 189/534...
2026-07-21 10:17:51,302 [INFO]   Metadata batch 190/534...
2026-07-21 10:17:56,260 [INFO]   Metadata batch 191/534...
2026-07-21 10:18:01,865 [INFO]   Metadata batch 192/534...
2026-07-21 10:18:07,247 [INFO]   Metadata batch 193/534...
2026-07-21 10:18:12,622 [INFO]   Metadata batch 194/534...
2026-07-21 10:18:20,368 [INFO]   Metadata batch 195/534...
2026-07-21 10:18:25,631 [INFO]   Metadata batch 196/534...
2026-07-21 10:18:31,876 [INFO]   Metadata batch 197/534...
2026-07-21 10:18:37,331 [INFO]   Metadata batch 198/534...
2026-07-21 10:18:42,715 [INFO]   Metadata batch 199/534...
2026-07-21 10:18:48,598 [INFO]   Metadata batch 200/534...
2026-07-21 10:18:53,980 [INFO]   Metadata batch 201/534...
2026-07-21 10:18:58,728 [INFO]   Metadata batch 202/534...
2026-07-21 10:19:03,867 [INFO]   Metadata batch 203/534...
2026-07-21 10:19:09,155 [INFO]   Metadata batch 204/534...
2026-07-21 10:19:14,406 [INFO]   Metadata batch 205/534...
2026-07-21 10:19:19,194 [INFO]   Metadata batch 206/534...
2026-07-21 10:19:25,171 [INFO]   Metadata batch 207/534...
2026-07-21 10:19:30,235 [INFO]   Metadata batch 208/534...
2026-07-21 10:19:35,980 [INFO]   Metadata batch 209/534...
2026-07-21 10:19:40,912 [INFO]   Metadata batch 210/534...
2026-07-21 10:19:45,598 [INFO]   Metadata batch 211/534...
2026-07-21 10:19:50,980 [INFO]   Metadata batch 212/534...
2026-07-21 10:19:56,331 [INFO]   Metadata batch 213/534...
2026-07-21 10:20:01,305 [INFO]   Metadata batch 214/534...
2026-07-21 10:20:06,393 [INFO]   Metadata batch 215/534...
2026-07-21 10:20:11,607 [INFO]   Metadata batch 216/534...
2026-07-21 10:20:16,493 [INFO]   Metadata batch 217/534...
2026-07-21 10:20:22,540 [INFO]   Metadata batch 218/534...
2026-07-21 10:20:28,205 [INFO]   Metadata batch 219/534...
2026-07-21 10:20:34,385 [INFO]   Metadata batch 220/534...
2026-07-21 10:20:40,007 [INFO]   Metadata batch 221/534...
2026-07-21 10:20:45,058 [INFO]   Metadata batch 222/534...
2026-07-21 10:20:53,637 [INFO]   Metadata batch 223/534...
2026-07-21 10:20:59,388 [INFO]   Metadata batch 224/534...
2026-07-21 10:21:04,788 [INFO]   Metadata batch 225/534...
2026-07-21 10:21:10,215 [INFO]   Metadata batch 226/534...
2026-07-21 10:21:16,439 [INFO]   Metadata batch 227/534...
2026-07-21 10:21:21,917 [INFO]   Metadata batch 228/534...
2026-07-21 10:21:27,138 [INFO]   Metadata batch 229/534...
2026-07-21 10:21:32,438 [INFO]   Metadata batch 230/534...
2026-07-21 10:21:38,182 [INFO]   Metadata batch 231/534...
2026-07-21 10:21:43,580 [INFO]   Metadata batch 232/534...
2026-07-21 10:21:48,904 [INFO]   Metadata batch 233/534...
2026-07-21 10:21:54,513 [INFO]   Metadata batch 234/534...
2026-07-21 10:22:00,643 [INFO]   Metadata batch 235/534...
2026-07-21 10:22:06,323 [INFO]   Metadata batch 236/534...
2026-07-21 10:22:11,983 [INFO]   Metadata batch 237/534...
2026-07-21 10:22:18,073 [INFO]   Metadata batch 238/534...
2026-07-21 10:22:23,226 [INFO]   Metadata batch 239/534...
2026-07-21 10:22:28,450 [INFO]   Metadata batch 240/534...
2026-07-21 10:22:33,570 [INFO]   Metadata batch 241/534...
2026-07-21 10:22:38,792 [INFO]   Metadata batch 242/534...
2026-07-21 10:22:44,419 [INFO]   Metadata batch 243/534...
2026-07-21 10:22:49,672 [INFO]   Metadata batch 244/534...
2026-07-21 10:22:55,033 [INFO]   Metadata batch 245/534...
2026-07-21 10:23:00,204 [INFO]   Metadata batch 246/534...
2026-07-21 10:23:05,797 [INFO]   Metadata batch 247/534...
2026-07-21 10:23:10,819 [INFO]   Metadata batch 248/534...
2026-07-21 10:23:16,463 [INFO]   Metadata batch 249/534...
2026-07-21 10:23:21,836 [INFO]   Metadata batch 250/534...
2026-07-21 10:23:26,867 [INFO]   Metadata batch 251/534...
2026-07-21 10:23:31,971 [INFO]   Metadata batch 252/534...
2026-07-21 10:23:37,034 [INFO]   Metadata batch 253/534...
2026-07-21 10:23:41,867 [INFO]   Metadata batch 254/534...
2026-07-21 10:23:47,026 [INFO]   Metadata batch 255/534...
2026-07-21 10:23:52,231 [INFO]   Metadata batch 256/534...
2026-07-21 10:23:57,248 [INFO]   Metadata batch 257/534...
2026-07-21 10:24:03,141 [INFO]   Metadata batch 258/534...
2026-07-21 10:24:08,134 [INFO]   Metadata batch 259/534...
2026-07-21 10:24:13,170 [INFO]   Metadata batch 260/534...
2026-07-21 10:24:18,368 [INFO]   Metadata batch 261/534...
2026-07-21 10:24:23,661 [INFO]   Metadata batch 262/534...
2026-07-21 10:24:28,822 [INFO]   Metadata batch 263/534...
2026-07-21 10:24:34,003 [INFO]   Metadata batch 264/534...
2026-07-21 10:24:39,211 [INFO]   Metadata batch 265/534...
2026-07-21 10:24:46,030 [INFO]   Metadata batch 266/534...
2026-07-21 10:24:51,101 [INFO]   Metadata batch 267/534...
2026-07-21 10:24:55,760 [INFO]   Metadata batch 268/534...
2026-07-21 10:25:01,277 [INFO]   Metadata batch 269/534...
2026-07-21 10:25:06,789 [INFO]   Metadata batch 270/534...
2026-07-21 10:25:12,969 [INFO]   Metadata batch 271/534...
2026-07-21 10:25:18,295 [INFO]   Metadata batch 272/534...
2026-07-21 10:25:24,225 [INFO]   Metadata batch 273/534...
2026-07-21 10:25:29,829 [INFO]   Metadata batch 274/534...
2026-07-21 10:25:35,201 [INFO]   Metadata batch 275/534...
2026-07-21 10:25:40,034 [INFO]   Metadata batch 276/534...
2026-07-21 10:25:45,593 [INFO]   Metadata batch 277/534...
2026-07-21 10:25:50,796 [INFO]   Metadata batch 278/534...
2026-07-21 10:25:56,019 [INFO]   Metadata batch 279/534...
2026-07-21 10:26:01,456 [INFO]   Metadata batch 280/534...
2026-07-21 10:26:06,698 [INFO]   Metadata batch 281/534...
2026-07-21 10:26:12,079 [INFO]   Metadata batch 282/534...
2026-07-21 10:26:17,624 [INFO]   Metadata batch 283/534...
2026-07-21 10:26:23,720 [INFO]   Metadata batch 284/534...
2026-07-21 10:26:28,521 [INFO]   Metadata batch 285/534...
2026-07-21 10:26:33,897 [INFO]   Metadata batch 286/534...
2026-07-21 10:26:40,183 [INFO]   Metadata batch 287/534...
2026-07-21 10:26:45,462 [INFO]   Metadata batch 288/534...
2026-07-21 10:26:50,298 [INFO]   Metadata batch 289/534...
2026-07-21 10:26:55,489 [INFO]   Metadata batch 290/534...
2026-07-21 10:27:01,238 [INFO]   Metadata batch 291/534...
2026-07-21 10:27:06,734 [INFO]   Metadata batch 292/534...
2026-07-21 10:27:12,607 [INFO]   Metadata batch 293/534...
2026-07-21 10:27:17,927 [INFO]   Metadata batch 294/534...
2026-07-21 10:27:24,127 [INFO]   Metadata batch 295/534...
2026-07-21 10:27:28,956 [INFO]   Metadata batch 296/534...
2026-07-21 10:27:33,955 [INFO]   Metadata batch 297/534...
2026-07-21 10:27:39,102 [INFO]   Metadata batch 298/534...
2026-07-21 10:27:44,415 [INFO]   Metadata batch 299/534...
2026-07-21 10:27:50,203 [INFO]   Metadata batch 300/534...
2026-07-21 10:27:55,546 [INFO]   Metadata batch 301/534...
2026-07-21 10:28:01,698 [INFO]   Metadata batch 302/534...
2026-07-21 10:28:06,478 [INFO]   Metadata batch 303/534...
2026-07-21 10:28:11,885 [INFO]   Metadata batch 304/534...
2026-07-21 10:28:17,403 [INFO]   Metadata batch 305/534...
2026-07-21 10:28:22,285 [INFO]   Metadata batch 306/534...
2026-07-21 10:28:27,696 [INFO]   Metadata batch 307/534...
2026-07-21 10:28:32,625 [INFO]   Metadata batch 308/534...
2026-07-21 10:28:38,315 [INFO]   Metadata batch 309/534...
2026-07-21 10:28:43,201 [INFO]   Metadata batch 310/534...
2026-07-21 10:28:47,840 [INFO]   Metadata batch 311/534...
2026-07-21 10:28:54,141 [INFO]   Metadata batch 312/534...
2026-07-21 10:28:59,201 [INFO]   Metadata batch 313/534...
2026-07-21 10:29:04,410 [INFO]   Metadata batch 314/534...
2026-07-21 10:29:09,460 [INFO]   Metadata batch 315/534...
2026-07-21 10:29:14,871 [INFO]   Metadata batch 316/534...
2026-07-21 10:29:19,660 [INFO]   Metadata batch 317/534...
2026-07-21 10:29:24,435 [INFO]   Metadata batch 318/534...
2026-07-21 10:29:29,540 [INFO]   Metadata batch 319/534...
2026-07-21 10:29:34,981 [INFO]   Metadata batch 320/534...
2026-07-21 10:29:39,202 [INFO]   Metadata batch 321/534...
2026-07-21 10:29:44,299 [INFO]   Metadata batch 322/534...
2026-07-21 10:29:48,664 [INFO]   Metadata batch 323/534...
2026-07-21 10:29:54,458 [INFO]   Metadata batch 324/534...
2026-07-21 10:29:59,831 [INFO]   Metadata batch 325/534...
2026-07-21 10:30:05,451 [INFO]   Metadata batch 326/534...
2026-07-21 10:30:10,750 [INFO]   Metadata batch 327/534...
2026-07-21 10:30:16,652 [INFO]   Metadata batch 328/534...
2026-07-21 10:30:23,493 [INFO]   Metadata batch 329/534...
2026-07-21 10:30:29,794 [INFO]   Metadata batch 330/534...
2026-07-21 10:30:34,947 [INFO]   Metadata batch 331/534...
2026-07-21 10:30:40,993 [INFO]   Metadata batch 332/534...
2026-07-21 10:30:46,443 [INFO]   Metadata batch 333/534...
2026-07-21 10:30:52,046 [INFO]   Metadata batch 334/534...
2026-07-21 10:30:59,651 [INFO]   Metadata batch 335/534...
2026-07-21 10:31:06,330 [INFO]   Metadata batch 336/534...
2026-07-21 10:31:12,226 [INFO]   Metadata batch 337/534...
2026-07-21 10:31:17,025 [INFO]   Metadata batch 338/534...
2026-07-21 10:31:22,436 [INFO]   Metadata batch 339/534...
2026-07-21 10:31:27,313 [INFO]   Metadata batch 340/534...
2026-07-21 10:31:32,631 [INFO]   Metadata batch 341/534...
2026-07-21 10:31:37,881 [INFO]   Metadata batch 342/534...
2026-07-21 10:31:43,503 [INFO]   Metadata batch 343/534...
2026-07-21 10:31:48,895 [INFO]   Metadata batch 344/534...
2026-07-21 10:31:53,981 [INFO]   Metadata batch 345/534...
2026-07-21 10:31:59,674 [INFO]   Metadata batch 346/534...
2026-07-21 10:32:06,026 [INFO]   Metadata batch 347/534...
2026-07-21 10:32:11,565 [INFO]   Metadata batch 348/534...
2026-07-21 10:32:17,944 [INFO]   Metadata batch 349/534...
2026-07-21 10:32:23,655 [INFO]   Metadata batch 350/534...
2026-07-21 10:32:30,048 [INFO]   Metadata batch 351/534...
2026-07-21 10:32:34,931 [INFO]   Metadata batch 352/534...
2026-07-21 10:32:39,963 [INFO]   Metadata batch 353/534...
2026-07-21 10:32:45,812 [INFO]   Metadata batch 354/534...
2026-07-21 10:32:52,356 [INFO]   Metadata batch 355/534...
2026-07-21 10:32:58,350 [INFO]   Metadata batch 356/534...
2026-07-21 10:33:04,360 [INFO]   Metadata batch 357/534...
2026-07-21 10:33:09,697 [INFO]   Metadata batch 358/534...
2026-07-21 10:33:15,451 [INFO]   Metadata batch 359/534...
2026-07-21 10:33:20,851 [INFO]   Metadata batch 360/534...
2026-07-21 10:33:25,823 [INFO]   Metadata batch 361/534...
2026-07-21 10:33:31,203 [INFO]   Metadata batch 362/534...
2026-07-21 10:33:36,384 [INFO]   Metadata batch 363/534...
2026-07-21 10:33:41,765 [INFO]   Metadata batch 364/534...
2026-07-21 10:33:55,657 [INFO]   Metadata batch 365/534...
2026-07-21 10:34:00,719 [INFO]   Metadata batch 366/534...
2026-07-21 10:34:06,343 [INFO]   Metadata batch 367/534...
2026-07-21 10:34:11,652 [INFO]   Metadata batch 368/534...
2026-07-21 10:34:19,054 [INFO]   Metadata batch 369/534...
2026-07-21 10:34:24,154 [INFO]   Metadata batch 370/534...
2026-07-21 10:34:29,873 [INFO]   Metadata batch 371/534...
2026-07-21 10:34:34,809 [INFO]   Metadata batch 372/534...
2026-07-21 10:34:40,020 [INFO]   Metadata batch 373/534...
2026-07-21 10:34:45,491 [INFO]   Metadata batch 374/534...
2026-07-21 10:34:51,061 [INFO]   Metadata batch 375/534...
2026-07-21 10:34:56,507 [INFO]   Metadata batch 376/534...
2026-07-21 10:35:01,020 [INFO]   Metadata batch 377/534...
2026-07-21 10:35:06,111 [INFO]   Metadata batch 378/534...
2026-07-21 10:35:11,743 [INFO]   Metadata batch 379/534...
2026-07-21 10:35:17,130 [INFO]   Metadata batch 380/534...
2026-07-21 10:35:22,287 [INFO]   Metadata batch 381/534...
2026-07-21 10:35:27,410 [INFO]   Metadata batch 382/534...
2026-07-21 10:35:32,623 [INFO]   Metadata batch 383/534...
2026-07-21 10:35:38,623 [INFO]   Metadata batch 384/534...
2026-07-21 10:35:44,080 [INFO]   Metadata batch 385/534...
2026-07-21 10:35:49,696 [INFO]   Metadata batch 386/534...
2026-07-21 10:35:55,070 [INFO]   Metadata batch 387/534...
2026-07-21 10:36:00,147 [INFO]   Metadata batch 388/534...
2026-07-21 10:36:05,511 [INFO]   Metadata batch 389/534...
2026-07-21 10:36:10,822 [INFO]   Metadata batch 390/534...
2026-07-21 10:36:16,460 [INFO]   Metadata batch 391/534...
2026-07-21 10:36:24,906 [INFO]   Metadata batch 392/534...
2026-07-21 10:36:29,726 [INFO]   Metadata batch 393/534...
2026-07-21 10:36:35,079 [INFO]   Metadata batch 394/534...
2026-07-21 10:36:40,152 [INFO]   Metadata batch 395/534...
2026-07-21 10:36:45,368 [INFO]   Metadata batch 396/534...
2026-07-21 10:36:50,738 [INFO]   Metadata batch 397/534...
2026-07-21 10:36:56,009 [INFO]   Metadata batch 398/534...
2026-07-21 10:37:00,902 [INFO]   Metadata batch 399/534...
2026-07-21 10:37:06,459 [INFO]   Metadata batch 400/534...
2026-07-21 10:37:12,270 [INFO]   Metadata batch 401/534...
2026-07-21 10:37:17,126 [INFO]   Metadata batch 402/534...
2026-07-21 10:37:22,806 [INFO]   Metadata batch 403/534...
2026-07-21 10:37:28,723 [INFO]   Metadata batch 404/534...
2026-07-21 10:37:34,244 [INFO]   Metadata batch 405/534...
2026-07-21 10:37:39,051 [INFO]   Metadata batch 406/534...
2026-07-21 10:37:44,644 [INFO]   Metadata batch 407/534...
2026-07-21 10:37:50,080 [INFO]   Metadata batch 408/534...
2026-07-21 10:37:54,968 [INFO]   Metadata batch 409/534...
2026-07-21 10:37:59,844 [INFO]   Metadata batch 410/534...
2026-07-21 10:38:05,232 [INFO]   Metadata batch 411/534...
2026-07-21 10:38:10,149 [INFO]   Metadata batch 412/534...
2026-07-21 10:38:15,417 [INFO]   Metadata batch 413/534...
2026-07-21 10:38:20,387 [INFO]   Metadata batch 414/534...
2026-07-21 10:38:25,583 [INFO]   Metadata batch 415/534...
2026-07-21 10:38:30,544 [INFO]   Metadata batch 416/534...
2026-07-21 10:38:35,832 [INFO]   Metadata batch 417/534...
2026-07-21 10:38:40,863 [INFO]   Metadata batch 418/534...
2026-07-21 10:38:46,031 [INFO]   Metadata batch 419/534...
2026-07-21 10:38:51,028 [INFO]   Metadata batch 420/534...
2026-07-21 10:38:56,163 [INFO]   Metadata batch 421/534...
2026-07-21 10:39:00,880 [INFO]   Metadata batch 422/534...
2026-07-21 10:39:05,980 [INFO]   Metadata batch 423/534...
2026-07-21 10:39:11,331 [INFO]   Metadata batch 424/534...
2026-07-21 10:39:17,114 [INFO]   Metadata batch 425/534...
2026-07-21 10:39:22,089 [INFO]   Metadata batch 426/534...
2026-07-21 10:39:27,279 [INFO]   Metadata batch 427/534...
2026-07-21 10:39:32,901 [INFO]   Metadata batch 428/534...
2026-07-21 10:39:38,395 [INFO]   Metadata batch 429/534...
2026-07-21 10:39:43,191 [INFO]   Metadata batch 430/534...
2026-07-21 10:39:48,387 [INFO]   Metadata batch 431/534...
2026-07-21 10:39:54,101 [INFO]   Metadata batch 432/534...
2026-07-21 10:39:59,892 [INFO]   Metadata batch 433/534...
2026-07-21 10:40:05,876 [INFO]   Metadata batch 434/534...
2026-07-21 10:40:11,336 [INFO]   Metadata batch 435/534...
2026-07-21 10:40:17,262 [INFO]   Metadata batch 436/534...
2026-07-21 10:40:22,289 [INFO]   Metadata batch 437/534...
2026-07-21 10:40:28,211 [INFO]   Metadata batch 438/534...
2026-07-21 10:40:33,936 [INFO]   Metadata batch 439/534...
2026-07-21 10:40:39,700 [INFO]   Metadata batch 440/534...
2026-07-21 10:40:44,999 [INFO]   Metadata batch 441/534...
2026-07-21 10:40:50,482 [INFO]   Metadata batch 442/534...
2026-07-21 10:40:55,975 [INFO]   Metadata batch 443/534...
2026-07-21 10:41:01,033 [INFO]   Metadata batch 444/534...
2026-07-21 10:41:06,616 [INFO]   Metadata batch 445/534...
2026-07-21 10:41:12,881 [INFO]   Metadata batch 446/534...
2026-07-21 10:41:17,702 [INFO]   Metadata batch 447/534...
2026-07-21 10:41:23,113 [INFO]   Metadata batch 448/534...
2026-07-21 10:41:28,668 [INFO]   Metadata batch 449/534...
2026-07-21 10:41:33,517 [INFO]   Metadata batch 450/534...
2026-07-21 10:41:38,745 [INFO]   Metadata batch 451/534...
2026-07-21 10:41:43,637 [INFO]   Metadata batch 452/534...
2026-07-21 10:41:48,887 [INFO]   Metadata batch 453/534...
2026-07-21 10:41:53,504 [INFO]   Metadata batch 454/534...
2026-07-21 10:41:58,317 [INFO]   Metadata batch 455/534...
2026-07-21 10:42:03,519 [INFO]   Metadata batch 456/534...
2026-07-21 10:42:08,635 [INFO]   Metadata batch 457/534...
2026-07-21 10:42:14,012 [INFO]   Metadata batch 458/534...
2026-07-21 10:42:20,280 [INFO]   Metadata batch 459/534...
2026-07-21 10:42:25,411 [INFO]   Metadata batch 460/534...
2026-07-21 10:42:30,716 [INFO]   Metadata batch 461/534...
2026-07-21 10:42:36,003 [INFO]   Metadata batch 462/534...
2026-07-21 10:42:40,891 [INFO]   Metadata batch 463/534...
2026-07-21 10:42:47,091 [INFO]   Metadata batch 464/534...
2026-07-21 10:42:52,028 [INFO]   Metadata batch 465/534...
2026-07-21 10:42:57,180 [INFO]   Metadata batch 466/534...
2026-07-21 10:43:02,620 [INFO]   Metadata batch 467/534...
2026-07-21 10:43:08,120 [INFO]   Metadata batch 468/534...
2026-07-21 10:43:14,066 [INFO]   Metadata batch 469/534...
2026-07-21 10:43:19,089 [INFO]   Metadata batch 470/534...
2026-07-21 10:43:24,298 [INFO]   Metadata batch 471/534...
2026-07-21 10:43:29,203 [INFO]   Metadata batch 472/534...
2026-07-21 10:43:34,475 [INFO]   Metadata batch 473/534...
2026-07-21 10:43:39,845 [INFO]   Metadata batch 474/534...
2026-07-21 10:43:44,847 [INFO]   Metadata batch 475/534...
2026-07-21 10:43:49,679 [INFO]   Metadata batch 476/534...
2026-07-21 10:43:55,244 [INFO]   Metadata batch 477/534...
2026-07-21 10:44:00,690 [INFO]   Metadata batch 478/534...
2026-07-21 10:44:05,493 [INFO]   Metadata batch 479/534...
2026-07-21 10:44:10,615 [INFO]   Metadata batch 480/534...
2026-07-21 10:44:15,684 [INFO]   Metadata batch 481/534...
2026-07-21 10:44:20,849 [INFO]   Metadata batch 482/534...
2026-07-21 10:44:26,594 [INFO]   Metadata batch 483/534...
2026-07-21 10:44:31,350 [INFO]   Metadata batch 484/534...
2026-07-21 10:44:36,184 [INFO]   Metadata batch 485/534...
2026-07-21 10:44:41,580 [INFO]   Metadata batch 486/534...
2026-07-21 10:44:46,561 [INFO]   Metadata batch 487/534...
2026-07-21 10:44:51,379 [INFO]   Metadata batch 488/534...
2026-07-21 10:44:56,401 [INFO]   Metadata batch 489/534...
2026-07-21 10:45:01,496 [INFO]   Metadata batch 490/534...
2026-07-21 10:45:06,788 [INFO]   Metadata batch 491/534...
2026-07-21 10:45:12,192 [INFO]   Metadata batch 492/534...
2026-07-21 10:45:18,102 [INFO]   Metadata batch 493/534...
2026-07-21 10:45:23,707 [INFO]   Metadata batch 494/534...
2026-07-21 10:45:29,216 [INFO]   Metadata batch 495/534...
2026-07-21 10:45:34,498 [INFO]   Metadata batch 496/534...
2026-07-21 10:45:42,260 [INFO]   Metadata batch 497/534...
2026-07-21 10:45:48,471 [INFO]   Metadata batch 498/534...
2026-07-21 10:45:54,012 [INFO]   Metadata batch 499/534...
2026-07-21 10:45:59,643 [INFO]   Metadata batch 500/534...
2026-07-21 10:46:05,108 [INFO]   Metadata batch 501/534...
2026-07-21 10:46:10,286 [INFO]   Metadata batch 502/534...
2026-07-21 10:46:15,510 [INFO]   Metadata batch 503/534...
2026-07-21 10:46:20,426 [INFO]   Metadata batch 504/534...
2026-07-21 10:46:26,013 [INFO]   Metadata batch 505/534...
2026-07-21 10:46:31,392 [INFO]   Metadata batch 506/534...
2026-07-21 10:46:37,243 [INFO]   Metadata batch 507/534...
2026-07-21 10:46:44,009 [INFO]   Metadata batch 508/534...
2026-07-21 10:46:49,920 [INFO]   Metadata batch 509/534...
2026-07-21 10:46:55,729 [INFO]   Metadata batch 510/534...
2026-07-21 10:47:01,588 [INFO]   Metadata batch 511/534...
2026-07-21 10:47:06,561 [INFO]   Metadata batch 512/534...
2026-07-21 10:47:11,759 [INFO]   Metadata batch 513/534...
2026-07-21 10:47:16,615 [INFO]   Metadata batch 514/534...
2026-07-21 10:47:22,348 [INFO]   Metadata batch 515/534...
2026-07-21 10:47:27,615 [INFO]   Metadata batch 516/534...
2026-07-21 10:47:33,106 [INFO]   Metadata batch 517/534...
2026-07-21 10:47:38,633 [INFO]   Metadata batch 518/534...
2026-07-21 10:47:44,961 [INFO]   Metadata batch 519/534...
2026-07-21 10:47:50,222 [INFO]   Metadata batch 520/534...
2026-07-21 10:47:55,363 [INFO]   Metadata batch 521/534...
2026-07-21 10:48:00,405 [INFO]   Metadata batch 522/534...
2026-07-21 10:48:05,823 [INFO]   Metadata batch 523/534...
2026-07-21 10:48:11,342 [INFO]   Metadata batch 524/534...
2026-07-21 10:48:16,469 [INFO]   Metadata batch 525/534...
2026-07-21 10:48:22,481 [INFO]   Metadata batch 526/534...
2026-07-21 10:48:28,210 [INFO]   Metadata batch 527/534...
2026-07-21 10:48:33,875 [INFO]   Metadata batch 528/534...
2026-07-21 10:48:39,143 [INFO]   Metadata batch 529/534...
2026-07-21 10:48:44,379 [INFO]   Metadata batch 530/534...
2026-07-21 10:48:49,263 [INFO]   Metadata batch 531/534...
2026-07-21 10:48:54,668 [INFO]   Metadata batch 532/534...
2026-07-21 10:49:01,228 [INFO]   Metadata batch 533/534...
2026-07-21 10:49:06,863 [INFO]   Metadata batch 534/534...
2026-07-21 10:49:10,325 [INFO]   10,660,077 nodes (38,239 Frontiers core)
2026-07-21 10:49:11,872 [INFO] Applying edge weights (temporal decay + self-citation discount)...
2026-07-21 10:50:52,109 [INFO]   Decay mean=0.438  |  Self-citations: 10,102,736
2026-07-21 10:50:52,290 [INFO]   Combined weight mean=0.417
2026-07-21 10:50:53,658 [INFO] Computing bibliographic coupling (min shared refs=3)...
2026-07-21 10:50:53,667 [INFO]   BC batch 1/3...
2026-07-21 10:51:18,942 [INFO]     9,533,103 BC edges
2026-07-21 10:51:18,948 [INFO]   BC batch 2/3...
2026-07-21 10:51:54,523 [INFO]     9,583,899 BC edges
2026-07-21 10:51:54,523 [INFO]   BC batch 3/3...
2026-07-21 10:52:10,186 [INFO]     534,658 BC edges
2026-07-21 10:52:14,027 [INFO]   Total BC edges: 19,651,660
2026-07-21 10:52:14,180 [INFO] Merging direct citation and BC edges...
2026-07-21 10:53:58,764 [INFO]   Merged: 127,554,350 edges (mean weight=0.364)
2026-07-21 10:54:07,248 [INFO] Writing CWTS files to cwts_logs/  (10,660,077 nodes)...
2026-07-21 10:55:28,205 [INFO]   pubs.txt        : 10,660,077 rows  (38,239 Frontiers)
2026-07-21 10:55:37,419 [INFO] 10660077 out of 10660077 rows loaded.
2026-07-21 10:55:37,419 [INFO]   → BigQuery: raw_citation_network_data.pubs_raw_20260721_090420
2026-07-21 10:57:05,348 [INFO]   pub_metadata.txt: 10,660,077 rows
2026-07-21 10:58:02,212 [INFO] 10660077 out of 10660077 rows loaded.
2026-07-21 10:58:02,213 [INFO]   → BigQuery: raw_citation_network_data.pub_metadata_raw_20260721_090420
2026-07-21 11:06:50,614 [INFO]   cit_links.txt   : 254,706,396 rows  (127,353,198 unique × 2 directions)
2026-07-21 11:08:15,277 [INFO] 254706396 out of 254706396 rows loaded.
2026-07-21 11:08:15,277 [INFO]   → BigQuery: raw_citation_network_data.cit_links_raw_20260721_090420
2026-07-21 11:08:15,277 [ERROR] CWTS JAR not found at: publicationclassification.jar
2026-07-21 11:08:19,332 [INFO] 1 out of 1 rows loaded.
2026-07-21 11:08:19,332 [INFO]   → BigQuery: raw_citation_network_data.run_metadata_20260721_090420
2026-07-21 11:08:19,332 [INFO] Done!!!!
