2026-07-15 15:06:04,708 [INFO] ============================================================
2026-07-15 15:06:04,709 [INFO] Configuration
2026-07-15 15:06:04,709 [INFO] ============================================================
2026-07-15 15:06:04,709 [INFO]   BQ_PROJECT              : ocean-tech-adv-analytics-p-usr
2026-07-15 15:06:04,709 [INFO]   AIRAK_DATASET           : ocean-breeze-tier-1.airak
2026-07-15 15:06:04,709 [INFO]   NETWORK_MODE            : full
2026-07-15 15:06:04,709 [INFO]   START_YEAR              : 2020
2026-07-15 15:06:04,709 [INFO]   END_YEAR                : 2026
2026-07-15 15:06:04,709 [INFO]   TOP_N_JOURNALS          : 5
2026-07-15 15:06:04,709 [INFO]   JOURNAL_IDS_OVERRIDE    : 1675037245440,1589137899520,2336462209024,2774548873217,120259084288,764504178688,1005022347264,558345748481
2026-07-15 15:06:04,709 [INFO]   ENABLE_EDGE_WEIGHTS     : True
2026-07-15 15:06:04,709 [INFO]   TEMPORAL_DECAY_TAU      : 5.0
2026-07-15 15:06:04,709 [INFO]   SELF_CITE_JOURNAL_WEIGHT: 0.5
2026-07-15 15:06:04,709 [INFO]   ENABLE_BC_EDGES         : True
2026-07-15 15:06:04,709 [INFO]   BC_MIN_SHARED_REFS      : 3
2026-07-15 15:06:04,709 [INFO]   MAX_EXTERNAL_PAPERS     : 50000
2026-07-15 15:06:04,709 [INFO]   OUTPUT_DIR              : cwts_output
2026-07-15 15:06:04,709 [INFO]   RUN_CLASSIFICATION      : False
2026-07-15 15:06:04,709 [INFO] ============================================================
2026-07-15 15:06:04,709 [INFO] ============================================================
2026-07-15 15:06:04,709 [INFO] CWTS Export — Edge Weight Builder
2026-07-15 15:06:04,709 [INFO]   Mode: FULL  |  Years: 2020-2026
2026-07-15 15:06:04,709 [INFO]   Edge weights: ON
2026-07-15 15:06:04,709 [INFO] ============================================================
2026-07-15 15:06:04,709 [INFO] Using specified journal IDs: [1675037245440, 1589137899520, 2336462209024, 2774548873217, 120259084288, 764504178688, 1005022347264, 558345748481]
2026-07-15 15:06:04,709 [INFO] Fetching Frontiers publication IDs...
2026-07-15 15:06:07,985 [INFO]   40,968 Frontiers publications
2026-07-15 15:06:07,985 [INFO] Building full network (Frontiers + related journals)...
2026-07-15 15:06:07,986 [INFO]   Finding journals citing Frontiers...
2026-07-15 15:06:13,066 [INFO]   Finding journals cited by Frontiers...
2026-07-15 15:06:17,487 [INFO]   2012 journals in network (2004 related + 8 Frontiers)
2026-07-15 15:06:29,270 [INFO]   13,921,115 publications
2026-07-15 15:06:29,717 [INFO]   Citation batch 1/279...
2026-07-15 15:06:42,221 [INFO]   Citation batch 2/279...
2026-07-15 15:06:55,960 [INFO]   Citation batch 3/279...
2026-07-15 15:07:09,655 [INFO]   Citation batch 4/279...
2026-07-15 15:07:21,511 [INFO]   Citation batch 5/279...
2026-07-15 15:07:32,205 [INFO]   Citation batch 6/279...
2026-07-15 15:07:43,013 [INFO]   Citation batch 7/279...
2026-07-15 15:07:54,061 [INFO]   Citation batch 8/279...
2026-07-15 15:08:03,780 [INFO]   Citation batch 9/279...
2026-07-15 15:08:13,825 [INFO]   Citation batch 10/279...
2026-07-15 15:08:27,159 [INFO]   Citation batch 11/279...
2026-07-15 15:08:39,312 [INFO]   Citation batch 12/279...
2026-07-15 15:08:52,778 [INFO]   Citation batch 13/279...
2026-07-15 15:09:05,060 [INFO]   Citation batch 14/279...
2026-07-15 15:09:16,871 [INFO]   Citation batch 15/279...
2026-07-15 15:09:26,388 [INFO]   Citation batch 16/279...
2026-07-15 15:09:37,521 [INFO]   Citation batch 17/279...
2026-07-15 15:09:46,938 [INFO]   Citation batch 18/279...
2026-07-15 15:09:56,265 [INFO]   Citation batch 19/279...
2026-07-15 15:10:04,363 [INFO]   Citation batch 20/279...
2026-07-15 15:10:15,668 [INFO]   Citation batch 21/279...
2026-07-15 15:10:28,918 [INFO]   Citation batch 22/279...
2026-07-15 15:10:40,229 [INFO]   Citation batch 23/279...
2026-07-15 15:10:52,639 [INFO]   Citation batch 24/279...
2026-07-15 15:11:03,356 [INFO]   Citation batch 25/279...
2026-07-15 15:11:21,172 [INFO]   Citation batch 26/279...
2026-07-15 15:11:32,013 [INFO]   Citation batch 27/279...
2026-07-15 15:11:43,227 [INFO]   Citation batch 28/279...
2026-07-15 15:11:54,719 [INFO]   Citation batch 29/279...
2026-07-15 15:12:08,034 [INFO]   Citation batch 30/279...
2026-07-15 15:12:19,018 [INFO]   Citation batch 31/279...
2026-07-15 15:12:29,656 [INFO]   Citation batch 32/279...
2026-07-15 15:12:41,421 [INFO]   Citation batch 33/279...
2026-07-15 15:12:51,562 [INFO]   Citation batch 34/279...
2026-07-15 15:13:02,607 [INFO]   Citation batch 35/279...
2026-07-15 15:13:13,219 [INFO]   Citation batch 36/279...
2026-07-15 15:13:23,599 [INFO]   Citation batch 37/279...
2026-07-15 15:13:33,574 [INFO]   Citation batch 38/279...
2026-07-15 15:13:44,003 [INFO]   Citation batch 39/279...
2026-07-15 15:13:54,277 [INFO]   Citation batch 40/279...
2026-07-15 15:14:03,820 [INFO]   Citation batch 41/279...
2026-07-15 15:14:14,077 [INFO]   Citation batch 42/279...
2026-07-15 15:14:23,414 [INFO]   Citation batch 43/279...
2026-07-15 15:14:33,089 [INFO]   Citation batch 44/279...
2026-07-15 15:14:43,774 [INFO]   Citation batch 45/279...
2026-07-15 15:14:54,600 [INFO]   Citation batch 46/279...
2026-07-15 15:15:06,198 [INFO]   Citation batch 47/279...
2026-07-15 15:15:16,535 [INFO]   Citation batch 48/279...
2026-07-15 15:15:29,565 [INFO]   Citation batch 49/279...
2026-07-15 15:15:41,087 [INFO]   Citation batch 50/279...
2026-07-15 15:15:51,229 [INFO]   Citation batch 51/279...
2026-07-15 15:16:01,580 [INFO]   Citation batch 52/279...
2026-07-15 15:16:13,219 [INFO]   Citation batch 53/279...
2026-07-15 15:16:22,826 [INFO]   Citation batch 54/279...
2026-07-15 15:16:32,668 [INFO]   Citation batch 55/279...
2026-07-15 15:16:45,061 [INFO]   Citation batch 56/279...
2026-07-15 15:16:54,244 [INFO]   Citation batch 57/279...
2026-07-15 15:17:05,022 [INFO]   Citation batch 58/279...
2026-07-15 15:17:15,636 [INFO]   Citation batch 59/279...
2026-07-15 15:17:26,681 [INFO]   Citation batch 60/279...
2026-07-15 15:17:37,286 [INFO]   Citation batch 61/279...
2026-07-15 15:17:48,579 [INFO]   Citation batch 62/279...
2026-07-15 15:17:58,512 [INFO]   Citation batch 63/279...
2026-07-15 15:18:11,299 [INFO]   Citation batch 64/279...
2026-07-15 15:18:21,857 [INFO]   Citation batch 65/279...
2026-07-15 15:18:32,692 [INFO]   Citation batch 66/279...
2026-07-15 15:18:44,077 [INFO]   Citation batch 67/279...
2026-07-15 15:18:55,280 [INFO]   Citation batch 68/279...
2026-07-15 15:19:05,496 [INFO]   Citation batch 69/279...
2026-07-15 15:19:16,113 [INFO]   Citation batch 70/279...
2026-07-15 15:19:27,137 [INFO]   Citation batch 71/279...
2026-07-15 15:19:36,256 [INFO]   Citation batch 72/279...
2026-07-15 15:19:48,072 [INFO]   Citation batch 73/279...
2026-07-15 15:19:58,492 [INFO]   Citation batch 74/279...
2026-07-15 15:20:06,669 [INFO]   Citation batch 75/279...
2026-07-15 15:20:15,362 [INFO]   Citation batch 76/279...
2026-07-15 15:20:24,115 [INFO]   Citation batch 77/279...
2026-07-15 15:20:34,069 [INFO]   Citation batch 78/279...
2026-07-15 15:20:43,622 [INFO]   Citation batch 79/279...
2026-07-15 15:20:53,756 [INFO]   Citation batch 80/279...
2026-07-15 15:21:03,132 [INFO]   Citation batch 81/279...
2026-07-15 15:21:13,701 [INFO]   Citation batch 82/279...
2026-07-15 15:21:24,783 [INFO]   Citation batch 83/279...
2026-07-15 15:21:35,127 [INFO]   Citation batch 84/279...
2026-07-15 15:21:46,447 [INFO]   Citation batch 85/279...
2026-07-15 15:21:57,283 [INFO]   Citation batch 86/279...
2026-07-15 15:22:08,042 [INFO]   Citation batch 87/279...
2026-07-15 15:22:17,839 [INFO]   Citation batch 88/279...
2026-07-15 15:22:29,370 [INFO]   Citation batch 89/279...
2026-07-15 15:22:40,248 [INFO]   Citation batch 90/279...
2026-07-15 15:22:51,199 [INFO]   Citation batch 91/279...
2026-07-15 15:23:01,245 [INFO]   Citation batch 92/279...
2026-07-15 15:23:10,944 [INFO]   Citation batch 93/279...
2026-07-15 15:23:19,435 [INFO]   Citation batch 94/279...
2026-07-15 15:23:32,083 [INFO]   Citation batch 95/279...
2026-07-15 15:23:42,526 [INFO]   Citation batch 96/279...
2026-07-15 15:23:52,072 [INFO]   Citation batch 97/279...
2026-07-15 15:24:01,245 [INFO]   Citation batch 98/279...
2026-07-15 15:24:13,195 [INFO]   Citation batch 99/279...
2026-07-15 15:24:23,469 [INFO]   Citation batch 100/279...
2026-07-15 15:24:33,415 [INFO]   Citation batch 101/279...
2026-07-15 15:24:43,536 [INFO]   Citation batch 102/279...
2026-07-15 15:24:55,089 [INFO]   Citation batch 103/279...
2026-07-15 15:25:05,583 [INFO]   Citation batch 104/279...
2026-07-15 15:25:15,953 [INFO]   Citation batch 105/279...
2026-07-15 15:25:26,638 [INFO]   Citation batch 106/279...
2026-07-15 15:25:36,626 [INFO]   Citation batch 107/279...
2026-07-15 15:25:47,393 [INFO]   Citation batch 108/279...
2026-07-15 15:25:57,404 [INFO]   Citation batch 109/279...
2026-07-15 15:26:06,320 [INFO]   Citation batch 110/279...
2026-07-15 15:26:18,280 [INFO]   Citation batch 111/279...
2026-07-15 15:26:28,779 [INFO]   Citation batch 112/279...
2026-07-15 15:26:38,258 [INFO]   Citation batch 113/279...
2026-07-15 15:26:49,330 [INFO]   Citation batch 114/279...
2026-07-15 15:26:58,195 [INFO]   Citation batch 115/279...
2026-07-15 15:27:07,399 [INFO]   Citation batch 116/279...
2026-07-15 15:27:16,375 [INFO]   Citation batch 117/279...
2026-07-15 15:27:25,333 [INFO]   Citation batch 118/279...
2026-07-15 15:27:35,511 [INFO]   Citation batch 119/279...
2026-07-15 15:27:46,163 [INFO]   Citation batch 120/279...
2026-07-15 15:27:57,034 [INFO]   Citation batch 121/279...
2026-07-15 15:28:06,439 [INFO]   Citation batch 122/279...
2026-07-15 15:28:18,453 [INFO]   Citation batch 123/279...
2026-07-15 15:28:29,090 [INFO]   Citation batch 124/279...
2026-07-15 15:28:39,801 [INFO]   Citation batch 125/279...
2026-07-15 15:28:48,826 [INFO]   Citation batch 126/279...
2026-07-15 15:28:59,582 [INFO]   Citation batch 127/279...
2026-07-15 15:29:09,477 [INFO]   Citation batch 128/279...
2026-07-15 15:29:18,644 [INFO]   Citation batch 129/279...
2026-07-15 15:29:29,438 [INFO]   Citation batch 130/279...
2026-07-15 15:29:40,057 [INFO]   Citation batch 131/279...
2026-07-15 15:29:51,774 [INFO]   Citation batch 132/279...
2026-07-15 15:30:02,240 [INFO]   Citation batch 133/279...
2026-07-15 15:30:12,188 [INFO]   Citation batch 134/279...
2026-07-15 15:30:22,662 [INFO]   Citation batch 135/279...
2026-07-15 15:30:33,165 [INFO]   Citation batch 136/279...
2026-07-15 15:30:43,352 [INFO]   Citation batch 137/279...
2026-07-15 15:30:54,884 [INFO]   Citation batch 138/279...
2026-07-15 15:31:06,093 [INFO]   Citation batch 139/279...
2026-07-15 15:31:20,370 [INFO]   Citation batch 140/279...
2026-07-15 15:31:30,066 [INFO]   Citation batch 141/279...
2026-07-15 15:31:42,097 [INFO]   Citation batch 142/279...
2026-07-15 15:31:52,295 [INFO]   Citation batch 143/279...
2026-07-15 15:32:02,609 [INFO]   Citation batch 144/279...
2026-07-15 15:32:12,428 [INFO]   Citation batch 145/279...
2026-07-15 15:32:23,838 [INFO]   Citation batch 146/279...
2026-07-15 15:32:33,715 [INFO]   Citation batch 147/279...
2026-07-15 15:32:43,515 [INFO]   Citation batch 148/279...
2026-07-15 15:32:55,321 [INFO]   Citation batch 149/279...
2026-07-15 15:33:05,420 [INFO]   Citation batch 150/279...
2026-07-15 15:33:16,192 [INFO]   Citation batch 151/279...
2026-07-15 15:33:27,382 [INFO]   Citation batch 152/279...
2026-07-15 15:33:37,828 [INFO]   Citation batch 153/279...
2026-07-15 15:33:48,994 [INFO]   Citation batch 154/279...
2026-07-15 15:34:00,135 [INFO]   Citation batch 155/279...
2026-07-15 15:34:09,422 [INFO]   Citation batch 156/279...
2026-07-15 15:34:18,200 [INFO]   Citation batch 157/279...
2026-07-15 15:34:28,634 [INFO]   Citation batch 158/279...
2026-07-15 15:34:38,237 [INFO]   Citation batch 159/279...
2026-07-15 15:34:48,162 [INFO]   Citation batch 160/279...
2026-07-15 15:34:59,039 [INFO]   Citation batch 161/279...
2026-07-15 15:35:09,623 [INFO]   Citation batch 162/279...
2026-07-15 15:35:18,582 [INFO]   Citation batch 163/279...
2026-07-15 15:35:29,044 [INFO]   Citation batch 164/279...
2026-07-15 15:35:38,239 [INFO]   Citation batch 165/279...
2026-07-15 15:35:48,659 [INFO]   Citation batch 166/279...
2026-07-15 15:35:59,796 [INFO]   Citation batch 167/279...
2026-07-15 15:36:11,134 [INFO]   Citation batch 168/279...
2026-07-15 15:36:22,799 [INFO]   Citation batch 169/279...
2026-07-15 15:36:33,590 [INFO]   Citation batch 170/279...
2026-07-15 15:36:42,662 [INFO]   Citation batch 171/279...
2026-07-15 15:36:52,033 [INFO]   Citation batch 172/279...
2026-07-15 15:37:03,806 [INFO]   Citation batch 173/279...
2026-07-15 15:37:13,299 [INFO]   Citation batch 174/279...
2026-07-15 15:37:22,565 [INFO]   Citation batch 175/279...
2026-07-15 15:37:33,037 [INFO]   Citation batch 176/279...
2026-07-15 15:37:43,178 [INFO]   Citation batch 177/279...
2026-07-15 15:37:54,482 [INFO]   Citation batch 178/279...
2026-07-15 15:38:06,956 [INFO]   Citation batch 179/279...
2026-07-15 15:38:17,353 [INFO]   Citation batch 180/279...
2026-07-15 15:38:26,564 [INFO]   Citation batch 181/279...
2026-07-15 15:38:38,433 [INFO]   Citation batch 182/279...
2026-07-15 15:38:50,434 [INFO]   Citation batch 183/279...
2026-07-15 15:39:01,958 [INFO]   Citation batch 184/279...
2026-07-15 15:39:13,499 [INFO]   Citation batch 185/279...
2026-07-15 15:39:26,052 [INFO]   Citation batch 186/279...
2026-07-15 15:39:35,900 [INFO]   Citation batch 187/279...
2026-07-15 15:39:46,282 [INFO]   Citation batch 188/279...
2026-07-15 15:39:56,428 [INFO]   Citation batch 189/279...
2026-07-15 15:40:07,351 [INFO]   Citation batch 190/279...
2026-07-15 15:40:20,194 [INFO]   Citation batch 191/279...
2026-07-15 15:40:29,981 [INFO]   Citation batch 192/279...
2026-07-15 15:40:40,675 [INFO]   Citation batch 193/279...
2026-07-15 15:40:51,186 [INFO]   Citation batch 194/279...
2026-07-15 15:41:01,611 [INFO]   Citation batch 195/279...
2026-07-15 15:41:11,404 [INFO]   Citation batch 196/279...
2026-07-15 15:41:22,007 [INFO]   Citation batch 197/279...
2026-07-15 15:41:33,360 [INFO]   Citation batch 198/279...
2026-07-15 15:41:44,601 [INFO]   Citation batch 199/279...
2026-07-15 15:41:54,522 [INFO]   Citation batch 200/279...
2026-07-15 15:42:05,113 [INFO]   Citation batch 201/279...
2026-07-15 15:42:14,358 [INFO]   Citation batch 202/279...
2026-07-15 15:42:22,809 [INFO]   Citation batch 203/279...
2026-07-15 15:42:33,183 [INFO]   Citation batch 204/279...
2026-07-15 15:42:43,291 [INFO]   Citation batch 205/279...
2026-07-15 15:42:53,212 [INFO]   Citation batch 206/279...
2026-07-15 15:43:04,460 [INFO]   Citation batch 207/279...
2026-07-15 15:43:14,885 [INFO]   Citation batch 208/279...
2026-07-15 15:43:26,427 [INFO]   Citation batch 209/279...
2026-07-15 15:43:35,653 [INFO]   Citation batch 210/279...
2026-07-15 15:43:44,463 [INFO]   Citation batch 211/279...
2026-07-15 15:43:54,080 [INFO]   Citation batch 212/279...
2026-07-15 15:44:03,421 [INFO]   Citation batch 213/279...
2026-07-15 15:44:12,597 [INFO]   Citation batch 214/279...
2026-07-15 15:44:21,804 [INFO]   Citation batch 215/279...
2026-07-15 15:44:31,686 [INFO]   Citation batch 216/279...
2026-07-15 15:44:41,788 [INFO]   Citation batch 217/279...
2026-07-15 15:44:51,115 [INFO]   Citation batch 218/279...
2026-07-15 15:45:01,311 [INFO]   Citation batch 219/279...
2026-07-15 15:45:12,408 [INFO]   Citation batch 220/279...
2026-07-15 15:45:22,779 [INFO]   Citation batch 221/279...
2026-07-15 15:45:34,655 [INFO]   Citation batch 222/279...
2026-07-15 15:45:45,365 [INFO]   Citation batch 223/279...
2026-07-15 15:45:56,533 [INFO]   Citation batch 224/279...
2026-07-15 15:46:07,037 [INFO]   Citation batch 225/279...
2026-07-15 15:46:18,620 [INFO]   Citation batch 226/279...
2026-07-15 15:46:30,870 [INFO]   Citation batch 227/279...
2026-07-15 15:46:42,182 [INFO]   Citation batch 228/279...
2026-07-15 15:46:51,870 [INFO]   Citation batch 229/279...
2026-07-15 15:47:03,434 [INFO]   Citation batch 230/279...
2026-07-15 15:47:13,715 [INFO]   Citation batch 231/279...
2026-07-15 15:47:24,237 [INFO]   Citation batch 232/279...
2026-07-15 15:47:35,350 [INFO]   Citation batch 233/279...
2026-07-15 15:47:45,618 [INFO]   Citation batch 234/279...
2026-07-15 15:47:56,573 [INFO]   Citation batch 235/279...
2026-07-15 15:48:08,233 [INFO]   Citation batch 236/279...
2026-07-15 15:48:18,219 [INFO]   Citation batch 237/279...
2026-07-15 15:48:27,857 [INFO]   Citation batch 238/279...
2026-07-15 15:48:38,261 [INFO]   Citation batch 239/279...
2026-07-15 15:48:48,007 [INFO]   Citation batch 240/279...
2026-07-15 15:48:58,872 [INFO]   Citation batch 241/279...
2026-07-15 15:49:09,886 [INFO]   Citation batch 242/279...
2026-07-15 15:49:20,177 [INFO]   Citation batch 243/279...
2026-07-15 15:49:28,966 [INFO]   Citation batch 244/279...
2026-07-15 15:49:38,558 [INFO]   Citation batch 245/279...
2026-07-15 15:49:47,358 [INFO]   Citation batch 246/279...
2026-07-15 15:49:57,791 [INFO]   Citation batch 247/279...
2026-07-15 15:50:08,470 [INFO]   Citation batch 248/279...
2026-07-15 15:50:19,420 [INFO]   Citation batch 249/279...
2026-07-15 15:50:31,521 [INFO]   Citation batch 250/279...
2026-07-15 15:50:42,702 [INFO]   Citation batch 251/279...
2026-07-15 15:50:55,285 [INFO]   Citation batch 252/279...
2026-07-15 15:51:05,928 [INFO]   Citation batch 253/279...
2026-07-15 15:51:16,430 [INFO]   Citation batch 254/279...
2026-07-15 15:51:28,085 [INFO]   Citation batch 255/279...
2026-07-15 15:51:37,767 [INFO]   Citation batch 256/279...
2026-07-15 15:51:47,245 [INFO]   Citation batch 257/279...
2026-07-15 15:51:57,457 [INFO]   Citation batch 258/279...
2026-07-15 15:52:08,437 [INFO]   Citation batch 259/279...
2026-07-15 15:52:18,941 [INFO]   Citation batch 260/279...
2026-07-15 15:52:30,528 [INFO]   Citation batch 261/279...
2026-07-15 15:52:40,559 [INFO]   Citation batch 262/279...
2026-07-15 15:52:51,394 [INFO]   Citation batch 263/279...
2026-07-15 15:53:01,780 [INFO]   Citation batch 264/279...
2026-07-15 15:53:13,040 [INFO]   Citation batch 265/279...
2026-07-15 15:53:22,790 [INFO]   Citation batch 266/279...
2026-07-15 15:53:34,515 [INFO]   Citation batch 267/279...
2026-07-15 15:53:46,333 [INFO]   Citation batch 268/279...
2026-07-15 15:53:57,324 [INFO]   Citation batch 269/279...
2026-07-15 15:54:09,002 [INFO]   Citation batch 270/279...
2026-07-15 15:54:22,732 [INFO]   Citation batch 271/279...
2026-07-15 15:54:32,318 [INFO]   Citation batch 272/279...
2026-07-15 15:54:43,044 [INFO]   Citation batch 273/279...
2026-07-15 15:54:54,243 [INFO]   Citation batch 274/279...
2026-07-15 15:55:04,518 [INFO]   Citation batch 275/279...
2026-07-15 15:55:14,606 [INFO]   Citation batch 276/279...
2026-07-15 15:55:25,421 [INFO]   Citation batch 277/279...
2026-07-15 15:55:36,811 [INFO]   Citation batch 278/279...
2026-07-15 15:55:46,655 [INFO]   Citation batch 279/279...
2026-07-15 15:57:18,705 [INFO]   108,102,966 edges, 10,648,313 nodes
2026-07-15 15:57:19,472 [INFO] Fetching metadata for 10,648,313 nodes...
2026-07-15 15:57:19,794 [INFO]   Metadata batch 1/533...
2026-07-15 15:57:25,225 [INFO]   Metadata batch 2/533...
2026-07-15 15:57:31,441 [INFO]   Metadata batch 3/533...
2026-07-15 15:57:36,505 [INFO]   Metadata batch 4/533...
2026-07-15 15:57:41,938 [INFO]   Metadata batch 5/533...
2026-07-15 15:57:48,044 [INFO]   Metadata batch 6/533...
2026-07-15 15:57:53,573 [INFO]   Metadata batch 7/533...
2026-07-15 15:57:58,702 [INFO]   Metadata batch 8/533...
2026-07-15 15:58:03,569 [INFO]   Metadata batch 9/533...
2026-07-15 15:58:08,793 [INFO]   Metadata batch 10/533...
2026-07-15 15:58:14,091 [INFO]   Metadata batch 11/533...
2026-07-15 15:58:18,896 [INFO]   Metadata batch 12/533...
2026-07-15 15:58:24,208 [INFO]   Metadata batch 13/533...
2026-07-15 15:58:29,870 [INFO]   Metadata batch 14/533...
2026-07-15 15:58:35,091 [INFO]   Metadata batch 15/533...
2026-07-15 15:58:40,432 [INFO]   Metadata batch 16/533...
2026-07-15 15:58:45,897 [INFO]   Metadata batch 17/533...
2026-07-15 15:58:51,623 [INFO]   Metadata batch 18/533...
2026-07-15 15:58:57,174 [INFO]   Metadata batch 19/533...
2026-07-15 15:59:02,160 [INFO]   Metadata batch 20/533...
2026-07-15 15:59:07,068 [INFO]   Metadata batch 21/533...
2026-07-15 15:59:12,246 [INFO]   Metadata batch 22/533...
2026-07-15 15:59:17,548 [INFO]   Metadata batch 23/533...
2026-07-15 15:59:22,891 [INFO]   Metadata batch 24/533...
2026-07-15 15:59:28,280 [INFO]   Metadata batch 25/533...
2026-07-15 15:59:33,305 [INFO]   Metadata batch 26/533...
2026-07-15 15:59:38,906 [INFO]   Metadata batch 27/533...
2026-07-15 15:59:44,482 [INFO]   Metadata batch 28/533...
2026-07-15 15:59:49,648 [INFO]   Metadata batch 29/533...
2026-07-15 15:59:55,217 [INFO]   Metadata batch 30/533...
2026-07-15 16:00:00,583 [INFO]   Metadata batch 31/533...
2026-07-15 16:00:07,440 [INFO]   Metadata batch 32/533...
2026-07-15 16:00:13,691 [INFO]   Metadata batch 33/533...
2026-07-15 16:00:20,092 [INFO]   Metadata batch 34/533...
2026-07-15 16:00:25,539 [INFO]   Metadata batch 35/533...
2026-07-15 16:00:31,064 [INFO]   Metadata batch 36/533...
2026-07-15 16:00:37,212 [INFO]   Metadata batch 37/533...
2026-07-15 16:00:42,787 [INFO]   Metadata batch 38/533...
2026-07-15 16:00:50,124 [INFO]   Metadata batch 39/533...
2026-07-15 16:00:55,470 [INFO]   Metadata batch 40/533...
2026-07-15 16:01:01,763 [INFO]   Metadata batch 41/533...
2026-07-15 16:01:07,783 [INFO]   Metadata batch 42/533...
2026-07-15 16:01:14,470 [INFO]   Metadata batch 43/533...
2026-07-15 16:01:20,804 [INFO]   Metadata batch 44/533...
2026-07-15 16:01:27,344 [INFO]   Metadata batch 45/533...
2026-07-15 16:01:33,479 [INFO]   Metadata batch 46/533...
2026-07-15 16:01:40,048 [INFO]   Metadata batch 47/533...
2026-07-15 16:01:48,716 [INFO]   Metadata batch 48/533...
2026-07-15 16:01:59,534 [INFO]   Metadata batch 49/533...
2026-07-15 16:02:06,465 [INFO]   Metadata batch 50/533...
2026-07-15 16:02:13,694 [INFO]   Metadata batch 51/533...
2026-07-15 16:02:20,632 [INFO]   Metadata batch 52/533...
2026-07-15 16:02:28,532 [INFO]   Metadata batch 53/533...
2026-07-15 16:02:35,647 [INFO]   Metadata batch 54/533...
2026-07-15 16:02:42,156 [INFO]   Metadata batch 55/533...
2026-07-15 16:02:48,199 [INFO]   Metadata batch 56/533...
2026-07-15 16:02:54,647 [INFO]   Metadata batch 57/533...
2026-07-15 16:03:00,185 [INFO]   Metadata batch 58/533...
2026-07-15 16:03:06,008 [INFO]   Metadata batch 59/533...
2026-07-15 16:03:12,572 [INFO]   Metadata batch 60/533...
2026-07-15 16:03:19,056 [INFO]   Metadata batch 61/533...
2026-07-15 16:03:24,605 [INFO]   Metadata batch 62/533...
2026-07-15 16:03:30,429 [INFO]   Metadata batch 63/533...
2026-07-15 16:03:36,224 [INFO]   Metadata batch 64/533...
2026-07-15 16:03:42,145 [INFO]   Metadata batch 65/533...
2026-07-15 16:03:47,067 [INFO]   Metadata batch 66/533...
2026-07-15 16:03:52,863 [INFO]   Metadata batch 67/533...
2026-07-15 16:03:58,400 [INFO]   Metadata batch 68/533...
2026-07-15 16:04:03,604 [INFO]   Metadata batch 69/533...
2026-07-15 16:04:08,985 [INFO]   Metadata batch 70/533...
2026-07-15 16:04:14,777 [INFO]   Metadata batch 71/533...
2026-07-15 16:04:20,342 [INFO]   Metadata batch 72/533...
2026-07-15 16:04:26,292 [INFO]   Metadata batch 73/533...
2026-07-15 16:04:31,734 [INFO]   Metadata batch 74/533...
2026-07-15 16:04:36,796 [INFO]   Metadata batch 75/533...
2026-07-15 16:04:42,215 [INFO]   Metadata batch 76/533...
2026-07-15 16:04:47,715 [INFO]   Metadata batch 77/533...
2026-07-15 16:04:53,317 [INFO]   Metadata batch 78/533...
2026-07-15 16:04:58,510 [INFO]   Metadata batch 79/533...
2026-07-15 16:05:03,872 [INFO]   Metadata batch 80/533...
2026-07-15 16:05:09,501 [INFO]   Metadata batch 81/533...
2026-07-15 16:05:14,597 [INFO]   Metadata batch 82/533...
2026-07-15 16:05:20,413 [INFO]   Metadata batch 83/533...
2026-07-15 16:05:26,665 [INFO]   Metadata batch 84/533...
2026-07-15 16:05:31,605 [INFO]   Metadata batch 85/533...
2026-07-15 16:05:37,479 [INFO]   Metadata batch 86/533...
2026-07-15 16:05:43,306 [INFO]   Metadata batch 87/533...
2026-07-15 16:05:48,406 [INFO]   Metadata batch 88/533...
2026-07-15 16:05:54,169 [INFO]   Metadata batch 89/533...
2026-07-15 16:05:59,801 [INFO]   Metadata batch 90/533...
2026-07-15 16:06:05,142 [INFO]   Metadata batch 91/533...
2026-07-15 16:06:11,815 [INFO]   Metadata batch 92/533...
2026-07-15 16:06:17,525 [INFO]   Metadata batch 93/533...
2026-07-15 16:06:24,443 [INFO]   Metadata batch 94/533...
2026-07-15 16:06:29,753 [INFO]   Metadata batch 95/533...
2026-07-15 16:06:34,889 [INFO]   Metadata batch 96/533...
2026-07-15 16:06:40,002 [INFO]   Metadata batch 97/533...
2026-07-15 16:06:45,627 [INFO]   Metadata batch 98/533...
2026-07-15 16:06:51,530 [INFO]   Metadata batch 99/533...
2026-07-15 16:06:56,339 [INFO]   Metadata batch 100/533...
2026-07-15 16:07:01,339 [INFO]   Metadata batch 101/533...
2026-07-15 16:07:06,506 [INFO]   Metadata batch 102/533...
2026-07-15 16:07:11,852 [INFO]   Metadata batch 103/533...
2026-07-15 16:07:17,057 [INFO]   Metadata batch 104/533...
2026-07-15 16:07:22,066 [INFO]   Metadata batch 105/533...
2026-07-15 16:07:28,665 [INFO]   Metadata batch 106/533...
2026-07-15 16:07:34,180 [INFO]   Metadata batch 107/533...
2026-07-15 16:07:39,066 [INFO]   Metadata batch 108/533...
2026-07-15 16:07:43,960 [INFO]   Metadata batch 109/533...
2026-07-15 16:07:48,954 [INFO]   Metadata batch 110/533...
2026-07-15 16:07:54,394 [INFO]   Metadata batch 111/533...
2026-07-15 16:07:59,683 [INFO]   Metadata batch 112/533...
2026-07-15 16:08:05,045 [INFO]   Metadata batch 113/533...
2026-07-15 16:08:10,147 [INFO]   Metadata batch 114/533...
2026-07-15 16:08:15,719 [INFO]   Metadata batch 115/533...
2026-07-15 16:08:21,076 [INFO]   Metadata batch 116/533...
2026-07-15 16:08:26,756 [INFO]   Metadata batch 117/533...
2026-07-15 16:08:32,427 [INFO]   Metadata batch 118/533...
2026-07-15 16:08:38,066 [INFO]   Metadata batch 119/533...
2026-07-15 16:08:43,883 [INFO]   Metadata batch 120/533...
2026-07-15 16:08:49,676 [INFO]   Metadata batch 121/533...
2026-07-15 16:08:55,528 [INFO]   Metadata batch 122/533...
2026-07-15 16:09:00,728 [INFO]   Metadata batch 123/533...
2026-07-15 16:09:05,973 [INFO]   Metadata batch 124/533...
2026-07-15 16:09:11,789 [INFO]   Metadata batch 125/533...
2026-07-15 16:09:17,596 [INFO]   Metadata batch 126/533...
2026-07-15 16:09:23,132 [INFO]   Metadata batch 127/533...
2026-07-15 16:09:28,386 [INFO]   Metadata batch 128/533...
2026-07-15 16:09:33,741 [INFO]   Metadata batch 129/533...
2026-07-15 16:09:39,158 [INFO]   Metadata batch 130/533...
2026-07-15 16:09:44,612 [INFO]   Metadata batch 131/533...
2026-07-15 16:09:50,081 [INFO]   Metadata batch 132/533...
2026-07-15 16:09:55,150 [INFO]   Metadata batch 133/533...
2026-07-15 16:10:01,148 [INFO]   Metadata batch 134/533...
2026-07-15 16:10:07,125 [INFO]   Metadata batch 135/533...
2026-07-15 16:10:12,825 [INFO]   Metadata batch 136/533...
2026-07-15 16:10:18,518 [INFO]   Metadata batch 137/533...
2026-07-15 16:10:24,629 [INFO]   Metadata batch 138/533...
2026-07-15 16:10:30,142 [INFO]   Metadata batch 139/533...
2026-07-15 16:10:35,635 [INFO]   Metadata batch 140/533...
2026-07-15 16:10:41,610 [INFO]   Metadata batch 141/533...
2026-07-15 16:10:46,640 [INFO]   Metadata batch 142/533...
2026-07-15 16:10:51,953 [INFO]   Metadata batch 143/533...
2026-07-15 16:10:56,969 [INFO]   Metadata batch 144/533...
2026-07-15 16:11:01,831 [INFO]   Metadata batch 145/533...
2026-07-15 16:11:06,936 [INFO]   Metadata batch 146/533...
2026-07-15 16:11:12,686 [INFO]   Metadata batch 147/533...
2026-07-15 16:11:17,759 [INFO]   Metadata batch 148/533...
2026-07-15 16:11:23,160 [INFO]   Metadata batch 149/533...
2026-07-15 16:11:28,171 [INFO]   Metadata batch 150/533...
2026-07-15 16:11:35,402 [INFO]   Metadata batch 151/533...
2026-07-15 16:11:41,204 [INFO]   Metadata batch 152/533...
2026-07-15 16:11:46,340 [INFO]   Metadata batch 153/533...
2026-07-15 16:11:51,718 [INFO]   Metadata batch 154/533...
2026-07-15 16:11:56,387 [INFO]   Metadata batch 155/533...
2026-07-15 16:12:01,208 [INFO]   Metadata batch 156/533...
2026-07-15 16:12:06,330 [INFO]   Metadata batch 157/533...
2026-07-15 16:12:11,457 [INFO]   Metadata batch 158/533...
2026-07-15 16:12:16,455 [INFO]   Metadata batch 159/533...
2026-07-15 16:12:21,661 [INFO]   Metadata batch 160/533...
2026-07-15 16:12:26,976 [INFO]   Metadata batch 161/533...
2026-07-15 16:12:32,719 [INFO]   Metadata batch 162/533...
2026-07-15 16:12:38,440 [INFO]   Metadata batch 163/533...
2026-07-15 16:12:45,351 [INFO]   Metadata batch 164/533...
2026-07-15 16:12:51,575 [INFO]   Metadata batch 165/533...
2026-07-15 16:12:56,599 [INFO]   Metadata batch 166/533...
2026-07-15 16:13:01,895 [INFO]   Metadata batch 167/533...
2026-07-15 16:13:07,693 [INFO]   Metadata batch 168/533...
2026-07-15 16:13:13,377 [INFO]   Metadata batch 169/533...
2026-07-15 16:13:18,515 [INFO]   Metadata batch 170/533...
2026-07-15 16:13:23,930 [INFO]   Metadata batch 171/533...
2026-07-15 16:13:29,034 [INFO]   Metadata batch 172/533...
2026-07-15 16:13:34,260 [INFO]   Metadata batch 173/533...
2026-07-15 16:13:39,310 [INFO]   Metadata batch 174/533...
2026-07-15 16:13:44,469 [INFO]   Metadata batch 175/533...
2026-07-15 16:13:49,514 [INFO]   Metadata batch 176/533...
2026-07-15 16:13:54,736 [INFO]   Metadata batch 177/533...
2026-07-15 16:13:59,918 [INFO]   Metadata batch 178/533...
2026-07-15 16:14:05,081 [INFO]   Metadata batch 179/533...
2026-07-15 16:14:10,799 [INFO]   Metadata batch 180/533...
2026-07-15 16:14:15,829 [INFO]   Metadata batch 181/533...
2026-07-15 16:14:21,920 [INFO]   Metadata batch 182/533...
2026-07-15 16:14:26,654 [INFO]   Metadata batch 183/533...
2026-07-15 16:14:31,945 [INFO]   Metadata batch 184/533...
2026-07-15 16:14:37,316 [INFO]   Metadata batch 185/533...
2026-07-15 16:14:42,647 [INFO]   Metadata batch 186/533...
2026-07-15 16:14:47,648 [INFO]   Metadata batch 187/533...
2026-07-15 16:14:52,745 [INFO]   Metadata batch 188/533...
2026-07-15 16:14:58,474 [INFO]   Metadata batch 189/533...
2026-07-15 16:15:03,369 [INFO]   Metadata batch 190/533...
2026-07-15 16:15:09,144 [INFO]   Metadata batch 191/533...
2026-07-15 16:15:14,678 [INFO]   Metadata batch 192/533...
2026-07-15 16:15:19,991 [INFO]   Metadata batch 193/533...
2026-07-15 16:15:25,402 [INFO]   Metadata batch 194/533...
2026-07-15 16:15:30,496 [INFO]   Metadata batch 195/533...
2026-07-15 16:15:35,770 [INFO]   Metadata batch 196/533...
2026-07-15 16:15:42,116 [INFO]   Metadata batch 197/533...
2026-07-15 16:15:47,505 [INFO]   Metadata batch 198/533...
2026-07-15 16:15:53,058 [INFO]   Metadata batch 199/533...
2026-07-15 16:15:58,133 [INFO]   Metadata batch 200/533...
2026-07-15 16:16:03,734 [INFO]   Metadata batch 201/533...
2026-07-15 16:16:09,057 [INFO]   Metadata batch 202/533...
2026-07-15 16:16:14,518 [INFO]   Metadata batch 203/533...
2026-07-15 16:16:20,135 [INFO]   Metadata batch 204/533...
2026-07-15 16:16:24,951 [INFO]   Metadata batch 205/533...
2026-07-15 16:16:30,093 [INFO]   Metadata batch 206/533...
2026-07-15 16:16:35,235 [INFO]   Metadata batch 207/533...
2026-07-15 16:16:40,696 [INFO]   Metadata batch 208/533...
2026-07-15 16:16:46,075 [INFO]   Metadata batch 209/533...
2026-07-15 16:16:53,233 [INFO]   Metadata batch 210/533...
2026-07-15 16:16:58,968 [INFO]   Metadata batch 211/533...
2026-07-15 16:17:03,749 [INFO]   Metadata batch 212/533...
2026-07-15 16:17:08,887 [INFO]   Metadata batch 213/533...
2026-07-15 16:17:14,300 [INFO]   Metadata batch 214/533...
2026-07-15 16:17:19,566 [INFO]   Metadata batch 215/533...
2026-07-15 16:17:24,821 [INFO]   Metadata batch 216/533...
2026-07-15 16:17:30,178 [INFO]   Metadata batch 217/533...
2026-07-15 16:17:34,991 [INFO]   Metadata batch 218/533...
2026-07-15 16:17:40,334 [INFO]   Metadata batch 219/533...
2026-07-15 16:17:45,889 [INFO]   Metadata batch 220/533...
2026-07-15 16:17:50,919 [INFO]   Metadata batch 221/533...
2026-07-15 16:17:56,445 [INFO]   Metadata batch 222/533...
2026-07-15 16:18:01,851 [INFO]   Metadata batch 223/533...
2026-07-15 16:18:07,419 [INFO]   Metadata batch 224/533...
2026-07-15 16:18:13,173 [INFO]   Metadata batch 225/533...
2026-07-15 16:18:18,908 [INFO]   Metadata batch 226/533...
2026-07-15 16:18:23,698 [INFO]   Metadata batch 227/533...
2026-07-15 16:18:28,586 [INFO]   Metadata batch 228/533...
2026-07-15 16:18:33,589 [INFO]   Metadata batch 229/533...
2026-07-15 16:18:39,321 [INFO]   Metadata batch 230/533...
2026-07-15 16:18:44,436 [INFO]   Metadata batch 231/533...
2026-07-15 16:18:49,060 [INFO]   Metadata batch 232/533...
2026-07-15 16:18:53,880 [INFO]   Metadata batch 233/533...
2026-07-15 16:18:58,959 [INFO]   Metadata batch 234/533...
2026-07-15 16:19:04,388 [INFO]   Metadata batch 235/533...
2026-07-15 16:19:10,160 [INFO]   Metadata batch 236/533...
2026-07-15 16:19:15,658 [INFO]   Metadata batch 237/533...
2026-07-15 16:19:20,084 [INFO]   Metadata batch 238/533...
2026-07-15 16:19:25,658 [INFO]   Metadata batch 239/533...
2026-07-15 16:19:30,448 [INFO]   Metadata batch 240/533...
2026-07-15 16:19:36,069 [INFO]   Metadata batch 241/533...
2026-07-15 16:19:41,108 [INFO]   Metadata batch 242/533...
2026-07-15 16:19:46,310 [INFO]   Metadata batch 243/533...
2026-07-15 16:19:51,861 [INFO]   Metadata batch 244/533...
2026-07-15 16:19:57,208 [INFO]   Metadata batch 245/533...
2026-07-15 16:20:01,953 [INFO]   Metadata batch 246/533...
2026-07-15 16:20:07,065 [INFO]   Metadata batch 247/533...
2026-07-15 16:20:12,213 [INFO]   Metadata batch 248/533...
2026-07-15 16:20:17,717 [INFO]   Metadata batch 249/533...
2026-07-15 16:20:22,967 [INFO]   Metadata batch 250/533...
2026-07-15 16:20:29,414 [INFO]   Metadata batch 251/533...
2026-07-15 16:20:34,880 [INFO]   Metadata batch 252/533...
2026-07-15 16:20:40,801 [INFO]   Metadata batch 253/533...
2026-07-15 16:20:46,664 [INFO]   Metadata batch 254/533...
2026-07-15 16:20:51,709 [INFO]   Metadata batch 255/533...
2026-07-15 16:20:57,326 [INFO]   Metadata batch 256/533...
2026-07-15 16:21:04,710 [INFO]   Metadata batch 257/533...
2026-07-15 16:21:10,269 [INFO]   Metadata batch 258/533...
2026-07-15 16:21:15,855 [INFO]   Metadata batch 259/533...
2026-07-15 16:21:20,445 [INFO]   Metadata batch 260/533...
2026-07-15 16:21:25,918 [INFO]   Metadata batch 261/533...
2026-07-15 16:21:31,327 [INFO]   Metadata batch 262/533...
2026-07-15 16:21:37,086 [INFO]   Metadata batch 263/533...
2026-07-15 16:21:42,869 [INFO]   Metadata batch 264/533...
2026-07-15 16:21:48,656 [INFO]   Metadata batch 265/533...
2026-07-15 16:21:54,549 [INFO]   Metadata batch 266/533...
2026-07-15 16:22:01,293 [INFO]   Metadata batch 267/533...
2026-07-15 16:22:06,826 [INFO]   Metadata batch 268/533...
2026-07-15 16:22:12,595 [INFO]   Metadata batch 269/533...
2026-07-15 16:22:17,975 [INFO]   Metadata batch 270/533...
2026-07-15 16:22:23,014 [INFO]   Metadata batch 271/533...
2026-07-15 16:22:28,107 [INFO]   Metadata batch 272/533...
2026-07-15 16:22:33,374 [INFO]   Metadata batch 273/533...
2026-07-15 16:22:38,415 [INFO]   Metadata batch 274/533...
2026-07-15 16:22:49,406 [INFO]   Metadata batch 275/533...
2026-07-15 16:22:54,709 [INFO]   Metadata batch 276/533...
2026-07-15 16:22:59,309 [INFO]   Metadata batch 277/533...
2026-07-15 16:23:04,118 [INFO]   Metadata batch 278/533...
2026-07-15 16:23:09,291 [INFO]   Metadata batch 279/533...
2026-07-15 16:23:14,465 [INFO]   Metadata batch 280/533...
2026-07-15 16:23:19,436 [INFO]   Metadata batch 281/533...
2026-07-15 16:23:24,470 [INFO]   Metadata batch 282/533...
2026-07-15 16:23:29,528 [INFO]   Metadata batch 283/533...
2026-07-15 16:23:36,122 [INFO]   Metadata batch 284/533...
2026-07-15 16:23:41,925 [INFO]   Metadata batch 285/533...
2026-07-15 16:23:47,567 [INFO]   Metadata batch 286/533...
2026-07-15 16:23:52,574 [INFO]   Metadata batch 287/533...
2026-07-15 16:23:58,058 [INFO]   Metadata batch 288/533...
2026-07-15 16:24:03,005 [INFO]   Metadata batch 289/533...
2026-07-15 16:24:08,412 [INFO]   Metadata batch 290/533...
2026-07-15 16:24:13,733 [INFO]   Metadata batch 291/533...
2026-07-15 16:24:18,748 [INFO]   Metadata batch 292/533...
2026-07-15 16:24:24,217 [INFO]   Metadata batch 293/533...
2026-07-15 16:24:28,636 [INFO]   Metadata batch 294/533...
2026-07-15 16:24:36,981 [INFO]   Metadata batch 295/533...
2026-07-15 16:24:42,040 [INFO]   Metadata batch 296/533...
2026-07-15 16:24:46,872 [INFO]   Metadata batch 297/533...
2026-07-15 16:24:52,389 [INFO]   Metadata batch 298/533...
2026-07-15 16:24:57,389 [INFO]   Metadata batch 299/533...
2026-07-15 16:25:02,803 [INFO]   Metadata batch 300/533...
2026-07-15 16:25:08,038 [INFO]   Metadata batch 301/533...
2026-07-15 16:25:13,651 [INFO]   Metadata batch 302/533...
2026-07-15 16:25:19,147 [INFO]   Metadata batch 303/533...
2026-07-15 16:25:24,208 [INFO]   Metadata batch 304/533...
2026-07-15 16:25:29,149 [INFO]   Metadata batch 305/533...
2026-07-15 16:25:33,950 [INFO]   Metadata batch 306/533...
2026-07-15 16:25:43,098 [INFO]   Metadata batch 307/533...
2026-07-15 16:25:47,611 [INFO]   Metadata batch 308/533...
2026-07-15 16:25:52,333 [INFO]   Metadata batch 309/533...
2026-07-15 16:25:57,598 [INFO]   Metadata batch 310/533...
2026-07-15 16:26:05,358 [INFO]   Metadata batch 311/533...
2026-07-15 16:26:10,557 [INFO]   Metadata batch 312/533...
2026-07-15 16:26:15,852 [INFO]   Metadata batch 313/533...
2026-07-15 16:26:20,960 [INFO]   Metadata batch 314/533...
2026-07-15 16:26:26,154 [INFO]   Metadata batch 315/533...
2026-07-15 16:26:31,083 [INFO]   Metadata batch 316/533...
2026-07-15 16:26:36,701 [INFO]   Metadata batch 317/533...
2026-07-15 16:26:42,034 [INFO]   Metadata batch 318/533...
2026-07-15 16:26:47,136 [INFO]   Metadata batch 319/533...
2026-07-15 16:26:52,236 [INFO]   Metadata batch 320/533...
2026-07-15 16:26:57,349 [INFO]   Metadata batch 321/533...
2026-07-15 16:27:02,439 [INFO]   Metadata batch 322/533...
2026-07-15 16:27:07,853 [INFO]   Metadata batch 323/533...
2026-07-15 16:27:12,758 [INFO]   Metadata batch 324/533...
2026-07-15 16:27:18,106 [INFO]   Metadata batch 325/533...
2026-07-15 16:27:23,555 [INFO]   Metadata batch 326/533...
2026-07-15 16:27:28,494 [INFO]   Metadata batch 327/533...
2026-07-15 16:27:33,105 [INFO]   Metadata batch 328/533...
2026-07-15 16:27:38,535 [INFO]   Metadata batch 329/533...
2026-07-15 16:27:43,800 [INFO]   Metadata batch 330/533...
2026-07-15 16:27:48,780 [INFO]   Metadata batch 331/533...
2026-07-15 16:27:53,675 [INFO]   Metadata batch 332/533...
2026-07-15 16:27:58,191 [INFO]   Metadata batch 333/533...
2026-07-15 16:28:03,206 [INFO]   Metadata batch 334/533...
2026-07-15 16:28:07,877 [INFO]   Metadata batch 335/533...
2026-07-15 16:28:13,033 [INFO]   Metadata batch 336/533...
2026-07-15 16:28:17,847 [INFO]   Metadata batch 337/533...
2026-07-15 16:28:23,047 [INFO]   Metadata batch 338/533...
2026-07-15 16:28:28,367 [INFO]   Metadata batch 339/533...
2026-07-15 16:28:33,281 [INFO]   Metadata batch 340/533...
2026-07-15 16:28:38,083 [INFO]   Metadata batch 341/533...
2026-07-15 16:28:42,912 [INFO]   Metadata batch 342/533...
2026-07-15 16:28:48,746 [INFO]   Metadata batch 343/533...
2026-07-15 16:28:53,297 [INFO]   Metadata batch 344/533...
2026-07-15 16:28:58,088 [INFO]   Metadata batch 345/533...
2026-07-15 16:29:03,144 [INFO]   Metadata batch 346/533...
2026-07-15 16:29:07,783 [INFO]   Metadata batch 347/533...
2026-07-15 16:29:13,138 [INFO]   Metadata batch 348/533...
2026-07-15 16:29:18,737 [INFO]   Metadata batch 349/533...
2026-07-15 16:29:23,628 [INFO]   Metadata batch 350/533...
2026-07-15 16:29:28,624 [INFO]   Metadata batch 351/533...
2026-07-15 16:29:33,779 [INFO]   Metadata batch 352/533...
2026-07-15 16:29:38,503 [INFO]   Metadata batch 353/533...
2026-07-15 16:29:43,034 [INFO]   Metadata batch 354/533...
2026-07-15 16:29:48,117 [INFO]   Metadata batch 355/533...
2026-07-15 16:29:54,058 [INFO]   Metadata batch 356/533...
2026-07-15 16:29:59,502 [INFO]   Metadata batch 357/533...
2026-07-15 16:30:05,662 [INFO]   Metadata batch 358/533...
2026-07-15 16:30:11,180 [INFO]   Metadata batch 359/533...
2026-07-15 16:30:16,821 [INFO]   Metadata batch 360/533...
2026-07-15 16:30:22,596 [INFO]   Metadata batch 361/533...
2026-07-15 16:30:28,305 [INFO]   Metadata batch 362/533...
2026-07-15 16:30:33,954 [INFO]   Metadata batch 363/533...
2026-07-15 16:30:39,405 [INFO]   Metadata batch 364/533...
2026-07-15 16:30:44,585 [INFO]   Metadata batch 365/533...
2026-07-15 16:30:49,887 [INFO]   Metadata batch 366/533...
2026-07-15 16:30:55,280 [INFO]   Metadata batch 367/533...
2026-07-15 16:31:00,469 [INFO]   Metadata batch 368/533...
2026-07-15 16:31:05,798 [INFO]   Metadata batch 369/533...
2026-07-15 16:31:11,086 [INFO]   Metadata batch 370/533...
2026-07-15 16:31:16,141 [INFO]   Metadata batch 371/533...
2026-07-15 16:31:21,088 [INFO]   Metadata batch 372/533...
2026-07-15 16:31:26,280 [INFO]   Metadata batch 373/533...
2026-07-15 16:31:31,446 [INFO]   Metadata batch 374/533...
2026-07-15 16:31:36,614 [INFO]   Metadata batch 375/533...
2026-07-15 16:31:41,751 [INFO]   Metadata batch 376/533...
2026-07-15 16:31:46,063 [INFO]   Metadata batch 377/533...
2026-07-15 16:31:51,156 [INFO]   Metadata batch 378/533...
2026-07-15 16:31:55,923 [INFO]   Metadata batch 379/533...
2026-07-15 16:32:01,634 [INFO]   Metadata batch 380/533...
2026-07-15 16:32:07,156 [INFO]   Metadata batch 381/533...
2026-07-15 16:32:12,574 [INFO]   Metadata batch 382/533...
2026-07-15 16:32:19,169 [INFO]   Metadata batch 383/533...
2026-07-15 16:32:24,574 [INFO]   Metadata batch 384/533...
2026-07-15 16:32:29,511 [INFO]   Metadata batch 385/533...
2026-07-15 16:32:35,039 [INFO]   Metadata batch 386/533...
2026-07-15 16:32:40,302 [INFO]   Metadata batch 387/533...
2026-07-15 16:32:45,659 [INFO]   Metadata batch 388/533...
2026-07-15 16:32:50,494 [INFO]   Metadata batch 389/533...
2026-07-15 16:32:55,427 [INFO]   Metadata batch 390/533...
2026-07-15 16:33:00,224 [INFO]   Metadata batch 391/533...
2026-07-15 16:33:05,701 [INFO]   Metadata batch 392/533...
2026-07-15 16:33:10,819 [INFO]   Metadata batch 393/533...
2026-07-15 16:33:16,005 [INFO]   Metadata batch 394/533...
2026-07-15 16:33:20,189 [INFO]   Metadata batch 395/533...
2026-07-15 16:33:24,539 [INFO]   Metadata batch 396/533...
2026-07-15 16:33:29,643 [INFO]   Metadata batch 397/533...
2026-07-15 16:33:35,149 [INFO]   Metadata batch 398/533...
2026-07-15 16:33:39,881 [INFO]   Metadata batch 399/533...
2026-07-15 16:33:45,056 [INFO]   Metadata batch 400/533...
2026-07-15 16:33:50,149 [INFO]   Metadata batch 401/533...
2026-07-15 16:33:55,001 [INFO]   Metadata batch 402/533...
2026-07-15 16:34:00,040 [INFO]   Metadata batch 403/533...
2026-07-15 16:34:04,974 [INFO]   Metadata batch 404/533...
2026-07-15 16:34:09,717 [INFO]   Metadata batch 405/533...
2026-07-15 16:34:14,865 [INFO]   Metadata batch 406/533...
2026-07-15 16:34:20,424 [INFO]   Metadata batch 407/533...
2026-07-15 16:34:25,865 [INFO]   Metadata batch 408/533...
2026-07-15 16:34:31,305 [INFO]   Metadata batch 409/533...
2026-07-15 16:34:36,714 [INFO]   Metadata batch 410/533...
2026-07-15 16:34:42,202 [INFO]   Metadata batch 411/533...
2026-07-15 16:34:47,667 [INFO]   Metadata batch 412/533...
2026-07-15 16:34:53,104 [INFO]   Metadata batch 413/533...
2026-07-15 16:34:58,249 [INFO]   Metadata batch 414/533...
2026-07-15 16:35:03,393 [INFO]   Metadata batch 415/533...
2026-07-15 16:35:08,220 [INFO]   Metadata batch 416/533...
2026-07-15 16:35:13,136 [INFO]   Metadata batch 417/533...
2026-07-15 16:35:17,916 [INFO]   Metadata batch 418/533...
2026-07-15 16:35:23,095 [INFO]   Metadata batch 419/533...
2026-07-15 16:35:28,515 [INFO]   Metadata batch 420/533...
2026-07-15 16:35:34,122 [INFO]   Metadata batch 421/533...
2026-07-15 16:35:39,537 [INFO]   Metadata batch 422/533...
2026-07-15 16:35:45,541 [INFO]   Metadata batch 423/533...
2026-07-15 16:35:50,324 [INFO]   Metadata batch 424/533...
2026-07-15 16:35:55,258 [INFO]   Metadata batch 425/533...
2026-07-15 16:35:59,846 [INFO]   Metadata batch 426/533...
2026-07-15 16:36:05,279 [INFO]   Metadata batch 427/533...
2026-07-15 16:36:10,213 [INFO]   Metadata batch 428/533...
2026-07-15 16:36:15,053 [INFO]   Metadata batch 429/533...
2026-07-15 16:36:20,113 [INFO]   Metadata batch 430/533...
2026-07-15 16:36:25,185 [INFO]   Metadata batch 431/533...
2026-07-15 16:36:30,298 [INFO]   Metadata batch 432/533...
2026-07-15 16:36:35,184 [INFO]   Metadata batch 433/533...
2026-07-15 16:36:40,457 [INFO]   Metadata batch 434/533...
2026-07-15 16:36:45,680 [INFO]   Metadata batch 435/533...
2026-07-15 16:36:51,514 [INFO]   Metadata batch 436/533...
2026-07-15 16:36:56,718 [INFO]   Metadata batch 437/533...
2026-07-15 16:37:01,802 [INFO]   Metadata batch 438/533...
2026-07-15 16:37:06,362 [INFO]   Metadata batch 439/533...
2026-07-15 16:37:12,116 [INFO]   Metadata batch 440/533...
2026-07-15 16:37:17,326 [INFO]   Metadata batch 441/533...
2026-07-15 16:37:22,436 [INFO]   Metadata batch 442/533...
2026-07-15 16:37:27,323 [INFO]   Metadata batch 443/533...
2026-07-15 16:37:32,299 [INFO]   Metadata batch 444/533...
2026-07-15 16:37:37,256 [INFO]   Metadata batch 445/533...
2026-07-15 16:37:42,492 [INFO]   Metadata batch 446/533...
2026-07-15 16:37:47,286 [INFO]   Metadata batch 447/533...
2026-07-15 16:37:52,179 [INFO]   Metadata batch 448/533...
2026-07-15 16:37:57,403 [INFO]   Metadata batch 449/533...
2026-07-15 16:38:02,413 [INFO]   Metadata batch 450/533...
2026-07-15 16:38:07,601 [INFO]   Metadata batch 451/533...
2026-07-15 16:38:12,974 [INFO]   Metadata batch 452/533...
2026-07-15 16:38:18,026 [INFO]   Metadata batch 453/533...
2026-07-15 16:38:23,060 [INFO]   Metadata batch 454/533...
2026-07-15 16:38:28,907 [INFO]   Metadata batch 455/533...
2026-07-15 16:38:33,677 [INFO]   Metadata batch 456/533...
2026-07-15 16:38:38,689 [INFO]   Metadata batch 457/533...
2026-07-15 16:38:43,261 [INFO]   Metadata batch 458/533...
2026-07-15 16:38:48,317 [INFO]   Metadata batch 459/533...
2026-07-15 16:38:53,544 [INFO]   Metadata batch 460/533...
2026-07-15 16:38:58,717 [INFO]   Metadata batch 461/533...
2026-07-15 16:39:04,141 [INFO]   Metadata batch 462/533...
2026-07-15 16:39:08,868 [INFO]   Metadata batch 463/533...
2026-07-15 16:39:14,040 [INFO]   Metadata batch 464/533...
2026-07-15 16:39:19,883 [INFO]   Metadata batch 465/533...
2026-07-15 16:39:26,468 [INFO]   Metadata batch 466/533...
2026-07-15 16:39:32,091 [INFO]   Metadata batch 467/533...
2026-07-15 16:39:37,746 [INFO]   Metadata batch 468/533...
2026-07-15 16:39:42,651 [INFO]   Metadata batch 469/533...
2026-07-15 16:39:47,879 [INFO]   Metadata batch 470/533...
2026-07-15 16:39:53,107 [INFO]   Metadata batch 471/533...
2026-07-15 16:39:58,275 [INFO]   Metadata batch 472/533...
2026-07-15 16:40:04,168 [INFO]   Metadata batch 473/533...
2026-07-15 16:40:10,636 [INFO]   Metadata batch 474/533...
2026-07-15 16:40:16,888 [INFO]   Metadata batch 475/533...
2026-07-15 16:40:22,247 [INFO]   Metadata batch 476/533...
2026-07-15 16:40:27,145 [INFO]   Metadata batch 477/533...
2026-07-15 16:40:32,046 [INFO]   Metadata batch 478/533...
2026-07-15 16:40:37,345 [INFO]   Metadata batch 479/533...
2026-07-15 16:40:43,149 [INFO]   Metadata batch 480/533...
2026-07-15 16:40:48,578 [INFO]   Metadata batch 481/533...
2026-07-15 16:40:53,723 [INFO]   Metadata batch 482/533...
2026-07-15 16:40:59,124 [INFO]   Metadata batch 483/533...
2026-07-15 16:41:05,010 [INFO]   Metadata batch 484/533...
2026-07-15 16:41:10,412 [INFO]   Metadata batch 485/533...
2026-07-15 16:41:15,645 [INFO]   Metadata batch 486/533...
2026-07-15 16:41:20,697 [INFO]   Metadata batch 487/533...
2026-07-15 16:41:25,587 [INFO]   Metadata batch 488/533...
2026-07-15 16:41:30,549 [INFO]   Metadata batch 489/533...
2026-07-15 16:41:35,656 [INFO]   Metadata batch 490/533...
2026-07-15 16:41:40,596 [INFO]   Metadata batch 491/533...
2026-07-15 16:41:45,478 [INFO]   Metadata batch 492/533...
2026-07-15 16:41:50,966 [INFO]   Metadata batch 493/533...
2026-07-15 16:41:56,219 [INFO]   Metadata batch 494/533...
2026-07-15 16:42:01,435 [INFO]   Metadata batch 495/533...
2026-07-15 16:42:07,509 [INFO]   Metadata batch 496/533...
2026-07-15 16:42:12,507 [INFO]   Metadata batch 497/533...
2026-07-15 16:42:17,944 [INFO]   Metadata batch 498/533...
2026-07-15 16:42:22,586 [INFO]   Metadata batch 499/533...
2026-07-15 16:42:27,405 [INFO]   Metadata batch 500/533...
2026-07-15 16:42:32,868 [INFO]   Metadata batch 501/533...
2026-07-15 16:42:38,643 [INFO]   Metadata batch 502/533...
2026-07-15 16:42:43,901 [INFO]   Metadata batch 503/533...
2026-07-15 16:42:48,996 [INFO]   Metadata batch 504/533...
2026-07-15 16:42:53,726 [INFO]   Metadata batch 505/533...
2026-07-15 16:42:58,937 [INFO]   Metadata batch 506/533...
2026-07-15 16:43:04,218 [INFO]   Metadata batch 507/533...
2026-07-15 16:43:09,445 [INFO]   Metadata batch 508/533...
2026-07-15 16:43:14,091 [INFO]   Metadata batch 509/533...
2026-07-15 16:43:18,577 [INFO]   Metadata batch 510/533...
2026-07-15 16:43:23,226 [INFO]   Metadata batch 511/533...
2026-07-15 16:43:28,282 [INFO]   Metadata batch 512/533...
2026-07-15 16:43:33,123 [INFO]   Metadata batch 513/533...
2026-07-15 16:43:38,383 [INFO]   Metadata batch 514/533...
2026-07-15 16:43:43,442 [INFO]   Metadata batch 515/533...
2026-07-15 16:43:48,476 [INFO]   Metadata batch 516/533...
2026-07-15 16:43:53,189 [INFO]   Metadata batch 517/533...
2026-07-15 16:43:58,027 [INFO]   Metadata batch 518/533...
2026-07-15 16:44:03,112 [INFO]   Metadata batch 519/533...
2026-07-15 16:44:08,309 [INFO]   Metadata batch 520/533...
2026-07-15 16:44:13,087 [INFO]   Metadata batch 521/533...
2026-07-15 16:44:18,416 [INFO]   Metadata batch 522/533...
2026-07-15 16:44:23,162 [INFO]   Metadata batch 523/533...
2026-07-15 16:44:28,443 [INFO]   Metadata batch 524/533...
2026-07-15 16:44:33,187 [INFO]   Metadata batch 525/533...
2026-07-15 16:44:38,589 [INFO]   Metadata batch 526/533...
2026-07-15 16:44:43,209 [INFO]   Metadata batch 527/533...
2026-07-15 16:44:48,534 [INFO]   Metadata batch 528/533...
2026-07-15 16:44:53,381 [INFO]   Metadata batch 529/533...
2026-07-15 16:44:58,946 [INFO]   Metadata batch 530/533...
2026-07-15 16:45:04,303 [INFO]   Metadata batch 531/533...
2026-07-15 16:45:10,385 [INFO]   Metadata batch 532/533...
2026-07-15 16:45:15,917 [INFO]   Metadata batch 533/533...
2026-07-15 16:45:20,720 [INFO]   10,648,313 nodes (38,110 Frontiers core)
2026-07-15 16:45:21,977 [INFO] Applying edge weights (temporal decay + self-citation discount)...
2026-07-15 16:47:01,386 [INFO]   Decay mean=0.438  |  Self-citations: 10,090,847
2026-07-15 16:47:01,573 [INFO]   Combined weight mean=0.417
2026-07-15 16:47:03,079 [INFO] Computing bibliographic coupling (min shared refs=3)...
2026-07-15 16:47:03,087 [INFO]   BC batch 1/3...
2026-07-15 16:47:28,556 [INFO]     9,494,538 BC edges
2026-07-15 16:47:28,561 [INFO]   BC batch 2/3...
2026-07-15 16:47:45,796 [INFO]     9,572,990 BC edges
2026-07-15 16:47:45,796 [INFO]   BC batch 3/3...
2026-07-15 16:48:00,470 [INFO]     506,684 BC edges
2026-07-15 16:48:04,334 [INFO]   Total BC edges: 19,574,212
2026-07-15 16:48:04,487 [INFO] Merging direct citation and BC edges...
2026-07-15 16:49:54,315 [INFO]   Merged: 127,270,763 edges (mean weight=0.364)
2026-07-15 16:50:03,225 [INFO] Writing CWTS files to cwts_output/  (10,648,313 nodes)...
2026-07-15 16:51:22,573 [INFO]   pubs.txt        : 10,648,313 rows  (38,110 Frontiers)
2026-07-15 16:51:40,740 [INFO] 10648313 out of 10648313 rows loaded.
2026-07-15 16:51:40,741 [INFO]   → BigQuery: raw_citation_network_data.pubs_raw_20260715_150604
2026-07-15 16:53:10,667 [INFO]   pub_metadata.txt: 10,648,313 rows
2026-07-15 16:54:32,132 [INFO] 10648313 out of 10648313 rows loaded.
2026-07-15 16:54:32,132 [INFO]   → BigQuery: raw_citation_network_data.pub_metadata_raw_20260715_150604
2026-07-15 17:03:38,131 [INFO]   cit_links.txt   : 254,139,564 rows  (127,069,782 unique × 2 directions)
2026-07-15 17:05:31,753 [INFO] 254139564 out of 254139564 rows loaded.
2026-07-15 17:05:31,753 [INFO]   → BigQuery: raw_citation_network_data.cit_links_raw_20260715_150604
2026-07-15 17:05:31,753 [INFO] Classification step skipped (RUN_CLASSIFICATION=false)
2026-07-15 17:05:36,477 [INFO] 1 out of 1 rows loaded.
2026-07-15 17:05:36,477 [INFO]   → BigQuery: raw_citation_network_data.run_metadata_20260715_150604
2026-07-15 17:05:36,477 [INFO] Done!!!!
