2026-08-18 09:08:51,437 [INFO] ============================================================
2026-08-18 09:08:51,438 [INFO] Configuration
2026-08-18 09:08:51,438 [INFO] ============================================================
2026-08-18 09:08:51,438 [INFO]   BQ_PROJECT              : ocean-tech-adv-analytics-p-usr
2026-08-18 09:08:51,438 [INFO]   AIRAK_DATASET           : ocean-breeze-tier-1.airak
2026-08-18 09:08:51,438 [INFO]   NETWORK_MODE            : global
2026-08-18 09:08:51,438 [INFO]   START_YEAR              : 2023
2026-08-18 09:08:51,438 [INFO]   END_YEAR                : 2026
2026-08-18 09:08:51,438 [INFO]   TOP_N_JOURNALS          : 5
2026-08-18 09:08:51,438 [INFO]   JOURNAL_IDS_OVERRIDE    : 8589934592,17179869184,34359738368,42949672960,42949672961,51539607552,68719476736,103079215104,103079215105,120259084288,188978561024,188978561025,223338299392,231928233984,283467841536,300647710720,326417514496,343597383680,352187318272,386547056640,446676598784,446676598785,455266533376,463856467968,481036337152,489626271744,498216206336,532575944704,541165879296,549755813888,549755814587,558345748480,558345748481,601295421440,609885356032,618475290624,618475290625,635655159808,644245094400,695784701952,695784701953,704374636544,704374636545,764504178688,781684047872,781684047873,790273982464,798863917056,807453851648,807453851649,816043786240,824633720832,841813590016,876173328385,901943132724,910533066752,910533066753,936302870528,936302870529,944892805120,953482739712,979252543489,987842478080,987842478081,996432412673,1005022347264,1005022347265,1013612281856,1039382085632,1108101562368,1108101562369,1125281431552,1151051235328,1151051236101,1159641169920,1159641169921,1185410973696,1185410973697,1211180777472,1279900254208,1279900254209,1288490189606,1305670057984,1305670057985,1314259992576,1314259992577,1314259992578,1340029796352,1340029796353,1348619730944,1357209665536,1391569403904,1400159338496,1417339207680,1425929142272,1434519076864,1443109011456,1443109011457,1443109011458,1477468749824,1503238553600,1503238553601,1511828488192,1511828488193,1511828488196,1520418422784,1529008357376,1537598291968,1537598291969,1546188226560,1546188226561,1554778161152,1580547964928,1589137899520,1623497637888,1623497637889,1632087572480,1649267441665,1675037245440,1709396983808,1735166787584,1769526525952,1769526525953,1786706395136,1803886264320,1821066133504,1821066133505,1829656068096,1829656068097,1838246002688,1846835937280,1855425871872,1864015806464,1924145348608,1941325217792,1967095021568,1967095021569,1975684956160,1984274890752,2061584302080,2078764171264,2113123909632,2121713844224,2121713844225,2156073582592,2156073582593,2190433320960,2199023255552,2216203124736,2224793059328,2233382993920,2233382993921,2302102470656,2319282339840,2336462209024,2336462209025,2345052143616,2379411881984,2388001816576,2405181685760,2405181685761,2439541424128,2499670966272,2516850835456,2568390443008,2568390443009,2594160246784,2628519985152,2731599200256,2748779069440,2757369004032,2774548873216,2774548873217,2826088480769,2834678415360,2843268349952,2843268349953,2843268349954,2860448219136,2869038153728,2869038153729,2877628088320,2877628088321,2886218022912,2886218022913,2929167695872,2929167695873,2963527434240,2963527434241,2963527434242,2963527434243,2972117368832,2972117368834,3006477107200,3075196583936,3083786518528,3118146256896,3135326126080,3143916060672,3178275799040,3204045602816,3212635537408,3246995275776,3255585210368,3255585210369,3264175144960,3272765079552,3281355014144,3307124817920,3315714752512,3341484556288,3384434229248,3393024163840,3401614098432,3410204033024
2026-08-18 09:08:51,438 [INFO]   ENABLE_EDGE_WEIGHTS     : True
2026-08-18 09:08:51,438 [INFO]   TEMPORAL_DECAY_TAU      : 5.0
2026-08-18 09:08:51,438 [INFO]   SELF_CITE_JOURNAL_WEIGHT: 0.5
2026-08-18 09:08:51,438 [INFO]   ENABLE_BC_EDGES         : True
2026-08-18 09:08:51,438 [INFO]   BC_MIN_SHARED_REFS      : 3
2026-08-18 09:08:51,438 [INFO]   MAX_EXTERNAL_PAPERS     : 50000
2026-08-18 09:08:51,438 [INFO]   OUTPUT_DIR              : cwts_output
2026-08-18 09:08:51,438 [INFO]   RUN_CLASSIFICATION      : True
2026-08-18 09:08:51,438 [INFO]   CWTS_JAR_PATH           : publicationclassification.jar
2026-08-18 09:08:51,438 [INFO]   JAVA_HEAP_SIZE          : 
2026-08-18 09:08:51,438 [INFO] ============================================================
2026-08-18 09:08:51,438 [INFO] ============================================================
2026-08-18 09:08:51,438 [INFO] CWTS Export — Edge Weight Builder
2026-08-18 09:08:51,438 [INFO]   Mode: GLOBAL  |  Years: 2023-2026
2026-08-18 09:08:51,438 [INFO]   Edge weights: ON
2026-08-18 09:08:51,438 [INFO] ============================================================
2026-08-18 09:08:51,438 [INFO] Using specified journal IDs: [8589934592, 17179869184, 34359738368, 42949672960, 42949672961, 51539607552, 68719476736, 103079215104, 103079215105, 120259084288, 188978561024, 188978561025, 223338299392, 231928233984, 283467841536, 300647710720, 326417514496, 343597383680, 352187318272, 386547056640, 446676598784, 446676598785, 455266533376, 463856467968, 481036337152, 489626271744, 498216206336, 532575944704, 541165879296, 549755813888, 549755814587, 558345748480, 558345748481, 601295421440, 609885356032, 618475290624, 618475290625, 635655159808, 644245094400, 695784701952, 695784701953, 704374636544, 704374636545, 764504178688, 781684047872, 781684047873, 790273982464, 798863917056, 807453851648, 807453851649, 816043786240, 824633720832, 841813590016, 876173328385, 901943132724, 910533066752, 910533066753, 936302870528, 936302870529, 944892805120, 953482739712, 979252543489, 987842478080, 987842478081, 996432412673, 1005022347264, 1005022347265, 1013612281856, 1039382085632, 1108101562368, 1108101562369, 1125281431552, 1151051235328, 1151051236101, 1159641169920, 1159641169921, 1185410973696, 1185410973697, 1211180777472, 1279900254208, 1279900254209, 1288490189606, 1305670057984, 1305670057985, 1314259992576, 1314259992577, 1314259992578, 1340029796352, 1340029796353, 1348619730944, 1357209665536, 1391569403904, 1400159338496, 1417339207680, 1425929142272, 1434519076864, 1443109011456, 1443109011457, 1443109011458, 1477468749824, 1503238553600, 1503238553601, 1511828488192, 1511828488193, 1511828488196, 1520418422784, 1529008357376, 1537598291968, 1537598291969, 1546188226560, 1546188226561, 1554778161152, 1580547964928, 1589137899520, 1623497637888, 1623497637889, 1632087572480, 1649267441665, 1675037245440, 1709396983808, 1735166787584, 1769526525952, 1769526525953, 1786706395136, 1803886264320, 1821066133504, 1821066133505, 1829656068096, 1829656068097, 1838246002688, 1846835937280, 1855425871872, 1864015806464, 1924145348608, 1941325217792, 1967095021568, 1967095021569, 1975684956160, 1984274890752, 2061584302080, 2078764171264, 2113123909632, 2121713844224, 2121713844225, 2156073582592, 2156073582593, 2190433320960, 2199023255552, 2216203124736, 2224793059328, 2233382993920, 2233382993921, 2302102470656, 2319282339840, 2336462209024, 2336462209025, 2345052143616, 2379411881984, 2388001816576, 2405181685760, 2405181685761, 2439541424128, 2499670966272, 2516850835456, 2568390443008, 2568390443009, 2594160246784, 2628519985152, 2731599200256, 2748779069440, 2757369004032, 2774548873216, 2774548873217, 2826088480769, 2834678415360, 2843268349952, 2843268349953, 2843268349954, 2860448219136, 2869038153728, 2869038153729, 2877628088320, 2877628088321, 2886218022912, 2886218022913, 2929167695872, 2929167695873, 2963527434240, 2963527434241, 2963527434242, 2963527434243, 2972117368832, 2972117368834, 3006477107200, 3075196583936, 3083786518528, 3118146256896, 3135326126080, 3143916060672, 3178275799040, 3204045602816, 3212635537408, 3246995275776, 3255585210368, 3255585210369, 3264175144960, 3272765079552, 3281355014144, 3307124817920, 3315714752512, 3341484556288, 3384434229248, 3393024163840, 3401614098432, 3410204033024]
2026-08-18 09:08:51,438 [INFO] Fetching Frontiers publication IDs...
2026-08-18 09:08:55,475 [INFO]   319,329 Frontiers publications
2026-08-18 09:08:55,475 [INFO] Building GLOBAL network for 2023-2026 (every publication, no journal filter)...
2026-08-18 09:10:55,084 [INFO]   95,369,744 edges, 17,136,717 nodes (283,291 Frontiers core)
2026-08-18 09:10:55,085 [WARNING] Global mode: disabling bibliographic-coupling edges (no journal scope; query would be unbounded).
2026-08-18 09:10:55,085 [INFO] Fetching metadata for 17,136,717 nodes...
2026-08-18 09:10:55,741 [INFO]   Metadata batch 1/857...
2026-08-18 09:11:01,324 [INFO]   Metadata batch 2/857...
2026-08-18 09:11:07,584 [INFO]   Metadata batch 3/857...
2026-08-18 09:11:12,806 [INFO]   Metadata batch 4/857...
2026-08-18 09:11:17,855 [INFO]   Metadata batch 5/857...
2026-08-18 09:11:23,100 [INFO]   Metadata batch 6/857...
2026-08-18 09:11:27,903 [INFO]   Metadata batch 7/857...
2026-08-18 09:11:32,726 [INFO]   Metadata batch 8/857...
2026-08-18 09:11:39,575 [INFO]   Metadata batch 9/857...
2026-08-18 09:11:45,096 [INFO]   Metadata batch 10/857...
2026-08-18 09:11:51,921 [INFO]   Metadata batch 11/857...
2026-08-18 09:11:56,821 [INFO]   Metadata batch 12/857...
2026-08-18 09:12:01,903 [INFO]   Metadata batch 13/857...
2026-08-18 09:12:06,958 [INFO]   Metadata batch 14/857...
2026-08-18 09:12:12,313 [INFO]   Metadata batch 15/857...
2026-08-18 09:12:16,968 [INFO]   Metadata batch 16/857...
2026-08-18 09:12:22,169 [INFO]   Metadata batch 17/857...
2026-08-18 09:12:27,170 [INFO]   Metadata batch 18/857...
2026-08-18 09:12:32,160 [INFO]   Metadata batch 19/857...
2026-08-18 09:12:37,465 [INFO]   Metadata batch 20/857...
2026-08-18 09:12:42,334 [INFO]   Metadata batch 21/857...
2026-08-18 09:12:47,171 [INFO]   Metadata batch 22/857...
2026-08-18 09:12:52,259 [INFO]   Metadata batch 23/857...
2026-08-18 09:12:56,829 [INFO]   Metadata batch 24/857...
2026-08-18 09:13:01,958 [INFO]   Metadata batch 25/857...
2026-08-18 09:13:06,820 [INFO]   Metadata batch 26/857...
2026-08-18 09:13:11,923 [INFO]   Metadata batch 27/857...
2026-08-18 09:13:16,969 [INFO]   Metadata batch 28/857...
2026-08-18 09:13:21,576 [INFO]   Metadata batch 29/857...
2026-08-18 09:13:26,645 [INFO]   Metadata batch 30/857...
2026-08-18 09:13:31,674 [INFO]   Metadata batch 31/857...
2026-08-18 09:13:36,472 [INFO]   Metadata batch 32/857...
2026-08-18 09:13:42,047 [INFO]   Metadata batch 33/857...
2026-08-18 09:13:47,139 [INFO]   Metadata batch 34/857...
2026-08-18 09:13:52,033 [INFO]   Metadata batch 35/857...
2026-08-18 09:13:56,555 [INFO]   Metadata batch 36/857...
2026-08-18 09:14:01,494 [INFO]   Metadata batch 37/857...
2026-08-18 09:14:06,244 [INFO]   Metadata batch 38/857...
2026-08-18 09:14:11,169 [INFO]   Metadata batch 39/857...
2026-08-18 09:14:16,117 [INFO]   Metadata batch 40/857...
2026-08-18 09:14:21,598 [INFO]   Metadata batch 41/857...
2026-08-18 09:14:26,759 [INFO]   Metadata batch 42/857...
2026-08-18 09:14:32,405 [INFO]   Metadata batch 43/857...
2026-08-18 09:14:37,649 [INFO]   Metadata batch 44/857...
2026-08-18 09:14:42,844 [INFO]   Metadata batch 45/857...
2026-08-18 09:14:48,264 [INFO]   Metadata batch 46/857...
2026-08-18 09:14:53,442 [INFO]   Metadata batch 47/857...
2026-08-18 09:14:57,969 [INFO]   Metadata batch 48/857...
2026-08-18 09:15:02,635 [INFO]   Metadata batch 49/857...
2026-08-18 09:15:08,383 [INFO]   Metadata batch 50/857...
2026-08-18 09:15:13,375 [INFO]   Metadata batch 51/857...
2026-08-18 09:15:19,216 [INFO]   Metadata batch 52/857...
2026-08-18 09:15:24,161 [INFO]   Metadata batch 53/857...
2026-08-18 09:15:29,385 [INFO]   Metadata batch 54/857...
2026-08-18 09:15:35,346 [INFO]   Metadata batch 55/857...
2026-08-18 09:15:40,058 [INFO]   Metadata batch 56/857...
2026-08-18 09:15:45,331 [INFO]   Metadata batch 57/857...
2026-08-18 09:15:50,067 [INFO]   Metadata batch 58/857...
2026-08-18 09:15:54,266 [INFO]   Metadata batch 59/857...
2026-08-18 09:15:58,980 [INFO]   Metadata batch 60/857...
2026-08-18 09:16:03,952 [INFO]   Metadata batch 61/857...
2026-08-18 09:16:08,888 [INFO]   Metadata batch 62/857...
2026-08-18 09:16:14,359 [INFO]   Metadata batch 63/857...
2026-08-18 09:16:19,447 [INFO]   Metadata batch 64/857...
2026-08-18 09:16:24,522 [INFO]   Metadata batch 65/857...
2026-08-18 09:16:30,239 [INFO]   Metadata batch 66/857...
2026-08-18 09:16:35,372 [INFO]   Metadata batch 67/857...
2026-08-18 09:16:40,812 [INFO]   Metadata batch 68/857...
2026-08-18 09:16:46,115 [INFO]   Metadata batch 69/857...
2026-08-18 09:16:51,799 [INFO]   Metadata batch 70/857...
2026-08-18 09:16:57,370 [INFO]   Metadata batch 71/857...
2026-08-18 09:17:02,904 [INFO]   Metadata batch 72/857...
2026-08-18 09:17:07,765 [INFO]   Metadata batch 73/857...
2026-08-18 09:17:13,320 [INFO]   Metadata batch 74/857...
2026-08-18 09:17:17,915 [INFO]   Metadata batch 75/857...
2026-08-18 09:17:23,201 [INFO]   Metadata batch 76/857...
2026-08-18 09:17:27,739 [INFO]   Metadata batch 77/857...
2026-08-18 09:17:32,789 [INFO]   Metadata batch 78/857...
2026-08-18 09:17:38,024 [INFO]   Metadata batch 79/857...
2026-08-18 09:17:42,561 [INFO]   Metadata batch 80/857...
2026-08-18 09:17:47,791 [INFO]   Metadata batch 81/857...
2026-08-18 09:17:52,585 [INFO]   Metadata batch 82/857...
2026-08-18 09:17:57,063 [INFO]   Metadata batch 83/857...
2026-08-18 09:18:02,233 [INFO]   Metadata batch 84/857...
2026-08-18 09:18:06,836 [INFO]   Metadata batch 85/857...
2026-08-18 09:18:11,936 [INFO]   Metadata batch 86/857...
2026-08-18 09:18:17,091 [INFO]   Metadata batch 87/857...
2026-08-18 09:18:22,571 [INFO]   Metadata batch 88/857...
2026-08-18 09:18:27,517 [INFO]   Metadata batch 89/857...
2026-08-18 09:18:32,437 [INFO]   Metadata batch 90/857...
2026-08-18 09:18:37,986 [INFO]   Metadata batch 91/857...
2026-08-18 09:18:43,002 [INFO]   Metadata batch 92/857...
2026-08-18 09:18:47,773 [INFO]   Metadata batch 93/857...
2026-08-18 09:18:52,604 [INFO]   Metadata batch 94/857...
2026-08-18 09:18:57,729 [INFO]   Metadata batch 95/857...
2026-08-18 09:19:02,455 [INFO]   Metadata batch 96/857...
2026-08-18 09:19:07,375 [INFO]   Metadata batch 97/857...
2026-08-18 09:19:11,905 [INFO]   Metadata batch 98/857...
2026-08-18 09:19:16,352 [INFO]   Metadata batch 99/857...
2026-08-18 09:19:21,820 [INFO]   Metadata batch 100/857...
2026-08-18 09:19:26,542 [INFO]   Metadata batch 101/857...
2026-08-18 09:19:31,468 [INFO]   Metadata batch 102/857...
2026-08-18 09:19:36,327 [INFO]   Metadata batch 103/857...
2026-08-18 09:19:44,679 [INFO]   Metadata batch 104/857...
2026-08-18 09:19:49,237 [INFO]   Metadata batch 105/857...
2026-08-18 09:19:54,000 [INFO]   Metadata batch 106/857...
2026-08-18 09:19:58,760 [INFO]   Metadata batch 107/857...
2026-08-18 09:20:03,522 [INFO]   Metadata batch 108/857...
2026-08-18 09:20:08,581 [INFO]   Metadata batch 109/857...
2026-08-18 09:20:15,568 [INFO]   Metadata batch 110/857...
2026-08-18 09:20:20,620 [INFO]   Metadata batch 111/857...
2026-08-18 09:20:25,522 [INFO]   Metadata batch 112/857...
2026-08-18 09:20:35,819 [INFO]   Metadata batch 113/857...
2026-08-18 09:20:40,433 [INFO]   Metadata batch 114/857...
2026-08-18 09:20:45,836 [INFO]   Metadata batch 115/857...
2026-08-18 09:20:50,582 [INFO]   Metadata batch 116/857...
2026-08-18 09:20:55,292 [INFO]   Metadata batch 117/857...
2026-08-18 09:20:59,885 [INFO]   Metadata batch 118/857...
2026-08-18 09:21:05,130 [INFO]   Metadata batch 119/857...
2026-08-18 09:21:10,205 [INFO]   Metadata batch 120/857...
2026-08-18 09:21:15,056 [INFO]   Metadata batch 121/857...
2026-08-18 09:21:20,191 [INFO]   Metadata batch 122/857...
2026-08-18 09:21:24,774 [INFO]   Metadata batch 123/857...
2026-08-18 09:21:29,612 [INFO]   Metadata batch 124/857...
2026-08-18 09:21:34,548 [INFO]   Metadata batch 125/857...
2026-08-18 09:21:39,166 [INFO]   Metadata batch 126/857...
2026-08-18 09:21:43,725 [INFO]   Metadata batch 127/857...
2026-08-18 09:21:49,243 [INFO]   Metadata batch 128/857...
2026-08-18 09:21:53,744 [INFO]   Metadata batch 129/857...
2026-08-18 09:21:58,645 [INFO]   Metadata batch 130/857...
2026-08-18 09:22:03,332 [INFO]   Metadata batch 131/857...
2026-08-18 09:22:08,020 [INFO]   Metadata batch 132/857...
2026-08-18 09:22:13,029 [INFO]   Metadata batch 133/857...
2026-08-18 09:22:18,291 [INFO]   Metadata batch 134/857...
2026-08-18 09:22:23,105 [INFO]   Metadata batch 135/857...
2026-08-18 09:22:28,108 [INFO]   Metadata batch 136/857...
2026-08-18 09:22:32,859 [INFO]   Metadata batch 137/857...
2026-08-18 09:22:37,236 [INFO]   Metadata batch 138/857...
2026-08-18 09:22:41,862 [INFO]   Metadata batch 139/857...
2026-08-18 09:22:46,329 [INFO]   Metadata batch 140/857...
2026-08-18 09:22:50,834 [INFO]   Metadata batch 141/857...
2026-08-18 09:22:55,867 [INFO]   Metadata batch 142/857...
2026-08-18 09:23:00,290 [INFO]   Metadata batch 143/857...
2026-08-18 09:23:05,262 [INFO]   Metadata batch 144/857...
2026-08-18 09:23:09,759 [INFO]   Metadata batch 145/857...
2026-08-18 09:23:15,090 [INFO]   Metadata batch 146/857...
2026-08-18 09:23:19,783 [INFO]   Metadata batch 147/857...
2026-08-18 09:23:25,285 [INFO]   Metadata batch 148/857...
2026-08-18 09:23:30,517 [INFO]   Metadata batch 149/857...
2026-08-18 09:23:35,194 [INFO]   Metadata batch 150/857...
2026-08-18 09:23:40,331 [INFO]   Metadata batch 151/857...
2026-08-18 09:23:45,657 [INFO]   Metadata batch 152/857...
2026-08-18 09:23:50,297 [INFO]   Metadata batch 153/857...
2026-08-18 09:23:54,792 [INFO]   Metadata batch 154/857...
2026-08-18 09:23:59,588 [INFO]   Metadata batch 155/857...
2026-08-18 09:24:04,621 [INFO]   Metadata batch 156/857...
2026-08-18 09:24:10,457 [INFO]   Metadata batch 157/857...
2026-08-18 09:24:15,544 [INFO]   Metadata batch 158/857...
2026-08-18 09:24:20,020 [INFO]   Metadata batch 159/857...
2026-08-18 09:24:24,591 [INFO]   Metadata batch 160/857...
2026-08-18 09:24:29,121 [INFO]   Metadata batch 161/857...
2026-08-18 09:24:33,753 [INFO]   Metadata batch 162/857...
2026-08-18 09:24:38,331 [INFO]   Metadata batch 163/857...
2026-08-18 09:24:43,508 [INFO]   Metadata batch 164/857...
2026-08-18 09:24:48,496 [INFO]   Metadata batch 165/857...
2026-08-18 09:24:53,445 [INFO]   Metadata batch 166/857...
2026-08-18 09:24:58,116 [INFO]   Metadata batch 167/857...
2026-08-18 09:25:02,380 [INFO]   Metadata batch 168/857...
2026-08-18 09:25:07,167 [INFO]   Metadata batch 169/857...
2026-08-18 09:25:11,682 [INFO]   Metadata batch 170/857...
2026-08-18 09:25:16,278 [INFO]   Metadata batch 171/857...
2026-08-18 09:25:21,247 [INFO]   Metadata batch 172/857...
2026-08-18 09:25:26,106 [INFO]   Metadata batch 173/857...
2026-08-18 09:25:31,091 [INFO]   Metadata batch 174/857...
2026-08-18 09:25:35,883 [INFO]   Metadata batch 175/857...
2026-08-18 09:25:40,442 [INFO]   Metadata batch 176/857...
2026-08-18 09:25:45,106 [INFO]   Metadata batch 177/857...
2026-08-18 09:25:49,715 [INFO]   Metadata batch 178/857...
2026-08-18 09:25:55,259 [INFO]   Metadata batch 179/857...
2026-08-18 09:26:00,029 [INFO]   Metadata batch 180/857...
2026-08-18 09:26:05,140 [INFO]   Metadata batch 181/857...
2026-08-18 09:26:11,350 [INFO]   Metadata batch 182/857...
2026-08-18 09:26:16,220 [INFO]   Metadata batch 183/857...
2026-08-18 09:26:21,043 [INFO]   Metadata batch 184/857...
2026-08-18 09:26:27,431 [INFO]   Metadata batch 185/857...
2026-08-18 09:26:32,351 [INFO]   Metadata batch 186/857...
2026-08-18 09:26:37,908 [INFO]   Metadata batch 187/857...
2026-08-18 09:26:42,624 [INFO]   Metadata batch 188/857...
2026-08-18 09:26:47,050 [INFO]   Metadata batch 189/857...
2026-08-18 09:26:52,194 [INFO]   Metadata batch 190/857...
2026-08-18 09:26:56,859 [INFO]   Metadata batch 191/857...
2026-08-18 09:27:02,249 [INFO]   Metadata batch 192/857...
2026-08-18 09:27:07,064 [INFO]   Metadata batch 193/857...
2026-08-18 09:27:12,176 [INFO]   Metadata batch 194/857...
2026-08-18 09:27:16,899 [INFO]   Metadata batch 195/857...
2026-08-18 09:27:25,316 [INFO]   Metadata batch 196/857...
2026-08-18 09:27:29,755 [INFO]   Metadata batch 197/857...
2026-08-18 09:27:34,509 [INFO]   Metadata batch 198/857...
2026-08-18 09:27:39,417 [INFO]   Metadata batch 199/857...
2026-08-18 09:27:44,070 [INFO]   Metadata batch 200/857...
2026-08-18 09:27:48,251 [INFO]   Metadata batch 201/857...
2026-08-18 09:27:53,530 [INFO]   Metadata batch 202/857...
2026-08-18 09:27:58,457 [INFO]   Metadata batch 203/857...
2026-08-18 09:28:03,578 [INFO]   Metadata batch 204/857...
2026-08-18 09:28:08,270 [INFO]   Metadata batch 205/857...
2026-08-18 09:28:12,904 [INFO]   Metadata batch 206/857...
2026-08-18 09:28:17,593 [INFO]   Metadata batch 207/857...
2026-08-18 09:28:22,065 [INFO]   Metadata batch 208/857...
2026-08-18 09:28:27,965 [INFO]   Metadata batch 209/857...
2026-08-18 09:28:32,576 [INFO]   Metadata batch 210/857...
2026-08-18 09:28:36,970 [INFO]   Metadata batch 211/857...
2026-08-18 09:28:42,131 [INFO]   Metadata batch 212/857...
2026-08-18 09:28:47,087 [INFO]   Metadata batch 213/857...
2026-08-18 09:28:52,581 [INFO]   Metadata batch 214/857...
2026-08-18 09:28:57,364 [INFO]   Metadata batch 215/857...
2026-08-18 09:29:01,990 [INFO]   Metadata batch 216/857...
2026-08-18 09:29:06,576 [INFO]   Metadata batch 217/857...
2026-08-18 09:29:11,942 [INFO]   Metadata batch 218/857...
2026-08-18 09:29:16,800 [INFO]   Metadata batch 219/857...
2026-08-18 09:29:21,509 [INFO]   Metadata batch 220/857...
2026-08-18 09:29:26,323 [INFO]   Metadata batch 221/857...
2026-08-18 09:29:30,884 [INFO]   Metadata batch 222/857...
2026-08-18 09:29:35,782 [INFO]   Metadata batch 223/857...
2026-08-18 09:29:40,718 [INFO]   Metadata batch 224/857...
2026-08-18 09:29:46,061 [INFO]   Metadata batch 225/857...
2026-08-18 09:29:51,017 [INFO]   Metadata batch 226/857...
2026-08-18 09:29:55,310 [INFO]   Metadata batch 227/857...
2026-08-18 09:29:59,874 [INFO]   Metadata batch 228/857...
2026-08-18 09:30:04,712 [INFO]   Metadata batch 229/857...
2026-08-18 09:30:09,578 [INFO]   Metadata batch 230/857...
2026-08-18 09:30:14,327 [INFO]   Metadata batch 231/857...
2026-08-18 09:30:19,146 [INFO]   Metadata batch 232/857...
2026-08-18 09:30:23,914 [INFO]   Metadata batch 233/857...
2026-08-18 09:30:29,274 [INFO]   Metadata batch 234/857...
2026-08-18 09:30:34,037 [INFO]   Metadata batch 235/857...
2026-08-18 09:30:38,725 [INFO]   Metadata batch 236/857...
2026-08-18 09:30:44,382 [INFO]   Metadata batch 237/857...
2026-08-18 09:30:49,361 [INFO]   Metadata batch 238/857...
2026-08-18 09:30:54,110 [INFO]   Metadata batch 239/857...
2026-08-18 09:30:58,712 [INFO]   Metadata batch 240/857...
2026-08-18 09:31:03,489 [INFO]   Metadata batch 241/857...
2026-08-18 09:31:08,298 [INFO]   Metadata batch 242/857...
2026-08-18 09:31:12,976 [INFO]   Metadata batch 243/857...
2026-08-18 09:31:18,031 [INFO]   Metadata batch 244/857...
2026-08-18 09:31:23,048 [INFO]   Metadata batch 245/857...
2026-08-18 09:31:28,152 [INFO]   Metadata batch 246/857...
2026-08-18 09:31:33,450 [INFO]   Metadata batch 247/857...
2026-08-18 09:31:38,113 [INFO]   Metadata batch 248/857...
2026-08-18 09:31:43,011 [INFO]   Metadata batch 249/857...
2026-08-18 09:31:49,702 [INFO]   Metadata batch 250/857...
2026-08-18 09:31:55,075 [INFO]   Metadata batch 251/857...
2026-08-18 09:32:00,146 [INFO]   Metadata batch 252/857...
2026-08-18 09:32:05,183 [INFO]   Metadata batch 253/857...
2026-08-18 09:32:10,398 [INFO]   Metadata batch 254/857...
2026-08-18 09:32:15,208 [INFO]   Metadata batch 255/857...
2026-08-18 09:32:19,968 [INFO]   Metadata batch 256/857...
2026-08-18 09:32:25,992 [INFO]   Metadata batch 257/857...
2026-08-18 09:32:31,097 [INFO]   Metadata batch 258/857...
2026-08-18 09:32:36,172 [INFO]   Metadata batch 259/857...
2026-08-18 09:32:41,047 [INFO]   Metadata batch 260/857...
2026-08-18 09:32:45,604 [INFO]   Metadata batch 261/857...
2026-08-18 09:32:50,486 [INFO]   Metadata batch 262/857...
2026-08-18 09:32:54,888 [INFO]   Metadata batch 263/857...
2026-08-18 09:33:01,729 [INFO]   Metadata batch 264/857...
2026-08-18 09:33:06,583 [INFO]   Metadata batch 265/857...
2026-08-18 09:33:11,864 [INFO]   Metadata batch 266/857...
2026-08-18 09:33:16,562 [INFO]   Metadata batch 267/857...
2026-08-18 09:33:21,550 [INFO]   Metadata batch 268/857...
2026-08-18 09:33:26,623 [INFO]   Metadata batch 269/857...
2026-08-18 09:33:31,725 [INFO]   Metadata batch 270/857...
2026-08-18 09:33:36,329 [INFO]   Metadata batch 271/857...
2026-08-18 09:33:41,312 [INFO]   Metadata batch 272/857...
2026-08-18 09:33:46,190 [INFO]   Metadata batch 273/857...
2026-08-18 09:33:51,044 [INFO]   Metadata batch 274/857...
2026-08-18 09:33:55,655 [INFO]   Metadata batch 275/857...
2026-08-18 09:34:00,067 [INFO]   Metadata batch 276/857...
2026-08-18 09:34:04,981 [INFO]   Metadata batch 277/857...
2026-08-18 09:34:09,869 [INFO]   Metadata batch 278/857...
2026-08-18 09:34:14,552 [INFO]   Metadata batch 279/857...
2026-08-18 09:34:19,088 [INFO]   Metadata batch 280/857...
2026-08-18 09:34:24,038 [INFO]   Metadata batch 281/857...
2026-08-18 09:34:28,639 [INFO]   Metadata batch 282/857...
2026-08-18 09:34:33,339 [INFO]   Metadata batch 283/857...
2026-08-18 09:34:38,578 [INFO]   Metadata batch 284/857...
2026-08-18 09:34:43,205 [INFO]   Metadata batch 285/857...
2026-08-18 09:34:47,831 [INFO]   Metadata batch 286/857...
2026-08-18 09:34:52,855 [INFO]   Metadata batch 287/857...
2026-08-18 09:34:57,597 [INFO]   Metadata batch 288/857...
2026-08-18 09:35:01,761 [INFO]   Metadata batch 289/857...
2026-08-18 09:35:06,554 [INFO]   Metadata batch 290/857...
2026-08-18 09:35:11,947 [INFO]   Metadata batch 291/857...
2026-08-18 09:35:16,851 [INFO]   Metadata batch 292/857...
2026-08-18 09:35:21,341 [INFO]   Metadata batch 293/857...
2026-08-18 09:35:26,407 [INFO]   Metadata batch 294/857...
2026-08-18 09:35:31,056 [INFO]   Metadata batch 295/857...
2026-08-18 09:35:36,348 [INFO]   Metadata batch 296/857...
2026-08-18 09:35:43,467 [INFO]   Metadata batch 297/857...
2026-08-18 09:35:48,381 [INFO]   Metadata batch 298/857...
2026-08-18 09:35:53,151 [INFO]   Metadata batch 299/857...
2026-08-18 09:35:58,108 [INFO]   Metadata batch 300/857...
2026-08-18 09:36:03,113 [INFO]   Metadata batch 301/857...
2026-08-18 09:36:07,666 [INFO]   Metadata batch 302/857...
2026-08-18 09:36:12,747 [INFO]   Metadata batch 303/857...
2026-08-18 09:36:17,479 [INFO]   Metadata batch 304/857...
2026-08-18 09:36:22,273 [INFO]   Metadata batch 305/857...
2026-08-18 09:36:26,589 [INFO]   Metadata batch 306/857...
2026-08-18 09:36:31,753 [INFO]   Metadata batch 307/857...
2026-08-18 09:36:37,039 [INFO]   Metadata batch 308/857...
2026-08-18 09:36:41,581 [INFO]   Metadata batch 309/857...
2026-08-18 09:36:46,381 [INFO]   Metadata batch 310/857...
2026-08-18 09:36:51,383 [INFO]   Metadata batch 311/857...
2026-08-18 09:36:56,353 [INFO]   Metadata batch 312/857...
2026-08-18 09:37:00,961 [INFO]   Metadata batch 313/857...
2026-08-18 09:37:06,150 [INFO]   Metadata batch 314/857...
2026-08-18 09:37:11,121 [INFO]   Metadata batch 315/857...
2026-08-18 09:37:16,032 [INFO]   Metadata batch 316/857...
2026-08-18 09:37:21,600 [INFO]   Metadata batch 317/857...
2026-08-18 09:37:26,175 [INFO]   Metadata batch 318/857...
2026-08-18 09:37:30,709 [INFO]   Metadata batch 319/857...
2026-08-18 09:37:35,412 [INFO]   Metadata batch 320/857...
2026-08-18 09:37:40,824 [INFO]   Metadata batch 321/857...
2026-08-18 09:37:45,739 [INFO]   Metadata batch 322/857...
2026-08-18 09:37:50,752 [INFO]   Metadata batch 323/857...
2026-08-18 09:37:55,428 [INFO]   Metadata batch 324/857...
2026-08-18 09:37:59,803 [INFO]   Metadata batch 325/857...
2026-08-18 09:38:04,308 [INFO]   Metadata batch 326/857...
2026-08-18 09:38:09,096 [INFO]   Metadata batch 327/857...
2026-08-18 09:38:15,020 [INFO]   Metadata batch 328/857...
2026-08-18 09:38:19,457 [INFO]   Metadata batch 329/857...
2026-08-18 09:38:24,228 [INFO]   Metadata batch 330/857...
2026-08-18 09:38:29,357 [INFO]   Metadata batch 331/857...
2026-08-18 09:38:34,484 [INFO]   Metadata batch 332/857...
2026-08-18 09:38:39,226 [INFO]   Metadata batch 333/857...
2026-08-18 09:38:43,921 [INFO]   Metadata batch 334/857...
2026-08-18 09:38:48,677 [INFO]   Metadata batch 335/857...
2026-08-18 09:38:53,200 [INFO]   Metadata batch 336/857...
2026-08-18 09:38:57,944 [INFO]   Metadata batch 337/857...
2026-08-18 09:39:02,472 [INFO]   Metadata batch 338/857...
2026-08-18 09:39:07,021 [INFO]   Metadata batch 339/857...
2026-08-18 09:39:12,153 [INFO]   Metadata batch 340/857...
2026-08-18 09:39:17,065 [INFO]   Metadata batch 341/857...
2026-08-18 09:39:21,559 [INFO]   Metadata batch 342/857...
2026-08-18 09:39:25,932 [INFO]   Metadata batch 343/857...
2026-08-18 09:39:30,553 [INFO]   Metadata batch 344/857...
2026-08-18 09:39:35,183 [INFO]   Metadata batch 345/857...
2026-08-18 09:39:39,922 [INFO]   Metadata batch 346/857...
2026-08-18 09:39:44,530 [INFO]   Metadata batch 347/857...
2026-08-18 09:39:49,009 [INFO]   Metadata batch 348/857...
2026-08-18 09:39:53,669 [INFO]   Metadata batch 349/857...
2026-08-18 09:39:58,081 [INFO]   Metadata batch 350/857...
2026-08-18 09:40:02,500 [INFO]   Metadata batch 351/857...
2026-08-18 09:40:07,117 [INFO]   Metadata batch 352/857...
2026-08-18 09:40:11,583 [INFO]   Metadata batch 353/857...
2026-08-18 09:40:16,612 [INFO]   Metadata batch 354/857...
2026-08-18 09:40:21,379 [INFO]   Metadata batch 355/857...
2026-08-18 09:40:25,820 [INFO]   Metadata batch 356/857...
2026-08-18 09:40:31,031 [INFO]   Metadata batch 357/857...
2026-08-18 09:40:35,512 [INFO]   Metadata batch 358/857...
2026-08-18 09:40:40,602 [INFO]   Metadata batch 359/857...
2026-08-18 09:40:45,004 [INFO]   Metadata batch 360/857...
2026-08-18 09:40:49,851 [INFO]   Metadata batch 361/857...
2026-08-18 09:40:54,631 [INFO]   Metadata batch 362/857...
2026-08-18 09:40:58,949 [INFO]   Metadata batch 363/857...
2026-08-18 09:41:03,629 [INFO]   Metadata batch 364/857...
2026-08-18 09:41:08,290 [INFO]   Metadata batch 365/857...
2026-08-18 09:41:13,114 [INFO]   Metadata batch 366/857...
2026-08-18 09:41:17,947 [INFO]   Metadata batch 367/857...
2026-08-18 09:41:22,363 [INFO]   Metadata batch 368/857...
2026-08-18 09:41:26,903 [INFO]   Metadata batch 369/857...
2026-08-18 09:41:31,473 [INFO]   Metadata batch 370/857...
2026-08-18 09:41:36,607 [INFO]   Metadata batch 371/857...
2026-08-18 09:41:41,763 [INFO]   Metadata batch 372/857...
2026-08-18 09:41:46,519 [INFO]   Metadata batch 373/857...
2026-08-18 09:41:51,358 [INFO]   Metadata batch 374/857...
2026-08-18 09:41:55,895 [INFO]   Metadata batch 375/857...
2026-08-18 09:42:00,463 [INFO]   Metadata batch 376/857...
2026-08-18 09:42:04,987 [INFO]   Metadata batch 377/857...
2026-08-18 09:42:09,706 [INFO]   Metadata batch 378/857...
2026-08-18 09:42:15,008 [INFO]   Metadata batch 379/857...
2026-08-18 09:42:19,560 [INFO]   Metadata batch 380/857...
2026-08-18 09:42:24,046 [INFO]   Metadata batch 381/857...
2026-08-18 09:42:29,553 [INFO]   Metadata batch 382/857...
2026-08-18 09:42:34,012 [INFO]   Metadata batch 383/857...
2026-08-18 09:42:38,578 [INFO]   Metadata batch 384/857...
2026-08-18 09:42:42,940 [INFO]   Metadata batch 385/857...
2026-08-18 09:42:47,376 [INFO]   Metadata batch 386/857...
2026-08-18 09:42:52,242 [INFO]   Metadata batch 387/857...
2026-08-18 09:42:57,662 [INFO]   Metadata batch 388/857...
2026-08-18 09:43:02,489 [INFO]   Metadata batch 389/857...
2026-08-18 09:43:07,188 [INFO]   Metadata batch 390/857...
2026-08-18 09:43:11,736 [INFO]   Metadata batch 391/857...
2026-08-18 09:43:16,541 [INFO]   Metadata batch 392/857...
2026-08-18 09:43:20,987 [INFO]   Metadata batch 393/857...
2026-08-18 09:43:26,052 [INFO]   Metadata batch 394/857...
2026-08-18 09:43:30,674 [INFO]   Metadata batch 395/857...
2026-08-18 09:43:34,866 [INFO]   Metadata batch 396/857...
2026-08-18 09:43:39,292 [INFO]   Metadata batch 397/857...
2026-08-18 09:43:44,033 [INFO]   Metadata batch 398/857...
2026-08-18 09:43:48,157 [INFO]   Metadata batch 399/857...
2026-08-18 09:43:53,336 [INFO]   Metadata batch 400/857...
2026-08-18 09:43:58,052 [INFO]   Metadata batch 401/857...
2026-08-18 09:44:03,087 [INFO]   Metadata batch 402/857...
2026-08-18 09:44:07,629 [INFO]   Metadata batch 403/857...
2026-08-18 09:44:12,556 [INFO]   Metadata batch 404/857...
2026-08-18 09:44:17,101 [INFO]   Metadata batch 405/857...
2026-08-18 09:44:21,657 [INFO]   Metadata batch 406/857...
2026-08-18 09:44:26,276 [INFO]   Metadata batch 407/857...
2026-08-18 09:44:30,652 [INFO]   Metadata batch 408/857...
2026-08-18 09:44:35,350 [INFO]   Metadata batch 409/857...
2026-08-18 09:44:39,865 [INFO]   Metadata batch 410/857...
2026-08-18 09:44:44,991 [INFO]   Metadata batch 411/857...
2026-08-18 09:44:49,617 [INFO]   Metadata batch 412/857...
2026-08-18 09:44:54,185 [INFO]   Metadata batch 413/857...
2026-08-18 09:44:59,031 [INFO]   Metadata batch 414/857...
2026-08-18 09:45:04,002 [INFO]   Metadata batch 415/857...
2026-08-18 09:45:09,100 [INFO]   Metadata batch 416/857...
2026-08-18 09:45:14,072 [INFO]   Metadata batch 417/857...
2026-08-18 09:45:18,792 [INFO]   Metadata batch 418/857...
2026-08-18 09:45:23,451 [INFO]   Metadata batch 419/857...
2026-08-18 09:45:28,136 [INFO]   Metadata batch 420/857...
2026-08-18 09:45:32,872 [INFO]   Metadata batch 421/857...
2026-08-18 09:45:38,036 [INFO]   Metadata batch 422/857...
2026-08-18 09:45:43,062 [INFO]   Metadata batch 423/857...
2026-08-18 09:45:48,262 [INFO]   Metadata batch 424/857...
2026-08-18 09:45:52,983 [INFO]   Metadata batch 425/857...
2026-08-18 09:45:57,800 [INFO]   Metadata batch 426/857...
2026-08-18 09:46:02,956 [INFO]   Metadata batch 427/857...
2026-08-18 09:46:08,211 [INFO]   Metadata batch 428/857...
2026-08-18 09:46:14,134 [INFO]   Metadata batch 429/857...
2026-08-18 09:46:18,898 [INFO]   Metadata batch 430/857...
2026-08-18 09:46:23,783 [INFO]   Metadata batch 431/857...
2026-08-18 09:46:28,411 [INFO]   Metadata batch 432/857...
2026-08-18 09:46:33,069 [INFO]   Metadata batch 433/857...
2026-08-18 09:46:38,044 [INFO]   Metadata batch 434/857...
2026-08-18 09:46:42,895 [INFO]   Metadata batch 435/857...
2026-08-18 09:46:48,277 [INFO]   Metadata batch 436/857...
2026-08-18 09:46:52,902 [INFO]   Metadata batch 437/857...
2026-08-18 09:46:58,073 [INFO]   Metadata batch 438/857...
2026-08-18 09:47:03,220 [INFO]   Metadata batch 439/857...
2026-08-18 09:47:08,422 [INFO]   Metadata batch 440/857...
2026-08-18 09:47:13,473 [INFO]   Metadata batch 441/857...
2026-08-18 09:47:20,175 [INFO]   Metadata batch 442/857...
2026-08-18 09:47:25,307 [INFO]   Metadata batch 443/857...
2026-08-18 09:47:30,182 [INFO]   Metadata batch 444/857...
2026-08-18 09:47:34,851 [INFO]   Metadata batch 445/857...
2026-08-18 09:47:39,244 [INFO]   Metadata batch 446/857...
2026-08-18 09:47:44,344 [INFO]   Metadata batch 447/857...
2026-08-18 09:47:49,753 [INFO]   Metadata batch 448/857...
2026-08-18 09:47:54,292 [INFO]   Metadata batch 449/857...
2026-08-18 09:47:59,028 [INFO]   Metadata batch 450/857...
2026-08-18 09:48:04,599 [INFO]   Metadata batch 451/857...
2026-08-18 09:48:09,540 [INFO]   Metadata batch 452/857...
2026-08-18 09:48:14,867 [INFO]   Metadata batch 453/857...
2026-08-18 09:48:19,444 [INFO]   Metadata batch 454/857...
2026-08-18 09:48:23,994 [INFO]   Metadata batch 455/857...
2026-08-18 09:48:28,991 [INFO]   Metadata batch 456/857...
2026-08-18 09:48:33,705 [INFO]   Metadata batch 457/857...
2026-08-18 09:48:38,139 [INFO]   Metadata batch 458/857...
2026-08-18 09:48:42,928 [INFO]   Metadata batch 459/857...
2026-08-18 09:48:47,625 [INFO]   Metadata batch 460/857...
2026-08-18 09:48:52,450 [INFO]   Metadata batch 461/857...
2026-08-18 09:48:56,831 [INFO]   Metadata batch 462/857...
2026-08-18 09:49:01,749 [INFO]   Metadata batch 463/857...
2026-08-18 09:49:06,682 [INFO]   Metadata batch 464/857...
2026-08-18 09:49:11,324 [INFO]   Metadata batch 465/857...
2026-08-18 09:49:16,238 [INFO]   Metadata batch 466/857...
2026-08-18 09:49:20,779 [INFO]   Metadata batch 467/857...
2026-08-18 09:49:25,320 [INFO]   Metadata batch 468/857...
2026-08-18 09:49:30,173 [INFO]   Metadata batch 469/857...
2026-08-18 09:49:34,658 [INFO]   Metadata batch 470/857...
2026-08-18 09:49:39,061 [INFO]   Metadata batch 471/857...
2026-08-18 09:49:44,329 [INFO]   Metadata batch 472/857...
2026-08-18 09:49:49,396 [INFO]   Metadata batch 473/857...
2026-08-18 09:49:54,607 [INFO]   Metadata batch 474/857...
2026-08-18 09:49:59,228 [INFO]   Metadata batch 475/857...
2026-08-18 09:50:04,450 [INFO]   Metadata batch 476/857...
2026-08-18 09:50:09,683 [INFO]   Metadata batch 477/857...
2026-08-18 09:50:14,886 [INFO]   Metadata batch 478/857...
2026-08-18 09:50:19,610 [INFO]   Metadata batch 479/857...
2026-08-18 09:50:24,273 [INFO]   Metadata batch 480/857...
2026-08-18 09:50:28,748 [INFO]   Metadata batch 481/857...
2026-08-18 09:50:33,876 [INFO]   Metadata batch 482/857...
2026-08-18 09:50:38,389 [INFO]   Metadata batch 483/857...
2026-08-18 09:50:43,531 [INFO]   Metadata batch 484/857...
2026-08-18 09:50:48,396 [INFO]   Metadata batch 485/857...
2026-08-18 09:50:53,827 [INFO]   Metadata batch 486/857...
2026-08-18 09:50:59,986 [INFO]   Metadata batch 487/857...
2026-08-18 09:51:04,476 [INFO]   Metadata batch 488/857...
2026-08-18 09:51:09,618 [INFO]   Metadata batch 489/857...
2026-08-18 09:51:14,587 [INFO]   Metadata batch 490/857...
2026-08-18 09:51:19,290 [INFO]   Metadata batch 491/857...
2026-08-18 09:51:24,354 [INFO]   Metadata batch 492/857...
2026-08-18 09:51:29,234 [INFO]   Metadata batch 493/857...
2026-08-18 09:51:34,162 [INFO]   Metadata batch 494/857...
2026-08-18 09:51:39,080 [INFO]   Metadata batch 495/857...
2026-08-18 09:51:43,648 [INFO]   Metadata batch 496/857...
2026-08-18 09:51:48,020 [INFO]   Metadata batch 497/857...
2026-08-18 09:51:52,698 [INFO]   Metadata batch 498/857...
2026-08-18 09:51:57,296 [INFO]   Metadata batch 499/857...
2026-08-18 09:52:01,969 [INFO]   Metadata batch 500/857...
2026-08-18 09:52:06,859 [INFO]   Metadata batch 501/857...
2026-08-18 09:52:11,893 [INFO]   Metadata batch 502/857...
2026-08-18 09:52:16,495 [INFO]   Metadata batch 503/857...
2026-08-18 09:52:21,732 [INFO]   Metadata batch 504/857...
2026-08-18 09:52:26,176 [INFO]   Metadata batch 505/857...
2026-08-18 09:52:30,659 [INFO]   Metadata batch 506/857...
2026-08-18 09:52:35,140 [INFO]   Metadata batch 507/857...
2026-08-18 09:52:40,050 [INFO]   Metadata batch 508/857...
2026-08-18 09:52:44,645 [INFO]   Metadata batch 509/857...
2026-08-18 09:52:50,026 [INFO]   Metadata batch 510/857...
2026-08-18 09:52:55,320 [INFO]   Metadata batch 511/857...
2026-08-18 09:53:00,327 [INFO]   Metadata batch 512/857...
2026-08-18 09:53:05,056 [INFO]   Metadata batch 513/857...
2026-08-18 09:53:09,321 [INFO]   Metadata batch 514/857...
2026-08-18 09:53:14,083 [INFO]   Metadata batch 515/857...
2026-08-18 09:53:18,930 [INFO]   Metadata batch 516/857...
2026-08-18 09:53:23,474 [INFO]   Metadata batch 517/857...
2026-08-18 09:53:28,289 [INFO]   Metadata batch 518/857...
2026-08-18 09:53:33,302 [INFO]   Metadata batch 519/857...
2026-08-18 09:53:38,222 [INFO]   Metadata batch 520/857...
2026-08-18 09:53:42,986 [INFO]   Metadata batch 521/857...
2026-08-18 09:53:47,356 [INFO]   Metadata batch 522/857...
2026-08-18 09:53:52,008 [INFO]   Metadata batch 523/857...
2026-08-18 09:53:57,003 [INFO]   Metadata batch 524/857...
2026-08-18 09:54:01,274 [INFO]   Metadata batch 525/857...
2026-08-18 09:54:06,305 [INFO]   Metadata batch 526/857...
2026-08-18 09:54:11,075 [INFO]   Metadata batch 527/857...
2026-08-18 09:54:15,384 [INFO]   Metadata batch 528/857...
2026-08-18 09:54:20,595 [INFO]   Metadata batch 529/857...
2026-08-18 09:54:25,457 [INFO]   Metadata batch 530/857...
2026-08-18 09:54:30,043 [INFO]   Metadata batch 531/857...
2026-08-18 09:54:34,746 [INFO]   Metadata batch 532/857...
2026-08-18 09:54:39,614 [INFO]   Metadata batch 533/857...
2026-08-18 09:54:44,215 [INFO]   Metadata batch 534/857...
2026-08-18 09:54:48,987 [INFO]   Metadata batch 535/857...
2026-08-18 09:54:53,905 [INFO]   Metadata batch 536/857...
2026-08-18 09:54:58,373 [INFO]   Metadata batch 537/857...
2026-08-18 09:55:03,333 [INFO]   Metadata batch 538/857...
2026-08-18 09:55:07,818 [INFO]   Metadata batch 539/857...
2026-08-18 09:55:13,067 [INFO]   Metadata batch 540/857...
2026-08-18 09:55:17,999 [INFO]   Metadata batch 541/857...
2026-08-18 09:55:22,305 [INFO]   Metadata batch 542/857...
2026-08-18 09:55:27,431 [INFO]   Metadata batch 543/857...
2026-08-18 09:55:32,866 [INFO]   Metadata batch 544/857...
2026-08-18 09:55:38,173 [INFO]   Metadata batch 545/857...
2026-08-18 09:55:43,353 [INFO]   Metadata batch 546/857...
2026-08-18 09:55:47,540 [INFO]   Metadata batch 547/857...
2026-08-18 09:55:52,367 [INFO]   Metadata batch 548/857...
2026-08-18 09:55:57,653 [INFO]   Metadata batch 549/857...
2026-08-18 09:56:02,505 [INFO]   Metadata batch 550/857...
2026-08-18 09:56:07,666 [INFO]   Metadata batch 551/857...
2026-08-18 09:56:12,631 [INFO]   Metadata batch 552/857...
2026-08-18 09:56:17,170 [INFO]   Metadata batch 553/857...
2026-08-18 09:56:21,494 [INFO]   Metadata batch 554/857...
2026-08-18 09:56:26,128 [INFO]   Metadata batch 555/857...
2026-08-18 09:56:30,729 [INFO]   Metadata batch 556/857...
2026-08-18 09:56:35,516 [INFO]   Metadata batch 557/857...
2026-08-18 09:56:40,456 [INFO]   Metadata batch 558/857...
2026-08-18 09:56:45,226 [INFO]   Metadata batch 559/857...
2026-08-18 09:56:49,955 [INFO]   Metadata batch 560/857...
2026-08-18 09:56:54,527 [INFO]   Metadata batch 561/857...
2026-08-18 09:56:58,990 [INFO]   Metadata batch 562/857...
2026-08-18 09:57:03,722 [INFO]   Metadata batch 563/857...
2026-08-18 09:57:09,043 [INFO]   Metadata batch 564/857...
2026-08-18 09:57:13,953 [INFO]   Metadata batch 565/857...
2026-08-18 09:57:18,356 [INFO]   Metadata batch 566/857...
2026-08-18 09:57:23,163 [INFO]   Metadata batch 567/857...
2026-08-18 09:57:27,944 [INFO]   Metadata batch 568/857...
2026-08-18 09:57:32,423 [INFO]   Metadata batch 569/857...
2026-08-18 09:57:36,918 [INFO]   Metadata batch 570/857...
2026-08-18 09:57:41,667 [INFO]   Metadata batch 571/857...
2026-08-18 09:57:46,017 [INFO]   Metadata batch 572/857...
2026-08-18 09:57:51,229 [INFO]   Metadata batch 573/857...
2026-08-18 09:57:55,581 [INFO]   Metadata batch 574/857...
2026-08-18 09:58:00,824 [INFO]   Metadata batch 575/857...
2026-08-18 09:58:05,770 [INFO]   Metadata batch 576/857...
2026-08-18 09:58:10,609 [INFO]   Metadata batch 577/857...
2026-08-18 09:58:15,250 [INFO]   Metadata batch 578/857...
2026-08-18 09:58:19,673 [INFO]   Metadata batch 579/857...
2026-08-18 09:58:24,408 [INFO]   Metadata batch 580/857...
2026-08-18 09:58:29,391 [INFO]   Metadata batch 581/857...
2026-08-18 09:58:34,210 [INFO]   Metadata batch 582/857...
2026-08-18 09:58:38,805 [INFO]   Metadata batch 583/857...
2026-08-18 09:58:43,349 [INFO]   Metadata batch 584/857...
2026-08-18 09:58:48,171 [INFO]   Metadata batch 585/857...
2026-08-18 09:58:53,975 [INFO]   Metadata batch 586/857...
2026-08-18 09:58:59,823 [INFO]   Metadata batch 587/857...
2026-08-18 09:59:04,140 [INFO]   Metadata batch 588/857...
2026-08-18 09:59:08,961 [INFO]   Metadata batch 589/857...
2026-08-18 09:59:14,005 [INFO]   Metadata batch 590/857...
2026-08-18 09:59:19,172 [INFO]   Metadata batch 591/857...
2026-08-18 09:59:23,955 [INFO]   Metadata batch 592/857...
2026-08-18 09:59:28,884 [INFO]   Metadata batch 593/857...
2026-08-18 09:59:33,499 [INFO]   Metadata batch 594/857...
2026-08-18 09:59:38,312 [INFO]   Metadata batch 595/857...
2026-08-18 09:59:43,223 [INFO]   Metadata batch 596/857...
2026-08-18 09:59:48,287 [INFO]   Metadata batch 597/857...
2026-08-18 09:59:52,802 [INFO]   Metadata batch 598/857...
2026-08-18 09:59:57,416 [INFO]   Metadata batch 599/857...
2026-08-18 10:00:02,010 [INFO]   Metadata batch 600/857...
2026-08-18 10:00:07,119 [INFO]   Metadata batch 601/857...
2026-08-18 10:00:13,620 [INFO]   Metadata batch 602/857...
2026-08-18 10:00:19,086 [INFO]   Metadata batch 603/857...
2026-08-18 10:00:24,932 [INFO]   Metadata batch 604/857...
2026-08-18 10:00:34,971 [INFO]   Metadata batch 605/857...
2026-08-18 10:00:41,638 [INFO]   Metadata batch 606/857...
2026-08-18 10:00:47,049 [INFO]   Metadata batch 607/857...
2026-08-18 10:00:52,705 [INFO]   Metadata batch 608/857...
2026-08-18 10:00:58,136 [INFO]   Metadata batch 609/857...
2026-08-18 10:01:04,089 [INFO]   Metadata batch 610/857...
2026-08-18 10:01:09,990 [INFO]   Metadata batch 611/857...
2026-08-18 10:01:14,890 [INFO]   Metadata batch 612/857...
2026-08-18 10:01:20,291 [INFO]   Metadata batch 613/857...
2026-08-18 10:01:25,997 [INFO]   Metadata batch 614/857...
2026-08-18 10:01:31,241 [INFO]   Metadata batch 615/857...
2026-08-18 10:01:35,982 [INFO]   Metadata batch 616/857...
2026-08-18 10:01:41,216 [INFO]   Metadata batch 617/857...
2026-08-18 10:01:47,101 [INFO]   Metadata batch 618/857...
2026-08-18 10:01:52,061 [INFO]   Metadata batch 619/857...
2026-08-18 10:01:57,402 [INFO]   Metadata batch 620/857...
2026-08-18 10:02:03,251 [INFO]   Metadata batch 621/857...
2026-08-18 10:02:08,754 [INFO]   Metadata batch 622/857...
2026-08-18 10:02:13,708 [INFO]   Metadata batch 623/857...
2026-08-18 10:02:18,585 [INFO]   Metadata batch 624/857...
2026-08-18 10:02:23,334 [INFO]   Metadata batch 625/857...
2026-08-18 10:02:27,954 [INFO]   Metadata batch 626/857...
2026-08-18 10:02:32,761 [INFO]   Metadata batch 627/857...
2026-08-18 10:02:38,313 [INFO]   Metadata batch 628/857...
2026-08-18 10:02:43,807 [INFO]   Metadata batch 629/857...
2026-08-18 10:02:49,019 [INFO]   Metadata batch 630/857...
2026-08-18 10:02:54,890 [INFO]   Metadata batch 631/857...
2026-08-18 10:03:01,597 [INFO]   Metadata batch 632/857...
2026-08-18 10:03:06,230 [INFO]   Metadata batch 633/857...
2026-08-18 10:03:10,991 [INFO]   Metadata batch 634/857...
2026-08-18 10:03:16,115 [INFO]   Metadata batch 635/857...
2026-08-18 10:03:21,054 [INFO]   Metadata batch 636/857...
2026-08-18 10:03:25,907 [INFO]   Metadata batch 637/857...
2026-08-18 10:03:30,595 [INFO]   Metadata batch 638/857...
2026-08-18 10:03:35,648 [INFO]   Metadata batch 639/857...
2026-08-18 10:03:40,998 [INFO]   Metadata batch 640/857...
2026-08-18 10:03:46,052 [INFO]   Metadata batch 641/857...
2026-08-18 10:03:51,629 [INFO]   Metadata batch 642/857...
2026-08-18 10:03:56,528 [INFO]   Metadata batch 643/857...
2026-08-18 10:04:01,460 [INFO]   Metadata batch 644/857...
2026-08-18 10:04:06,302 [INFO]   Metadata batch 645/857...
2026-08-18 10:04:11,234 [INFO]   Metadata batch 646/857...
2026-08-18 10:04:16,631 [INFO]   Metadata batch 647/857...
2026-08-18 10:04:22,220 [INFO]   Metadata batch 648/857...
2026-08-18 10:04:27,408 [INFO]   Metadata batch 649/857...
2026-08-18 10:04:32,624 [INFO]   Metadata batch 650/857...
2026-08-18 10:04:37,743 [INFO]   Metadata batch 651/857...
2026-08-18 10:04:42,607 [INFO]   Metadata batch 652/857...
2026-08-18 10:04:48,150 [INFO]   Metadata batch 653/857...
2026-08-18 10:04:53,670 [INFO]   Metadata batch 654/857...
2026-08-18 10:04:58,212 [INFO]   Metadata batch 655/857...
2026-08-18 10:05:03,281 [INFO]   Metadata batch 656/857...
2026-08-18 10:05:08,438 [INFO]   Metadata batch 657/857...
2026-08-18 10:05:13,890 [INFO]   Metadata batch 658/857...
2026-08-18 10:05:19,890 [INFO]   Metadata batch 659/857...
2026-08-18 10:05:24,725 [INFO]   Metadata batch 660/857...
2026-08-18 10:05:29,442 [INFO]   Metadata batch 661/857...
2026-08-18 10:05:33,617 [INFO]   Metadata batch 662/857...
2026-08-18 10:05:38,301 [INFO]   Metadata batch 663/857...
2026-08-18 10:05:43,392 [INFO]   Metadata batch 664/857...
2026-08-18 10:05:48,275 [INFO]   Metadata batch 665/857...
2026-08-18 10:05:53,334 [INFO]   Metadata batch 666/857...
2026-08-18 10:05:58,208 [INFO]   Metadata batch 667/857...
2026-08-18 10:06:02,724 [INFO]   Metadata batch 668/857...
2026-08-18 10:06:07,848 [INFO]   Metadata batch 669/857...
2026-08-18 10:06:12,799 [INFO]   Metadata batch 670/857...
2026-08-18 10:06:17,548 [INFO]   Metadata batch 671/857...
2026-08-18 10:06:22,424 [INFO]   Metadata batch 672/857...
2026-08-18 10:06:26,988 [INFO]   Metadata batch 673/857...
2026-08-18 10:06:31,844 [INFO]   Metadata batch 674/857...
2026-08-18 10:06:36,383 [INFO]   Metadata batch 675/857...
2026-08-18 10:06:41,100 [INFO]   Metadata batch 676/857...
2026-08-18 10:06:46,452 [INFO]   Metadata batch 677/857...
2026-08-18 10:06:52,506 [INFO]   Metadata batch 678/857...
2026-08-18 10:06:57,395 [INFO]   Metadata batch 679/857...
2026-08-18 10:07:02,179 [INFO]   Metadata batch 680/857...
2026-08-18 10:07:06,921 [INFO]   Metadata batch 681/857...
2026-08-18 10:07:11,738 [INFO]   Metadata batch 682/857...
2026-08-18 10:07:16,408 [INFO]   Metadata batch 683/857...
2026-08-18 10:07:21,249 [INFO]   Metadata batch 684/857...
2026-08-18 10:07:25,777 [INFO]   Metadata batch 685/857...
2026-08-18 10:07:30,912 [INFO]   Metadata batch 686/857...
2026-08-18 10:07:35,869 [INFO]   Metadata batch 687/857...
2026-08-18 10:07:41,035 [INFO]   Metadata batch 688/857...
2026-08-18 10:07:46,211 [INFO]   Metadata batch 689/857...
2026-08-18 10:07:51,618 [INFO]   Metadata batch 690/857...
2026-08-18 10:07:56,756 [INFO]   Metadata batch 691/857...
2026-08-18 10:08:01,794 [INFO]   Metadata batch 692/857...
2026-08-18 10:08:06,427 [INFO]   Metadata batch 693/857...
2026-08-18 10:08:11,152 [INFO]   Metadata batch 694/857...
2026-08-18 10:08:15,653 [INFO]   Metadata batch 695/857...
2026-08-18 10:08:20,112 [INFO]   Metadata batch 696/857...
2026-08-18 10:08:24,990 [INFO]   Metadata batch 697/857...
2026-08-18 10:08:29,738 [INFO]   Metadata batch 698/857...
2026-08-18 10:08:34,485 [INFO]   Metadata batch 699/857...
2026-08-18 10:08:39,254 [INFO]   Metadata batch 700/857...
2026-08-18 10:08:44,984 [INFO]   Metadata batch 701/857...
2026-08-18 10:08:49,919 [INFO]   Metadata batch 702/857...
2026-08-18 10:08:54,814 [INFO]   Metadata batch 703/857...
2026-08-18 10:09:00,367 [INFO]   Metadata batch 704/857...
2026-08-18 10:09:04,938 [INFO]   Metadata batch 705/857...
2026-08-18 10:09:09,788 [INFO]   Metadata batch 706/857...
2026-08-18 10:09:15,761 [INFO]   Metadata batch 707/857...
2026-08-18 10:09:20,104 [INFO]   Metadata batch 708/857...
2026-08-18 10:09:25,222 [INFO]   Metadata batch 709/857...
2026-08-18 10:09:30,028 [INFO]   Metadata batch 710/857...
2026-08-18 10:09:35,025 [INFO]   Metadata batch 711/857...
2026-08-18 10:09:39,880 [INFO]   Metadata batch 712/857...
2026-08-18 10:09:45,017 [INFO]   Metadata batch 713/857...
2026-08-18 10:09:49,679 [INFO]   Metadata batch 714/857...
2026-08-18 10:09:55,324 [INFO]   Metadata batch 715/857...
2026-08-18 10:09:59,905 [INFO]   Metadata batch 716/857...
2026-08-18 10:10:05,197 [INFO]   Metadata batch 717/857...
2026-08-18 10:10:10,113 [INFO]   Metadata batch 718/857...
2026-08-18 10:10:14,933 [INFO]   Metadata batch 719/857...
2026-08-18 10:10:19,736 [INFO]   Metadata batch 720/857...
2026-08-18 10:10:24,851 [INFO]   Metadata batch 721/857...
2026-08-18 10:10:29,179 [INFO]   Metadata batch 722/857...
2026-08-18 10:10:33,830 [INFO]   Metadata batch 723/857...
2026-08-18 10:10:39,219 [INFO]   Metadata batch 724/857...
2026-08-18 10:10:44,448 [INFO]   Metadata batch 725/857...
2026-08-18 10:10:49,328 [INFO]   Metadata batch 726/857...
2026-08-18 10:10:54,088 [INFO]   Metadata batch 727/857...
2026-08-18 10:10:59,364 [INFO]   Metadata batch 728/857...
2026-08-18 10:11:04,302 [INFO]   Metadata batch 729/857...
2026-08-18 10:11:10,240 [INFO]   Metadata batch 730/857...
2026-08-18 10:11:15,185 [INFO]   Metadata batch 731/857...
2026-08-18 10:11:19,726 [INFO]   Metadata batch 732/857...
2026-08-18 10:11:24,962 [INFO]   Metadata batch 733/857...
2026-08-18 10:11:29,682 [INFO]   Metadata batch 734/857...
2026-08-18 10:11:34,194 [INFO]   Metadata batch 735/857...
2026-08-18 10:11:38,860 [INFO]   Metadata batch 736/857...
2026-08-18 10:11:43,958 [INFO]   Metadata batch 737/857...
2026-08-18 10:11:48,573 [INFO]   Metadata batch 738/857...
2026-08-18 10:11:52,948 [INFO]   Metadata batch 739/857...
2026-08-18 10:11:57,898 [INFO]   Metadata batch 740/857...
2026-08-18 10:12:02,766 [INFO]   Metadata batch 741/857...
2026-08-18 10:12:07,823 [INFO]   Metadata batch 742/857...
2026-08-18 10:12:12,894 [INFO]   Metadata batch 743/857...
2026-08-18 10:12:17,907 [INFO]   Metadata batch 744/857...
2026-08-18 10:12:22,418 [INFO]   Metadata batch 745/857...
2026-08-18 10:12:27,207 [INFO]   Metadata batch 746/857...
2026-08-18 10:12:31,860 [INFO]   Metadata batch 747/857...
2026-08-18 10:12:36,622 [INFO]   Metadata batch 748/857...
2026-08-18 10:12:41,635 [INFO]   Metadata batch 749/857...
2026-08-18 10:12:48,369 [INFO]   Metadata batch 750/857...
2026-08-18 10:12:53,044 [INFO]   Metadata batch 751/857...
2026-08-18 10:12:57,764 [INFO]   Metadata batch 752/857...
2026-08-18 10:13:02,619 [INFO]   Metadata batch 753/857...
2026-08-18 10:13:07,288 [INFO]   Metadata batch 754/857...
2026-08-18 10:13:11,926 [INFO]   Metadata batch 755/857...
2026-08-18 10:13:17,177 [INFO]   Metadata batch 756/857...
2026-08-18 10:13:22,247 [INFO]   Metadata batch 757/857...
2026-08-18 10:13:27,240 [INFO]   Metadata batch 758/857...
2026-08-18 10:13:31,909 [INFO]   Metadata batch 759/857...
2026-08-18 10:13:36,897 [INFO]   Metadata batch 760/857...
2026-08-18 10:13:41,559 [INFO]   Metadata batch 761/857...
2026-08-18 10:13:46,892 [INFO]   Metadata batch 762/857...
2026-08-18 10:13:51,398 [INFO]   Metadata batch 763/857...
2026-08-18 10:13:56,010 [INFO]   Metadata batch 764/857...
2026-08-18 10:14:01,156 [INFO]   Metadata batch 765/857...
2026-08-18 10:14:05,532 [INFO]   Metadata batch 766/857...
2026-08-18 10:14:10,770 [INFO]   Metadata batch 767/857...
2026-08-18 10:14:15,029 [INFO]   Metadata batch 768/857...
2026-08-18 10:14:19,843 [INFO]   Metadata batch 769/857...
2026-08-18 10:14:24,243 [INFO]   Metadata batch 770/857...
2026-08-18 10:14:28,880 [INFO]   Metadata batch 771/857...
2026-08-18 10:14:33,726 [INFO]   Metadata batch 772/857...
2026-08-18 10:14:38,810 [INFO]   Metadata batch 773/857...
2026-08-18 10:14:43,490 [INFO]   Metadata batch 774/857...
2026-08-18 10:14:48,620 [INFO]   Metadata batch 775/857...
2026-08-18 10:14:53,442 [INFO]   Metadata batch 776/857...
2026-08-18 10:14:58,390 [INFO]   Metadata batch 777/857...
2026-08-18 10:15:03,284 [INFO]   Metadata batch 778/857...
2026-08-18 10:15:08,335 [INFO]   Metadata batch 779/857...
2026-08-18 10:15:13,277 [INFO]   Metadata batch 780/857...
2026-08-18 10:15:18,865 [INFO]   Metadata batch 781/857...
2026-08-18 10:15:23,507 [INFO]   Metadata batch 782/857...
2026-08-18 10:15:27,738 [INFO]   Metadata batch 783/857...
2026-08-18 10:15:32,127 [INFO]   Metadata batch 784/857...
2026-08-18 10:15:37,188 [INFO]   Metadata batch 785/857...
2026-08-18 10:15:41,753 [INFO]   Metadata batch 786/857...
2026-08-18 10:15:46,611 [INFO]   Metadata batch 787/857...
2026-08-18 10:15:51,583 [INFO]   Metadata batch 788/857...
2026-08-18 10:15:56,446 [INFO]   Metadata batch 789/857...
2026-08-18 10:16:02,021 [INFO]   Metadata batch 790/857...
2026-08-18 10:16:06,611 [INFO]   Metadata batch 791/857...
2026-08-18 10:16:11,444 [INFO]   Metadata batch 792/857...
2026-08-18 10:16:16,462 [INFO]   Metadata batch 793/857...
2026-08-18 10:16:21,443 [INFO]   Metadata batch 794/857...
2026-08-18 10:16:25,991 [INFO]   Metadata batch 795/857...
2026-08-18 10:16:30,791 [INFO]   Metadata batch 796/857...
2026-08-18 10:16:35,324 [INFO]   Metadata batch 797/857...
2026-08-18 10:16:40,060 [INFO]   Metadata batch 798/857...
2026-08-18 10:16:44,663 [INFO]   Metadata batch 799/857...
2026-08-18 10:16:49,378 [INFO]   Metadata batch 800/857...
2026-08-18 10:16:53,928 [INFO]   Metadata batch 801/857...
2026-08-18 10:16:58,494 [INFO]   Metadata batch 802/857...
2026-08-18 10:17:03,548 [INFO]   Metadata batch 803/857...
2026-08-18 10:17:08,352 [INFO]   Metadata batch 804/857...
2026-08-18 10:17:13,551 [INFO]   Metadata batch 805/857...
2026-08-18 10:17:18,633 [INFO]   Metadata batch 806/857...
2026-08-18 10:17:23,188 [INFO]   Metadata batch 807/857...
2026-08-18 10:17:28,452 [INFO]   Metadata batch 808/857...
2026-08-18 10:17:33,759 [INFO]   Metadata batch 809/857...
2026-08-18 10:17:38,865 [INFO]   Metadata batch 810/857...
2026-08-18 10:17:43,451 [INFO]   Metadata batch 811/857...
2026-08-18 10:17:48,133 [INFO]   Metadata batch 812/857...
2026-08-18 10:17:53,019 [INFO]   Metadata batch 813/857...
2026-08-18 10:17:58,089 [INFO]   Metadata batch 814/857...
2026-08-18 10:18:02,977 [INFO]   Metadata batch 815/857...
2026-08-18 10:18:07,247 [INFO]   Metadata batch 816/857...
2026-08-18 10:18:12,549 [INFO]   Metadata batch 817/857...
2026-08-18 10:18:17,260 [INFO]   Metadata batch 818/857...
2026-08-18 10:18:22,289 [INFO]   Metadata batch 819/857...
2026-08-18 10:18:27,204 [INFO]   Metadata batch 820/857...
2026-08-18 10:18:32,616 [INFO]   Metadata batch 821/857...
2026-08-18 10:18:37,361 [INFO]   Metadata batch 822/857...
2026-08-18 10:18:41,903 [INFO]   Metadata batch 823/857...
2026-08-18 10:18:46,484 [INFO]   Metadata batch 824/857...
2026-08-18 10:18:51,092 [INFO]   Metadata batch 825/857...
2026-08-18 10:18:55,268 [INFO]   Metadata batch 826/857...
2026-08-18 10:18:59,655 [INFO]   Metadata batch 827/857...
2026-08-18 10:19:03,980 [INFO]   Metadata batch 828/857...
2026-08-18 10:19:08,537 [INFO]   Metadata batch 829/857...
2026-08-18 10:19:13,215 [INFO]   Metadata batch 830/857...
2026-08-18 10:19:18,341 [INFO]   Metadata batch 831/857...
2026-08-18 10:19:23,511 [INFO]   Metadata batch 832/857...
2026-08-18 10:19:28,230 [INFO]   Metadata batch 833/857...
2026-08-18 10:19:33,023 [INFO]   Metadata batch 834/857...
2026-08-18 10:19:37,392 [INFO]   Metadata batch 835/857...
2026-08-18 10:19:41,966 [INFO]   Metadata batch 836/857...
2026-08-18 10:19:48,396 [INFO]   Metadata batch 837/857...
2026-08-18 10:19:53,056 [INFO]   Metadata batch 838/857...
2026-08-18 10:19:58,155 [INFO]   Metadata batch 839/857...
2026-08-18 10:20:03,316 [INFO]   Metadata batch 840/857...
2026-08-18 10:20:07,735 [INFO]   Metadata batch 841/857...
2026-08-18 10:20:12,442 [INFO]   Metadata batch 842/857...
2026-08-18 10:20:17,293 [INFO]   Metadata batch 843/857...
2026-08-18 10:20:21,749 [INFO]   Metadata batch 844/857...
2026-08-18 10:20:27,514 [INFO]   Metadata batch 845/857...
2026-08-18 10:20:32,140 [INFO]   Metadata batch 846/857...
2026-08-18 10:20:36,848 [INFO]   Metadata batch 847/857...
2026-08-18 10:20:41,283 [INFO]   Metadata batch 848/857...
2026-08-18 10:20:46,342 [INFO]   Metadata batch 849/857...
2026-08-18 10:20:51,643 [INFO]   Metadata batch 850/857...
2026-08-18 10:20:56,786 [INFO]   Metadata batch 851/857...
2026-08-18 10:21:01,301 [INFO]   Metadata batch 852/857...
2026-08-18 10:21:06,186 [INFO]   Metadata batch 853/857...
2026-08-18 10:21:10,309 [INFO]   Metadata batch 854/857...
2026-08-18 10:21:15,032 [INFO]   Metadata batch 855/857...
2026-08-18 10:21:19,888 [INFO]   Metadata batch 856/857...
2026-08-18 10:21:24,483 [INFO]   Metadata batch 857/857...
2026-08-18 10:21:30,478 [INFO]   17,136,717 nodes (283,291 Frontiers core)
2026-08-18 10:21:33,498 [INFO] Applying edge weights (temporal decay + self-citation discount)...
2026-08-18 10:24:01,876 [INFO]   Decay mean=0.640  |  Self-citations: 6,274,598
2026-08-18 10:24:02,069 [INFO]   Combined weight mean=0.619
2026-08-18 10:24:03,772 [INFO] BC edges disabled (ENABLE_BC_EDGES=false)
2026-08-18 10:24:19,325 [INFO] Writing CWTS files to cwts_output/  (17,136,717 nodes)...
2026-08-18 10:26:33,172 [INFO]   pubs.txt        : 17,136,717 rows  (283,291 Frontiers)
2026-08-18 10:26:59,671 [INFO] 17136717 out of 17136717 rows loaded.
2026-08-18 10:26:59,671 [INFO]   → BigQuery: raw_citation_network_data.pubs_raw_20260818_090851
2026-08-18 10:29:35,381 [INFO]   pub_metadata.txt: 17,136,717 rows
2026-08-18 10:31:10,552 [INFO] 17136717 out of 17136717 rows loaded.
2026-08-18 10:31:10,552 [INFO]   → BigQuery: raw_citation_network_data.pub_metadata_raw_20260818_090851
2026-08-18 10:39:47,842 [INFO]   cit_links.txt   : 190,644,060 rows  (95,322,030 unique × 2 directions)
2026-08-18 10:40:53,151 [INFO] 190644060 out of 190644060 rows loaded.
2026-08-18 10:40:53,152 [INFO]   → BigQuery: raw_citation_network_data.cit_links_raw_20260818_090851
2026-08-18 10:40:53,152 [INFO] ============================================================
2026-08-18 10:40:53,152 [INFO] Running CWTS Classification
2026-08-18 10:40:53,152 [INFO] ============================================================
2026-08-18 10:40:53,152 [INFO]   JAR: publicationclassification.jar
2026-08-18 10:40:53,152 [INFO]   Parameters:
2026-08-18 10:40:53,152 [INFO]     largest_component_only: false
2026-08-18 10:40:53,152 [INFO]     iterations: 100
2026-08-18 10:40:53,152 [INFO]     micro_resolution: 5e-3
2026-08-18 10:40:53,152 [INFO]     micro_min_cluster_size: 1000
2026-08-18 10:40:53,152 [INFO]     meso_resolution: 5e-5
2026-08-18 10:40:53,152 [INFO]     meso_min_cluster_size: 5000
2026-08-18 10:40:53,152 [INFO]     macro_resolution: 1e-5
2026-08-18 10:40:53,152 [INFO]     macro_min_cluster_size: 2000
2026-08-18 10:40:53,152 [INFO]   Running command...
2026-08-18 15:43:19,786 [INFO]   Log written to: cwts_logs/cwts_classification_20260818_090851.log
2026-08-18 15:43:19,787 [INFO]   STDOUT: PublicationClassificationCreator version 1.1.0
By Nees Jan van Eck
Centre for Science and Technology Studies (CWTS), Leiden University

Reading citation network from file... Finished!
Reading citation...
2026-08-18 15:43:19,787 [INFO]   Classification complete: cwts_output/classification.txt
2026-08-18 15:43:19,787 [INFO] Uploading classification to BigQuery...
2026-08-18 15:43:22,321 [INFO]   Loaded 17,136,717 rows
2026-08-18 15:43:22,405 [INFO]   Micro clusters: 194,371
2026-08-18 15:43:22,489 [INFO]   Meso clusters:  187,159
2026-08-18 15:43:22,573 [INFO]   Macro clusters: 186,545
2026-08-18 15:43:37,039 [INFO] 17136717 out of 17136717 rows loaded.
2026-08-18 15:43:37,040 [INFO]   → BigQuery: raw_citation_network_data.classification_raw_20260818_090851
2026-08-18 15:43:40,093 [INFO] 1 out of 1 rows loaded.
2026-08-18 15:43:40,093 [INFO]   → BigQuery: raw_citation_network_data.run_metadata_20260818_090851
2026-08-18 15:43:40,093 [INFO] Done!!!!
