2026-07-21 12:24:34,040 [INFO] ============================================================
2026-07-21 12:24:34,040 [INFO] Configuration
2026-07-21 12:24:34,040 [INFO] ============================================================
2026-07-21 12:24:34,040 [INFO]   BQ_PROJECT              : ocean-tech-adv-analytics-p-usr
2026-07-21 12:24:34,041 [INFO]   AIRAK_DATASET           : ocean-breeze-tier-1.airak
2026-07-21 12:24:34,041 [INFO]   NETWORK_MODE            : ego
2026-07-21 12:24:34,041 [INFO]   START_YEAR              : 2025
2026-07-21 12:24:34,041 [INFO]   END_YEAR                : 2026
2026-07-21 12:24:34,041 [INFO]   TOP_N_JOURNALS          : 5
2026-07-21 12:24:34,041 [INFO]   JOURNAL_IDS_OVERRIDE    : 1675037245440,1589137899520,2336462209024,2774548873217,120259084288,764504178688,1005022347264,558345748481
2026-07-21 12:24:34,041 [INFO]   ENABLE_EDGE_WEIGHTS     : True
2026-07-21 12:24:34,041 [INFO]   TEMPORAL_DECAY_TAU      : 5.0
2026-07-21 12:24:34,041 [INFO]   SELF_CITE_JOURNAL_WEIGHT: 0.5
2026-07-21 12:24:34,041 [INFO]   ENABLE_BC_EDGES         : True
2026-07-21 12:24:34,041 [INFO]   BC_MIN_SHARED_REFS      : 3
2026-07-21 12:24:34,041 [INFO]   MAX_EXTERNAL_PAPERS     : 50000
2026-07-21 12:24:34,041 [INFO]   LOG_DIR              : cwts_logs
2026-07-21 12:24:34,041 [INFO]   RUN_CLASSIFICATION      : True
2026-07-21 12:24:34,041 [INFO]   CWTS_JAR_PATH           : publicationclassification.jar
2026-07-21 12:24:34,041 [INFO]   JAVA_HEAP_SIZE          : 
2026-07-21 12:24:34,041 [INFO] ============================================================
2026-07-21 12:24:34,041 [INFO] ============================================================
2026-07-21 12:24:34,041 [INFO] CWTS Export — Edge Weight Builder
2026-07-21 12:24:34,041 [INFO]   Mode: EGO  |  Years: 2025-2026
2026-07-21 12:24:34,041 [INFO]   Edge weights: ON
2026-07-21 12:24:34,041 [INFO] ============================================================
2026-07-21 12:24:34,041 [INFO] Using specified journal IDs: [1675037245440, 1589137899520, 2336462209024, 2774548873217, 120259084288, 764504178688, 1005022347264, 558345748481]
2026-07-21 12:24:34,041 [INFO] Fetching Frontiers publication IDs...
2026-07-21 12:24:37,064 [INFO]   7,716 Frontiers publications
2026-07-21 12:24:37,064 [INFO] Building ego network (top 50,000 external papers)...
2026-07-21 12:24:37,065 [INFO]   Ego batch 1/1...
2026-07-21 12:24:44,658 [INFO]   Raw edges: 307,724
2026-07-21 12:24:45,037 [INFO]   Filtered: 84,424 edges, 56,105 nodes
2026-07-21 12:24:45,052 [INFO] Fetching metadata for 56,105 nodes...
2026-07-21 12:24:45,057 [INFO]   Metadata batch 1/3...
2026-07-21 12:24:50,460 [INFO]   Metadata batch 2/3...
2026-07-21 12:24:55,447 [INFO]   Metadata batch 3/3...
2026-07-21 12:25:00,003 [INFO]   56,105 nodes (6,978 Frontiers core)
2026-07-21 12:25:00,008 [INFO] Applying edge weights (temporal decay + self-citation discount)...
2026-07-21 12:25:00,362 [INFO]   Decay mean=0.283  |  Self-citations: 1,728
2026-07-21 12:25:00,363 [INFO]   Combined weight mean=0.277
2026-07-21 12:25:00,365 [INFO] Computing bibliographic coupling (min shared refs=3)...
2026-07-21 12:25:00,366 [INFO]   BC batch 1/1...
2026-07-21 12:25:07,495 [INFO]     9,116 BC edges
2026-07-21 12:25:07,497 [INFO]   Total BC edges: 9,116
2026-07-21 12:25:07,498 [INFO] Merging direct citation and BC edges...
2026-07-21 12:25:07,540 [INFO]   Merged: 88,815 edges (mean weight=0.272)
2026-07-21 12:25:07,561 [INFO] Writing CWTS files to cwts_output/  (56,105 nodes)...
2026-07-21 12:25:08,012 [INFO]   pubs.txt        : 56,105 rows  (6,978 Frontiers)
2026-07-21 12:25:11,753 [INFO] 56105 out of 56105 rows loaded.
2026-07-21 12:25:11,753 [INFO]   → BigQuery: raw_citation_network_data.pubs_raw_20260721_122434
2026-07-21 12:25:12,192 [INFO]   pub_metadata.txt: 56,105 rows
2026-07-21 12:25:16,864 [INFO] 56105 out of 56105 rows loaded.
2026-07-21 12:25:16,864 [INFO]   → BigQuery: raw_citation_network_data.pub_metadata_raw_20260721_122434
2026-07-21 12:25:17,370 [INFO]   cit_links.txt   : 177,630 rows  (88,815 unique × 2 directions)
2026-07-21 12:25:21,794 [INFO] 177630 out of 177630 rows loaded.
2026-07-21 12:25:21,794 [INFO]   → BigQuery: raw_citation_network_data.cit_links_raw_20260721_122434
2026-07-21 12:25:21,794 [INFO] ============================================================
2026-07-21 12:25:21,794 [INFO] Running CWTS Classification
2026-07-21 12:25:21,794 [INFO] ============================================================
2026-07-21 12:25:21,794 [INFO]   JAR: publicationclassification.jar
2026-07-21 12:25:21,794 [INFO]   Parameters:
2026-07-21 12:25:21,794 [INFO]     largest_component_only: true
2026-07-21 12:25:21,794 [INFO]     iterations: 100
2026-07-21 12:25:21,794 [INFO]     micro_resolution: 5e-4
2026-07-21 12:25:21,794 [INFO]     micro_min_cluster_size: 1000
2026-07-21 12:25:21,794 [INFO]     meso_resolution: 5e-6
2026-07-21 12:25:21,794 [INFO]     meso_min_cluster_size: 5000
2026-07-21 12:25:21,794 [INFO]     macro_resolution: 1e-6
2026-07-21 12:25:21,794 [INFO]     macro_min_cluster_size: 20000
2026-07-21 12:25:21,794 [INFO]   Running command...
2026-07-21 12:25:26,090 [INFO]   Log written to: cwts_logs/cwts_classification_20260721_122434.log
2026-07-21 12:25:26,090 [INFO]   STDOUT: PublicationClassificationCreator version 1.1.0
By Nees Jan van Eck
Centre for Science and Technology Studies (CWTS), Leiden University

Reading citation network from file... Finished!
Reading citation...
2026-07-21 12:25:26,090 [INFO]   Classification complete: cwts_output/classification.txt
2026-07-21 12:25:26,091 [INFO] Uploading classification to BigQuery...
2026-07-21 12:25:26,099 [INFO]   Loaded 52,373 rows
2026-07-21 12:25:26,099 [INFO]   Micro clusters: 29
2026-07-21 12:25:26,100 [INFO]   Meso clusters:  4
2026-07-21 12:25:26,100 [INFO]   Macro clusters: 2
2026-07-21 12:25:28,945 [INFO] 52373 out of 52373 rows loaded.
2026-07-21 12:25:28,945 [INFO]   → BigQuery: raw_citation_network_data.classification_raw_20260721_122434
2026-07-21 12:25:31,863 [INFO] 1 out of 1 rows loaded.
2026-07-21 12:25:31,863 [INFO]   → BigQuery: raw_citation_network_data.run_metadata_20260721_122434
2026-07-21 12:25:31,863 [INFO] Done!!!!
