2026-06-17 08:26:41,877 [INFO] ============================================================
2026-06-17 08:26:41,877 [INFO] Configuration
2026-06-17 08:26:41,877 [INFO] ============================================================
2026-06-17 08:26:41,877 [INFO]   BQ_PROJECT              : ocean-tech-adv-analytics-p-usr
2026-06-17 08:26:41,877 [INFO]   AIRAK_DATASET           : ocean-breeze-tier-1.airak
2026-06-17 08:26:41,877 [INFO]   NETWORK_MODE            : global
2026-06-17 08:26:41,877 [INFO]   START_YEAR              : 2020
2026-06-17 08:26:41,877 [INFO]   END_YEAR                : 2026
2026-06-17 08:26:41,877 [INFO]   TOP_N_JOURNALS          : 5
2026-06-17 08:26:41,877 [INFO]   JOURNAL_IDS_OVERRIDE    : (none)
2026-06-17 08:26:41,877 [INFO]   ENABLE_EDGE_WEIGHTS     : True
2026-06-17 08:26:41,877 [INFO]   TEMPORAL_DECAY_TAU      : 5.0
2026-06-17 08:26:41,877 [INFO]   SELF_CITE_JOURNAL_WEIGHT: 0.5
2026-06-17 08:26:41,877 [INFO]   ENABLE_BC_EDGES         : True
2026-06-17 08:26:41,877 [INFO]   BC_MIN_SHARED_REFS      : 3
2026-06-17 08:26:41,877 [INFO]   MAX_EXTERNAL_PAPERS     : 50000
2026-06-17 08:26:41,877 [INFO]   OUTPUT_DIR              : cwts_output
2026-06-17 08:26:41,877 [INFO] ============================================================
2026-06-17 08:26:41,877 [INFO] ============================================================
2026-06-17 08:26:41,877 [INFO] CWTS Export — Edge Weight Builder
2026-06-17 08:26:41,877 [INFO]   Mode: GLOBAL  |  Years: 2020-2026
2026-06-17 08:26:41,877 [INFO]   Edge weights: ON
2026-06-17 08:26:41,877 [INFO] ============================================================
2026-06-17 08:26:41,877 [INFO] Fetching top 5 Frontiers journals by publication count...
2026-06-17 08:26:43,712 [INFO]   Journal IDs: [3315714752512, 2405181685761, 2972117368834, 2379411881984, 1013612281856]
2026-06-17 08:26:43,713 [INFO] Fetching Frontiers publication IDs...
2026-06-17 08:26:47,094 [INFO]   160,424 Frontiers publications
2026-06-17 08:26:47,094 [INFO] Building GLOBAL network for 2020-2026 (every publication, no journal filter)...
2026-06-17 10:30:44,028 [INFO]   294,741,048 edges, 31,144,717 nodes (145,993 Frontiers core)
2026-06-17 10:30:44,028 [WARNING] Global mode: disabling bibliographic-coupling edges (no journal scope; query would be unbounded).
2026-06-17 10:30:44,028 [INFO] Fetching metadata for 31,144,717 nodes...
2026-06-17 10:30:45,508 [INFO]   Metadata batch 1/1558...
2026-06-17 10:30:53,627 [INFO]   Metadata batch 2/1558...
2026-06-17 10:30:57,835 [INFO]   Metadata batch 3/1558...
2026-06-17 10:31:01,717 [INFO]   Metadata batch 4/1558...
2026-06-17 10:31:08,860 [INFO]   Metadata batch 5/1558...
2026-06-17 10:31:12,626 [INFO]   Metadata batch 6/1558...
2026-06-17 10:31:16,703 [INFO]   Metadata batch 7/1558...
2026-06-17 10:31:20,905 [INFO]   Metadata batch 8/1558...
2026-06-17 10:31:24,839 [INFO]   Metadata batch 9/1558...
2026-06-17 10:31:29,014 [INFO]   Metadata batch 10/1558...
2026-06-17 10:31:32,800 [INFO]   Metadata batch 11/1558...
2026-06-17 10:31:36,667 [INFO]   Metadata batch 12/1558...
2026-06-17 10:31:40,123 [INFO]   Metadata batch 13/1558...
2026-06-17 10:31:43,963 [INFO]   Metadata batch 14/1558...
2026-06-17 10:31:48,004 [INFO]   Metadata batch 15/1558...
2026-06-17 10:31:51,672 [INFO]   Metadata batch 16/1558...
2026-06-17 10:31:55,402 [INFO]   Metadata batch 17/1558...
2026-06-17 10:31:59,810 [INFO]   Metadata batch 18/1558...
2026-06-17 10:32:04,122 [INFO]   Metadata batch 19/1558...
2026-06-17 10:32:08,609 [INFO]   Metadata batch 20/1558...
2026-06-17 10:32:12,186 [INFO]   Metadata batch 21/1558...
2026-06-17 10:32:16,047 [INFO]   Metadata batch 22/1558...
2026-06-17 10:32:19,866 [INFO]   Metadata batch 23/1558...
2026-06-17 10:32:24,246 [INFO]   Metadata batch 24/1558...
2026-06-17 10:32:28,339 [INFO]   Metadata batch 25/1558...
2026-06-17 10:32:32,296 [INFO]   Metadata batch 26/1558...
2026-06-17 10:32:35,701 [INFO]   Metadata batch 27/1558...
2026-06-17 10:32:39,634 [INFO]   Metadata batch 28/1558...
2026-06-17 10:32:43,500 [INFO]   Metadata batch 29/1558...
2026-06-17 10:32:47,484 [INFO]   Metadata batch 30/1558...
2026-06-17 10:32:51,470 [INFO]   Metadata batch 31/1558...
2026-06-17 10:32:55,099 [INFO]   Metadata batch 32/1558...
2026-06-17 10:32:58,555 [INFO]   Metadata batch 33/1558...
2026-06-17 10:33:02,574 [INFO]   Metadata batch 34/1558...
2026-06-17 10:33:06,590 [INFO]   Metadata batch 35/1558...
2026-06-17 10:33:10,441 [INFO]   Metadata batch 36/1558...
2026-06-17 10:33:14,255 [INFO]   Metadata batch 37/1558...
2026-06-17 10:33:18,525 [INFO]   Metadata batch 38/1558...
2026-06-17 10:33:22,145 [INFO]   Metadata batch 39/1558...
2026-06-17 10:33:25,814 [INFO]   Metadata batch 40/1558...
2026-06-17 10:33:29,773 [INFO]   Metadata batch 41/1558...
2026-06-17 10:33:33,616 [INFO]   Metadata batch 42/1558...
2026-06-17 10:33:37,289 [INFO]   Metadata batch 43/1558...
2026-06-17 10:33:40,703 [INFO]   Metadata batch 44/1558...
2026-06-17 10:33:44,818 [INFO]   Metadata batch 45/1558...
2026-06-17 10:33:48,108 [INFO]   Metadata batch 46/1558...
2026-06-17 10:33:52,102 [INFO]   Metadata batch 47/1558...
2026-06-17 10:33:55,937 [INFO]   Metadata batch 48/1558...
2026-06-17 10:33:59,831 [INFO]   Metadata batch 49/1558...
2026-06-17 10:34:04,159 [INFO]   Metadata batch 50/1558...
2026-06-17 10:34:08,031 [INFO]   Metadata batch 51/1558...
2026-06-17 10:34:11,684 [INFO]   Metadata batch 52/1558...
2026-06-17 10:34:15,596 [INFO]   Metadata batch 53/1558...
2026-06-17 10:34:19,110 [INFO]   Metadata batch 54/1558...
2026-06-17 10:34:22,568 [INFO]   Metadata batch 55/1558...
2026-06-17 10:34:26,115 [INFO]   Metadata batch 56/1558...
2026-06-17 10:34:29,525 [INFO]   Metadata batch 57/1558...
2026-06-17 10:34:33,021 [INFO]   Metadata batch 58/1558...
2026-06-17 10:34:36,951 [INFO]   Metadata batch 59/1558...
2026-06-17 10:34:41,139 [INFO]   Metadata batch 60/1558...
2026-06-17 10:34:44,780 [INFO]   Metadata batch 61/1558...
2026-06-17 10:34:48,393 [INFO]   Metadata batch 62/1558...
2026-06-17 10:34:51,917 [INFO]   Metadata batch 63/1558...
2026-06-17 10:34:55,363 [INFO]   Metadata batch 64/1558...
2026-06-17 10:34:59,055 [INFO]   Metadata batch 65/1558...
2026-06-17 10:35:03,174 [INFO]   Metadata batch 66/1558...
2026-06-17 10:35:07,110 [INFO]   Metadata batch 67/1558...
2026-06-17 10:35:11,233 [INFO]   Metadata batch 68/1558...
2026-06-17 10:35:14,898 [INFO]   Metadata batch 69/1558...
2026-06-17 10:35:18,956 [INFO]   Metadata batch 70/1558...
2026-06-17 10:35:23,147 [INFO]   Metadata batch 71/1558...
2026-06-17 10:35:26,995 [INFO]   Metadata batch 72/1558...
2026-06-17 10:35:30,557 [INFO]   Metadata batch 73/1558...
2026-06-17 10:35:33,894 [INFO]   Metadata batch 74/1558...
2026-06-17 10:35:37,784 [INFO]   Metadata batch 75/1558...
2026-06-17 10:35:41,843 [INFO]   Metadata batch 76/1558...
2026-06-17 10:35:45,723 [INFO]   Metadata batch 77/1558...
2026-06-17 10:35:49,161 [INFO]   Metadata batch 78/1558...
2026-06-17 10:35:53,109 [INFO]   Metadata batch 79/1558...
2026-06-17 10:35:56,518 [INFO]   Metadata batch 80/1558...
2026-06-17 10:36:00,018 [INFO]   Metadata batch 81/1558...
2026-06-17 10:36:04,054 [INFO]   Metadata batch 82/1558...
2026-06-17 10:36:08,281 [INFO]   Metadata batch 83/1558...
2026-06-17 10:36:11,715 [INFO]   Metadata batch 84/1558...
2026-06-17 10:36:15,568 [INFO]   Metadata batch 85/1558...
2026-06-17 10:36:19,170 [INFO]   Metadata batch 86/1558...
2026-06-17 10:36:22,871 [INFO]   Metadata batch 87/1558...
2026-06-17 10:36:26,189 [INFO]   Metadata batch 88/1558...
2026-06-17 10:36:30,170 [INFO]   Metadata batch 89/1558...
2026-06-17 10:36:33,839 [INFO]   Metadata batch 90/1558...
2026-06-17 10:36:38,060 [INFO]   Metadata batch 91/1558...
2026-06-17 10:36:42,032 [INFO]   Metadata batch 92/1558...
2026-06-17 10:36:46,185 [INFO]   Metadata batch 93/1558...
2026-06-17 10:36:50,005 [INFO]   Metadata batch 94/1558...
2026-06-17 10:36:53,460 [INFO]   Metadata batch 95/1558...
2026-06-17 10:36:57,388 [INFO]   Metadata batch 96/1558...
2026-06-17 10:37:00,819 [INFO]   Metadata batch 97/1558...
2026-06-17 10:37:04,314 [INFO]   Metadata batch 98/1558...
2026-06-17 10:37:08,226 [INFO]   Metadata batch 99/1558...
2026-06-17 10:37:12,009 [INFO]   Metadata batch 100/1558...
2026-06-17 10:37:15,900 [INFO]   Metadata batch 101/1558...
2026-06-17 10:37:19,722 [INFO]   Metadata batch 102/1558...
2026-06-17 10:37:23,935 [INFO]   Metadata batch 103/1558...
2026-06-17 10:37:27,973 [INFO]   Metadata batch 104/1558...
2026-06-17 10:37:31,351 [INFO]   Metadata batch 105/1558...
2026-06-17 10:37:34,940 [INFO]   Metadata batch 106/1558...
2026-06-17 10:37:38,569 [INFO]   Metadata batch 107/1558...
2026-06-17 10:37:42,152 [INFO]   Metadata batch 108/1558...
2026-06-17 10:37:45,836 [INFO]   Metadata batch 109/1558...
2026-06-17 10:37:49,945 [INFO]   Metadata batch 110/1558...
2026-06-17 10:37:53,992 [INFO]   Metadata batch 111/1558...
2026-06-17 10:37:57,902 [INFO]   Metadata batch 112/1558...
2026-06-17 10:38:01,674 [INFO]   Metadata batch 113/1558...
2026-06-17 10:38:09,239 [INFO]   Metadata batch 114/1558...
2026-06-17 10:38:12,840 [INFO]   Metadata batch 115/1558...
2026-06-17 10:38:16,743 [INFO]   Metadata batch 116/1558...
2026-06-17 10:38:20,203 [INFO]   Metadata batch 117/1558...
2026-06-17 10:38:24,213 [INFO]   Metadata batch 118/1558...
2026-06-17 10:38:27,915 [INFO]   Metadata batch 119/1558...
2026-06-17 10:38:31,608 [INFO]   Metadata batch 120/1558...
2026-06-17 10:38:34,661 [INFO]   Metadata batch 121/1558...
2026-06-17 10:38:38,672 [INFO]   Metadata batch 122/1558...
2026-06-17 10:38:42,361 [INFO]   Metadata batch 123/1558...
2026-06-17 10:38:46,306 [INFO]   Metadata batch 124/1558...
2026-06-17 10:38:49,971 [INFO]   Metadata batch 125/1558...
2026-06-17 10:38:53,337 [INFO]   Metadata batch 126/1558...
2026-06-17 10:38:57,168 [INFO]   Metadata batch 127/1558...
2026-06-17 10:39:00,481 [INFO]   Metadata batch 128/1558...
2026-06-17 10:39:04,379 [INFO]   Metadata batch 129/1558...
2026-06-17 10:39:08,003 [INFO]   Metadata batch 130/1558...
2026-06-17 10:39:11,674 [INFO]   Metadata batch 131/1558...
2026-06-17 10:39:15,135 [INFO]   Metadata batch 132/1558...
2026-06-17 10:39:18,876 [INFO]   Metadata batch 133/1558...
2026-06-17 10:39:22,519 [INFO]   Metadata batch 134/1558...
2026-06-17 10:39:26,406 [INFO]   Metadata batch 135/1558...
2026-06-17 10:39:29,964 [INFO]   Metadata batch 136/1558...
2026-06-17 10:39:33,469 [INFO]   Metadata batch 137/1558...
2026-06-17 10:39:38,219 [INFO]   Metadata batch 138/1558...
2026-06-17 10:39:41,828 [INFO]   Metadata batch 139/1558...
2026-06-17 10:39:45,782 [INFO]   Metadata batch 140/1558...
2026-06-17 10:39:49,525 [INFO]   Metadata batch 141/1558...
2026-06-17 10:39:53,370 [INFO]   Metadata batch 142/1558...
2026-06-17 10:39:57,889 [INFO]   Metadata batch 143/1558...
2026-06-17 10:40:01,563 [INFO]   Metadata batch 144/1558...
2026-06-17 10:40:05,491 [INFO]   Metadata batch 145/1558...
2026-06-17 10:40:10,010 [INFO]   Metadata batch 146/1558...
2026-06-17 10:40:14,103 [INFO]   Metadata batch 147/1558...
2026-06-17 10:40:17,679 [INFO]   Metadata batch 148/1558...
2026-06-17 10:40:21,456 [INFO]   Metadata batch 149/1558...
2026-06-17 10:40:25,681 [INFO]   Metadata batch 150/1558...
2026-06-17 10:40:29,777 [INFO]   Metadata batch 151/1558...
2026-06-17 10:40:33,723 [INFO]   Metadata batch 152/1558...
2026-06-17 10:40:37,767 [INFO]   Metadata batch 153/1558...
2026-06-17 10:40:41,374 [INFO]   Metadata batch 154/1558...
2026-06-17 10:40:45,268 [INFO]   Metadata batch 155/1558...
2026-06-17 10:40:48,963 [INFO]   Metadata batch 156/1558...
2026-06-17 10:40:52,570 [INFO]   Metadata batch 157/1558...
2026-06-17 10:40:56,504 [INFO]   Metadata batch 158/1558...
2026-06-17 10:41:00,541 [INFO]   Metadata batch 159/1558...
2026-06-17 10:41:05,745 [INFO]   Metadata batch 160/1558...
2026-06-17 10:41:09,437 [INFO]   Metadata batch 161/1558...
2026-06-17 10:41:13,739 [INFO]   Metadata batch 162/1558...
2026-06-17 10:41:17,353 [INFO]   Metadata batch 163/1558...
2026-06-17 10:41:20,999 [INFO]   Metadata batch 164/1558...
2026-06-17 10:41:24,928 [INFO]   Metadata batch 165/1558...
2026-06-17 10:41:29,243 [INFO]   Metadata batch 166/1558...
2026-06-17 10:41:32,739 [INFO]   Metadata batch 167/1558...
2026-06-17 10:41:36,587 [INFO]   Metadata batch 168/1558...
2026-06-17 10:41:40,210 [INFO]   Metadata batch 169/1558...
2026-06-17 10:41:43,995 [INFO]   Metadata batch 170/1558...
2026-06-17 10:41:47,608 [INFO]   Metadata batch 171/1558...
2026-06-17 10:41:51,337 [INFO]   Metadata batch 172/1558...
2026-06-17 10:41:55,257 [INFO]   Metadata batch 173/1558...
2026-06-17 10:41:59,103 [INFO]   Metadata batch 174/1558...
2026-06-17 10:42:02,972 [INFO]   Metadata batch 175/1558...
2026-06-17 10:42:06,669 [INFO]   Metadata batch 176/1558...
2026-06-17 10:42:10,301 [INFO]   Metadata batch 177/1558...
2026-06-17 10:42:14,442 [INFO]   Metadata batch 178/1558...
2026-06-17 10:42:18,038 [INFO]   Metadata batch 179/1558...
2026-06-17 10:42:22,307 [INFO]   Metadata batch 180/1558...
2026-06-17 10:42:25,834 [INFO]   Metadata batch 181/1558...
2026-06-17 10:42:29,638 [INFO]   Metadata batch 182/1558...
2026-06-17 10:42:33,302 [INFO]   Metadata batch 183/1558...
2026-06-17 10:42:36,653 [INFO]   Metadata batch 184/1558...
2026-06-17 10:42:40,921 [INFO]   Metadata batch 185/1558...
2026-06-17 10:42:44,691 [INFO]   Metadata batch 186/1558...
2026-06-17 10:42:48,527 [INFO]   Metadata batch 187/1558...
2026-06-17 10:42:52,061 [INFO]   Metadata batch 188/1558...
2026-06-17 10:42:55,803 [INFO]   Metadata batch 189/1558...
2026-06-17 10:42:59,717 [INFO]   Metadata batch 190/1558...
2026-06-17 10:43:03,391 [INFO]   Metadata batch 191/1558...
2026-06-17 10:43:07,185 [INFO]   Metadata batch 192/1558...
2026-06-17 10:43:10,976 [INFO]   Metadata batch 193/1558...
2026-06-17 10:43:14,281 [INFO]   Metadata batch 194/1558...
2026-06-17 10:43:17,805 [INFO]   Metadata batch 195/1558...
2026-06-17 10:43:21,309 [INFO]   Metadata batch 196/1558...
2026-06-17 10:43:25,162 [INFO]   Metadata batch 197/1558...
2026-06-17 10:43:28,619 [INFO]   Metadata batch 198/1558...
2026-06-17 10:43:32,388 [INFO]   Metadata batch 199/1558...
2026-06-17 10:43:36,021 [INFO]   Metadata batch 200/1558...
2026-06-17 10:43:39,487 [INFO]   Metadata batch 201/1558...
2026-06-17 10:43:43,217 [INFO]   Metadata batch 202/1558...
2026-06-17 10:43:47,593 [INFO]   Metadata batch 203/1558...
2026-06-17 10:43:51,158 [INFO]   Metadata batch 204/1558...
2026-06-17 10:43:54,850 [INFO]   Metadata batch 205/1558...
2026-06-17 10:43:58,798 [INFO]   Metadata batch 206/1558...
2026-06-17 10:44:02,487 [INFO]   Metadata batch 207/1558...
2026-06-17 10:44:06,329 [INFO]   Metadata batch 208/1558...
2026-06-17 10:44:09,729 [INFO]   Metadata batch 209/1558...
2026-06-17 10:44:13,826 [INFO]   Metadata batch 210/1558...
2026-06-17 10:44:17,250 [INFO]   Metadata batch 211/1558...
2026-06-17 10:44:21,215 [INFO]   Metadata batch 212/1558...
2026-06-17 10:44:24,769 [INFO]   Metadata batch 213/1558...
2026-06-17 10:44:28,746 [INFO]   Metadata batch 214/1558...
2026-06-17 10:44:32,638 [INFO]   Metadata batch 215/1558...
2026-06-17 10:44:36,714 [INFO]   Metadata batch 216/1558...
2026-06-17 10:44:40,344 [INFO]   Metadata batch 217/1558...
2026-06-17 10:44:44,328 [INFO]   Metadata batch 218/1558...
2026-06-17 10:44:48,170 [INFO]   Metadata batch 219/1558...
2026-06-17 10:44:51,847 [INFO]   Metadata batch 220/1558...
2026-06-17 10:44:55,260 [INFO]   Metadata batch 221/1558...
2026-06-17 10:44:58,684 [INFO]   Metadata batch 222/1558...
2026-06-17 10:45:02,798 [INFO]   Metadata batch 223/1558...
2026-06-17 10:45:06,207 [INFO]   Metadata batch 224/1558...
2026-06-17 10:45:09,974 [INFO]   Metadata batch 225/1558...
2026-06-17 10:45:14,077 [INFO]   Metadata batch 226/1558...
2026-06-17 10:45:17,900 [INFO]   Metadata batch 227/1558...
2026-06-17 10:45:21,804 [INFO]   Metadata batch 228/1558...
2026-06-17 10:45:25,592 [INFO]   Metadata batch 229/1558...
2026-06-17 10:45:29,327 [INFO]   Metadata batch 230/1558...
2026-06-17 10:45:33,528 [INFO]   Metadata batch 231/1558...
2026-06-17 10:45:37,616 [INFO]   Metadata batch 232/1558...
2026-06-17 10:45:41,662 [INFO]   Metadata batch 233/1558...
2026-06-17 10:45:45,532 [INFO]   Metadata batch 234/1558...
2026-06-17 10:45:49,614 [INFO]   Metadata batch 235/1558...
2026-06-17 10:45:52,738 [INFO]   Metadata batch 236/1558...
2026-06-17 10:45:56,381 [INFO]   Metadata batch 237/1558...
2026-06-17 10:46:00,273 [INFO]   Metadata batch 238/1558...
2026-06-17 10:46:03,877 [INFO]   Metadata batch 239/1558...
2026-06-17 10:46:07,907 [INFO]   Metadata batch 240/1558...
2026-06-17 10:46:11,551 [INFO]   Metadata batch 241/1558...
2026-06-17 10:46:15,542 [INFO]   Metadata batch 242/1558...
2026-06-17 10:46:19,397 [INFO]   Metadata batch 243/1558...
2026-06-17 10:46:23,221 [INFO]   Metadata batch 244/1558...
2026-06-17 10:46:26,807 [INFO]   Metadata batch 245/1558...
2026-06-17 10:46:30,436 [INFO]   Metadata batch 246/1558...
2026-06-17 10:46:38,223 [INFO]   Metadata batch 247/1558...
2026-06-17 10:46:42,172 [INFO]   Metadata batch 248/1558...
2026-06-17 10:46:45,804 [INFO]   Metadata batch 249/1558...
2026-06-17 10:46:49,699 [INFO]   Metadata batch 250/1558...
2026-06-17 10:46:53,045 [INFO]   Metadata batch 251/1558...
2026-06-17 10:46:56,770 [INFO]   Metadata batch 252/1558...
2026-06-17 10:47:00,897 [INFO]   Metadata batch 253/1558...
2026-06-17 10:47:04,550 [INFO]   Metadata batch 254/1558...
2026-06-17 10:47:08,114 [INFO]   Metadata batch 255/1558...
2026-06-17 10:47:11,423 [INFO]   Metadata batch 256/1558...
2026-06-17 10:47:15,068 [INFO]   Metadata batch 257/1558...
2026-06-17 10:47:18,609 [INFO]   Metadata batch 258/1558...
2026-06-17 10:47:22,682 [INFO]   Metadata batch 259/1558...
2026-06-17 10:47:26,649 [INFO]   Metadata batch 260/1558...
2026-06-17 10:47:30,788 [INFO]   Metadata batch 261/1558...
2026-06-17 10:47:34,593 [INFO]   Metadata batch 262/1558...
2026-06-17 10:47:38,457 [INFO]   Metadata batch 263/1558...
2026-06-17 10:47:42,679 [INFO]   Metadata batch 264/1558...
2026-06-17 10:47:46,420 [INFO]   Metadata batch 265/1558...
2026-06-17 10:47:50,088 [INFO]   Metadata batch 266/1558...
2026-06-17 10:47:53,681 [INFO]   Metadata batch 267/1558...
2026-06-17 10:47:57,342 [INFO]   Metadata batch 268/1558...
2026-06-17 10:48:00,874 [INFO]   Metadata batch 269/1558...
2026-06-17 10:48:04,934 [INFO]   Metadata batch 270/1558...
2026-06-17 10:48:08,925 [INFO]   Metadata batch 271/1558...
2026-06-17 10:48:12,627 [INFO]   Metadata batch 272/1558...
2026-06-17 10:48:17,116 [INFO]   Metadata batch 273/1558...
2026-06-17 10:48:20,610 [INFO]   Metadata batch 274/1558...
2026-06-17 10:48:24,402 [INFO]   Metadata batch 275/1558...
2026-06-17 10:48:27,952 [INFO]   Metadata batch 276/1558...
2026-06-17 10:48:31,371 [INFO]   Metadata batch 277/1558...
2026-06-17 10:48:35,392 [INFO]   Metadata batch 278/1558...
2026-06-17 10:48:39,531 [INFO]   Metadata batch 279/1558...
2026-06-17 10:48:43,431 [INFO]   Metadata batch 280/1558...
2026-06-17 10:48:47,038 [INFO]   Metadata batch 281/1558...
2026-06-17 10:48:51,358 [INFO]   Metadata batch 282/1558...
2026-06-17 10:48:54,867 [INFO]   Metadata batch 283/1558...
2026-06-17 10:48:58,791 [INFO]   Metadata batch 284/1558...
2026-06-17 10:49:02,654 [INFO]   Metadata batch 285/1558...
2026-06-17 10:49:06,538 [INFO]   Metadata batch 286/1558...
2026-06-17 10:49:10,377 [INFO]   Metadata batch 287/1558...
2026-06-17 10:49:14,088 [INFO]   Metadata batch 288/1558...
2026-06-17 10:49:17,650 [INFO]   Metadata batch 289/1558...
2026-06-17 10:49:21,511 [INFO]   Metadata batch 290/1558...
2026-06-17 10:49:25,479 [INFO]   Metadata batch 291/1558...
2026-06-17 10:49:29,226 [INFO]   Metadata batch 292/1558...
2026-06-17 10:49:32,816 [INFO]   Metadata batch 293/1558...
2026-06-17 10:49:37,182 [INFO]   Metadata batch 294/1558...
2026-06-17 10:49:41,178 [INFO]   Metadata batch 295/1558...
2026-06-17 10:49:44,976 [INFO]   Metadata batch 296/1558...
2026-06-17 10:49:48,491 [INFO]   Metadata batch 297/1558...
2026-06-17 10:49:52,326 [INFO]   Metadata batch 298/1558...
2026-06-17 10:49:55,950 [INFO]   Metadata batch 299/1558...
2026-06-17 10:49:59,740 [INFO]   Metadata batch 300/1558...
2026-06-17 10:50:03,642 [INFO]   Metadata batch 301/1558...
2026-06-17 10:50:07,359 [INFO]   Metadata batch 302/1558...
2026-06-17 10:50:11,143 [INFO]   Metadata batch 303/1558...
2026-06-17 10:50:15,069 [INFO]   Metadata batch 304/1558...
2026-06-17 10:50:19,448 [INFO]   Metadata batch 305/1558...
2026-06-17 10:50:23,232 [INFO]   Metadata batch 306/1558...
2026-06-17 10:50:27,161 [INFO]   Metadata batch 307/1558...
2026-06-17 10:50:30,845 [INFO]   Metadata batch 308/1558...
2026-06-17 10:50:34,908 [INFO]   Metadata batch 309/1558...
2026-06-17 10:50:38,769 [INFO]   Metadata batch 310/1558...
2026-06-17 10:50:42,885 [INFO]   Metadata batch 311/1558...
2026-06-17 10:50:46,720 [INFO]   Metadata batch 312/1558...
2026-06-17 10:50:50,708 [INFO]   Metadata batch 313/1558...
2026-06-17 10:50:54,482 [INFO]   Metadata batch 314/1558...
2026-06-17 10:50:58,619 [INFO]   Metadata batch 315/1558...
2026-06-17 10:51:02,492 [INFO]   Metadata batch 316/1558...
2026-06-17 10:51:06,022 [INFO]   Metadata batch 317/1558...
2026-06-17 10:51:10,401 [INFO]   Metadata batch 318/1558...
2026-06-17 10:51:14,381 [INFO]   Metadata batch 319/1558...
2026-06-17 10:51:18,150 [INFO]   Metadata batch 320/1558...
2026-06-17 10:51:22,016 [INFO]   Metadata batch 321/1558...
2026-06-17 10:51:25,821 [INFO]   Metadata batch 322/1558...
2026-06-17 10:51:29,347 [INFO]   Metadata batch 323/1558...
2026-06-17 10:51:33,115 [INFO]   Metadata batch 324/1558...
2026-06-17 10:51:37,318 [INFO]   Metadata batch 325/1558...
2026-06-17 10:51:41,051 [INFO]   Metadata batch 326/1558...
2026-06-17 10:51:44,833 [INFO]   Metadata batch 327/1558...
2026-06-17 10:51:48,083 [INFO]   Metadata batch 328/1558...
2026-06-17 10:51:51,631 [INFO]   Metadata batch 329/1558...
2026-06-17 10:51:55,441 [INFO]   Metadata batch 330/1558...
2026-06-17 10:51:59,211 [INFO]   Metadata batch 331/1558...
2026-06-17 10:52:02,733 [INFO]   Metadata batch 332/1558...
2026-06-17 10:52:06,509 [INFO]   Metadata batch 333/1558...
2026-06-17 10:52:10,081 [INFO]   Metadata batch 334/1558...
2026-06-17 10:52:13,798 [INFO]   Metadata batch 335/1558...
2026-06-17 10:52:17,677 [INFO]   Metadata batch 336/1558...
2026-06-17 10:52:22,241 [INFO]   Metadata batch 337/1558...
2026-06-17 10:52:25,964 [INFO]   Metadata batch 338/1558...
2026-06-17 10:52:30,151 [INFO]   Metadata batch 339/1558...
2026-06-17 10:52:33,952 [INFO]   Metadata batch 340/1558...
2026-06-17 10:52:37,621 [INFO]   Metadata batch 341/1558...
2026-06-17 10:52:41,443 [INFO]   Metadata batch 342/1558...
2026-06-17 10:52:45,285 [INFO]   Metadata batch 343/1558...
2026-06-17 10:52:49,082 [INFO]   Metadata batch 344/1558...
2026-06-17 10:52:52,502 [INFO]   Metadata batch 345/1558...
2026-06-17 10:52:56,078 [INFO]   Metadata batch 346/1558...
2026-06-17 10:52:59,692 [INFO]   Metadata batch 347/1558...
2026-06-17 10:53:03,598 [INFO]   Metadata batch 348/1558...
2026-06-17 10:53:07,465 [INFO]   Metadata batch 349/1558...
2026-06-17 10:53:11,575 [INFO]   Metadata batch 350/1558...
2026-06-17 10:53:15,494 [INFO]   Metadata batch 351/1558...
2026-06-17 10:53:19,423 [INFO]   Metadata batch 352/1558...
2026-06-17 10:53:23,188 [INFO]   Metadata batch 353/1558...
2026-06-17 10:53:27,864 [INFO]   Metadata batch 354/1558...
2026-06-17 10:53:31,621 [INFO]   Metadata batch 355/1558...
2026-06-17 10:53:35,378 [INFO]   Metadata batch 356/1558...
2026-06-17 10:53:39,066 [INFO]   Metadata batch 357/1558...
2026-06-17 10:53:42,492 [INFO]   Metadata batch 358/1558...
2026-06-17 10:53:46,133 [INFO]   Metadata batch 359/1558...
2026-06-17 10:53:49,724 [INFO]   Metadata batch 360/1558...
2026-06-17 10:53:53,730 [INFO]   Metadata batch 361/1558...
2026-06-17 10:53:57,623 [INFO]   Metadata batch 362/1558...
2026-06-17 10:54:01,773 [INFO]   Metadata batch 363/1558...
2026-06-17 10:54:05,567 [INFO]   Metadata batch 364/1558...
2026-06-17 10:54:09,512 [INFO]   Metadata batch 365/1558...
2026-06-17 10:54:13,547 [INFO]   Metadata batch 366/1558...
2026-06-17 10:54:17,185 [INFO]   Metadata batch 367/1558...
2026-06-17 10:54:20,941 [INFO]   Metadata batch 368/1558...
2026-06-17 10:54:24,853 [INFO]   Metadata batch 369/1558...
2026-06-17 10:54:28,561 [INFO]   Metadata batch 370/1558...
2026-06-17 10:54:32,410 [INFO]   Metadata batch 371/1558...
2026-06-17 10:54:36,167 [INFO]   Metadata batch 372/1558...
2026-06-17 10:54:40,097 [INFO]   Metadata batch 373/1558...
2026-06-17 10:54:43,716 [INFO]   Metadata batch 374/1558...
2026-06-17 10:54:47,292 [INFO]   Metadata batch 375/1558...
2026-06-17 10:54:51,325 [INFO]   Metadata batch 376/1558...
2026-06-17 10:54:55,117 [INFO]   Metadata batch 377/1558...
2026-06-17 10:54:59,023 [INFO]   Metadata batch 378/1558...
2026-06-17 10:55:02,494 [INFO]   Metadata batch 379/1558...
2026-06-17 10:55:10,103 [INFO]   Metadata batch 380/1558...
2026-06-17 10:55:14,352 [INFO]   Metadata batch 381/1558...
2026-06-17 10:55:18,129 [INFO]   Metadata batch 382/1558...
2026-06-17 10:55:22,929 [INFO]   Metadata batch 383/1558...
2026-06-17 10:55:27,041 [INFO]   Metadata batch 384/1558...
2026-06-17 10:55:30,460 [INFO]   Metadata batch 385/1558...
2026-06-17 10:55:34,138 [INFO]   Metadata batch 386/1558...
2026-06-17 10:55:37,895 [INFO]   Metadata batch 387/1558...
2026-06-17 10:55:42,063 [INFO]   Metadata batch 388/1558...
2026-06-17 10:55:46,282 [INFO]   Metadata batch 389/1558...
2026-06-17 10:55:50,006 [INFO]   Metadata batch 390/1558...
2026-06-17 10:55:53,683 [INFO]   Metadata batch 391/1558...
2026-06-17 10:55:57,038 [INFO]   Metadata batch 392/1558...
2026-06-17 10:56:00,861 [INFO]   Metadata batch 393/1558...
2026-06-17 10:56:04,418 [INFO]   Metadata batch 394/1558...
2026-06-17 10:56:08,267 [INFO]   Metadata batch 395/1558...
2026-06-17 10:56:12,342 [INFO]   Metadata batch 396/1558...
2026-06-17 10:56:16,315 [INFO]   Metadata batch 397/1558...
2026-06-17 10:56:20,433 [INFO]   Metadata batch 398/1558...
2026-06-17 10:56:24,146 [INFO]   Metadata batch 399/1558...
2026-06-17 10:56:28,105 [INFO]   Metadata batch 400/1558...
2026-06-17 10:56:31,560 [INFO]   Metadata batch 401/1558...
2026-06-17 10:56:35,601 [INFO]   Metadata batch 402/1558...
2026-06-17 10:56:39,318 [INFO]   Metadata batch 403/1558...
2026-06-17 10:56:43,002 [INFO]   Metadata batch 404/1558...
2026-06-17 10:56:47,226 [INFO]   Metadata batch 405/1558...
2026-06-17 10:56:51,189 [INFO]   Metadata batch 406/1558...
2026-06-17 10:56:54,910 [INFO]   Metadata batch 407/1558...
2026-06-17 10:56:59,249 [INFO]   Metadata batch 408/1558...
2026-06-17 10:57:02,999 [INFO]   Metadata batch 409/1558...
2026-06-17 10:57:07,006 [INFO]   Metadata batch 410/1558...
2026-06-17 10:57:10,892 [INFO]   Metadata batch 411/1558...
2026-06-17 10:57:14,787 [INFO]   Metadata batch 412/1558...
2026-06-17 10:57:18,787 [INFO]   Metadata batch 413/1558...
2026-06-17 10:57:22,759 [INFO]   Metadata batch 414/1558...
2026-06-17 10:57:26,707 [INFO]   Metadata batch 415/1558...
2026-06-17 10:57:30,785 [INFO]   Metadata batch 416/1558...
2026-06-17 10:57:34,457 [INFO]   Metadata batch 417/1558...
2026-06-17 10:57:37,884 [INFO]   Metadata batch 418/1558...
2026-06-17 10:57:42,130 [INFO]   Metadata batch 419/1558...
2026-06-17 10:57:46,433 [INFO]   Metadata batch 420/1558...
2026-06-17 10:57:50,221 [INFO]   Metadata batch 421/1558...
2026-06-17 10:57:53,863 [INFO]   Metadata batch 422/1558...
2026-06-17 10:57:58,308 [INFO]   Metadata batch 423/1558...
2026-06-17 10:58:02,212 [INFO]   Metadata batch 424/1558...
2026-06-17 10:58:06,426 [INFO]   Metadata batch 425/1558...
2026-06-17 10:58:10,029 [INFO]   Metadata batch 426/1558...
2026-06-17 10:58:13,868 [INFO]   Metadata batch 427/1558...
2026-06-17 10:58:18,170 [INFO]   Metadata batch 428/1558...
2026-06-17 10:58:22,291 [INFO]   Metadata batch 429/1558...
2026-06-17 10:58:26,806 [INFO]   Metadata batch 430/1558...
2026-06-17 10:58:30,373 [INFO]   Metadata batch 431/1558...
2026-06-17 10:58:33,893 [INFO]   Metadata batch 432/1558...
2026-06-17 10:58:37,079 [INFO]   Metadata batch 433/1558...
2026-06-17 10:58:40,863 [INFO]   Metadata batch 434/1558...
2026-06-17 10:58:44,537 [INFO]   Metadata batch 435/1558...
2026-06-17 10:58:48,469 [INFO]   Metadata batch 436/1558...
2026-06-17 10:58:51,821 [INFO]   Metadata batch 437/1558...
2026-06-17 10:58:55,096 [INFO]   Metadata batch 438/1558...
2026-06-17 10:58:58,984 [INFO]   Metadata batch 439/1558...
2026-06-17 10:59:02,343 [INFO]   Metadata batch 440/1558...
2026-06-17 10:59:05,670 [INFO]   Metadata batch 441/1558...
2026-06-17 10:59:09,547 [INFO]   Metadata batch 442/1558...
2026-06-17 10:59:14,000 [INFO]   Metadata batch 443/1558...
2026-06-17 10:59:17,509 [INFO]   Metadata batch 444/1558...
2026-06-17 10:59:21,075 [INFO]   Metadata batch 445/1558...
2026-06-17 10:59:24,999 [INFO]   Metadata batch 446/1558...
2026-06-17 10:59:29,192 [INFO]   Metadata batch 447/1558...
2026-06-17 10:59:33,032 [INFO]   Metadata batch 448/1558...
2026-06-17 10:59:36,756 [INFO]   Metadata batch 449/1558...
2026-06-17 10:59:40,290 [INFO]   Metadata batch 450/1558...
2026-06-17 10:59:43,816 [INFO]   Metadata batch 451/1558...
2026-06-17 10:59:47,722 [INFO]   Metadata batch 452/1558...
2026-06-17 10:59:51,426 [INFO]   Metadata batch 453/1558...
2026-06-17 10:59:55,242 [INFO]   Metadata batch 454/1558...
2026-06-17 10:59:59,067 [INFO]   Metadata batch 455/1558...
2026-06-17 11:00:02,791 [INFO]   Metadata batch 456/1558...
2026-06-17 11:00:06,865 [INFO]   Metadata batch 457/1558...
2026-06-17 11:00:11,068 [INFO]   Metadata batch 458/1558...
2026-06-17 11:00:15,551 [INFO]   Metadata batch 459/1558...
2026-06-17 11:00:19,644 [INFO]   Metadata batch 460/1558...
2026-06-17 11:00:23,660 [INFO]   Metadata batch 461/1558...
2026-06-17 11:00:27,609 [INFO]   Metadata batch 462/1558...
2026-06-17 11:00:32,618 [INFO]   Metadata batch 463/1558...
2026-06-17 11:00:36,675 [INFO]   Metadata batch 464/1558...
2026-06-17 11:00:41,501 [INFO]   Metadata batch 465/1558...
2026-06-17 11:00:45,785 [INFO]   Metadata batch 466/1558...
2026-06-17 11:00:49,972 [INFO]   Metadata batch 467/1558...
2026-06-17 11:00:53,669 [INFO]   Metadata batch 468/1558...
2026-06-17 11:00:58,230 [INFO]   Metadata batch 469/1558...
2026-06-17 11:01:02,849 [INFO]   Metadata batch 470/1558...
2026-06-17 11:01:06,680 [INFO]   Metadata batch 471/1558...
2026-06-17 11:01:10,967 [INFO]   Metadata batch 472/1558...
2026-06-17 11:01:14,773 [INFO]   Metadata batch 473/1558...
2026-06-17 11:01:18,283 [INFO]   Metadata batch 474/1558...
2026-06-17 11:01:22,096 [INFO]   Metadata batch 475/1558...
2026-06-17 11:01:26,463 [INFO]   Metadata batch 476/1558...
2026-06-17 11:01:30,921 [INFO]   Metadata batch 477/1558...
2026-06-17 11:01:35,593 [INFO]   Metadata batch 478/1558...
2026-06-17 11:01:39,903 [INFO]   Metadata batch 479/1558...
2026-06-17 11:01:44,833 [INFO]   Metadata batch 480/1558...
2026-06-17 11:01:48,665 [INFO]   Metadata batch 481/1558...
2026-06-17 11:01:53,121 [INFO]   Metadata batch 482/1558...
2026-06-17 11:01:56,828 [INFO]   Metadata batch 483/1558...
2026-06-17 11:02:00,966 [INFO]   Metadata batch 484/1558...
2026-06-17 11:02:04,914 [INFO]   Metadata batch 485/1558...
2026-06-17 11:02:09,098 [INFO]   Metadata batch 486/1558...
2026-06-17 11:02:12,618 [INFO]   Metadata batch 487/1558...
2026-06-17 11:02:16,959 [INFO]   Metadata batch 488/1558...
2026-06-17 11:02:21,225 [INFO]   Metadata batch 489/1558...
2026-06-17 11:02:25,366 [INFO]   Metadata batch 490/1558...
2026-06-17 11:02:29,369 [INFO]   Metadata batch 491/1558...
2026-06-17 11:02:33,778 [INFO]   Metadata batch 492/1558...
2026-06-17 11:02:38,226 [INFO]   Metadata batch 493/1558...
2026-06-17 11:02:42,362 [INFO]   Metadata batch 494/1558...
2026-06-17 11:02:47,130 [INFO]   Metadata batch 495/1558...
2026-06-17 11:02:50,704 [INFO]   Metadata batch 496/1558...
2026-06-17 11:02:55,393 [INFO]   Metadata batch 497/1558...
2026-06-17 11:02:59,112 [INFO]   Metadata batch 498/1558...
2026-06-17 11:03:03,406 [INFO]   Metadata batch 499/1558...
2026-06-17 11:03:08,277 [INFO]   Metadata batch 500/1558...
2026-06-17 11:03:12,532 [INFO]   Metadata batch 501/1558...
2026-06-17 11:03:16,227 [INFO]   Metadata batch 502/1558...
2026-06-17 11:03:19,634 [INFO]   Metadata batch 503/1558...
2026-06-17 11:03:23,736 [INFO]   Metadata batch 504/1558...
2026-06-17 11:03:28,195 [INFO]   Metadata batch 505/1558...
2026-06-17 11:03:31,735 [INFO]   Metadata batch 506/1558...
2026-06-17 11:03:35,797 [INFO]   Metadata batch 507/1558...
2026-06-17 11:03:40,250 [INFO]   Metadata batch 508/1558...
2026-06-17 11:03:44,258 [INFO]   Metadata batch 509/1558...
2026-06-17 11:03:48,660 [INFO]   Metadata batch 510/1558...
2026-06-17 11:03:52,756 [INFO]   Metadata batch 511/1558...
2026-06-17 11:03:56,683 [INFO]   Metadata batch 512/1558...
2026-06-17 11:04:04,203 [INFO]   Metadata batch 513/1558...
2026-06-17 11:04:08,006 [INFO]   Metadata batch 514/1558...
2026-06-17 11:04:11,624 [INFO]   Metadata batch 515/1558...
2026-06-17 11:04:15,497 [INFO]   Metadata batch 516/1558...
2026-06-17 11:04:19,183 [INFO]   Metadata batch 517/1558...
2026-06-17 11:04:23,133 [INFO]   Metadata batch 518/1558...
2026-06-17 11:04:26,691 [INFO]   Metadata batch 519/1558...
2026-06-17 11:04:30,863 [INFO]   Metadata batch 520/1558...
2026-06-17 11:04:34,690 [INFO]   Metadata batch 521/1558...
2026-06-17 11:04:39,015 [INFO]   Metadata batch 522/1558...
2026-06-17 11:04:42,468 [INFO]   Metadata batch 523/1558...
2026-06-17 11:04:46,856 [INFO]   Metadata batch 524/1558...
2026-06-17 11:04:50,432 [INFO]   Metadata batch 525/1558...
2026-06-17 11:04:54,385 [INFO]   Metadata batch 526/1558...
2026-06-17 11:04:58,212 [INFO]   Metadata batch 527/1558...
2026-06-17 11:05:02,078 [INFO]   Metadata batch 528/1558...
2026-06-17 11:05:06,329 [INFO]   Metadata batch 529/1558...
2026-06-17 11:05:10,731 [INFO]   Metadata batch 530/1558...
2026-06-17 11:05:14,471 [INFO]   Metadata batch 531/1558...
2026-06-17 11:05:18,214 [INFO]   Metadata batch 532/1558...
2026-06-17 11:05:22,085 [INFO]   Metadata batch 533/1558...
2026-06-17 11:05:26,362 [INFO]   Metadata batch 534/1558...
2026-06-17 11:05:30,241 [INFO]   Metadata batch 535/1558...
2026-06-17 11:05:34,029 [INFO]   Metadata batch 536/1558...
2026-06-17 11:05:37,854 [INFO]   Metadata batch 537/1558...
2026-06-17 11:05:41,607 [INFO]   Metadata batch 538/1558...
2026-06-17 11:05:45,559 [INFO]   Metadata batch 539/1558...
2026-06-17 11:05:49,407 [INFO]   Metadata batch 540/1558...
2026-06-17 11:05:53,372 [INFO]   Metadata batch 541/1558...
2026-06-17 11:05:57,195 [INFO]   Metadata batch 542/1558...
2026-06-17 11:06:01,212 [INFO]   Metadata batch 543/1558...
2026-06-17 11:06:05,205 [INFO]   Metadata batch 544/1558...
2026-06-17 11:06:09,214 [INFO]   Metadata batch 545/1558...
2026-06-17 11:06:13,767 [INFO]   Metadata batch 546/1558...
2026-06-17 11:06:17,791 [INFO]   Metadata batch 547/1558...
2026-06-17 11:06:22,040 [INFO]   Metadata batch 548/1558...
2026-06-17 11:06:26,494 [INFO]   Metadata batch 549/1558...
2026-06-17 11:06:30,248 [INFO]   Metadata batch 550/1558...
2026-06-17 11:06:34,169 [INFO]   Metadata batch 551/1558...
2026-06-17 11:06:37,866 [INFO]   Metadata batch 552/1558...
2026-06-17 11:06:41,854 [INFO]   Metadata batch 553/1558...
2026-06-17 11:06:45,881 [INFO]   Metadata batch 554/1558...
2026-06-17 11:06:49,740 [INFO]   Metadata batch 555/1558...
2026-06-17 11:06:53,830 [INFO]   Metadata batch 556/1558...
2026-06-17 11:06:57,918 [INFO]   Metadata batch 557/1558...
2026-06-17 11:07:01,725 [INFO]   Metadata batch 558/1558...
2026-06-17 11:07:05,419 [INFO]   Metadata batch 559/1558...
2026-06-17 11:07:10,092 [INFO]   Metadata batch 560/1558...
2026-06-17 11:07:13,944 [INFO]   Metadata batch 561/1558...
2026-06-17 11:07:17,820 [INFO]   Metadata batch 562/1558...
2026-06-17 11:07:21,761 [INFO]   Metadata batch 563/1558...
2026-06-17 11:07:25,612 [INFO]   Metadata batch 564/1558...
2026-06-17 11:07:29,499 [INFO]   Metadata batch 565/1558...
2026-06-17 11:07:33,448 [INFO]   Metadata batch 566/1558...
2026-06-17 11:07:37,447 [INFO]   Metadata batch 567/1558...
2026-06-17 11:07:40,853 [INFO]   Metadata batch 568/1558...
2026-06-17 11:07:45,195 [INFO]   Metadata batch 569/1558...
2026-06-17 11:07:49,373 [INFO]   Metadata batch 570/1558...
2026-06-17 11:07:53,192 [INFO]   Metadata batch 571/1558...
2026-06-17 11:07:57,721 [INFO]   Metadata batch 572/1558...
2026-06-17 11:08:01,603 [INFO]   Metadata batch 573/1558...
2026-06-17 11:08:05,484 [INFO]   Metadata batch 574/1558...
2026-06-17 11:08:09,333 [INFO]   Metadata batch 575/1558...
2026-06-17 11:08:12,984 [INFO]   Metadata batch 576/1558...
2026-06-17 11:08:16,710 [INFO]   Metadata batch 577/1558...
2026-06-17 11:08:20,807 [INFO]   Metadata batch 578/1558...
2026-06-17 11:08:24,638 [INFO]   Metadata batch 579/1558...
2026-06-17 11:08:28,594 [INFO]   Metadata batch 580/1558...
2026-06-17 11:08:33,104 [INFO]   Metadata batch 581/1558...
2026-06-17 11:08:37,205 [INFO]   Metadata batch 582/1558...
2026-06-17 11:08:41,565 [INFO]   Metadata batch 583/1558...
2026-06-17 11:08:45,843 [INFO]   Metadata batch 584/1558...
2026-06-17 11:08:49,990 [INFO]   Metadata batch 585/1558...
2026-06-17 11:08:55,769 [INFO]   Metadata batch 586/1558...
2026-06-17 11:08:59,295 [INFO]   Metadata batch 587/1558...
2026-06-17 11:09:03,607 [INFO]   Metadata batch 588/1558...
2026-06-17 11:09:07,580 [INFO]   Metadata batch 589/1558...
2026-06-17 11:09:11,542 [INFO]   Metadata batch 590/1558...
2026-06-17 11:09:15,180 [INFO]   Metadata batch 591/1558...
2026-06-17 11:09:19,034 [INFO]   Metadata batch 592/1558...
2026-06-17 11:09:22,712 [INFO]   Metadata batch 593/1558...
2026-06-17 11:09:26,629 [INFO]   Metadata batch 594/1558...
2026-06-17 11:09:31,234 [INFO]   Metadata batch 595/1558...
2026-06-17 11:09:35,157 [INFO]   Metadata batch 596/1558...
2026-06-17 11:09:38,870 [INFO]   Metadata batch 597/1558...
2026-06-17 11:09:42,424 [INFO]   Metadata batch 598/1558...
2026-06-17 11:09:46,485 [INFO]   Metadata batch 599/1558...
2026-06-17 11:09:49,997 [INFO]   Metadata batch 600/1558...
2026-06-17 11:09:53,995 [INFO]   Metadata batch 601/1558...
2026-06-17 11:09:57,938 [INFO]   Metadata batch 602/1558...
2026-06-17 11:10:01,776 [INFO]   Metadata batch 603/1558...
2026-06-17 11:10:05,585 [INFO]   Metadata batch 604/1558...
2026-06-17 11:10:09,819 [INFO]   Metadata batch 605/1558...
2026-06-17 11:10:14,227 [INFO]   Metadata batch 606/1558...
2026-06-17 11:10:17,786 [INFO]   Metadata batch 607/1558...
2026-06-17 11:10:21,742 [INFO]   Metadata batch 608/1558...
2026-06-17 11:10:25,830 [INFO]   Metadata batch 609/1558...
2026-06-17 11:10:30,288 [INFO]   Metadata batch 610/1558...
2026-06-17 11:10:34,677 [INFO]   Metadata batch 611/1558...
2026-06-17 11:10:38,338 [INFO]   Metadata batch 612/1558...
2026-06-17 11:10:42,434 [INFO]   Metadata batch 613/1558...
2026-06-17 11:10:46,482 [INFO]   Metadata batch 614/1558...
2026-06-17 11:10:51,214 [INFO]   Metadata batch 615/1558...
2026-06-17 11:10:55,422 [INFO]   Metadata batch 616/1558...
2026-06-17 11:10:59,564 [INFO]   Metadata batch 617/1558...
2026-06-17 11:11:03,394 [INFO]   Metadata batch 618/1558...
2026-06-17 11:11:07,838 [INFO]   Metadata batch 619/1558...
2026-06-17 11:11:12,106 [INFO]   Metadata batch 620/1558...
2026-06-17 11:11:15,716 [INFO]   Metadata batch 621/1558...
2026-06-17 11:11:19,426 [INFO]   Metadata batch 622/1558...
2026-06-17 11:11:23,521 [INFO]   Metadata batch 623/1558...
2026-06-17 11:11:27,326 [INFO]   Metadata batch 624/1558...
2026-06-17 11:11:31,000 [INFO]   Metadata batch 625/1558...
2026-06-17 11:11:35,352 [INFO]   Metadata batch 626/1558...
2026-06-17 11:11:39,111 [INFO]   Metadata batch 627/1558...
2026-06-17 11:11:43,149 [INFO]   Metadata batch 628/1558...
2026-06-17 11:11:47,035 [INFO]   Metadata batch 629/1558...
2026-06-17 11:11:51,014 [INFO]   Metadata batch 630/1558...
2026-06-17 11:11:54,786 [INFO]   Metadata batch 631/1558...
2026-06-17 11:11:58,608 [INFO]   Metadata batch 632/1558...
2026-06-17 11:12:02,833 [INFO]   Metadata batch 633/1558...
2026-06-17 11:12:07,099 [INFO]   Metadata batch 634/1558...
2026-06-17 11:12:11,009 [INFO]   Metadata batch 635/1558...
2026-06-17 11:12:14,564 [INFO]   Metadata batch 636/1558...
2026-06-17 11:12:18,532 [INFO]   Metadata batch 637/1558...
2026-06-17 11:12:22,501 [INFO]   Metadata batch 638/1558...
2026-06-17 11:12:25,976 [INFO]   Metadata batch 639/1558...
2026-06-17 11:12:29,444 [INFO]   Metadata batch 640/1558...
2026-06-17 11:12:33,297 [INFO]   Metadata batch 641/1558...
2026-06-17 11:12:36,759 [INFO]   Metadata batch 642/1558...
2026-06-17 11:12:40,312 [INFO]   Metadata batch 643/1558...
2026-06-17 11:12:44,174 [INFO]   Metadata batch 644/1558...
2026-06-17 11:12:48,526 [INFO]   Metadata batch 645/1558...
2026-06-17 11:12:56,709 [INFO]   Metadata batch 646/1558...
2026-06-17 11:13:00,460 [INFO]   Metadata batch 647/1558...
2026-06-17 11:13:04,278 [INFO]   Metadata batch 648/1558...
2026-06-17 11:13:07,958 [INFO]   Metadata batch 649/1558...
2026-06-17 11:13:11,554 [INFO]   Metadata batch 650/1558...
2026-06-17 11:13:15,381 [INFO]   Metadata batch 651/1558...
2026-06-17 11:13:19,523 [INFO]   Metadata batch 652/1558...
2026-06-17 11:13:23,164 [INFO]   Metadata batch 653/1558...
2026-06-17 11:13:26,935 [INFO]   Metadata batch 654/1558...
2026-06-17 11:13:30,824 [INFO]   Metadata batch 655/1558...
2026-06-17 11:13:34,920 [INFO]   Metadata batch 656/1558...
2026-06-17 11:13:38,755 [INFO]   Metadata batch 657/1558...
2026-06-17 11:13:42,248 [INFO]   Metadata batch 658/1558...
2026-06-17 11:13:46,063 [INFO]   Metadata batch 659/1558...
2026-06-17 11:13:49,682 [INFO]   Metadata batch 660/1558...
2026-06-17 11:13:53,567 [INFO]   Metadata batch 661/1558...
2026-06-17 11:13:57,569 [INFO]   Metadata batch 662/1558...
2026-06-17 11:14:01,020 [INFO]   Metadata batch 663/1558...
2026-06-17 11:14:04,651 [INFO]   Metadata batch 664/1558...
2026-06-17 11:14:08,271 [INFO]   Metadata batch 665/1558...
2026-06-17 11:14:11,949 [INFO]   Metadata batch 666/1558...
2026-06-17 11:14:15,575 [INFO]   Metadata batch 667/1558...
2026-06-17 11:14:19,177 [INFO]   Metadata batch 668/1558...
2026-06-17 11:14:23,357 [INFO]   Metadata batch 669/1558...
2026-06-17 11:14:27,239 [INFO]   Metadata batch 670/1558...
2026-06-17 11:14:30,650 [INFO]   Metadata batch 671/1558...
2026-06-17 11:14:34,118 [INFO]   Metadata batch 672/1558...
2026-06-17 11:14:37,890 [INFO]   Metadata batch 673/1558...
2026-06-17 11:14:41,839 [INFO]   Metadata batch 674/1558...
2026-06-17 11:14:45,379 [INFO]   Metadata batch 675/1558...
2026-06-17 11:14:48,879 [INFO]   Metadata batch 676/1558...
2026-06-17 11:14:52,567 [INFO]   Metadata batch 677/1558...
2026-06-17 11:14:56,483 [INFO]   Metadata batch 678/1558...
2026-06-17 11:15:00,650 [INFO]   Metadata batch 679/1558...
2026-06-17 11:15:04,872 [INFO]   Metadata batch 680/1558...
2026-06-17 11:15:08,525 [INFO]   Metadata batch 681/1558...
2026-06-17 11:15:12,252 [INFO]   Metadata batch 682/1558...
2026-06-17 11:15:16,280 [INFO]   Metadata batch 683/1558...
2026-06-17 11:15:19,938 [INFO]   Metadata batch 684/1558...
2026-06-17 11:15:24,028 [INFO]   Metadata batch 685/1558...
2026-06-17 11:15:27,970 [INFO]   Metadata batch 686/1558...
2026-06-17 11:15:32,112 [INFO]   Metadata batch 687/1558...
2026-06-17 11:15:36,468 [INFO]   Metadata batch 688/1558...
2026-06-17 11:15:40,596 [INFO]   Metadata batch 689/1558...
2026-06-17 11:15:44,997 [INFO]   Metadata batch 690/1558...
2026-06-17 11:15:48,713 [INFO]   Metadata batch 691/1558...
2026-06-17 11:15:52,957 [INFO]   Metadata batch 692/1558...
2026-06-17 11:15:57,007 [INFO]   Metadata batch 693/1558...
2026-06-17 11:16:01,015 [INFO]   Metadata batch 694/1558...
2026-06-17 11:16:05,342 [INFO]   Metadata batch 695/1558...
2026-06-17 11:16:09,830 [INFO]   Metadata batch 696/1558...
2026-06-17 11:16:14,054 [INFO]   Metadata batch 697/1558...
2026-06-17 11:16:18,019 [INFO]   Metadata batch 698/1558...
2026-06-17 11:16:22,457 [INFO]   Metadata batch 699/1558...
2026-06-17 11:16:26,127 [INFO]   Metadata batch 700/1558...
2026-06-17 11:16:30,806 [INFO]   Metadata batch 701/1558...
2026-06-17 11:16:34,562 [INFO]   Metadata batch 702/1558...
2026-06-17 11:16:38,442 [INFO]   Metadata batch 703/1558...
2026-06-17 11:16:42,399 [INFO]   Metadata batch 704/1558...
2026-06-17 11:16:46,744 [INFO]   Metadata batch 705/1558...
2026-06-17 11:16:51,311 [INFO]   Metadata batch 706/1558...
2026-06-17 11:16:55,396 [INFO]   Metadata batch 707/1558...
2026-06-17 11:16:58,966 [INFO]   Metadata batch 708/1558...
2026-06-17 11:17:03,177 [INFO]   Metadata batch 709/1558...
2026-06-17 11:17:06,724 [INFO]   Metadata batch 710/1558...
2026-06-17 11:17:10,580 [INFO]   Metadata batch 711/1558...
2026-06-17 11:17:14,383 [INFO]   Metadata batch 712/1558...
2026-06-17 11:17:18,171 [INFO]   Metadata batch 713/1558...
2026-06-17 11:17:22,286 [INFO]   Metadata batch 714/1558...
2026-06-17 11:17:26,406 [INFO]   Metadata batch 715/1558...
2026-06-17 11:17:30,295 [INFO]   Metadata batch 716/1558...
2026-06-17 11:17:34,375 [INFO]   Metadata batch 717/1558...
2026-06-17 11:17:38,137 [INFO]   Metadata batch 718/1558...
2026-06-17 11:17:42,380 [INFO]   Metadata batch 719/1558...
2026-06-17 11:17:46,749 [INFO]   Metadata batch 720/1558...
2026-06-17 11:17:50,837 [INFO]   Metadata batch 721/1558...
2026-06-17 11:17:54,633 [INFO]   Metadata batch 722/1558...
2026-06-17 11:17:58,705 [INFO]   Metadata batch 723/1558...
2026-06-17 11:18:02,507 [INFO]   Metadata batch 724/1558...
2026-06-17 11:18:06,706 [INFO]   Metadata batch 725/1558...
2026-06-17 11:18:11,038 [INFO]   Metadata batch 726/1558...
2026-06-17 11:18:14,824 [INFO]   Metadata batch 727/1558...
2026-06-17 11:18:18,822 [INFO]   Metadata batch 728/1558...
2026-06-17 11:18:22,460 [INFO]   Metadata batch 729/1558...
2026-06-17 11:18:26,373 [INFO]   Metadata batch 730/1558...
2026-06-17 11:18:30,416 [INFO]   Metadata batch 731/1558...
2026-06-17 11:18:33,911 [INFO]   Metadata batch 732/1558...
2026-06-17 11:18:37,462 [INFO]   Metadata batch 733/1558...
2026-06-17 11:18:41,302 [INFO]   Metadata batch 734/1558...
2026-06-17 11:18:44,937 [INFO]   Metadata batch 735/1558...
2026-06-17 11:18:48,263 [INFO]   Metadata batch 736/1558...
2026-06-17 11:18:51,569 [INFO]   Metadata batch 737/1558...
2026-06-17 11:18:54,932 [INFO]   Metadata batch 738/1558...
2026-06-17 11:18:58,495 [INFO]   Metadata batch 739/1558...
2026-06-17 11:19:02,026 [INFO]   Metadata batch 740/1558...
2026-06-17 11:19:05,945 [INFO]   Metadata batch 741/1558...
2026-06-17 11:19:09,695 [INFO]   Metadata batch 742/1558...
2026-06-17 11:19:13,854 [INFO]   Metadata batch 743/1558...
2026-06-17 11:19:18,119 [INFO]   Metadata batch 744/1558...
2026-06-17 11:19:22,145 [INFO]   Metadata batch 745/1558...
2026-06-17 11:19:26,004 [INFO]   Metadata batch 746/1558...
2026-06-17 11:19:30,094 [INFO]   Metadata batch 747/1558...
2026-06-17 11:19:33,925 [INFO]   Metadata batch 748/1558...
2026-06-17 11:19:37,613 [INFO]   Metadata batch 749/1558...
2026-06-17 11:19:41,124 [INFO]   Metadata batch 750/1558...
2026-06-17 11:19:45,369 [INFO]   Metadata batch 751/1558...
2026-06-17 11:19:49,190 [INFO]   Metadata batch 752/1558...
2026-06-17 11:19:52,737 [INFO]   Metadata batch 753/1558...
2026-06-17 11:19:56,460 [INFO]   Metadata batch 754/1558...
2026-06-17 11:20:00,054 [INFO]   Metadata batch 755/1558...
2026-06-17 11:20:03,713 [INFO]   Metadata batch 756/1558...
2026-06-17 11:20:08,229 [INFO]   Metadata batch 757/1558...
2026-06-17 11:20:12,196 [INFO]   Metadata batch 758/1558...
2026-06-17 11:20:16,404 [INFO]   Metadata batch 759/1558...
2026-06-17 11:20:20,331 [INFO]   Metadata batch 760/1558...
2026-06-17 11:20:24,029 [INFO]   Metadata batch 761/1558...
2026-06-17 11:20:28,193 [INFO]   Metadata batch 762/1558...
2026-06-17 11:20:31,958 [INFO]   Metadata batch 763/1558...
2026-06-17 11:20:35,614 [INFO]   Metadata batch 764/1558...
2026-06-17 11:20:39,432 [INFO]   Metadata batch 765/1558...
2026-06-17 11:20:43,867 [INFO]   Metadata batch 766/1558...
2026-06-17 11:20:48,140 [INFO]   Metadata batch 767/1558...
2026-06-17 11:20:52,328 [INFO]   Metadata batch 768/1558...
2026-06-17 11:20:55,764 [INFO]   Metadata batch 769/1558...
2026-06-17 11:20:59,605 [INFO]   Metadata batch 770/1558...
2026-06-17 11:21:03,207 [INFO]   Metadata batch 771/1558...
2026-06-17 11:21:07,336 [INFO]   Metadata batch 772/1558...
2026-06-17 11:21:11,039 [INFO]   Metadata batch 773/1558...
2026-06-17 11:21:14,975 [INFO]   Metadata batch 774/1558...
2026-06-17 11:21:18,862 [INFO]   Metadata batch 775/1558...
2026-06-17 11:21:22,832 [INFO]   Metadata batch 776/1558...
2026-06-17 11:21:26,906 [INFO]   Metadata batch 777/1558...
2026-06-17 11:21:30,722 [INFO]   Metadata batch 778/1558...
2026-06-17 11:21:39,326 [INFO]   Metadata batch 779/1558...
2026-06-17 11:21:43,321 [INFO]   Metadata batch 780/1558...
2026-06-17 11:21:46,838 [INFO]   Metadata batch 781/1558...
2026-06-17 11:21:50,153 [INFO]   Metadata batch 782/1558...
2026-06-17 11:21:53,973 [INFO]   Metadata batch 783/1558...
2026-06-17 11:21:57,909 [INFO]   Metadata batch 784/1558...
2026-06-17 11:22:01,701 [INFO]   Metadata batch 785/1558...
2026-06-17 11:22:05,564 [INFO]   Metadata batch 786/1558...
2026-06-17 11:22:09,454 [INFO]   Metadata batch 787/1558...
2026-06-17 11:22:13,292 [INFO]   Metadata batch 788/1558...
2026-06-17 11:22:17,232 [INFO]   Metadata batch 789/1558...
2026-06-17 11:22:20,831 [INFO]   Metadata batch 790/1558...
2026-06-17 11:22:25,052 [INFO]   Metadata batch 791/1558...
2026-06-17 11:22:29,359 [INFO]   Metadata batch 792/1558...
2026-06-17 11:22:33,443 [INFO]   Metadata batch 793/1558...
2026-06-17 11:22:37,561 [INFO]   Metadata batch 794/1558...
2026-06-17 11:22:41,506 [INFO]   Metadata batch 795/1558...
2026-06-17 11:22:45,576 [INFO]   Metadata batch 796/1558...
2026-06-17 11:22:49,621 [INFO]   Metadata batch 797/1558...
2026-06-17 11:22:53,409 [INFO]   Metadata batch 798/1558...
2026-06-17 11:22:57,043 [INFO]   Metadata batch 799/1558...
2026-06-17 11:23:00,834 [INFO]   Metadata batch 800/1558...
2026-06-17 11:23:04,527 [INFO]   Metadata batch 801/1558...
2026-06-17 11:23:08,360 [INFO]   Metadata batch 802/1558...
2026-06-17 11:23:12,397 [INFO]   Metadata batch 803/1558...
2026-06-17 11:23:16,132 [INFO]   Metadata batch 804/1558...
2026-06-17 11:23:19,955 [INFO]   Metadata batch 805/1558...
2026-06-17 11:23:23,737 [INFO]   Metadata batch 806/1558...
2026-06-17 11:23:28,000 [INFO]   Metadata batch 807/1558...
2026-06-17 11:23:31,873 [INFO]   Metadata batch 808/1558...
2026-06-17 11:23:35,608 [INFO]   Metadata batch 809/1558...
2026-06-17 11:23:39,264 [INFO]   Metadata batch 810/1558...
2026-06-17 11:23:43,182 [INFO]   Metadata batch 811/1558...
2026-06-17 11:23:47,318 [INFO]   Metadata batch 812/1558...
2026-06-17 11:23:51,120 [INFO]   Metadata batch 813/1558...
2026-06-17 11:23:54,519 [INFO]   Metadata batch 814/1558...
2026-06-17 11:23:57,927 [INFO]   Metadata batch 815/1558...
2026-06-17 11:24:01,777 [INFO]   Metadata batch 816/1558...
2026-06-17 11:24:05,585 [INFO]   Metadata batch 817/1558...
2026-06-17 11:24:09,375 [INFO]   Metadata batch 818/1558...
2026-06-17 11:24:13,309 [INFO]   Metadata batch 819/1558...
2026-06-17 11:24:17,160 [INFO]   Metadata batch 820/1558...
2026-06-17 11:24:20,872 [INFO]   Metadata batch 821/1558...
2026-06-17 11:24:24,795 [INFO]   Metadata batch 822/1558...
2026-06-17 11:24:28,423 [INFO]   Metadata batch 823/1558...
2026-06-17 11:24:32,448 [INFO]   Metadata batch 824/1558...
2026-06-17 11:24:36,602 [INFO]   Metadata batch 825/1558...
2026-06-17 11:24:40,138 [INFO]   Metadata batch 826/1558...
2026-06-17 11:24:44,060 [INFO]   Metadata batch 827/1558...
2026-06-17 11:24:47,822 [INFO]   Metadata batch 828/1558...
2026-06-17 11:24:51,854 [INFO]   Metadata batch 829/1558...
2026-06-17 11:24:56,097 [INFO]   Metadata batch 830/1558...
2026-06-17 11:24:59,796 [INFO]   Metadata batch 831/1558...
2026-06-17 11:25:03,494 [INFO]   Metadata batch 832/1558...
2026-06-17 11:25:06,936 [INFO]   Metadata batch 833/1558...
2026-06-17 11:25:10,555 [INFO]   Metadata batch 834/1558...
2026-06-17 11:25:14,259 [INFO]   Metadata batch 835/1558...
2026-06-17 11:25:18,104 [INFO]   Metadata batch 836/1558...
2026-06-17 11:25:21,842 [INFO]   Metadata batch 837/1558...
2026-06-17 11:25:25,469 [INFO]   Metadata batch 838/1558...
2026-06-17 11:25:29,142 [INFO]   Metadata batch 839/1558...
2026-06-17 11:25:33,716 [INFO]   Metadata batch 840/1558...
2026-06-17 11:25:37,363 [INFO]   Metadata batch 841/1558...
2026-06-17 11:25:41,029 [INFO]   Metadata batch 842/1558...
2026-06-17 11:25:44,931 [INFO]   Metadata batch 843/1558...
2026-06-17 11:25:48,588 [INFO]   Metadata batch 844/1558...
2026-06-17 11:25:52,021 [INFO]   Metadata batch 845/1558...
2026-06-17 11:25:55,787 [INFO]   Metadata batch 846/1558...
2026-06-17 11:25:59,630 [INFO]   Metadata batch 847/1558...
2026-06-17 11:26:03,375 [INFO]   Metadata batch 848/1558...
2026-06-17 11:26:07,320 [INFO]   Metadata batch 849/1558...
2026-06-17 11:26:11,425 [INFO]   Metadata batch 850/1558...
2026-06-17 11:26:15,140 [INFO]   Metadata batch 851/1558...
2026-06-17 11:26:18,790 [INFO]   Metadata batch 852/1558...
2026-06-17 11:26:22,741 [INFO]   Metadata batch 853/1558...
2026-06-17 11:26:26,599 [INFO]   Metadata batch 854/1558...
2026-06-17 11:26:30,375 [INFO]   Metadata batch 855/1558...
2026-06-17 11:26:34,307 [INFO]   Metadata batch 856/1558...
2026-06-17 11:26:37,757 [INFO]   Metadata batch 857/1558...
2026-06-17 11:26:42,271 [INFO]   Metadata batch 858/1558...
2026-06-17 11:26:45,737 [INFO]   Metadata batch 859/1558...
2026-06-17 11:26:49,986 [INFO]   Metadata batch 860/1558...
2026-06-17 11:26:53,639 [INFO]   Metadata batch 861/1558...
2026-06-17 11:26:57,126 [INFO]   Metadata batch 862/1558...
2026-06-17 11:27:00,678 [INFO]   Metadata batch 863/1558...
2026-06-17 11:27:04,610 [INFO]   Metadata batch 864/1558...
2026-06-17 11:27:08,569 [INFO]   Metadata batch 865/1558...
2026-06-17 11:27:12,177 [INFO]   Metadata batch 866/1558...
2026-06-17 11:27:15,679 [INFO]   Metadata batch 867/1558...
2026-06-17 11:27:19,422 [INFO]   Metadata batch 868/1558...
2026-06-17 11:27:22,930 [INFO]   Metadata batch 869/1558...
2026-06-17 11:27:26,813 [INFO]   Metadata batch 870/1558...
2026-06-17 11:27:30,224 [INFO]   Metadata batch 871/1558...
2026-06-17 11:27:33,708 [INFO]   Metadata batch 872/1558...
2026-06-17 11:27:37,667 [INFO]   Metadata batch 873/1558...
2026-06-17 11:27:41,416 [INFO]   Metadata batch 874/1558...
2026-06-17 11:27:45,295 [INFO]   Metadata batch 875/1558...
2026-06-17 11:27:49,272 [INFO]   Metadata batch 876/1558...
2026-06-17 11:27:53,362 [INFO]   Metadata batch 877/1558...
2026-06-17 11:27:57,555 [INFO]   Metadata batch 878/1558...
2026-06-17 11:28:01,069 [INFO]   Metadata batch 879/1558...
2026-06-17 11:28:05,034 [INFO]   Metadata batch 880/1558...
2026-06-17 11:28:08,821 [INFO]   Metadata batch 881/1558...
2026-06-17 11:28:12,672 [INFO]   Metadata batch 882/1558...
2026-06-17 11:28:16,808 [INFO]   Metadata batch 883/1558...
2026-06-17 11:28:20,506 [INFO]   Metadata batch 884/1558...
2026-06-17 11:28:24,545 [INFO]   Metadata batch 885/1558...
2026-06-17 11:28:28,122 [INFO]   Metadata batch 886/1558...
2026-06-17 11:28:32,121 [INFO]   Metadata batch 887/1558...
2026-06-17 11:28:35,902 [INFO]   Metadata batch 888/1558...
2026-06-17 11:28:39,549 [INFO]   Metadata batch 889/1558...
2026-06-17 11:28:44,111 [INFO]   Metadata batch 890/1558...
2026-06-17 11:28:48,476 [INFO]   Metadata batch 891/1558...
2026-06-17 11:28:52,736 [INFO]   Metadata batch 892/1558...
2026-06-17 11:28:56,893 [INFO]   Metadata batch 893/1558...
2026-06-17 11:29:00,971 [INFO]   Metadata batch 894/1558...
2026-06-17 11:29:05,347 [INFO]   Metadata batch 895/1558...
2026-06-17 11:29:09,381 [INFO]   Metadata batch 896/1558...
2026-06-17 11:29:13,547 [INFO]   Metadata batch 897/1558...
2026-06-17 11:29:17,255 [INFO]   Metadata batch 898/1558...
2026-06-17 11:29:21,461 [INFO]   Metadata batch 899/1558...
2026-06-17 11:29:25,537 [INFO]   Metadata batch 900/1558...
2026-06-17 11:29:29,522 [INFO]   Metadata batch 901/1558...
2026-06-17 11:29:33,660 [INFO]   Metadata batch 902/1558...
2026-06-17 11:29:37,256 [INFO]   Metadata batch 903/1558...
2026-06-17 11:29:40,932 [INFO]   Metadata batch 904/1558...
2026-06-17 11:29:44,551 [INFO]   Metadata batch 905/1558...
2026-06-17 11:29:48,476 [INFO]   Metadata batch 906/1558...
2026-06-17 11:29:52,639 [INFO]   Metadata batch 907/1558...
2026-06-17 11:29:56,586 [INFO]   Metadata batch 908/1558...
2026-06-17 11:30:00,024 [INFO]   Metadata batch 909/1558...
2026-06-17 11:30:03,919 [INFO]   Metadata batch 910/1558...
2026-06-17 11:30:08,149 [INFO]   Metadata batch 911/1558...
2026-06-17 11:30:16,407 [INFO]   Metadata batch 912/1558...
2026-06-17 11:30:20,825 [INFO]   Metadata batch 913/1558...
2026-06-17 11:30:25,011 [INFO]   Metadata batch 914/1558...
2026-06-17 11:30:28,890 [INFO]   Metadata batch 915/1558...
2026-06-17 11:30:32,937 [INFO]   Metadata batch 916/1558...
2026-06-17 11:30:36,880 [INFO]   Metadata batch 917/1558...
2026-06-17 11:30:40,764 [INFO]   Metadata batch 918/1558...
2026-06-17 11:30:44,674 [INFO]   Metadata batch 919/1558...
2026-06-17 11:30:48,373 [INFO]   Metadata batch 920/1558...
2026-06-17 11:30:52,335 [INFO]   Metadata batch 921/1558...
2026-06-17 11:30:56,846 [INFO]   Metadata batch 922/1558...
2026-06-17 11:31:01,120 [INFO]   Metadata batch 923/1558...
2026-06-17 11:31:05,488 [INFO]   Metadata batch 924/1558...
2026-06-17 11:31:09,678 [INFO]   Metadata batch 925/1558...
2026-06-17 11:31:13,503 [INFO]   Metadata batch 926/1558...
2026-06-17 11:31:17,381 [INFO]   Metadata batch 927/1558...
2026-06-17 11:31:20,901 [INFO]   Metadata batch 928/1558...
2026-06-17 11:31:24,847 [INFO]   Metadata batch 929/1558...
2026-06-17 11:31:29,178 [INFO]   Metadata batch 930/1558...
2026-06-17 11:31:33,156 [INFO]   Metadata batch 931/1558...
2026-06-17 11:31:36,600 [INFO]   Metadata batch 932/1558...
2026-06-17 11:31:40,064 [INFO]   Metadata batch 933/1558...
2026-06-17 11:31:43,220 [INFO]   Metadata batch 934/1558...
2026-06-17 11:31:47,125 [INFO]   Metadata batch 935/1558...
2026-06-17 11:31:51,185 [INFO]   Metadata batch 936/1558...
2026-06-17 11:31:55,129 [INFO]   Metadata batch 937/1558...
2026-06-17 11:31:59,359 [INFO]   Metadata batch 938/1558...
2026-06-17 11:32:02,784 [INFO]   Metadata batch 939/1558...
2026-06-17 11:32:06,912 [INFO]   Metadata batch 940/1558...
2026-06-17 11:32:10,992 [INFO]   Metadata batch 941/1558...
2026-06-17 11:32:14,818 [INFO]   Metadata batch 942/1558...
2026-06-17 11:32:19,099 [INFO]   Metadata batch 943/1558...
2026-06-17 11:32:22,903 [INFO]   Metadata batch 944/1558...
2026-06-17 11:32:26,548 [INFO]   Metadata batch 945/1558...
2026-06-17 11:32:30,477 [INFO]   Metadata batch 946/1558...
2026-06-17 11:32:33,906 [INFO]   Metadata batch 947/1558...
2026-06-17 11:32:37,978 [INFO]   Metadata batch 948/1558...
2026-06-17 11:32:41,456 [INFO]   Metadata batch 949/1558...
2026-06-17 11:32:44,988 [INFO]   Metadata batch 950/1558...
2026-06-17 11:32:49,240 [INFO]   Metadata batch 951/1558...
2026-06-17 11:32:52,890 [INFO]   Metadata batch 952/1558...
2026-06-17 11:32:56,660 [INFO]   Metadata batch 953/1558...
2026-06-17 11:33:00,224 [INFO]   Metadata batch 954/1558...
2026-06-17 11:33:03,999 [INFO]   Metadata batch 955/1558...
2026-06-17 11:33:07,729 [INFO]   Metadata batch 956/1558...
2026-06-17 11:33:11,154 [INFO]   Metadata batch 957/1558...
2026-06-17 11:33:14,821 [INFO]   Metadata batch 958/1558...
2026-06-17 11:33:18,374 [INFO]   Metadata batch 959/1558...
2026-06-17 11:33:22,254 [INFO]   Metadata batch 960/1558...
2026-06-17 11:33:26,322 [INFO]   Metadata batch 961/1558...
2026-06-17 11:33:30,322 [INFO]   Metadata batch 962/1558...
2026-06-17 11:33:34,707 [INFO]   Metadata batch 963/1558...
2026-06-17 11:33:39,055 [INFO]   Metadata batch 964/1558...
2026-06-17 11:33:43,204 [INFO]   Metadata batch 965/1558...
2026-06-17 11:33:46,666 [INFO]   Metadata batch 966/1558...
2026-06-17 11:33:50,405 [INFO]   Metadata batch 967/1558...
2026-06-17 11:33:54,725 [INFO]   Metadata batch 968/1558...
2026-06-17 11:33:58,557 [INFO]   Metadata batch 969/1558...
2026-06-17 11:34:15,165 [INFO]   Metadata batch 970/1558...
2026-06-17 11:34:19,020 [INFO]   Metadata batch 971/1558...
2026-06-17 11:34:23,118 [INFO]   Metadata batch 972/1558...
2026-06-17 11:34:26,763 [INFO]   Metadata batch 973/1558...
2026-06-17 11:34:30,345 [INFO]   Metadata batch 974/1558...
2026-06-17 11:34:34,573 [INFO]   Metadata batch 975/1558...
2026-06-17 11:34:38,090 [INFO]   Metadata batch 976/1558...
2026-06-17 11:34:41,885 [INFO]   Metadata batch 977/1558...
2026-06-17 11:34:45,736 [INFO]   Metadata batch 978/1558...
2026-06-17 11:34:49,540 [INFO]   Metadata batch 979/1558...
2026-06-17 11:34:53,188 [INFO]   Metadata batch 980/1558...
2026-06-17 11:34:57,231 [INFO]   Metadata batch 981/1558...
2026-06-17 11:35:01,215 [INFO]   Metadata batch 982/1558...
2026-06-17 11:35:04,853 [INFO]   Metadata batch 983/1558...
2026-06-17 11:35:09,068 [INFO]   Metadata batch 984/1558...
2026-06-17 11:35:13,240 [INFO]   Metadata batch 985/1558...
2026-06-17 11:35:17,525 [INFO]   Metadata batch 986/1558...
2026-06-17 11:35:21,769 [INFO]   Metadata batch 987/1558...
2026-06-17 11:35:26,339 [INFO]   Metadata batch 988/1558...
2026-06-17 11:35:30,060 [INFO]   Metadata batch 989/1558...
2026-06-17 11:35:34,445 [INFO]   Metadata batch 990/1558...
2026-06-17 11:35:38,599 [INFO]   Metadata batch 991/1558...
2026-06-17 11:35:42,689 [INFO]   Metadata batch 992/1558...
2026-06-17 11:35:46,979 [INFO]   Metadata batch 993/1558...
2026-06-17 11:35:51,254 [INFO]   Metadata batch 994/1558...
2026-06-17 11:35:55,183 [INFO]   Metadata batch 995/1558...
2026-06-17 11:35:59,044 [INFO]   Metadata batch 996/1558...
2026-06-17 11:36:02,768 [INFO]   Metadata batch 997/1558...
2026-06-17 11:36:06,386 [INFO]   Metadata batch 998/1558...
2026-06-17 11:36:10,092 [INFO]   Metadata batch 999/1558...
2026-06-17 11:36:14,643 [INFO]   Metadata batch 1000/1558...
2026-06-17 11:36:18,412 [INFO]   Metadata batch 1001/1558...
2026-06-17 11:36:22,181 [INFO]   Metadata batch 1002/1558...
2026-06-17 11:36:25,781 [INFO]   Metadata batch 1003/1558...
2026-06-17 11:36:29,668 [INFO]   Metadata batch 1004/1558...
2026-06-17 11:36:33,248 [INFO]   Metadata batch 1005/1558...
2026-06-17 11:36:37,102 [INFO]   Metadata batch 1006/1558...
2026-06-17 11:36:41,394 [INFO]   Metadata batch 1007/1558...
2026-06-17 11:36:45,019 [INFO]   Metadata batch 1008/1558...
2026-06-17 11:36:48,922 [INFO]   Metadata batch 1009/1558...
2026-06-17 11:36:52,501 [INFO]   Metadata batch 1010/1558...
2026-06-17 11:36:56,434 [INFO]   Metadata batch 1011/1558...
2026-06-17 11:37:00,154 [INFO]   Metadata batch 1012/1558...
2026-06-17 11:37:04,286 [INFO]   Metadata batch 1013/1558...
2026-06-17 11:37:07,899 [INFO]   Metadata batch 1014/1558...
2026-06-17 11:37:11,510 [INFO]   Metadata batch 1015/1558...
2026-06-17 11:37:15,472 [INFO]   Metadata batch 1016/1558...
2026-06-17 11:37:19,726 [INFO]   Metadata batch 1017/1558...
2026-06-17 11:37:23,841 [INFO]   Metadata batch 1018/1558...
2026-06-17 11:37:28,164 [INFO]   Metadata batch 1019/1558...
2026-06-17 11:37:32,259 [INFO]   Metadata batch 1020/1558...
2026-06-17 11:37:36,031 [INFO]   Metadata batch 1021/1558...
2026-06-17 11:37:39,920 [INFO]   Metadata batch 1022/1558...
2026-06-17 11:37:43,922 [INFO]   Metadata batch 1023/1558...
2026-06-17 11:37:47,770 [INFO]   Metadata batch 1024/1558...
2026-06-17 11:37:51,320 [INFO]   Metadata batch 1025/1558...
2026-06-17 11:37:55,301 [INFO]   Metadata batch 1026/1558...
2026-06-17 11:37:59,002 [INFO]   Metadata batch 1027/1558...
2026-06-17 11:38:03,091 [INFO]   Metadata batch 1028/1558...
2026-06-17 11:38:07,571 [INFO]   Metadata batch 1029/1558...
2026-06-17 11:38:11,492 [INFO]   Metadata batch 1030/1558...
2026-06-17 11:38:15,211 [INFO]   Metadata batch 1031/1558...
2026-06-17 11:38:19,012 [INFO]   Metadata batch 1032/1558...
2026-06-17 11:38:22,563 [INFO]   Metadata batch 1033/1558...
2026-06-17 11:38:27,144 [INFO]   Metadata batch 1034/1558...
2026-06-17 11:38:31,253 [INFO]   Metadata batch 1035/1558...
2026-06-17 11:38:34,797 [INFO]   Metadata batch 1036/1558...
2026-06-17 11:38:38,478 [INFO]   Metadata batch 1037/1558...
2026-06-17 11:38:42,308 [INFO]   Metadata batch 1038/1558...
2026-06-17 11:38:46,183 [INFO]   Metadata batch 1039/1558...
2026-06-17 11:38:49,826 [INFO]   Metadata batch 1040/1558...
2026-06-17 11:38:53,363 [INFO]   Metadata batch 1041/1558...
2026-06-17 11:38:56,819 [INFO]   Metadata batch 1042/1558...
2026-06-17 11:39:00,501 [INFO]   Metadata batch 1043/1558...
2026-06-17 11:39:04,233 [INFO]   Metadata batch 1044/1558...
2026-06-17 11:39:12,971 [INFO]   Metadata batch 1045/1558...
2026-06-17 11:39:16,719 [INFO]   Metadata batch 1046/1558...
2026-06-17 11:39:20,422 [INFO]   Metadata batch 1047/1558...
2026-06-17 11:39:24,039 [INFO]   Metadata batch 1048/1558...
2026-06-17 11:39:27,519 [INFO]   Metadata batch 1049/1558...
2026-06-17 11:39:31,083 [INFO]   Metadata batch 1050/1558...
2026-06-17 11:39:35,065 [INFO]   Metadata batch 1051/1558...
2026-06-17 11:39:38,929 [INFO]   Metadata batch 1052/1558...
2026-06-17 11:39:42,822 [INFO]   Metadata batch 1053/1558...
2026-06-17 11:39:46,526 [INFO]   Metadata batch 1054/1558...
2026-06-17 11:39:50,636 [INFO]   Metadata batch 1055/1558...
2026-06-17 11:39:54,914 [INFO]   Metadata batch 1056/1558...
2026-06-17 11:39:58,818 [INFO]   Metadata batch 1057/1558...
2026-06-17 11:40:02,186 [INFO]   Metadata batch 1058/1558...
2026-06-17 11:40:05,979 [INFO]   Metadata batch 1059/1558...
2026-06-17 11:40:10,050 [INFO]   Metadata batch 1060/1558...
2026-06-17 11:40:14,019 [INFO]   Metadata batch 1061/1558...
2026-06-17 11:40:17,694 [INFO]   Metadata batch 1062/1558...
2026-06-17 11:40:21,932 [INFO]   Metadata batch 1063/1558...
2026-06-17 11:40:25,773 [INFO]   Metadata batch 1064/1558...
2026-06-17 11:40:29,652 [INFO]   Metadata batch 1065/1558...
2026-06-17 11:40:33,599 [INFO]   Metadata batch 1066/1558...
2026-06-17 11:40:37,168 [INFO]   Metadata batch 1067/1558...
2026-06-17 11:40:40,920 [INFO]   Metadata batch 1068/1558...
2026-06-17 11:40:44,633 [INFO]   Metadata batch 1069/1558...
2026-06-17 11:40:48,707 [INFO]   Metadata batch 1070/1558...
2026-06-17 11:40:52,976 [INFO]   Metadata batch 1071/1558...
2026-06-17 11:40:56,812 [INFO]   Metadata batch 1072/1558...
2026-06-17 11:41:00,765 [INFO]   Metadata batch 1073/1558...
2026-06-17 11:41:04,689 [INFO]   Metadata batch 1074/1558...
2026-06-17 11:41:09,026 [INFO]   Metadata batch 1075/1558...
2026-06-17 11:41:12,620 [INFO]   Metadata batch 1076/1558...
2026-06-17 11:41:16,454 [INFO]   Metadata batch 1077/1558...
2026-06-17 11:41:20,591 [INFO]   Metadata batch 1078/1558...
2026-06-17 11:41:24,567 [INFO]   Metadata batch 1079/1558...
2026-06-17 11:41:28,144 [INFO]   Metadata batch 1080/1558...
2026-06-17 11:41:31,977 [INFO]   Metadata batch 1081/1558...
2026-06-17 11:41:35,974 [INFO]   Metadata batch 1082/1558...
2026-06-17 11:41:39,895 [INFO]   Metadata batch 1083/1558...
2026-06-17 11:41:43,898 [INFO]   Metadata batch 1084/1558...
2026-06-17 11:41:47,495 [INFO]   Metadata batch 1085/1558...
2026-06-17 11:41:51,175 [INFO]   Metadata batch 1086/1558...
2026-06-17 11:41:54,641 [INFO]   Metadata batch 1087/1558...
2026-06-17 11:41:58,445 [INFO]   Metadata batch 1088/1558...
2026-06-17 11:42:02,119 [INFO]   Metadata batch 1089/1558...
2026-06-17 11:42:06,034 [INFO]   Metadata batch 1090/1558...
2026-06-17 11:42:10,871 [INFO]   Metadata batch 1091/1558...
2026-06-17 11:42:14,641 [INFO]   Metadata batch 1092/1558...
2026-06-17 11:42:18,406 [INFO]   Metadata batch 1093/1558...
2026-06-17 11:42:22,199 [INFO]   Metadata batch 1094/1558...
2026-06-17 11:42:26,241 [INFO]   Metadata batch 1095/1558...
2026-06-17 11:42:30,138 [INFO]   Metadata batch 1096/1558...
2026-06-17 11:42:33,714 [INFO]   Metadata batch 1097/1558...
2026-06-17 11:42:37,567 [INFO]   Metadata batch 1098/1558...
2026-06-17 11:42:41,159 [INFO]   Metadata batch 1099/1558...
2026-06-17 11:42:44,823 [INFO]   Metadata batch 1100/1558...
2026-06-17 11:42:48,604 [INFO]   Metadata batch 1101/1558...
2026-06-17 11:42:52,572 [INFO]   Metadata batch 1102/1558...
2026-06-17 11:42:56,305 [INFO]   Metadata batch 1103/1558...
2026-06-17 11:43:00,374 [INFO]   Metadata batch 1104/1558...
2026-06-17 11:43:04,528 [INFO]   Metadata batch 1105/1558...
2026-06-17 11:43:08,028 [INFO]   Metadata batch 1106/1558...
2026-06-17 11:43:11,495 [INFO]   Metadata batch 1107/1558...
2026-06-17 11:43:15,459 [INFO]   Metadata batch 1108/1558...
2026-06-17 11:43:19,070 [INFO]   Metadata batch 1109/1558...
2026-06-17 11:43:22,985 [INFO]   Metadata batch 1110/1558...
2026-06-17 11:43:26,699 [INFO]   Metadata batch 1111/1558...
2026-06-17 11:43:30,898 [INFO]   Metadata batch 1112/1558...
2026-06-17 11:43:34,337 [INFO]   Metadata batch 1113/1558...
2026-06-17 11:43:38,200 [INFO]   Metadata batch 1114/1558...
2026-06-17 11:43:41,759 [INFO]   Metadata batch 1115/1558...
2026-06-17 11:43:45,443 [INFO]   Metadata batch 1116/1558...
2026-06-17 11:43:48,883 [INFO]   Metadata batch 1117/1558...
2026-06-17 11:43:53,712 [INFO]   Metadata batch 1118/1558...
2026-06-17 11:43:57,498 [INFO]   Metadata batch 1119/1558...
2026-06-17 11:44:01,786 [INFO]   Metadata batch 1120/1558...
2026-06-17 11:44:05,401 [INFO]   Metadata batch 1121/1558...
2026-06-17 11:44:09,311 [INFO]   Metadata batch 1122/1558...
2026-06-17 11:44:13,553 [INFO]   Metadata batch 1123/1558...
2026-06-17 11:44:17,119 [INFO]   Metadata batch 1124/1558...
2026-06-17 11:44:21,584 [INFO]   Metadata batch 1125/1558...
2026-06-17 11:44:25,335 [INFO]   Metadata batch 1126/1558...
2026-06-17 11:44:28,903 [INFO]   Metadata batch 1127/1558...
2026-06-17 11:44:32,854 [INFO]   Metadata batch 1128/1558...
2026-06-17 11:44:36,973 [INFO]   Metadata batch 1129/1558...
2026-06-17 11:44:40,707 [INFO]   Metadata batch 1130/1558...
2026-06-17 11:44:44,674 [INFO]   Metadata batch 1131/1558...
2026-06-17 11:44:48,415 [INFO]   Metadata batch 1132/1558...
2026-06-17 11:44:52,098 [INFO]   Metadata batch 1133/1558...
2026-06-17 11:44:56,335 [INFO]   Metadata batch 1134/1558...
2026-06-17 11:45:00,156 [INFO]   Metadata batch 1135/1558...
2026-06-17 11:45:05,180 [INFO]   Metadata batch 1136/1558...
2026-06-17 11:45:09,035 [INFO]   Metadata batch 1137/1558...
2026-06-17 11:45:13,173 [INFO]   Metadata batch 1138/1558...
2026-06-17 11:45:17,026 [INFO]   Metadata batch 1139/1558...
2026-06-17 11:45:21,292 [INFO]   Metadata batch 1140/1558...
2026-06-17 11:45:25,168 [INFO]   Metadata batch 1141/1558...
2026-06-17 11:45:29,290 [INFO]   Metadata batch 1142/1558...
2026-06-17 11:45:33,846 [INFO]   Metadata batch 1143/1558...
2026-06-17 11:45:37,565 [INFO]   Metadata batch 1144/1558...
2026-06-17 11:45:42,061 [INFO]   Metadata batch 1145/1558...
2026-06-17 11:45:46,063 [INFO]   Metadata batch 1146/1558...
2026-06-17 11:45:50,951 [INFO]   Metadata batch 1147/1558...
2026-06-17 11:45:55,098 [INFO]   Metadata batch 1148/1558...
2026-06-17 11:45:58,625 [INFO]   Metadata batch 1149/1558...
2026-06-17 11:46:02,693 [INFO]   Metadata batch 1150/1558...
2026-06-17 11:46:06,729 [INFO]   Metadata batch 1151/1558...
2026-06-17 11:46:10,755 [INFO]   Metadata batch 1152/1558...
2026-06-17 11:46:14,409 [INFO]   Metadata batch 1153/1558...
2026-06-17 11:46:18,378 [INFO]   Metadata batch 1154/1558...
2026-06-17 11:46:22,443 [INFO]   Metadata batch 1155/1558...
2026-06-17 11:46:26,254 [INFO]   Metadata batch 1156/1558...
2026-06-17 11:46:29,964 [INFO]   Metadata batch 1157/1558...
2026-06-17 11:46:34,460 [INFO]   Metadata batch 1158/1558...
2026-06-17 11:46:38,063 [INFO]   Metadata batch 1159/1558...
2026-06-17 11:46:41,632 [INFO]   Metadata batch 1160/1558...
2026-06-17 11:46:45,435 [INFO]   Metadata batch 1161/1558...
2026-06-17 11:46:49,638 [INFO]   Metadata batch 1162/1558...
2026-06-17 11:46:54,006 [INFO]   Metadata batch 1163/1558...
2026-06-17 11:46:57,792 [INFO]   Metadata batch 1164/1558...
2026-06-17 11:47:01,673 [INFO]   Metadata batch 1165/1558...
2026-06-17 11:47:05,450 [INFO]   Metadata batch 1166/1558...
2026-06-17 11:47:09,641 [INFO]   Metadata batch 1167/1558...
2026-06-17 11:47:13,124 [INFO]   Metadata batch 1168/1558...
2026-06-17 11:47:17,317 [INFO]   Metadata batch 1169/1558...
2026-06-17 11:47:21,199 [INFO]   Metadata batch 1170/1558...
2026-06-17 11:47:25,147 [INFO]   Metadata batch 1171/1558...
2026-06-17 11:47:29,060 [INFO]   Metadata batch 1172/1558...
2026-06-17 11:47:33,040 [INFO]   Metadata batch 1173/1558...
2026-06-17 11:47:36,916 [INFO]   Metadata batch 1174/1558...
2026-06-17 11:47:40,679 [INFO]   Metadata batch 1175/1558...
2026-06-17 11:47:44,387 [INFO]   Metadata batch 1176/1558...
2026-06-17 11:47:48,334 [INFO]   Metadata batch 1177/1558...
2026-06-17 11:47:55,753 [INFO]   Metadata batch 1178/1558...
2026-06-17 11:47:59,756 [INFO]   Metadata batch 1179/1558...
2026-06-17 11:48:03,820 [INFO]   Metadata batch 1180/1558...
2026-06-17 11:48:07,549 [INFO]   Metadata batch 1181/1558...
2026-06-17 11:48:11,424 [INFO]   Metadata batch 1182/1558...
2026-06-17 11:48:15,200 [INFO]   Metadata batch 1183/1558...
2026-06-17 11:48:18,904 [INFO]   Metadata batch 1184/1558...
2026-06-17 11:48:22,476 [INFO]   Metadata batch 1185/1558...
2026-06-17 11:48:26,266 [INFO]   Metadata batch 1186/1558...
2026-06-17 11:48:30,258 [INFO]   Metadata batch 1187/1558...
2026-06-17 11:48:34,092 [INFO]   Metadata batch 1188/1558...
2026-06-17 11:48:37,907 [INFO]   Metadata batch 1189/1558...
2026-06-17 11:48:41,490 [INFO]   Metadata batch 1190/1558...
2026-06-17 11:48:45,892 [INFO]   Metadata batch 1191/1558...
2026-06-17 11:48:49,947 [INFO]   Metadata batch 1192/1558...
2026-06-17 11:48:54,230 [INFO]   Metadata batch 1193/1558...
2026-06-17 11:48:57,682 [INFO]   Metadata batch 1194/1558...
2026-06-17 11:49:01,727 [INFO]   Metadata batch 1195/1558...
2026-06-17 11:49:05,337 [INFO]   Metadata batch 1196/1558...
2026-06-17 11:49:09,009 [INFO]   Metadata batch 1197/1558...
2026-06-17 11:49:12,471 [INFO]   Metadata batch 1198/1558...
2026-06-17 11:49:16,025 [INFO]   Metadata batch 1199/1558...
2026-06-17 11:49:20,058 [INFO]   Metadata batch 1200/1558...
2026-06-17 11:49:24,179 [INFO]   Metadata batch 1201/1558...
2026-06-17 11:49:27,594 [INFO]   Metadata batch 1202/1558...
2026-06-17 11:49:31,243 [INFO]   Metadata batch 1203/1558...
2026-06-17 11:49:34,876 [INFO]   Metadata batch 1204/1558...
2026-06-17 11:49:38,606 [INFO]   Metadata batch 1205/1558...
2026-06-17 11:49:42,105 [INFO]   Metadata batch 1206/1558...
2026-06-17 11:49:45,737 [INFO]   Metadata batch 1207/1558...
2026-06-17 11:49:49,527 [INFO]   Metadata batch 1208/1558...
2026-06-17 11:49:53,522 [INFO]   Metadata batch 1209/1558...
2026-06-17 11:49:57,147 [INFO]   Metadata batch 1210/1558...
2026-06-17 11:50:00,681 [INFO]   Metadata batch 1211/1558...
2026-06-17 11:50:04,302 [INFO]   Metadata batch 1212/1558...
2026-06-17 11:50:08,279 [INFO]   Metadata batch 1213/1558...
2026-06-17 11:50:11,659 [INFO]   Metadata batch 1214/1558...
2026-06-17 11:50:15,614 [INFO]   Metadata batch 1215/1558...
2026-06-17 11:50:19,505 [INFO]   Metadata batch 1216/1558...
2026-06-17 11:50:23,102 [INFO]   Metadata batch 1217/1558...
2026-06-17 11:50:27,396 [INFO]   Metadata batch 1218/1558...
2026-06-17 11:50:31,007 [INFO]   Metadata batch 1219/1558...
2026-06-17 11:50:34,539 [INFO]   Metadata batch 1220/1558...
2026-06-17 11:50:38,374 [INFO]   Metadata batch 1221/1558...
2026-06-17 11:50:42,408 [INFO]   Metadata batch 1222/1558...
2026-06-17 11:50:46,156 [INFO]   Metadata batch 1223/1558...
2026-06-17 11:50:49,710 [INFO]   Metadata batch 1224/1558...
2026-06-17 11:50:53,275 [INFO]   Metadata batch 1225/1558...
2026-06-17 11:50:57,563 [INFO]   Metadata batch 1226/1558...
2026-06-17 11:51:01,017 [INFO]   Metadata batch 1227/1558...
2026-06-17 11:51:05,459 [INFO]   Metadata batch 1228/1558...
2026-06-17 11:51:09,201 [INFO]   Metadata batch 1229/1558...
2026-06-17 11:51:13,270 [INFO]   Metadata batch 1230/1558...
2026-06-17 11:51:16,888 [INFO]   Metadata batch 1231/1558...
2026-06-17 11:51:21,004 [INFO]   Metadata batch 1232/1558...
2026-06-17 11:51:24,540 [INFO]   Metadata batch 1233/1558...
2026-06-17 11:51:28,344 [INFO]   Metadata batch 1234/1558...
2026-06-17 11:51:31,804 [INFO]   Metadata batch 1235/1558...
2026-06-17 11:51:35,850 [INFO]   Metadata batch 1236/1558...
2026-06-17 11:51:39,504 [INFO]   Metadata batch 1237/1558...
2026-06-17 11:51:43,438 [INFO]   Metadata batch 1238/1558...
2026-06-17 11:51:46,968 [INFO]   Metadata batch 1239/1558...
2026-06-17 11:51:50,587 [INFO]   Metadata batch 1240/1558...
2026-06-17 11:51:54,286 [INFO]   Metadata batch 1241/1558...
2026-06-17 11:51:57,740 [INFO]   Metadata batch 1242/1558...
2026-06-17 11:52:01,179 [INFO]   Metadata batch 1243/1558...
2026-06-17 11:52:04,745 [INFO]   Metadata batch 1244/1558...
2026-06-17 11:52:08,303 [INFO]   Metadata batch 1245/1558...
2026-06-17 11:52:11,920 [INFO]   Metadata batch 1246/1558...
2026-06-17 11:52:15,563 [INFO]   Metadata batch 1247/1558...
2026-06-17 11:52:19,610 [INFO]   Metadata batch 1248/1558...
2026-06-17 11:52:23,541 [INFO]   Metadata batch 1249/1558...
2026-06-17 11:52:27,769 [INFO]   Metadata batch 1250/1558...
2026-06-17 11:52:31,650 [INFO]   Metadata batch 1251/1558...
2026-06-17 11:52:35,096 [INFO]   Metadata batch 1252/1558...
2026-06-17 11:52:38,465 [INFO]   Metadata batch 1253/1558...
2026-06-17 11:52:41,937 [INFO]   Metadata batch 1254/1558...
2026-06-17 11:52:45,529 [INFO]   Metadata batch 1255/1558...
2026-06-17 11:52:48,840 [INFO]   Metadata batch 1256/1558...
2026-06-17 11:52:52,466 [INFO]   Metadata batch 1257/1558...
2026-06-17 11:52:56,312 [INFO]   Metadata batch 1258/1558...
2026-06-17 11:53:00,019 [INFO]   Metadata batch 1259/1558...
2026-06-17 11:53:03,416 [INFO]   Metadata batch 1260/1558...
2026-06-17 11:53:07,615 [INFO]   Metadata batch 1261/1558...
2026-06-17 11:53:11,829 [INFO]   Metadata batch 1262/1558...
2026-06-17 11:53:15,259 [INFO]   Metadata batch 1263/1558...
2026-06-17 11:53:18,853 [INFO]   Metadata batch 1264/1558...
2026-06-17 11:53:22,342 [INFO]   Metadata batch 1265/1558...
2026-06-17 11:53:25,856 [INFO]   Metadata batch 1266/1558...
2026-06-17 11:53:29,461 [INFO]   Metadata batch 1267/1558...
2026-06-17 11:53:33,204 [INFO]   Metadata batch 1268/1558...
2026-06-17 11:53:36,472 [INFO]   Metadata batch 1269/1558...
2026-06-17 11:53:40,614 [INFO]   Metadata batch 1270/1558...
2026-06-17 11:53:43,924 [INFO]   Metadata batch 1271/1558...
2026-06-17 11:53:47,433 [INFO]   Metadata batch 1272/1558...
2026-06-17 11:53:51,263 [INFO]   Metadata batch 1273/1558...
2026-06-17 11:53:54,983 [INFO]   Metadata batch 1274/1558...
2026-06-17 11:53:59,076 [INFO]   Metadata batch 1275/1558...
2026-06-17 11:54:02,667 [INFO]   Metadata batch 1276/1558...
2026-06-17 11:54:06,290 [INFO]   Metadata batch 1277/1558...
2026-06-17 11:54:09,877 [INFO]   Metadata batch 1278/1558...
2026-06-17 11:54:13,482 [INFO]   Metadata batch 1279/1558...
2026-06-17 11:54:16,995 [INFO]   Metadata batch 1280/1558...
2026-06-17 11:54:20,981 [INFO]   Metadata batch 1281/1558...
2026-06-17 11:54:24,836 [INFO]   Metadata batch 1282/1558...
2026-06-17 11:54:29,149 [INFO]   Metadata batch 1283/1558...
2026-06-17 11:54:32,722 [INFO]   Metadata batch 1284/1558...
2026-06-17 11:54:36,628 [INFO]   Metadata batch 1285/1558...
2026-06-17 11:54:40,401 [INFO]   Metadata batch 1286/1558...
2026-06-17 11:54:44,011 [INFO]   Metadata batch 1287/1558...
2026-06-17 11:54:47,922 [INFO]   Metadata batch 1288/1558...
2026-06-17 11:54:51,220 [INFO]   Metadata batch 1289/1558...
2026-06-17 11:54:55,063 [INFO]   Metadata batch 1290/1558...
2026-06-17 11:54:58,834 [INFO]   Metadata batch 1291/1558...
2026-06-17 11:55:02,596 [INFO]   Metadata batch 1292/1558...
2026-06-17 11:55:06,716 [INFO]   Metadata batch 1293/1558...
2026-06-17 11:55:10,821 [INFO]   Metadata batch 1294/1558...
2026-06-17 11:55:14,611 [INFO]   Metadata batch 1295/1558...
2026-06-17 11:55:18,133 [INFO]   Metadata batch 1296/1558...
2026-06-17 11:55:21,663 [INFO]   Metadata batch 1297/1558...
2026-06-17 11:55:24,956 [INFO]   Metadata batch 1298/1558...
2026-06-17 11:55:28,461 [INFO]   Metadata batch 1299/1558...
2026-06-17 11:55:31,736 [INFO]   Metadata batch 1300/1558...
2026-06-17 11:55:35,433 [INFO]   Metadata batch 1301/1558...
2026-06-17 11:55:39,128 [INFO]   Metadata batch 1302/1558...
2026-06-17 11:55:43,022 [INFO]   Metadata batch 1303/1558...
2026-06-17 11:55:46,719 [INFO]   Metadata batch 1304/1558...
2026-06-17 11:55:50,198 [INFO]   Metadata batch 1305/1558...
2026-06-17 11:55:53,529 [INFO]   Metadata batch 1306/1558...
2026-06-17 11:55:57,298 [INFO]   Metadata batch 1307/1558...
2026-06-17 11:56:01,426 [INFO]   Metadata batch 1308/1558...
2026-06-17 11:56:05,074 [INFO]   Metadata batch 1309/1558...
2026-06-17 11:56:08,886 [INFO]   Metadata batch 1310/1558...
2026-06-17 11:56:15,931 [INFO]   Metadata batch 1311/1558...
2026-06-17 11:56:19,810 [INFO]   Metadata batch 1312/1558...
2026-06-17 11:56:23,905 [INFO]   Metadata batch 1313/1558...
2026-06-17 11:56:27,671 [INFO]   Metadata batch 1314/1558...
2026-06-17 11:56:31,254 [INFO]   Metadata batch 1315/1558...
2026-06-17 11:56:34,959 [INFO]   Metadata batch 1316/1558...
2026-06-17 11:56:38,462 [INFO]   Metadata batch 1317/1558...
2026-06-17 11:56:41,801 [INFO]   Metadata batch 1318/1558...
2026-06-17 11:56:45,674 [INFO]   Metadata batch 1319/1558...
2026-06-17 11:56:49,309 [INFO]   Metadata batch 1320/1558...
2026-06-17 11:56:53,142 [INFO]   Metadata batch 1321/1558...
2026-06-17 11:56:56,617 [INFO]   Metadata batch 1322/1558...
2026-06-17 11:57:00,146 [INFO]   Metadata batch 1323/1558...
2026-06-17 11:57:04,018 [INFO]   Metadata batch 1324/1558...
2026-06-17 11:57:07,551 [INFO]   Metadata batch 1325/1558...
2026-06-17 11:57:10,750 [INFO]   Metadata batch 1326/1558...
2026-06-17 11:57:14,202 [INFO]   Metadata batch 1327/1558...
2026-06-17 11:57:17,743 [INFO]   Metadata batch 1328/1558...
2026-06-17 11:57:21,204 [INFO]   Metadata batch 1329/1558...
2026-06-17 11:57:24,527 [INFO]   Metadata batch 1330/1558...
2026-06-17 11:57:28,086 [INFO]   Metadata batch 1331/1558...
2026-06-17 11:57:31,754 [INFO]   Metadata batch 1332/1558...
2026-06-17 11:57:35,661 [INFO]   Metadata batch 1333/1558...
2026-06-17 11:57:39,311 [INFO]   Metadata batch 1334/1558...
2026-06-17 11:57:43,168 [INFO]   Metadata batch 1335/1558...
2026-06-17 11:57:47,061 [INFO]   Metadata batch 1336/1558...
2026-06-17 11:57:50,875 [INFO]   Metadata batch 1337/1558...
2026-06-17 11:57:54,373 [INFO]   Metadata batch 1338/1558...
2026-06-17 11:57:57,806 [INFO]   Metadata batch 1339/1558...
2026-06-17 11:58:01,513 [INFO]   Metadata batch 1340/1558...
2026-06-17 11:58:05,248 [INFO]   Metadata batch 1341/1558...
2026-06-17 11:58:09,456 [INFO]   Metadata batch 1342/1558...
2026-06-17 11:58:14,719 [INFO]   Metadata batch 1343/1558...
2026-06-17 11:58:18,127 [INFO]   Metadata batch 1344/1558...
2026-06-17 11:58:22,056 [INFO]   Metadata batch 1345/1558...
2026-06-17 11:58:25,615 [INFO]   Metadata batch 1346/1558...
2026-06-17 11:58:29,377 [INFO]   Metadata batch 1347/1558...
2026-06-17 11:58:32,810 [INFO]   Metadata batch 1348/1558...
2026-06-17 11:58:36,227 [INFO]   Metadata batch 1349/1558...
2026-06-17 11:58:39,707 [INFO]   Metadata batch 1350/1558...
2026-06-17 11:58:43,364 [INFO]   Metadata batch 1351/1558...
2026-06-17 11:58:46,860 [INFO]   Metadata batch 1352/1558...
2026-06-17 11:58:50,247 [INFO]   Metadata batch 1353/1558...
2026-06-17 11:58:54,357 [INFO]   Metadata batch 1354/1558...
2026-06-17 11:58:58,303 [INFO]   Metadata batch 1355/1558...
2026-06-17 11:59:01,827 [INFO]   Metadata batch 1356/1558...
2026-06-17 11:59:05,373 [INFO]   Metadata batch 1357/1558...
2026-06-17 11:59:09,333 [INFO]   Metadata batch 1358/1558...
2026-06-17 11:59:13,142 [INFO]   Metadata batch 1359/1558...
2026-06-17 11:59:16,784 [INFO]   Metadata batch 1360/1558...
2026-06-17 11:59:20,314 [INFO]   Metadata batch 1361/1558...
2026-06-17 11:59:23,550 [INFO]   Metadata batch 1362/1558...
2026-06-17 11:59:27,305 [INFO]   Metadata batch 1363/1558...
2026-06-17 11:59:31,060 [INFO]   Metadata batch 1364/1558...
2026-06-17 11:59:34,570 [INFO]   Metadata batch 1365/1558...
2026-06-17 11:59:38,118 [INFO]   Metadata batch 1366/1558...
2026-06-17 11:59:41,915 [INFO]   Metadata batch 1367/1558...
2026-06-17 11:59:45,441 [INFO]   Metadata batch 1368/1558...
2026-06-17 11:59:48,716 [INFO]   Metadata batch 1369/1558...
2026-06-17 11:59:52,529 [INFO]   Metadata batch 1370/1558...
2026-06-17 11:59:55,849 [INFO]   Metadata batch 1371/1558...
2026-06-17 11:59:59,401 [INFO]   Metadata batch 1372/1558...
2026-06-17 12:00:02,964 [INFO]   Metadata batch 1373/1558...
2026-06-17 12:00:07,881 [INFO]   Metadata batch 1374/1558...
2026-06-17 12:00:11,769 [INFO]   Metadata batch 1375/1558...
2026-06-17 12:00:15,353 [INFO]   Metadata batch 1376/1558...
2026-06-17 12:00:19,870 [INFO]   Metadata batch 1377/1558...
2026-06-17 12:00:24,341 [INFO]   Metadata batch 1378/1558...
2026-06-17 12:00:29,406 [INFO]   Metadata batch 1379/1558...
2026-06-17 12:00:33,519 [INFO]   Metadata batch 1380/1558...
2026-06-17 12:00:37,764 [INFO]   Metadata batch 1381/1558...
2026-06-17 12:00:42,339 [INFO]   Metadata batch 1382/1558...
2026-06-17 12:00:46,376 [INFO]   Metadata batch 1383/1558...
2026-06-17 12:00:50,651 [INFO]   Metadata batch 1384/1558...
2026-06-17 12:00:54,918 [INFO]   Metadata batch 1385/1558...
2026-06-17 12:00:58,872 [INFO]   Metadata batch 1386/1558...
2026-06-17 12:01:02,656 [INFO]   Metadata batch 1387/1558...
2026-06-17 12:01:06,866 [INFO]   Metadata batch 1388/1558...
2026-06-17 12:01:11,321 [INFO]   Metadata batch 1389/1558...
2026-06-17 12:01:15,289 [INFO]   Metadata batch 1390/1558...
2026-06-17 12:01:19,401 [INFO]   Metadata batch 1391/1558...
2026-06-17 12:01:23,683 [INFO]   Metadata batch 1392/1558...
2026-06-17 12:01:27,615 [INFO]   Metadata batch 1393/1558...
2026-06-17 12:01:31,671 [INFO]   Metadata batch 1394/1558...
2026-06-17 12:01:36,042 [INFO]   Metadata batch 1395/1558...
2026-06-17 12:01:40,394 [INFO]   Metadata batch 1396/1558...
2026-06-17 12:01:45,387 [INFO]   Metadata batch 1397/1558...
2026-06-17 12:01:49,573 [INFO]   Metadata batch 1398/1558...
2026-06-17 12:01:54,243 [INFO]   Metadata batch 1399/1558...
2026-06-17 12:01:58,308 [INFO]   Metadata batch 1400/1558...
2026-06-17 12:02:03,141 [INFO]   Metadata batch 1401/1558...
2026-06-17 12:02:07,566 [INFO]   Metadata batch 1402/1558...
2026-06-17 12:02:11,243 [INFO]   Metadata batch 1403/1558...
2026-06-17 12:02:15,329 [INFO]   Metadata batch 1404/1558...
2026-06-17 12:02:20,985 [INFO]   Metadata batch 1405/1558...
2026-06-17 12:02:24,841 [INFO]   Metadata batch 1406/1558...
2026-06-17 12:02:29,399 [INFO]   Metadata batch 1407/1558...
2026-06-17 12:02:33,733 [INFO]   Metadata batch 1408/1558...
2026-06-17 12:02:37,913 [INFO]   Metadata batch 1409/1558...
2026-06-17 12:02:41,842 [INFO]   Metadata batch 1410/1558...
2026-06-17 12:02:45,922 [INFO]   Metadata batch 1411/1558...
2026-06-17 12:02:49,748 [INFO]   Metadata batch 1412/1558...
2026-06-17 12:02:53,419 [INFO]   Metadata batch 1413/1558...
2026-06-17 12:02:57,344 [INFO]   Metadata batch 1414/1558...
2026-06-17 12:03:01,573 [INFO]   Metadata batch 1415/1558...
2026-06-17 12:03:05,389 [INFO]   Metadata batch 1416/1558...
2026-06-17 12:03:09,527 [INFO]   Metadata batch 1417/1558...
2026-06-17 12:03:13,364 [INFO]   Metadata batch 1418/1558...
2026-06-17 12:03:16,855 [INFO]   Metadata batch 1419/1558...
2026-06-17 12:03:20,695 [INFO]   Metadata batch 1420/1558...
2026-06-17 12:03:24,720 [INFO]   Metadata batch 1421/1558...
2026-06-17 12:03:28,889 [INFO]   Metadata batch 1422/1558...
2026-06-17 12:03:32,786 [INFO]   Metadata batch 1423/1558...
2026-06-17 12:03:37,108 [INFO]   Metadata batch 1424/1558...
2026-06-17 12:03:41,188 [INFO]   Metadata batch 1425/1558...
2026-06-17 12:03:45,333 [INFO]   Metadata batch 1426/1558...
2026-06-17 12:03:49,215 [INFO]   Metadata batch 1427/1558...
2026-06-17 12:03:53,369 [INFO]   Metadata batch 1428/1558...
2026-06-17 12:03:57,172 [INFO]   Metadata batch 1429/1558...
2026-06-17 12:04:00,957 [INFO]   Metadata batch 1430/1558...
2026-06-17 12:04:04,752 [INFO]   Metadata batch 1431/1558...
2026-06-17 12:04:08,323 [INFO]   Metadata batch 1432/1558...
2026-06-17 12:04:12,205 [INFO]   Metadata batch 1433/1558...
2026-06-17 12:04:16,588 [INFO]   Metadata batch 1434/1558...
2026-06-17 12:04:20,537 [INFO]   Metadata batch 1435/1558...
2026-06-17 12:04:24,804 [INFO]   Metadata batch 1436/1558...
2026-06-17 12:04:28,358 [INFO]   Metadata batch 1437/1558...
2026-06-17 12:04:32,067 [INFO]   Metadata batch 1438/1558...
2026-06-17 12:04:35,987 [INFO]   Metadata batch 1439/1558...
2026-06-17 12:04:39,642 [INFO]   Metadata batch 1440/1558...
2026-06-17 12:04:45,164 [INFO]   Metadata batch 1441/1558...
2026-06-17 12:04:49,520 [INFO]   Metadata batch 1442/1558...
2026-06-17 12:04:53,533 [INFO]   Metadata batch 1443/1558...
2026-06-17 12:05:00,646 [INFO]   Metadata batch 1444/1558...
2026-06-17 12:05:04,616 [INFO]   Metadata batch 1445/1558...
2026-06-17 12:05:09,168 [INFO]   Metadata batch 1446/1558...
2026-06-17 12:05:13,321 [INFO]   Metadata batch 1447/1558...
2026-06-17 12:05:17,106 [INFO]   Metadata batch 1448/1558...
2026-06-17 12:05:21,422 [INFO]   Metadata batch 1449/1558...
2026-06-17 12:05:25,226 [INFO]   Metadata batch 1450/1558...
2026-06-17 12:05:29,387 [INFO]   Metadata batch 1451/1558...
2026-06-17 12:05:33,191 [INFO]   Metadata batch 1452/1558...
2026-06-17 12:05:37,616 [INFO]   Metadata batch 1453/1558...
2026-06-17 12:05:41,463 [INFO]   Metadata batch 1454/1558...
2026-06-17 12:05:45,644 [INFO]   Metadata batch 1455/1558...
2026-06-17 12:05:50,060 [INFO]   Metadata batch 1456/1558...
2026-06-17 12:05:54,237 [INFO]   Metadata batch 1457/1558...
2026-06-17 12:05:57,859 [INFO]   Metadata batch 1458/1558...
2026-06-17 12:06:01,501 [INFO]   Metadata batch 1459/1558...
2026-06-17 12:06:05,006 [INFO]   Metadata batch 1460/1558...
2026-06-17 12:06:09,237 [INFO]   Metadata batch 1461/1558...
2026-06-17 12:06:13,978 [INFO]   Metadata batch 1462/1558...
2026-06-17 12:06:17,932 [INFO]   Metadata batch 1463/1558...
2026-06-17 12:06:21,854 [INFO]   Metadata batch 1464/1558...
2026-06-17 12:06:25,598 [INFO]   Metadata batch 1465/1558...
2026-06-17 12:06:29,621 [INFO]   Metadata batch 1466/1558...
2026-06-17 12:06:33,277 [INFO]   Metadata batch 1467/1558...
2026-06-17 12:06:37,397 [INFO]   Metadata batch 1468/1558...
2026-06-17 12:06:41,539 [INFO]   Metadata batch 1469/1558...
2026-06-17 12:06:45,362 [INFO]   Metadata batch 1470/1558...
2026-06-17 12:06:49,316 [INFO]   Metadata batch 1471/1558...
2026-06-17 12:06:53,359 [INFO]   Metadata batch 1472/1558...
2026-06-17 12:06:57,401 [INFO]   Metadata batch 1473/1558...
2026-06-17 12:07:01,237 [INFO]   Metadata batch 1474/1558...
2026-06-17 12:07:05,248 [INFO]   Metadata batch 1475/1558...
2026-06-17 12:07:09,258 [INFO]   Metadata batch 1476/1558...
2026-06-17 12:07:13,128 [INFO]   Metadata batch 1477/1558...
2026-06-17 12:07:16,927 [INFO]   Metadata batch 1478/1558...
2026-06-17 12:07:20,901 [INFO]   Metadata batch 1479/1558...
2026-06-17 12:07:25,117 [INFO]   Metadata batch 1480/1558...
2026-06-17 12:07:29,655 [INFO]   Metadata batch 1481/1558...
2026-06-17 12:07:33,283 [INFO]   Metadata batch 1482/1558...
