2026-06-17 12:17:53,352 [INFO] ============================================================
2026-06-17 12:17:53,352 [INFO] Configuration
2026-06-17 12:17:53,352 [INFO] ============================================================
2026-06-17 12:17:53,352 [INFO]   BQ_PROJECT              : ocean-tech-adv-analytics-p-usr
2026-06-17 12:17:53,352 [INFO]   AIRAK_DATASET           : ocean-breeze-tier-1.airak
2026-06-17 12:17:53,352 [INFO]   NETWORK_MODE            : global
2026-06-17 12:17:53,352 [INFO]   START_YEAR              : 2026
2026-06-17 12:17:53,352 [INFO]   END_YEAR                : 2026
2026-06-17 12:17:53,352 [INFO]   TOP_N_JOURNALS          : 5
2026-06-17 12:17:53,352 [INFO]   JOURNAL_IDS_OVERRIDE    : (none)
2026-06-17 12:17:53,353 [INFO]   ENABLE_EDGE_WEIGHTS     : True
2026-06-17 12:17:53,353 [INFO]   TEMPORAL_DECAY_TAU      : 5.0
2026-06-17 12:17:53,353 [INFO]   SELF_CITE_JOURNAL_WEIGHT: 0.5
2026-06-17 12:17:53,353 [INFO]   ENABLE_BC_EDGES         : True
2026-06-17 12:17:53,353 [INFO]   BC_MIN_SHARED_REFS      : 3
2026-06-17 12:17:53,353 [INFO]   MAX_EXTERNAL_PAPERS     : 50000
2026-06-17 12:17:53,353 [INFO]   OUTPUT_DIR              : cwts_output
2026-06-17 12:17:53,353 [INFO] ============================================================
2026-06-17 12:17:53,353 [INFO] ============================================================
2026-06-17 12:17:53,353 [INFO] CWTS Export — Edge Weight Builder
2026-06-17 12:17:53,353 [INFO]   Mode: GLOBAL  |  Years: 2026-2026
2026-06-17 12:17:53,353 [INFO]   Edge weights: ON
2026-06-17 12:17:53,353 [INFO] ============================================================
2026-06-17 12:17:53,353 [INFO] Fetching top 5 Frontiers journals by publication count...
2026-06-17 12:17:56,188 [INFO]   Journal IDs: [3315714752512, 2826088480769, 2379411881984, 2405181685761, 2972117368834]
2026-06-17 12:17:56,189 [INFO] Fetching Frontiers publication IDs...
2026-06-17 12:17:58,480 [INFO]   16,999 Frontiers publications
2026-06-17 12:17:58,481 [INFO] Building GLOBAL network for 2026-2026 (every publication, no journal filter)...
2026-06-17 12:18:01,463 [INFO]   530,777 edges, 549,424 nodes (1,751 Frontiers core)
2026-06-17 12:18:01,464 [WARNING] Global mode: disabling bibliographic-coupling edges (no journal scope; query would be unbounded).
2026-06-17 12:18:01,464 [INFO] Fetching metadata for 549,424 nodes...
2026-06-17 12:18:01,481 [INFO]   Metadata batch 1/28...
2026-06-17 12:18:04,776 [INFO]   Metadata batch 2/28...
2026-06-17 12:18:08,212 [INFO]   Metadata batch 3/28...
2026-06-17 12:18:11,410 [INFO]   Metadata batch 4/28...
2026-06-17 12:18:14,608 [INFO]   Metadata batch 5/28...
2026-06-17 12:18:18,173 [INFO]   Metadata batch 6/28...
2026-06-17 12:18:21,427 [INFO]   Metadata batch 7/28...
2026-06-17 12:18:24,645 [INFO]   Metadata batch 8/28...
2026-06-17 12:18:27,824 [INFO]   Metadata batch 9/28...
