2026-06-16 14:12:01,693 [INFO] ============================================================
2026-06-16 14:12:01,694 [INFO] Configuration
2026-06-16 14:12:01,694 [INFO] ============================================================
2026-06-16 14:12:01,694 [INFO]   BQ_PROJECT              : ocean-tech-adv-analytics-p-usr
2026-06-16 14:12:01,695 [INFO]   AIRAK_DATASET           : ocean-breeze-tier-1.airak
2026-06-16 14:12:01,695 [INFO]   NETWORK_MODE            : global
2026-06-16 14:12:01,696 [INFO]   START_YEAR              : 2026
2026-06-16 14:12:01,696 [INFO]   END_YEAR                : 2026
2026-06-16 14:12:01,697 [INFO]   TOP_N_JOURNALS          : 5
2026-06-16 14:12:01,698 [INFO]   JOURNAL_IDS_OVERRIDE    : (none)
2026-06-16 14:12:01,698 [INFO]   ENABLE_EDGE_WEIGHTS     : True
2026-06-16 14:12:01,698 [INFO]   TEMPORAL_DECAY_TAU      : 5.0
2026-06-16 14:12:01,698 [INFO]   SELF_CITE_JOURNAL_WEIGHT: 0.5
2026-06-16 14:12:01,698 [INFO]   ENABLE_BC_EDGES         : True
2026-06-16 14:12:01,698 [INFO]   BC_MIN_SHARED_REFS      : 3
2026-06-16 14:12:01,700 [INFO]   MAX_EXTERNAL_PAPERS     : 50000
2026-06-16 14:12:01,700 [INFO]   OUTPUT_DIR              : cwts_output
2026-06-16 14:12:01,700 [INFO] ============================================================
2026-06-16 14:12:01,700 [INFO] ============================================================
2026-06-16 14:12:01,700 [INFO] CWTS Export — Edge Weight Builder
2026-06-16 14:12:01,701 [INFO]   Mode: GLOBAL  |  Years: 2026-2026
2026-06-16 14:12:01,701 [INFO]   Edge weights: ON
2026-06-16 14:12:01,701 [INFO] ============================================================
2026-06-16 14:12:01,701 [INFO] Fetching top 5 Frontiers journals by publication count...
2026-06-16 14:12:05,986 [INFO]   Journal IDs: [3315714752512, 2826088480769, 2379411881984, 2405181685761, 2972117368834]
2026-06-16 14:12:05,987 [INFO] Fetching Frontiers publication IDs...
2026-06-16 14:12:08,937 [INFO]   16,999 Frontiers publications
2026-06-16 14:12:08,937 [INFO] Building GLOBAL network for 2026-2026 (every publication, no journal filter)...
2026-06-16 14:12:32,561 [INFO]   530,777 edges, 549,424 nodes (1,751 Frontiers core)
2026-06-16 14:12:32,562 [WARNING] Global mode: disabling bibliographic-coupling edges (no journal scope; query would be unbounded).
2026-06-16 14:12:32,562 [INFO] Fetching metadata for 549,424 nodes...
2026-06-16 14:12:32,596 [INFO]   Metadata batch 1/28...
2026-06-16 14:12:42,370 [INFO]   Metadata batch 2/28...
2026-06-16 14:12:52,052 [INFO]   Metadata batch 3/28...
2026-06-16 14:13:01,867 [INFO]   Metadata batch 4/28...
2026-06-16 14:13:12,267 [INFO]   Metadata batch 5/28...
2026-06-16 14:13:21,995 [INFO]   Metadata batch 6/28...
2026-06-16 14:13:30,775 [INFO]   Metadata batch 7/28...
2026-06-16 14:13:39,547 [INFO]   Metadata batch 8/28...
2026-06-16 14:13:48,540 [INFO]   Metadata batch 9/28...
2026-06-16 14:13:57,168 [INFO]   Metadata batch 10/28...
2026-06-16 14:14:06,196 [INFO]   Metadata batch 11/28...
2026-06-16 14:14:15,653 [INFO]   Metadata batch 12/28...
2026-06-16 14:14:24,235 [INFO]   Metadata batch 13/28...
2026-06-16 14:14:33,785 [INFO]   Metadata batch 14/28...
2026-06-16 14:14:43,078 [INFO]   Metadata batch 15/28...
2026-06-16 14:14:51,837 [INFO]   Metadata batch 16/28...
2026-06-16 14:14:59,719 [INFO]   Metadata batch 17/28...
2026-06-16 14:15:09,082 [INFO]   Metadata batch 18/28...
2026-06-16 14:15:17,937 [INFO]   Metadata batch 19/28...
2026-06-16 14:15:26,987 [INFO]   Metadata batch 20/28...
2026-06-16 14:15:35,831 [INFO]   Metadata batch 21/28...
2026-06-16 14:15:45,330 [INFO]   Metadata batch 22/28...
2026-06-16 14:15:54,452 [INFO]   Metadata batch 23/28...
2026-06-16 14:16:03,847 [INFO]   Metadata batch 24/28...
2026-06-16 14:16:14,255 [INFO]   Metadata batch 25/28...
2026-06-16 14:16:24,321 [INFO]   Metadata batch 26/28...
2026-06-16 14:16:34,548 [INFO]   Metadata batch 27/28...
2026-06-16 14:16:45,117 [INFO]   Metadata batch 28/28...
2026-06-16 14:16:52,560 [INFO]   549,424 nodes (1,751 Frontiers core)
2026-06-16 14:16:52,719 [INFO] Applying edge weights (temporal decay + self-citation discount)...
2026-06-16 14:17:09,749 [INFO]   Decay mean=1.000  |  Self-citations: 37,374
2026-06-16 14:17:09,752 [INFO]   Combined weight mean=0.965
2026-06-16 14:17:09,847 [INFO] BC edges disabled (ENABLE_BC_EDGES=false)
2026-06-16 14:17:10,747 [INFO] Writing CWTS files to cwts_output/  (549,424 nodes)...
2026-06-16 14:17:52,100 [INFO]   pubs.txt        : 549,424 rows  (0 Frontiers)
2026-06-16 14:18:00,885 [INFO] 549424 out of 549424 rows loaded.
2026-06-16 14:18:00,887 [INFO]   → BigQuery: scope_drift_raw.pubs_raw_20260616_141710
2026-06-16 14:18:52,691 [INFO]   pub_metadata.txt: 549,424 rows
2026-06-16 14:19:03,266 [INFO] 549424 out of 549424 rows loaded.
2026-06-16 14:19:03,268 [INFO]   → BigQuery: scope_drift_raw.pub_metadata_raw_20260616_141710
2026-06-16 14:19:23,566 [INFO]   cit_links.txt   : 1,057,458 rows  (528,729 unique × 2 directions)
2026-06-16 14:19:38,995 [INFO] 1057458 out of 1057458 rows loaded.
2026-06-16 14:19:38,996 [INFO]   → BigQuery: scope_drift_raw.cit_links_raw_20260616_141710
