2026-06-17 12:27:07,777 [INFO] ============================================================
2026-06-17 12:27:07,777 [INFO] Configuration
2026-06-17 12:27:07,777 [INFO] ============================================================
2026-06-17 12:27:07,777 [INFO]   BQ_PROJECT              : ocean-tech-adv-analytics-p-usr
2026-06-17 12:27:07,777 [INFO]   AIRAK_DATASET           : ocean-breeze-tier-1.airak
2026-06-17 12:27:07,777 [INFO]   NETWORK_MODE            : global
2026-06-17 12:27:07,778 [INFO]   START_YEAR              : 2020
2026-06-17 12:27:07,778 [INFO]   END_YEAR                : 2026
2026-06-17 12:27:07,778 [INFO]   TOP_N_JOURNALS          : 5
2026-06-17 12:27:07,778 [INFO]   JOURNAL_IDS_OVERRIDE    : (none)
2026-06-17 12:27:07,778 [INFO]   ENABLE_EDGE_WEIGHTS     : True
2026-06-17 12:27:07,778 [INFO]   TEMPORAL_DECAY_TAU      : 5.0
2026-06-17 12:27:07,778 [INFO]   SELF_CITE_JOURNAL_WEIGHT: 0.5
2026-06-17 12:27:07,778 [INFO]   ENABLE_BC_EDGES         : True
2026-06-17 12:27:07,778 [INFO]   BC_MIN_SHARED_REFS      : 3
2026-06-17 12:27:07,778 [INFO]   MAX_EXTERNAL_PAPERS     : 50000
2026-06-17 12:27:07,778 [INFO]   OUTPUT_DIR              : cwts_output
2026-06-17 12:27:07,778 [INFO] ============================================================
2026-06-17 12:27:07,778 [INFO] ============================================================
2026-06-17 12:27:07,778 [INFO] CWTS Export — Edge Weight Builder
2026-06-17 12:27:07,778 [INFO]   Mode: GLOBAL  |  Years: 2020-2026
2026-06-17 12:27:07,778 [INFO]   Edge weights: ON
2026-06-17 12:27:07,778 [INFO] ============================================================
2026-06-17 12:27:07,778 [INFO] Fetching top 5 Frontiers journals by publication count...
2026-06-17 12:27:10,597 [INFO]   Journal IDs: [3315714752512, 2405181685761, 2972117368834, 2379411881984, 1013612281856]
2026-06-17 12:27:10,598 [INFO] Fetching Frontiers publication IDs...
2026-06-17 12:27:13,157 [INFO]   160,424 Frontiers publications
2026-06-17 12:27:13,157 [INFO] Building GLOBAL network for 2020-2026 (every publication, no journal filter)...
2026-06-17 12:33:13,572 [INFO]   294,741,048 edges, 31,144,717 nodes (145,993 Frontiers core)
2026-06-17 12:33:13,572 [WARNING] Global mode: disabling bibliographic-coupling edges (no journal scope; query would be unbounded).
2026-06-17 12:33:13,572 [INFO] Fetching metadata for 31,144,717 nodes...
2026-06-17 12:33:14,968 [INFO]   Metadata batch 1/1558...
2026-06-17 12:33:20,649 [INFO]   Metadata batch 2/1558...
2026-06-17 12:33:30,188 [INFO]   Metadata batch 3/1558...
2026-06-17 12:33:35,857 [INFO]   Metadata batch 4/1558...
2026-06-17 12:33:41,500 [INFO]   Metadata batch 5/1558...
2026-06-17 12:33:47,944 [INFO]   Metadata batch 6/1558...
2026-06-17 12:33:53,785 [INFO]   Metadata batch 7/1558...
2026-06-17 12:33:59,258 [INFO]   Metadata batch 8/1558...
2026-06-17 12:34:08,611 [INFO]   Metadata batch 9/1558...
2026-06-17 12:34:14,243 [INFO]   Metadata batch 10/1558...
2026-06-17 12:34:20,122 [INFO]   Metadata batch 11/1558...
2026-06-17 12:34:25,864 [INFO]   Metadata batch 12/1558...
2026-06-17 12:34:31,789 [INFO]   Metadata batch 13/1558...
2026-06-17 12:34:38,381 [INFO]   Metadata batch 14/1558...
2026-06-17 12:34:43,598 [INFO]   Metadata batch 15/1558...
2026-06-17 12:34:49,392 [INFO]   Metadata batch 16/1558...
2026-06-17 12:34:55,536 [INFO]   Metadata batch 17/1558...
2026-06-17 12:35:00,849 [INFO]   Metadata batch 18/1558...
2026-06-17 12:35:06,606 [INFO]   Metadata batch 19/1558...
2026-06-17 12:35:12,201 [INFO]   Metadata batch 20/1558...
2026-06-17 12:35:18,588 [INFO]   Metadata batch 21/1558...
2026-06-17 12:35:24,851 [INFO]   Metadata batch 22/1558...
2026-06-17 12:35:30,912 [INFO]   Metadata batch 23/1558...
2026-06-17 12:35:36,501 [INFO]   Metadata batch 24/1558...
2026-06-17 12:35:41,695 [INFO]   Metadata batch 25/1558...
2026-06-17 12:35:46,978 [INFO]   Metadata batch 26/1558...
2026-06-17 12:35:52,913 [INFO]   Metadata batch 27/1558...
2026-06-17 12:35:58,182 [INFO]   Metadata batch 28/1558...
2026-06-17 12:36:05,034 [INFO]   Metadata batch 29/1558...
2026-06-17 12:36:10,780 [INFO]   Metadata batch 30/1558...
2026-06-17 12:36:16,722 [INFO]   Metadata batch 31/1558...
2026-06-17 12:36:24,062 [INFO]   Metadata batch 32/1558...
2026-06-17 12:36:30,275 [INFO]   Metadata batch 33/1558...
2026-06-17 12:36:35,909 [INFO]   Metadata batch 34/1558...
2026-06-17 12:36:41,892 [INFO]   Metadata batch 35/1558...
2026-06-17 12:36:47,988 [INFO]   Metadata batch 36/1558...
2026-06-17 12:36:53,290 [INFO]   Metadata batch 37/1558...
2026-06-17 12:36:58,838 [INFO]   Metadata batch 38/1558...
2026-06-17 12:37:04,343 [INFO]   Metadata batch 39/1558...
2026-06-17 12:37:09,787 [INFO]   Metadata batch 40/1558...
2026-06-17 12:37:15,712 [INFO]   Metadata batch 41/1558...
2026-06-17 12:37:22,121 [INFO]   Metadata batch 42/1558...
2026-06-17 12:37:27,783 [INFO]   Metadata batch 43/1558...
2026-06-17 12:37:33,432 [INFO]   Metadata batch 44/1558...
2026-06-17 12:37:38,839 [INFO]   Metadata batch 45/1558...
2026-06-17 12:37:44,380 [INFO]   Metadata batch 46/1558...
2026-06-17 12:37:50,185 [INFO]   Metadata batch 47/1558...
2026-06-17 12:37:55,950 [INFO]   Metadata batch 48/1558...
2026-06-17 12:38:01,562 [INFO]   Metadata batch 49/1558...
2026-06-17 12:38:07,106 [INFO]   Metadata batch 50/1558...
2026-06-17 12:38:12,326 [INFO]   Metadata batch 51/1558...
2026-06-17 12:38:17,486 [INFO]   Metadata batch 52/1558...
2026-06-17 12:38:23,201 [INFO]   Metadata batch 53/1558...
2026-06-17 12:38:28,613 [INFO]   Metadata batch 54/1558...
2026-06-17 12:38:34,745 [INFO]   Metadata batch 55/1558...
2026-06-17 12:38:40,800 [INFO]   Metadata batch 56/1558...
2026-06-17 12:38:46,091 [INFO]   Metadata batch 57/1558...
2026-06-17 12:38:51,585 [INFO]   Metadata batch 58/1558...
2026-06-17 12:39:00,524 [INFO]   Metadata batch 59/1558...
2026-06-17 12:39:06,597 [INFO]   Metadata batch 60/1558...
2026-06-17 12:39:12,087 [INFO]   Metadata batch 61/1558...
2026-06-17 12:39:17,814 [INFO]   Metadata batch 62/1558...
2026-06-17 12:39:23,783 [INFO]   Metadata batch 63/1558...
2026-06-17 12:39:30,663 [INFO]   Metadata batch 64/1558...
2026-06-17 12:39:36,546 [INFO]   Metadata batch 65/1558...
2026-06-17 12:39:41,929 [INFO]   Metadata batch 66/1558...
2026-06-17 12:39:47,570 [INFO]   Metadata batch 67/1558...
2026-06-17 12:39:53,105 [INFO]   Metadata batch 68/1558...
2026-06-17 12:40:00,293 [INFO]   Metadata batch 69/1558...
2026-06-17 12:40:06,810 [INFO]   Metadata batch 70/1558...
2026-06-17 12:40:13,432 [INFO]   Metadata batch 71/1558...
2026-06-17 12:40:19,042 [INFO]   Metadata batch 72/1558...
2026-06-17 12:40:25,971 [INFO]   Metadata batch 73/1558...
2026-06-17 12:40:32,470 [INFO]   Metadata batch 74/1558...
2026-06-17 12:40:38,707 [INFO]   Metadata batch 75/1558...
2026-06-17 12:40:44,998 [INFO]   Metadata batch 76/1558...
2026-06-17 12:40:51,186 [INFO]   Metadata batch 77/1558...
2026-06-17 12:40:56,486 [INFO]   Metadata batch 78/1558...
2026-06-17 12:41:02,496 [INFO]   Metadata batch 79/1558...
2026-06-17 12:41:08,011 [INFO]   Metadata batch 80/1558...
2026-06-17 12:41:14,192 [INFO]   Metadata batch 81/1558...
2026-06-17 12:41:20,643 [INFO]   Metadata batch 82/1558...
2026-06-17 12:41:26,715 [INFO]   Metadata batch 83/1558...
2026-06-17 12:41:32,424 [INFO]   Metadata batch 84/1558...
2026-06-17 12:41:37,934 [INFO]   Metadata batch 85/1558...
2026-06-17 12:41:43,085 [INFO]   Metadata batch 86/1558...
2026-06-17 12:41:48,484 [INFO]   Metadata batch 87/1558...
2026-06-17 12:41:54,056 [INFO]   Metadata batch 88/1558...
2026-06-17 12:41:59,342 [INFO]   Metadata batch 89/1558...
2026-06-17 12:42:04,991 [INFO]   Metadata batch 90/1558...
2026-06-17 12:42:10,728 [INFO]   Metadata batch 91/1558...
2026-06-17 12:42:16,152 [INFO]   Metadata batch 92/1558...
2026-06-17 12:42:21,793 [INFO]   Metadata batch 93/1558...
2026-06-17 12:42:27,845 [INFO]   Metadata batch 94/1558...
2026-06-17 12:42:33,663 [INFO]   Metadata batch 95/1558...
2026-06-17 12:42:39,294 [INFO]   Metadata batch 96/1558...
2026-06-17 12:42:45,599 [INFO]   Metadata batch 97/1558...
2026-06-17 12:42:51,825 [INFO]   Metadata batch 98/1558...
2026-06-17 12:42:57,351 [INFO]   Metadata batch 99/1558...
2026-06-17 12:43:02,743 [INFO]   Metadata batch 100/1558...
2026-06-17 12:43:08,054 [INFO]   Metadata batch 101/1558...
2026-06-17 12:43:13,497 [INFO]   Metadata batch 102/1558...
2026-06-17 12:43:19,318 [INFO]   Metadata batch 103/1558...
2026-06-17 12:43:25,151 [INFO]   Metadata batch 104/1558...
2026-06-17 12:43:30,612 [INFO]   Metadata batch 105/1558...
2026-06-17 12:43:36,126 [INFO]   Metadata batch 106/1558...
2026-06-17 12:43:41,566 [INFO]   Metadata batch 107/1558...
2026-06-17 12:43:46,592 [INFO]   Metadata batch 108/1558...
2026-06-17 12:43:51,703 [INFO]   Metadata batch 109/1558...
2026-06-17 12:43:57,609 [INFO]   Metadata batch 110/1558...
2026-06-17 12:44:03,455 [INFO]   Metadata batch 111/1558...
2026-06-17 12:44:09,527 [INFO]   Metadata batch 112/1558...
2026-06-17 12:44:15,346 [INFO]   Metadata batch 113/1558...
2026-06-17 12:44:20,914 [INFO]   Metadata batch 114/1558...
2026-06-17 12:44:26,515 [INFO]   Metadata batch 115/1558...
2026-06-17 12:44:32,463 [INFO]   Metadata batch 116/1558...
2026-06-17 12:44:38,362 [INFO]   Metadata batch 117/1558...
2026-06-17 12:44:44,332 [INFO]   Metadata batch 118/1558...
2026-06-17 12:44:50,366 [INFO]   Metadata batch 119/1558...
2026-06-17 12:44:55,973 [INFO]   Metadata batch 120/1558...
2026-06-17 12:45:01,530 [INFO]   Metadata batch 121/1558...
2026-06-17 12:45:07,875 [INFO]   Metadata batch 122/1558...
2026-06-17 12:45:13,924 [INFO]   Metadata batch 123/1558...
2026-06-17 12:45:19,751 [INFO]   Metadata batch 124/1558...
2026-06-17 12:45:26,285 [INFO]   Metadata batch 125/1558...
2026-06-17 12:45:32,752 [INFO]   Metadata batch 126/1558...
2026-06-17 12:45:39,005 [INFO]   Metadata batch 127/1558...
2026-06-17 12:45:44,383 [INFO]   Metadata batch 128/1558...
2026-06-17 12:45:49,874 [INFO]   Metadata batch 129/1558...
2026-06-17 12:45:56,250 [INFO]   Metadata batch 130/1558...
2026-06-17 12:46:01,639 [INFO]   Metadata batch 131/1558...
2026-06-17 12:46:07,364 [INFO]   Metadata batch 132/1558...
2026-06-17 12:46:13,902 [INFO]   Metadata batch 133/1558...
2026-06-17 12:46:19,180 [INFO]   Metadata batch 134/1558...
2026-06-17 12:46:24,374 [INFO]   Metadata batch 135/1558...
2026-06-17 12:46:30,101 [INFO]   Metadata batch 136/1558...
2026-06-17 12:46:35,816 [INFO]   Metadata batch 137/1558...
2026-06-17 12:46:41,779 [INFO]   Metadata batch 138/1558...
2026-06-17 12:46:47,617 [INFO]   Metadata batch 139/1558...
2026-06-17 12:46:52,866 [INFO]   Metadata batch 140/1558...
2026-06-17 12:46:59,608 [INFO]   Metadata batch 141/1558...
2026-06-17 12:47:04,745 [INFO]   Metadata batch 142/1558...
2026-06-17 12:47:09,899 [INFO]   Metadata batch 143/1558...
2026-06-17 12:47:15,320 [INFO]   Metadata batch 144/1558...
2026-06-17 12:47:21,172 [INFO]   Metadata batch 145/1558...
2026-06-17 12:47:27,904 [INFO]   Metadata batch 146/1558...
2026-06-17 12:47:33,775 [INFO]   Metadata batch 147/1558...
2026-06-17 12:47:38,630 [INFO]   Metadata batch 148/1558...
2026-06-17 12:47:43,796 [INFO]   Metadata batch 149/1558...
2026-06-17 12:47:48,865 [INFO]   Metadata batch 150/1558...
2026-06-17 12:47:54,183 [INFO]   Metadata batch 151/1558...
2026-06-17 12:47:59,216 [INFO]   Metadata batch 152/1558...
2026-06-17 12:48:04,648 [INFO]   Metadata batch 153/1558...
2026-06-17 12:48:10,180 [INFO]   Metadata batch 154/1558...
2026-06-17 12:48:15,109 [INFO]   Metadata batch 155/1558...
2026-06-17 12:48:20,345 [INFO]   Metadata batch 156/1558...
2026-06-17 12:48:25,585 [INFO]   Metadata batch 157/1558...
2026-06-17 12:48:30,814 [INFO]   Metadata batch 158/1558...
2026-06-17 12:48:36,556 [INFO]   Metadata batch 159/1558...
2026-06-17 12:48:42,837 [INFO]   Metadata batch 160/1558...
2026-06-17 12:48:48,302 [INFO]   Metadata batch 161/1558...
2026-06-17 12:48:53,567 [INFO]   Metadata batch 162/1558...
2026-06-17 12:48:58,939 [INFO]   Metadata batch 163/1558...
2026-06-17 12:49:04,266 [INFO]   Metadata batch 164/1558...
2026-06-17 12:49:09,368 [INFO]   Metadata batch 165/1558...
2026-06-17 12:49:15,205 [INFO]   Metadata batch 166/1558...
2026-06-17 12:49:21,034 [INFO]   Metadata batch 167/1558...
2026-06-17 12:49:26,651 [INFO]   Metadata batch 168/1558...
2026-06-17 12:49:32,073 [INFO]   Metadata batch 169/1558...
2026-06-17 12:49:37,691 [INFO]   Metadata batch 170/1558...
2026-06-17 12:49:43,058 [INFO]   Metadata batch 171/1558...
2026-06-17 12:49:48,503 [INFO]   Metadata batch 172/1558...
2026-06-17 12:49:54,063 [INFO]   Metadata batch 173/1558...
2026-06-17 12:50:00,391 [INFO]   Metadata batch 174/1558...
2026-06-17 12:50:06,301 [INFO]   Metadata batch 175/1558...
2026-06-17 12:50:11,588 [INFO]   Metadata batch 176/1558...
2026-06-17 12:50:16,551 [INFO]   Metadata batch 177/1558...
2026-06-17 12:50:22,319 [INFO]   Metadata batch 178/1558...
2026-06-17 12:50:27,714 [INFO]   Metadata batch 179/1558...
2026-06-17 12:50:33,776 [INFO]   Metadata batch 180/1558...
2026-06-17 12:50:39,348 [INFO]   Metadata batch 181/1558...
2026-06-17 12:50:44,460 [INFO]   Metadata batch 182/1558...
2026-06-17 12:50:50,300 [INFO]   Metadata batch 183/1558...
2026-06-17 12:50:56,019 [INFO]   Metadata batch 184/1558...
2026-06-17 12:51:02,573 [INFO]   Metadata batch 185/1558...
2026-06-17 12:51:08,120 [INFO]   Metadata batch 186/1558...
2026-06-17 12:51:13,633 [INFO]   Metadata batch 187/1558...
2026-06-17 12:51:19,296 [INFO]   Metadata batch 188/1558...
2026-06-17 12:51:24,838 [INFO]   Metadata batch 189/1558...
2026-06-17 12:51:30,848 [INFO]   Metadata batch 190/1558...
2026-06-17 12:51:36,780 [INFO]   Metadata batch 191/1558...
2026-06-17 12:51:42,017 [INFO]   Metadata batch 192/1558...
2026-06-17 12:51:47,751 [INFO]   Metadata batch 193/1558...
2026-06-17 12:51:54,801 [INFO]   Metadata batch 194/1558...
2026-06-17 12:52:00,892 [INFO]   Metadata batch 195/1558...
2026-06-17 12:52:06,558 [INFO]   Metadata batch 196/1558...
2026-06-17 12:52:11,793 [INFO]   Metadata batch 197/1558...
2026-06-17 12:52:17,481 [INFO]   Metadata batch 198/1558...
2026-06-17 12:52:23,779 [INFO]   Metadata batch 199/1558...
2026-06-17 12:52:29,737 [INFO]   Metadata batch 200/1558...
2026-06-17 12:52:35,803 [INFO]   Metadata batch 201/1558...
2026-06-17 12:52:41,280 [INFO]   Metadata batch 202/1558...
2026-06-17 12:52:46,620 [INFO]   Metadata batch 203/1558...
2026-06-17 12:52:51,193 [INFO]   Metadata batch 204/1558...
2026-06-17 12:52:58,191 [INFO]   Metadata batch 205/1558...
2026-06-17 12:53:04,451 [INFO]   Metadata batch 206/1558...
2026-06-17 12:53:10,322 [INFO]   Metadata batch 207/1558...
2026-06-17 12:53:16,216 [INFO]   Metadata batch 208/1558...
2026-06-17 12:53:21,931 [INFO]   Metadata batch 209/1558...
2026-06-17 12:53:28,057 [INFO]   Metadata batch 210/1558...
2026-06-17 12:53:34,872 [INFO]   Metadata batch 211/1558...
2026-06-17 12:53:40,523 [INFO]   Metadata batch 212/1558...
2026-06-17 12:53:46,278 [INFO]   Metadata batch 213/1558...
2026-06-17 12:53:53,359 [INFO]   Metadata batch 214/1558...
2026-06-17 12:53:58,823 [INFO]   Metadata batch 215/1558...
2026-06-17 12:54:04,776 [INFO]   Metadata batch 216/1558...
2026-06-17 12:54:10,869 [INFO]   Metadata batch 217/1558...
2026-06-17 12:54:16,920 [INFO]   Metadata batch 218/1558...
2026-06-17 12:54:22,647 [INFO]   Metadata batch 219/1558...
2026-06-17 12:54:27,785 [INFO]   Metadata batch 220/1558...
2026-06-17 12:54:33,385 [INFO]   Metadata batch 221/1558...
2026-06-17 12:54:39,627 [INFO]   Metadata batch 222/1558...
2026-06-17 12:54:45,688 [INFO]   Metadata batch 223/1558...
2026-06-17 12:54:51,844 [INFO]   Metadata batch 224/1558...
2026-06-17 12:54:57,102 [INFO]   Metadata batch 225/1558...
2026-06-17 12:55:03,005 [INFO]   Metadata batch 226/1558...
2026-06-17 12:55:08,504 [INFO]   Metadata batch 227/1558...
2026-06-17 12:55:18,350 [INFO]   Metadata batch 228/1558...
2026-06-17 12:55:24,192 [INFO]   Metadata batch 229/1558...
2026-06-17 12:55:29,829 [INFO]   Metadata batch 230/1558...
2026-06-17 12:55:35,137 [INFO]   Metadata batch 231/1558...
2026-06-17 12:55:41,429 [INFO]   Metadata batch 232/1558...
2026-06-17 12:55:46,979 [INFO]   Metadata batch 233/1558...
2026-06-17 12:55:52,798 [INFO]   Metadata batch 234/1558...
2026-06-17 12:55:58,495 [INFO]   Metadata batch 235/1558...
2026-06-17 12:56:04,572 [INFO]   Metadata batch 236/1558...
2026-06-17 12:56:10,039 [INFO]   Metadata batch 237/1558...
2026-06-17 12:56:16,059 [INFO]   Metadata batch 238/1558...
2026-06-17 12:56:21,590 [INFO]   Metadata batch 239/1558...
2026-06-17 12:56:27,321 [INFO]   Metadata batch 240/1558...
2026-06-17 12:56:32,812 [INFO]   Metadata batch 241/1558...
2026-06-17 12:56:38,720 [INFO]   Metadata batch 242/1558...
2026-06-17 12:56:44,560 [INFO]   Metadata batch 243/1558...
2026-06-17 12:56:49,508 [INFO]   Metadata batch 244/1558...
2026-06-17 12:56:56,006 [INFO]   Metadata batch 245/1558...
2026-06-17 12:57:01,766 [INFO]   Metadata batch 246/1558...
2026-06-17 12:57:07,755 [INFO]   Metadata batch 247/1558...
2026-06-17 12:57:13,455 [INFO]   Metadata batch 248/1558...
2026-06-17 12:57:18,558 [INFO]   Metadata batch 249/1558...
2026-06-17 12:57:24,576 [INFO]   Metadata batch 250/1558...
2026-06-17 12:57:30,289 [INFO]   Metadata batch 251/1558...
2026-06-17 12:57:36,155 [INFO]   Metadata batch 252/1558...
2026-06-17 12:57:42,709 [INFO]   Metadata batch 253/1558...
2026-06-17 12:57:49,023 [INFO]   Metadata batch 254/1558...
2026-06-17 12:57:54,471 [INFO]   Metadata batch 255/1558...
2026-06-17 12:58:00,035 [INFO]   Metadata batch 256/1558...
2026-06-17 12:58:05,569 [INFO]   Metadata batch 257/1558...
2026-06-17 12:58:12,009 [INFO]   Metadata batch 258/1558...
2026-06-17 12:58:17,491 [INFO]   Metadata batch 259/1558...
2026-06-17 12:58:22,950 [INFO]   Metadata batch 260/1558...
2026-06-17 12:58:28,566 [INFO]   Metadata batch 261/1558...
2026-06-17 12:58:33,392 [INFO]   Metadata batch 262/1558...
2026-06-17 12:58:38,982 [INFO]   Metadata batch 263/1558...
2026-06-17 12:58:45,438 [INFO]   Metadata batch 264/1558...
2026-06-17 12:58:51,191 [INFO]   Metadata batch 265/1558...
2026-06-17 12:58:57,068 [INFO]   Metadata batch 266/1558...
2026-06-17 12:59:02,659 [INFO]   Metadata batch 267/1558...
2026-06-17 12:59:08,948 [INFO]   Metadata batch 268/1558...
2026-06-17 12:59:14,575 [INFO]   Metadata batch 269/1558...
2026-06-17 12:59:20,342 [INFO]   Metadata batch 270/1558...
2026-06-17 12:59:26,591 [INFO]   Metadata batch 271/1558...
2026-06-17 12:59:31,946 [INFO]   Metadata batch 272/1558...
2026-06-17 12:59:37,974 [INFO]   Metadata batch 273/1558...
2026-06-17 12:59:43,506 [INFO]   Metadata batch 274/1558...
2026-06-17 12:59:48,735 [INFO]   Metadata batch 275/1558...
2026-06-17 12:59:54,726 [INFO]   Metadata batch 276/1558...
2026-06-17 13:00:00,680 [INFO]   Metadata batch 277/1558...
2026-06-17 13:00:06,672 [INFO]   Metadata batch 278/1558...
2026-06-17 13:00:12,694 [INFO]   Metadata batch 279/1558...
2026-06-17 13:00:18,524 [INFO]   Metadata batch 280/1558...
2026-06-17 13:00:24,714 [INFO]   Metadata batch 281/1558...
2026-06-17 13:00:33,051 [INFO]   Metadata batch 282/1558...
2026-06-17 13:00:39,279 [INFO]   Metadata batch 283/1558...
2026-06-17 13:00:45,718 [INFO]   Metadata batch 284/1558...
2026-06-17 13:00:51,846 [INFO]   Metadata batch 285/1558...
2026-06-17 13:00:58,687 [INFO]   Metadata batch 286/1558...
2026-06-17 13:01:05,116 [INFO]   Metadata batch 287/1558...
2026-06-17 13:01:11,503 [INFO]   Metadata batch 288/1558...
2026-06-17 13:01:17,334 [INFO]   Metadata batch 289/1558...
2026-06-17 13:01:23,459 [INFO]   Metadata batch 290/1558...
2026-06-17 13:01:29,900 [INFO]   Metadata batch 291/1558...
2026-06-17 13:01:42,231 [INFO]   Metadata batch 292/1558...
2026-06-17 13:01:48,401 [INFO]   Metadata batch 293/1558...
2026-06-17 13:01:54,242 [INFO]   Metadata batch 294/1558...
2026-06-17 13:02:00,512 [INFO]   Metadata batch 295/1558...
2026-06-17 13:02:06,450 [INFO]   Metadata batch 296/1558...
2026-06-17 13:02:13,095 [INFO]   Metadata batch 297/1558...
2026-06-17 13:02:20,983 [INFO]   Metadata batch 298/1558...
2026-06-17 13:02:26,643 [INFO]   Metadata batch 299/1558...
2026-06-17 13:02:32,842 [INFO]   Metadata batch 300/1558...
2026-06-17 13:02:39,006 [INFO]   Metadata batch 301/1558...
2026-06-17 13:02:46,807 [INFO]   Metadata batch 302/1558...
2026-06-17 13:02:53,143 [INFO]   Metadata batch 303/1558...
2026-06-17 13:02:59,364 [INFO]   Metadata batch 304/1558...
2026-06-17 13:03:04,843 [INFO]   Metadata batch 305/1558...
2026-06-17 13:03:11,227 [INFO]   Metadata batch 306/1558...
2026-06-17 13:03:16,891 [INFO]   Metadata batch 307/1558...
2026-06-17 13:03:23,094 [INFO]   Metadata batch 308/1558...
2026-06-17 13:03:29,174 [INFO]   Metadata batch 309/1558...
2026-06-17 13:03:34,987 [INFO]   Metadata batch 310/1558...
2026-06-17 13:03:40,871 [INFO]   Metadata batch 311/1558...
2026-06-17 13:03:48,874 [INFO]   Metadata batch 312/1558...
2026-06-17 13:03:54,753 [INFO]   Metadata batch 313/1558...
2026-06-17 13:04:01,328 [INFO]   Metadata batch 314/1558...
2026-06-17 13:04:07,770 [INFO]   Metadata batch 315/1558...
2026-06-17 13:04:13,708 [INFO]   Metadata batch 316/1558...
2026-06-17 13:04:19,753 [INFO]   Metadata batch 317/1558...
2026-06-17 13:04:25,793 [INFO]   Metadata batch 318/1558...
2026-06-17 13:04:31,525 [INFO]   Metadata batch 319/1558...
2026-06-17 13:04:37,753 [INFO]   Metadata batch 320/1558...
2026-06-17 13:04:43,908 [INFO]   Metadata batch 321/1558...
2026-06-17 13:04:49,297 [INFO]   Metadata batch 322/1558...
2026-06-17 13:04:55,237 [INFO]   Metadata batch 323/1558...
2026-06-17 13:05:00,895 [INFO]   Metadata batch 324/1558...
2026-06-17 13:05:07,150 [INFO]   Metadata batch 325/1558...
2026-06-17 13:05:13,011 [INFO]   Metadata batch 326/1558...
2026-06-17 13:05:19,342 [INFO]   Metadata batch 327/1558...
2026-06-17 13:05:25,054 [INFO]   Metadata batch 328/1558...
2026-06-17 13:05:32,092 [INFO]   Metadata batch 329/1558...
2026-06-17 13:05:37,848 [INFO]   Metadata batch 330/1558...
2026-06-17 13:05:43,841 [INFO]   Metadata batch 331/1558...
2026-06-17 13:05:50,260 [INFO]   Metadata batch 332/1558...
2026-06-17 13:05:56,540 [INFO]   Metadata batch 333/1558...
2026-06-17 13:06:02,684 [INFO]   Metadata batch 334/1558...
2026-06-17 13:06:09,024 [INFO]   Metadata batch 335/1558...
2026-06-17 13:06:14,839 [INFO]   Metadata batch 336/1558...
2026-06-17 13:06:20,048 [INFO]   Metadata batch 337/1558...
2026-06-17 13:06:26,074 [INFO]   Metadata batch 338/1558...
2026-06-17 13:06:31,869 [INFO]   Metadata batch 339/1558...
2026-06-17 13:06:37,906 [INFO]   Metadata batch 340/1558...
2026-06-17 13:06:43,830 [INFO]   Metadata batch 341/1558...
2026-06-17 13:06:49,224 [INFO]   Metadata batch 342/1558...
2026-06-17 13:06:55,260 [INFO]   Metadata batch 343/1558...
2026-06-17 13:07:00,500 [INFO]   Metadata batch 344/1558...
2026-06-17 13:07:06,437 [INFO]   Metadata batch 345/1558...
2026-06-17 13:07:12,628 [INFO]   Metadata batch 346/1558...
2026-06-17 13:07:18,828 [INFO]   Metadata batch 347/1558...
2026-06-17 13:07:28,868 [INFO]   Metadata batch 348/1558...
2026-06-17 13:07:34,375 [INFO]   Metadata batch 349/1558...
2026-06-17 13:07:39,924 [INFO]   Metadata batch 350/1558...
2026-06-17 13:07:46,339 [INFO]   Metadata batch 351/1558...
2026-06-17 13:07:53,206 [INFO]   Metadata batch 352/1558...
2026-06-17 13:07:58,794 [INFO]   Metadata batch 353/1558...
2026-06-17 13:08:05,148 [INFO]   Metadata batch 354/1558...
2026-06-17 13:08:11,458 [INFO]   Metadata batch 355/1558...
2026-06-17 13:08:17,391 [INFO]   Metadata batch 356/1558...
2026-06-17 13:08:22,849 [INFO]   Metadata batch 357/1558...
2026-06-17 13:08:28,491 [INFO]   Metadata batch 358/1558...
2026-06-17 13:08:34,446 [INFO]   Metadata batch 359/1558...
2026-06-17 13:08:40,876 [INFO]   Metadata batch 360/1558...
2026-06-17 13:08:46,460 [INFO]   Metadata batch 361/1558...
2026-06-17 13:08:52,051 [INFO]   Metadata batch 362/1558...
2026-06-17 13:08:57,800 [INFO]   Metadata batch 363/1558...
2026-06-17 13:09:03,291 [INFO]   Metadata batch 364/1558...
2026-06-17 13:09:08,850 [INFO]   Metadata batch 365/1558...
2026-06-17 13:09:14,670 [INFO]   Metadata batch 366/1558...
2026-06-17 13:09:20,769 [INFO]   Metadata batch 367/1558...
2026-06-17 13:09:26,397 [INFO]   Metadata batch 368/1558...
2026-06-17 13:09:32,431 [INFO]   Metadata batch 369/1558...
2026-06-17 13:09:38,557 [INFO]   Metadata batch 370/1558...
2026-06-17 13:09:44,666 [INFO]   Metadata batch 371/1558...
2026-06-17 13:09:55,513 [INFO]   Metadata batch 372/1558...
2026-06-17 13:10:01,357 [INFO]   Metadata batch 373/1558...
2026-06-17 13:10:06,861 [INFO]   Metadata batch 374/1558...
2026-06-17 13:10:12,794 [INFO]   Metadata batch 375/1558...
2026-06-17 13:10:18,614 [INFO]   Metadata batch 376/1558...
2026-06-17 13:10:24,755 [INFO]   Metadata batch 377/1558...
2026-06-17 13:10:31,335 [INFO]   Metadata batch 378/1558...
2026-06-17 13:10:37,572 [INFO]   Metadata batch 379/1558...
2026-06-17 13:10:43,944 [INFO]   Metadata batch 380/1558...
2026-06-17 13:10:50,642 [INFO]   Metadata batch 381/1558...
2026-06-17 13:10:56,338 [INFO]   Metadata batch 382/1558...
2026-06-17 13:11:03,434 [INFO]   Metadata batch 383/1558...
2026-06-17 13:11:09,205 [INFO]   Metadata batch 384/1558...
2026-06-17 13:11:15,153 [INFO]   Metadata batch 385/1558...
2026-06-17 13:11:21,565 [INFO]   Metadata batch 386/1558...
2026-06-17 13:11:27,978 [INFO]   Metadata batch 387/1558...
2026-06-17 13:11:34,146 [INFO]   Metadata batch 388/1558...
2026-06-17 13:11:40,789 [INFO]   Metadata batch 389/1558...
2026-06-17 13:11:46,166 [INFO]   Metadata batch 390/1558...
2026-06-17 13:11:51,520 [INFO]   Metadata batch 391/1558...
2026-06-17 13:11:57,780 [INFO]   Metadata batch 392/1558...
2026-06-17 13:12:03,944 [INFO]   Metadata batch 393/1558...
2026-06-17 13:12:11,281 [INFO]   Metadata batch 394/1558...
2026-06-17 13:12:17,313 [INFO]   Metadata batch 395/1558...
2026-06-17 13:12:23,507 [INFO]   Metadata batch 396/1558...
2026-06-17 13:12:29,633 [INFO]   Metadata batch 397/1558...
2026-06-17 13:12:35,462 [INFO]   Metadata batch 398/1558...
2026-06-17 13:12:41,517 [INFO]   Metadata batch 399/1558...
2026-06-17 13:12:48,375 [INFO]   Metadata batch 400/1558...
2026-06-17 13:12:54,558 [INFO]   Metadata batch 401/1558...
2026-06-17 13:13:00,849 [INFO]   Metadata batch 402/1558...
2026-06-17 13:13:07,008 [INFO]   Metadata batch 403/1558...
2026-06-17 13:13:12,391 [INFO]   Metadata batch 404/1558...
2026-06-17 13:13:18,861 [INFO]   Metadata batch 405/1558...
2026-06-17 13:13:25,385 [INFO]   Metadata batch 406/1558...
2026-06-17 13:13:31,643 [INFO]   Metadata batch 407/1558...
2026-06-17 13:13:37,399 [INFO]   Metadata batch 408/1558...
2026-06-17 13:13:43,028 [INFO]   Metadata batch 409/1558...
2026-06-17 13:13:48,448 [INFO]   Metadata batch 410/1558...
2026-06-17 13:13:54,289 [INFO]   Metadata batch 411/1558...
2026-06-17 13:14:00,376 [INFO]   Metadata batch 412/1558...
2026-06-17 13:14:06,863 [INFO]   Metadata batch 413/1558...
2026-06-17 13:14:12,827 [INFO]   Metadata batch 414/1558...
2026-06-17 13:14:17,874 [INFO]   Metadata batch 415/1558...
2026-06-17 13:14:23,819 [INFO]   Metadata batch 416/1558...
2026-06-17 13:14:29,862 [INFO]   Metadata batch 417/1558...
2026-06-17 13:14:36,810 [INFO]   Metadata batch 418/1558...
2026-06-17 13:14:42,500 [INFO]   Metadata batch 419/1558...
2026-06-17 13:14:48,182 [INFO]   Metadata batch 420/1558...
2026-06-17 13:14:53,581 [INFO]   Metadata batch 421/1558...
2026-06-17 13:14:59,674 [INFO]   Metadata batch 422/1558...
2026-06-17 13:15:05,835 [INFO]   Metadata batch 423/1558...
2026-06-17 13:15:11,932 [INFO]   Metadata batch 424/1558...
2026-06-17 13:15:17,559 [INFO]   Metadata batch 425/1558...
2026-06-17 13:15:22,836 [INFO]   Metadata batch 426/1558...
2026-06-17 13:15:29,325 [INFO]   Metadata batch 427/1558...
2026-06-17 13:15:35,414 [INFO]   Metadata batch 428/1558...
2026-06-17 13:15:41,317 [INFO]   Metadata batch 429/1558...
2026-06-17 13:15:47,731 [INFO]   Metadata batch 430/1558...
2026-06-17 13:15:53,381 [INFO]   Metadata batch 431/1558...
2026-06-17 13:15:59,580 [INFO]   Metadata batch 432/1558...
2026-06-17 13:16:06,059 [INFO]   Metadata batch 433/1558...
2026-06-17 13:16:12,591 [INFO]   Metadata batch 434/1558...
2026-06-17 13:16:18,738 [INFO]   Metadata batch 435/1558...
2026-06-17 13:16:25,434 [INFO]   Metadata batch 436/1558...
2026-06-17 13:16:31,294 [INFO]   Metadata batch 437/1558...
2026-06-17 13:16:36,854 [INFO]   Metadata batch 438/1558...
2026-06-17 13:16:42,767 [INFO]   Metadata batch 439/1558...
2026-06-17 13:16:48,410 [INFO]   Metadata batch 440/1558...
2026-06-17 13:16:54,696 [INFO]   Metadata batch 441/1558...
2026-06-17 13:17:00,871 [INFO]   Metadata batch 442/1558...
2026-06-17 13:17:06,349 [INFO]   Metadata batch 443/1558...
2026-06-17 13:17:12,119 [INFO]   Metadata batch 444/1558...
2026-06-17 13:17:17,938 [INFO]   Metadata batch 445/1558...
2026-06-17 13:17:23,402 [INFO]   Metadata batch 446/1558...
2026-06-17 13:17:56,508 [INFO]   Metadata batch 447/1558...
2026-06-17 13:18:02,538 [INFO]   Metadata batch 448/1558...
2026-06-17 13:18:08,765 [INFO]   Metadata batch 449/1558...
2026-06-17 13:18:14,079 [INFO]   Metadata batch 450/1558...
2026-06-17 13:18:20,455 [INFO]   Metadata batch 451/1558...
2026-06-17 13:18:25,614 [INFO]   Metadata batch 452/1558...
2026-06-17 13:18:31,934 [INFO]   Metadata batch 453/1558...
2026-06-17 13:18:38,193 [INFO]   Metadata batch 454/1558...
2026-06-17 13:18:43,986 [INFO]   Metadata batch 455/1558...
2026-06-17 13:18:50,190 [INFO]   Metadata batch 456/1558...
2026-06-17 13:18:55,801 [INFO]   Metadata batch 457/1558...
2026-06-17 13:19:01,405 [INFO]   Metadata batch 458/1558...
2026-06-17 13:19:07,079 [INFO]   Metadata batch 459/1558...
2026-06-17 13:19:12,676 [INFO]   Metadata batch 460/1558...
2026-06-17 13:19:18,780 [INFO]   Metadata batch 461/1558...
2026-06-17 13:19:24,900 [INFO]   Metadata batch 462/1558...
2026-06-17 13:19:31,089 [INFO]   Metadata batch 463/1558...
2026-06-17 13:19:37,267 [INFO]   Metadata batch 464/1558...
2026-06-17 13:19:42,269 [INFO]   Metadata batch 465/1558...
2026-06-17 13:19:47,512 [INFO]   Metadata batch 466/1558...
2026-06-17 13:19:53,661 [INFO]   Metadata batch 467/1558...
2026-06-17 13:20:00,265 [INFO]   Metadata batch 468/1558...
2026-06-17 13:20:06,049 [INFO]   Metadata batch 469/1558...
2026-06-17 13:20:11,788 [INFO]   Metadata batch 470/1558...
2026-06-17 13:20:17,672 [INFO]   Metadata batch 471/1558...
2026-06-17 13:20:23,183 [INFO]   Metadata batch 472/1558...
2026-06-17 13:20:29,069 [INFO]   Metadata batch 473/1558...
2026-06-17 13:20:34,905 [INFO]   Metadata batch 474/1558...
2026-06-17 13:20:40,483 [INFO]   Metadata batch 475/1558...
2026-06-17 13:20:46,380 [INFO]   Metadata batch 476/1558...
2026-06-17 13:20:51,676 [INFO]   Metadata batch 477/1558...
2026-06-17 13:20:57,238 [INFO]   Metadata batch 478/1558...
2026-06-17 13:21:03,278 [INFO]   Metadata batch 479/1558...
2026-06-17 13:21:08,788 [INFO]   Metadata batch 480/1558...
2026-06-17 13:21:14,494 [INFO]   Metadata batch 481/1558...
2026-06-17 13:21:19,878 [INFO]   Metadata batch 482/1558...
2026-06-17 13:21:26,065 [INFO]   Metadata batch 483/1558...
2026-06-17 13:21:31,652 [INFO]   Metadata batch 484/1558...
2026-06-17 13:21:37,990 [INFO]   Metadata batch 485/1558...
2026-06-17 13:21:43,223 [INFO]   Metadata batch 486/1558...
2026-06-17 13:21:49,126 [INFO]   Metadata batch 487/1558...
2026-06-17 13:21:54,511 [INFO]   Metadata batch 488/1558...
2026-06-17 13:21:59,708 [INFO]   Metadata batch 489/1558...
2026-06-17 13:22:04,873 [INFO]   Metadata batch 490/1558...
2026-06-17 13:22:10,553 [INFO]   Metadata batch 491/1558...
2026-06-17 13:22:15,665 [INFO]   Metadata batch 492/1558...
2026-06-17 13:22:21,305 [INFO]   Metadata batch 493/1558...
2026-06-17 13:22:26,739 [INFO]   Metadata batch 494/1558...
2026-06-17 13:22:32,418 [INFO]   Metadata batch 495/1558...
2026-06-17 13:22:37,734 [INFO]   Metadata batch 496/1558...
2026-06-17 13:22:43,118 [INFO]   Metadata batch 497/1558...
2026-06-17 13:22:48,864 [INFO]   Metadata batch 498/1558...
2026-06-17 13:22:54,673 [INFO]   Metadata batch 499/1558...
2026-06-17 13:23:11,162 [INFO]   Metadata batch 500/1558...
2026-06-17 13:23:18,141 [INFO]   Metadata batch 501/1558...
2026-06-17 13:23:24,495 [INFO]   Metadata batch 502/1558...
2026-06-17 13:23:30,742 [INFO]   Metadata batch 503/1558...
2026-06-17 13:23:36,148 [INFO]   Metadata batch 504/1558...
2026-06-17 13:23:41,536 [INFO]   Metadata batch 505/1558...
2026-06-17 13:23:47,134 [INFO]   Metadata batch 506/1558...
2026-06-17 13:23:52,850 [INFO]   Metadata batch 507/1558...
2026-06-17 13:23:58,546 [INFO]   Metadata batch 508/1558...
2026-06-17 13:24:04,880 [INFO]   Metadata batch 509/1558...
2026-06-17 13:24:11,049 [INFO]   Metadata batch 510/1558...
2026-06-17 13:24:17,264 [INFO]   Metadata batch 511/1558...
2026-06-17 13:24:22,406 [INFO]   Metadata batch 512/1558...
2026-06-17 13:24:27,765 [INFO]   Metadata batch 513/1558...
2026-06-17 13:24:33,062 [INFO]   Metadata batch 514/1558...
2026-06-17 13:24:38,948 [INFO]   Metadata batch 515/1558...
2026-06-17 13:24:44,254 [INFO]   Metadata batch 516/1558...
2026-06-17 13:24:49,333 [INFO]   Metadata batch 517/1558...
2026-06-17 13:24:54,320 [INFO]   Metadata batch 518/1558...
2026-06-17 13:24:59,987 [INFO]   Metadata batch 519/1558...
2026-06-17 13:25:05,739 [INFO]   Metadata batch 520/1558...
2026-06-17 13:25:11,618 [INFO]   Metadata batch 521/1558...
2026-06-17 13:25:17,375 [INFO]   Metadata batch 522/1558...
2026-06-17 13:25:22,716 [INFO]   Metadata batch 523/1558...
2026-06-17 13:25:28,098 [INFO]   Metadata batch 524/1558...
2026-06-17 13:25:33,166 [INFO]   Metadata batch 525/1558...
2026-06-17 13:25:38,874 [INFO]   Metadata batch 526/1558...
2026-06-17 13:25:44,205 [INFO]   Metadata batch 527/1558...
2026-06-17 13:25:50,494 [INFO]   Metadata batch 528/1558...
2026-06-17 13:25:56,431 [INFO]   Metadata batch 529/1558...
2026-06-17 13:26:02,230 [INFO]   Metadata batch 530/1558...
2026-06-17 13:26:08,484 [INFO]   Metadata batch 531/1558...
2026-06-17 13:26:14,138 [INFO]   Metadata batch 532/1558...
2026-06-17 13:26:19,110 [INFO]   Metadata batch 533/1558...
2026-06-17 13:26:25,042 [INFO]   Metadata batch 534/1558...
2026-06-17 13:26:31,440 [INFO]   Metadata batch 535/1558...
2026-06-17 13:26:36,835 [INFO]   Metadata batch 536/1558...
2026-06-17 13:26:42,858 [INFO]   Metadata batch 537/1558...
2026-06-17 13:26:48,475 [INFO]   Metadata batch 538/1558...
2026-06-17 13:26:54,387 [INFO]   Metadata batch 539/1558...
2026-06-17 13:26:59,980 [INFO]   Metadata batch 540/1558...
2026-06-17 13:27:05,728 [INFO]   Metadata batch 541/1558...
2026-06-17 13:27:11,178 [INFO]   Metadata batch 542/1558...
2026-06-17 13:27:16,797 [INFO]   Metadata batch 543/1558...
2026-06-17 13:27:22,243 [INFO]   Metadata batch 544/1558...
2026-06-17 13:27:28,058 [INFO]   Metadata batch 545/1558...
2026-06-17 13:27:33,732 [INFO]   Metadata batch 546/1558...
2026-06-17 13:27:39,526 [INFO]   Metadata batch 547/1558...
2026-06-17 13:27:45,342 [INFO]   Metadata batch 548/1558...
2026-06-17 13:27:51,026 [INFO]   Metadata batch 549/1558...
2026-06-17 13:27:56,645 [INFO]   Metadata batch 550/1558...
2026-06-17 13:28:01,794 [INFO]   Metadata batch 551/1558...
2026-06-17 13:28:07,299 [INFO]   Metadata batch 552/1558...
2026-06-17 13:28:12,359 [INFO]   Metadata batch 553/1558...
2026-06-17 13:28:17,605 [INFO]   Metadata batch 554/1558...
2026-06-17 13:28:23,252 [INFO]   Metadata batch 555/1558...
2026-06-17 13:28:29,546 [INFO]   Metadata batch 556/1558...
2026-06-17 13:28:35,430 [INFO]   Metadata batch 557/1558...
2026-06-17 13:28:40,706 [INFO]   Metadata batch 558/1558...
2026-06-17 13:28:45,475 [INFO]   Metadata batch 559/1558...
2026-06-17 13:28:50,755 [INFO]   Metadata batch 560/1558...
2026-06-17 13:28:55,726 [INFO]   Metadata batch 561/1558...
2026-06-17 13:29:01,357 [INFO]   Metadata batch 562/1558...
2026-06-17 13:29:07,153 [INFO]   Metadata batch 563/1558...
2026-06-17 13:29:12,257 [INFO]   Metadata batch 564/1558...
2026-06-17 13:29:18,933 [INFO]   Metadata batch 565/1558...
2026-06-17 13:29:23,746 [INFO]   Metadata batch 566/1558...
2026-06-17 13:29:28,393 [INFO]   Metadata batch 567/1558...
2026-06-17 13:29:33,483 [INFO]   Metadata batch 568/1558...
2026-06-17 13:29:38,344 [INFO]   Metadata batch 569/1558...
2026-06-17 13:29:43,216 [INFO]   Metadata batch 570/1558...
2026-06-17 13:29:49,668 [INFO]   Metadata batch 571/1558...
2026-06-17 13:29:54,572 [INFO]   Metadata batch 572/1558...
2026-06-17 13:29:59,562 [INFO]   Metadata batch 573/1558...
2026-06-17 13:30:04,548 [INFO]   Metadata batch 574/1558...
2026-06-17 13:30:10,137 [INFO]   Metadata batch 575/1558...
2026-06-17 13:30:15,778 [INFO]   Metadata batch 576/1558...
2026-06-17 13:30:21,045 [INFO]   Metadata batch 577/1558...
2026-06-17 13:30:27,092 [INFO]   Metadata batch 578/1558...
2026-06-17 13:30:32,509 [INFO]   Metadata batch 579/1558...
2026-06-17 13:30:38,142 [INFO]   Metadata batch 580/1558...
2026-06-17 13:30:43,536 [INFO]   Metadata batch 581/1558...
2026-06-17 13:30:50,003 [INFO]   Metadata batch 582/1558...
2026-06-17 13:30:56,271 [INFO]   Metadata batch 583/1558...
2026-06-17 13:31:01,480 [INFO]   Metadata batch 584/1558...
2026-06-17 13:31:07,510 [INFO]   Metadata batch 585/1558...
2026-06-17 13:31:12,882 [INFO]   Metadata batch 586/1558...
2026-06-17 13:31:21,667 [INFO]   Metadata batch 587/1558...
2026-06-17 13:31:27,086 [INFO]   Metadata batch 588/1558...
2026-06-17 13:31:33,256 [INFO]   Metadata batch 589/1558...
2026-06-17 13:31:38,608 [INFO]   Metadata batch 590/1558...
2026-06-17 13:31:43,846 [INFO]   Metadata batch 591/1558...
2026-06-17 13:31:49,437 [INFO]   Metadata batch 592/1558...
2026-06-17 13:31:55,040 [INFO]   Metadata batch 593/1558...
2026-06-17 13:32:01,200 [INFO]   Metadata batch 594/1558...
2026-06-17 13:32:07,243 [INFO]   Metadata batch 595/1558...
2026-06-17 13:32:13,122 [INFO]   Metadata batch 596/1558...
2026-06-17 13:32:19,230 [INFO]   Metadata batch 597/1558...
2026-06-17 13:32:24,978 [INFO]   Metadata batch 598/1558...
2026-06-17 13:32:31,227 [INFO]   Metadata batch 599/1558...
2026-06-17 13:32:37,287 [INFO]   Metadata batch 600/1558...
2026-06-17 13:32:43,207 [INFO]   Metadata batch 601/1558...
2026-06-17 13:32:48,546 [INFO]   Metadata batch 602/1558...
2026-06-17 13:32:54,670 [INFO]   Metadata batch 603/1558...
2026-06-17 13:33:00,210 [INFO]   Metadata batch 604/1558...
2026-06-17 13:33:06,694 [INFO]   Metadata batch 605/1558...
2026-06-17 13:33:12,215 [INFO]   Metadata batch 606/1558...
2026-06-17 13:33:18,268 [INFO]   Metadata batch 607/1558...
2026-06-17 13:33:24,296 [INFO]   Metadata batch 608/1558...
2026-06-17 13:33:30,356 [INFO]   Metadata batch 609/1558...
2026-06-17 13:33:36,062 [INFO]   Metadata batch 610/1558...
2026-06-17 13:33:42,145 [INFO]   Metadata batch 611/1558...
2026-06-17 13:33:47,775 [INFO]   Metadata batch 612/1558...
2026-06-17 13:33:53,250 [INFO]   Metadata batch 613/1558...
2026-06-17 13:33:58,781 [INFO]   Metadata batch 614/1558...
2026-06-17 13:34:04,153 [INFO]   Metadata batch 615/1558...
2026-06-17 13:34:10,512 [INFO]   Metadata batch 616/1558...
2026-06-17 13:34:15,824 [INFO]   Metadata batch 617/1558...
2026-06-17 13:34:21,586 [INFO]   Metadata batch 618/1558...
2026-06-17 13:34:27,736 [INFO]   Metadata batch 619/1558...
2026-06-17 13:34:33,170 [INFO]   Metadata batch 620/1558...
2026-06-17 13:34:39,032 [INFO]   Metadata batch 621/1558...
2026-06-17 13:34:45,443 [INFO]   Metadata batch 622/1558...
2026-06-17 13:34:51,060 [INFO]   Metadata batch 623/1558...
2026-06-17 13:34:59,195 [INFO]   Metadata batch 624/1558...
2026-06-17 13:35:05,088 [INFO]   Metadata batch 625/1558...
2026-06-17 13:35:10,681 [INFO]   Metadata batch 626/1558...
2026-06-17 13:35:17,324 [INFO]   Metadata batch 627/1558...
2026-06-17 13:35:23,386 [INFO]   Metadata batch 628/1558...
2026-06-17 13:35:29,261 [INFO]   Metadata batch 629/1558...
2026-06-17 13:35:34,955 [INFO]   Metadata batch 630/1558...
2026-06-17 13:35:41,357 [INFO]   Metadata batch 631/1558...
2026-06-17 13:35:47,135 [INFO]   Metadata batch 632/1558...
2026-06-17 13:35:52,937 [INFO]   Metadata batch 633/1558...
2026-06-17 13:35:59,019 [INFO]   Metadata batch 634/1558...
2026-06-17 13:36:04,888 [INFO]   Metadata batch 635/1558...
2026-06-17 13:36:10,410 [INFO]   Metadata batch 636/1558...
2026-06-17 13:36:16,055 [INFO]   Metadata batch 637/1558...
2026-06-17 13:36:21,308 [INFO]   Metadata batch 638/1558...
2026-06-17 13:36:26,917 [INFO]   Metadata batch 639/1558...
2026-06-17 13:36:31,739 [INFO]   Metadata batch 640/1558...
2026-06-17 13:36:37,192 [INFO]   Metadata batch 641/1558...
2026-06-17 13:36:42,539 [INFO]   Metadata batch 642/1558...
2026-06-17 13:36:47,814 [INFO]   Metadata batch 643/1558...
2026-06-17 13:36:53,537 [INFO]   Metadata batch 644/1558...
2026-06-17 13:36:59,280 [INFO]   Metadata batch 645/1558...
2026-06-17 13:37:04,614 [INFO]   Metadata batch 646/1558...
2026-06-17 13:37:10,026 [INFO]   Metadata batch 647/1558...
2026-06-17 13:37:15,426 [INFO]   Metadata batch 648/1558...
2026-06-17 13:37:20,843 [INFO]   Metadata batch 649/1558...
2026-06-17 13:37:26,751 [INFO]   Metadata batch 650/1558...
2026-06-17 13:37:31,823 [INFO]   Metadata batch 651/1558...
2026-06-17 13:37:37,126 [INFO]   Metadata batch 652/1558...
2026-06-17 13:37:42,467 [INFO]   Metadata batch 653/1558...
2026-06-17 13:37:47,833 [INFO]   Metadata batch 654/1558...
2026-06-17 13:37:52,635 [INFO]   Metadata batch 655/1558...
2026-06-17 13:37:57,720 [INFO]   Metadata batch 656/1558...
2026-06-17 13:38:03,009 [INFO]   Metadata batch 657/1558...
2026-06-17 13:38:09,265 [INFO]   Metadata batch 658/1558...
2026-06-17 13:38:15,170 [INFO]   Metadata batch 659/1558...
2026-06-17 13:38:20,900 [INFO]   Metadata batch 660/1558...
2026-06-17 13:38:26,700 [INFO]   Metadata batch 661/1558...
2026-06-17 13:38:32,742 [INFO]   Metadata batch 662/1558...
2026-06-17 13:38:38,565 [INFO]   Metadata batch 663/1558...
2026-06-17 13:38:44,729 [INFO]   Metadata batch 664/1558...
2026-06-17 13:38:51,634 [INFO]   Metadata batch 665/1558...
2026-06-17 13:38:57,088 [INFO]   Metadata batch 666/1558...
2026-06-17 13:39:03,216 [INFO]   Metadata batch 667/1558...
2026-06-17 13:39:08,526 [INFO]   Metadata batch 668/1558...
2026-06-17 13:39:14,115 [INFO]   Metadata batch 669/1558...
2026-06-17 13:39:19,356 [INFO]   Metadata batch 670/1558...
2026-06-17 13:39:24,587 [INFO]   Metadata batch 671/1558...
2026-06-17 13:39:29,665 [INFO]   Metadata batch 672/1558...
2026-06-17 13:39:35,664 [INFO]   Metadata batch 673/1558...
2026-06-17 13:39:41,247 [INFO]   Metadata batch 674/1558...
2026-06-17 13:39:47,534 [INFO]   Metadata batch 675/1558...
2026-06-17 13:39:52,661 [INFO]   Metadata batch 676/1558...
2026-06-17 13:39:57,901 [INFO]   Metadata batch 677/1558...
2026-06-17 13:40:03,213 [INFO]   Metadata batch 678/1558...
2026-06-17 13:40:09,584 [INFO]   Metadata batch 679/1558...
2026-06-17 13:40:15,102 [INFO]   Metadata batch 680/1558...
2026-06-17 13:40:21,084 [INFO]   Metadata batch 681/1558...
2026-06-17 13:40:27,112 [INFO]   Metadata batch 682/1558...
2026-06-17 13:40:32,793 [INFO]   Metadata batch 683/1558...
2026-06-17 13:40:38,675 [INFO]   Metadata batch 684/1558...
2026-06-17 13:40:45,074 [INFO]   Metadata batch 685/1558...
2026-06-17 13:40:51,015 [INFO]   Metadata batch 686/1558...
2026-06-17 13:40:56,763 [INFO]   Metadata batch 687/1558...
2026-06-17 13:41:02,887 [INFO]   Metadata batch 688/1558...
2026-06-17 13:41:09,389 [INFO]   Metadata batch 689/1558...
2026-06-17 13:41:15,242 [INFO]   Metadata batch 690/1558...
2026-06-17 13:41:20,883 [INFO]   Metadata batch 691/1558...
2026-06-17 13:41:26,373 [INFO]   Metadata batch 692/1558...
2026-06-17 13:41:31,794 [INFO]   Metadata batch 693/1558...
2026-06-17 13:41:37,366 [INFO]   Metadata batch 694/1558...
2026-06-17 13:41:43,154 [INFO]   Metadata batch 695/1558...
2026-06-17 13:41:48,655 [INFO]   Metadata batch 696/1558...
2026-06-17 13:41:54,183 [INFO]   Metadata batch 697/1558...
2026-06-17 13:42:00,145 [INFO]   Metadata batch 698/1558...
2026-06-17 13:42:05,357 [INFO]   Metadata batch 699/1558...
2026-06-17 13:42:11,388 [INFO]   Metadata batch 700/1558...
2026-06-17 13:42:17,063 [INFO]   Metadata batch 701/1558...
2026-06-17 13:42:23,409 [INFO]   Metadata batch 702/1558...
2026-06-17 13:42:29,043 [INFO]   Metadata batch 703/1558...
2026-06-17 13:42:34,821 [INFO]   Metadata batch 704/1558...
2026-06-17 13:42:42,539 [INFO]   Metadata batch 705/1558...
2026-06-17 13:42:48,324 [INFO]   Metadata batch 706/1558...
2026-06-17 13:42:53,369 [INFO]   Metadata batch 707/1558...
2026-06-17 13:42:59,840 [INFO]   Metadata batch 708/1558...
2026-06-17 13:43:04,912 [INFO]   Metadata batch 709/1558...
2026-06-17 13:43:10,530 [INFO]   Metadata batch 710/1558...
2026-06-17 13:43:16,388 [INFO]   Metadata batch 711/1558...
2026-06-17 13:43:21,937 [INFO]   Metadata batch 712/1558...
2026-06-17 13:43:27,331 [INFO]   Metadata batch 713/1558...
2026-06-17 13:43:33,033 [INFO]   Metadata batch 714/1558...
2026-06-17 13:43:38,697 [INFO]   Metadata batch 715/1558...
2026-06-17 13:43:44,201 [INFO]   Metadata batch 716/1558...
2026-06-17 13:43:49,542 [INFO]   Metadata batch 717/1558...
2026-06-17 13:43:54,944 [INFO]   Metadata batch 718/1558...
2026-06-17 13:44:00,275 [INFO]   Metadata batch 719/1558...
2026-06-17 13:44:05,556 [INFO]   Metadata batch 720/1558...
2026-06-17 13:44:11,614 [INFO]   Metadata batch 721/1558...
2026-06-17 13:44:17,194 [INFO]   Metadata batch 722/1558...
2026-06-17 13:44:23,053 [INFO]   Metadata batch 723/1558...
2026-06-17 13:44:28,673 [INFO]   Metadata batch 724/1558...
2026-06-17 13:44:34,212 [INFO]   Metadata batch 725/1558...
2026-06-17 13:44:39,875 [INFO]   Metadata batch 726/1558...
2026-06-17 13:44:45,113 [INFO]   Metadata batch 727/1558...
2026-06-17 13:44:50,899 [INFO]   Metadata batch 728/1558...
2026-06-17 13:44:56,198 [INFO]   Metadata batch 729/1558...
2026-06-17 13:45:01,531 [INFO]   Metadata batch 730/1558...
2026-06-17 13:45:07,434 [INFO]   Metadata batch 731/1558...
2026-06-17 13:45:17,533 [INFO]   Metadata batch 732/1558...
2026-06-17 13:45:23,301 [INFO]   Metadata batch 733/1558...
2026-06-17 13:45:28,654 [INFO]   Metadata batch 734/1558...
2026-06-17 13:45:35,022 [INFO]   Metadata batch 735/1558...
2026-06-17 13:45:40,490 [INFO]   Metadata batch 736/1558...
2026-06-17 13:45:46,035 [INFO]   Metadata batch 737/1558...
2026-06-17 13:45:51,374 [INFO]   Metadata batch 738/1558...
2026-06-17 13:45:56,593 [INFO]   Metadata batch 739/1558...
2026-06-17 13:46:02,031 [INFO]   Metadata batch 740/1558...
2026-06-17 13:46:07,623 [INFO]   Metadata batch 741/1558...
2026-06-17 13:46:13,262 [INFO]   Metadata batch 742/1558...
2026-06-17 13:46:18,457 [INFO]   Metadata batch 743/1558...
2026-06-17 13:46:23,712 [INFO]   Metadata batch 744/1558...
2026-06-17 13:46:28,892 [INFO]   Metadata batch 745/1558...
2026-06-17 13:46:34,629 [INFO]   Metadata batch 746/1558...
2026-06-17 13:46:40,512 [INFO]   Metadata batch 747/1558...
2026-06-17 13:46:46,421 [INFO]   Metadata batch 748/1558...
2026-06-17 13:46:51,816 [INFO]   Metadata batch 749/1558...
2026-06-17 13:46:57,494 [INFO]   Metadata batch 750/1558...
2026-06-17 13:47:03,011 [INFO]   Metadata batch 751/1558...
2026-06-17 13:47:08,199 [INFO]   Metadata batch 752/1558...
2026-06-17 13:47:13,869 [INFO]   Metadata batch 753/1558...
2026-06-17 13:47:20,174 [INFO]   Metadata batch 754/1558...
2026-06-17 13:47:25,153 [INFO]   Metadata batch 755/1558...
2026-06-17 13:47:32,236 [INFO]   Metadata batch 756/1558...
2026-06-17 13:47:37,748 [INFO]   Metadata batch 757/1558...
2026-06-17 13:47:43,328 [INFO]   Metadata batch 758/1558...
2026-06-17 13:47:48,039 [INFO]   Metadata batch 759/1558...
2026-06-17 13:47:53,449 [INFO]   Metadata batch 760/1558...
2026-06-17 13:47:58,719 [INFO]   Metadata batch 761/1558...
2026-06-17 13:48:04,034 [INFO]   Metadata batch 762/1558...
2026-06-17 13:48:09,762 [INFO]   Metadata batch 763/1558...
2026-06-17 13:48:16,352 [INFO]   Metadata batch 764/1558...
2026-06-17 13:48:22,238 [INFO]   Metadata batch 765/1558...
2026-06-17 13:48:27,548 [INFO]   Metadata batch 766/1558...
2026-06-17 13:48:33,784 [INFO]   Metadata batch 767/1558...
2026-06-17 13:48:39,046 [INFO]   Metadata batch 768/1558...
2026-06-17 13:48:44,717 [INFO]   Metadata batch 769/1558...
2026-06-17 13:48:50,245 [INFO]   Metadata batch 770/1558...
2026-06-17 13:48:55,543 [INFO]   Metadata batch 771/1558...
2026-06-17 13:49:01,288 [INFO]   Metadata batch 772/1558...
2026-06-17 13:49:06,633 [INFO]   Metadata batch 773/1558...
2026-06-17 13:49:12,275 [INFO]   Metadata batch 774/1558...
2026-06-17 13:49:17,583 [INFO]   Metadata batch 775/1558...
2026-06-17 13:49:23,933 [INFO]   Metadata batch 776/1558...
2026-06-17 13:49:29,443 [INFO]   Metadata batch 777/1558...
2026-06-17 13:49:34,418 [INFO]   Metadata batch 778/1558...
2026-06-17 13:49:40,070 [INFO]   Metadata batch 779/1558...
2026-06-17 13:49:44,779 [INFO]   Metadata batch 780/1558...
2026-06-17 13:49:49,960 [INFO]   Metadata batch 781/1558...
2026-06-17 13:49:56,048 [INFO]   Metadata batch 782/1558...
2026-06-17 13:50:02,384 [INFO]   Metadata batch 783/1558...
2026-06-17 13:50:07,800 [INFO]   Metadata batch 784/1558...
2026-06-17 13:50:13,449 [INFO]   Metadata batch 785/1558...
2026-06-17 13:50:18,967 [INFO]   Metadata batch 786/1558...
2026-06-17 13:50:24,557 [INFO]   Metadata batch 787/1558...
2026-06-17 13:50:30,089 [INFO]   Metadata batch 788/1558...
2026-06-17 13:50:35,547 [INFO]   Metadata batch 789/1558...
2026-06-17 13:50:41,618 [INFO]   Metadata batch 790/1558...
2026-06-17 13:50:48,909 [INFO]   Metadata batch 791/1558...
2026-06-17 13:50:54,571 [INFO]   Metadata batch 792/1558...
2026-06-17 13:50:59,843 [INFO]   Metadata batch 793/1558...
2026-06-17 13:51:05,075 [INFO]   Metadata batch 794/1558...
2026-06-17 13:51:10,963 [INFO]   Metadata batch 795/1558...
2026-06-17 13:51:17,018 [INFO]   Metadata batch 796/1558...
2026-06-17 13:51:22,675 [INFO]   Metadata batch 797/1558...
2026-06-17 13:51:28,852 [INFO]   Metadata batch 798/1558...
2026-06-17 13:51:34,400 [INFO]   Metadata batch 799/1558...
2026-06-17 13:51:39,955 [INFO]   Metadata batch 800/1558...
2026-06-17 13:51:45,763 [INFO]   Metadata batch 801/1558...
2026-06-17 13:51:51,126 [INFO]   Metadata batch 802/1558...
2026-06-17 13:51:57,310 [INFO]   Metadata batch 803/1558...
2026-06-17 13:52:02,936 [INFO]   Metadata batch 804/1558...
2026-06-17 13:52:08,558 [INFO]   Metadata batch 805/1558...
2026-06-17 13:52:14,133 [INFO]   Metadata batch 806/1558...
2026-06-17 13:52:19,847 [INFO]   Metadata batch 807/1558...
2026-06-17 13:52:26,384 [INFO]   Metadata batch 808/1558...
2026-06-17 13:52:32,564 [INFO]   Metadata batch 809/1558...
2026-06-17 13:52:37,793 [INFO]   Metadata batch 810/1558...
2026-06-17 13:52:43,395 [INFO]   Metadata batch 811/1558...
2026-06-17 13:52:49,164 [INFO]   Metadata batch 812/1558...
2026-06-17 13:52:54,552 [INFO]   Metadata batch 813/1558...
2026-06-17 13:52:59,792 [INFO]   Metadata batch 814/1558...
2026-06-17 13:53:05,099 [INFO]   Metadata batch 815/1558...
2026-06-17 13:53:10,684 [INFO]   Metadata batch 816/1558...
2026-06-17 13:53:15,980 [INFO]   Metadata batch 817/1558...
2026-06-17 13:53:21,928 [INFO]   Metadata batch 818/1558...
2026-06-17 13:53:27,933 [INFO]   Metadata batch 819/1558...
2026-06-17 13:53:33,352 [INFO]   Metadata batch 820/1558...
2026-06-17 13:53:38,752 [INFO]   Metadata batch 821/1558...
2026-06-17 13:53:44,343 [INFO]   Metadata batch 822/1558...
2026-06-17 13:53:51,128 [INFO]   Metadata batch 823/1558...
2026-06-17 13:53:56,233 [INFO]   Metadata batch 824/1558...
2026-06-17 13:54:01,387 [INFO]   Metadata batch 825/1558...
2026-06-17 13:54:07,377 [INFO]   Metadata batch 826/1558...
2026-06-17 13:54:13,006 [INFO]   Metadata batch 827/1558...
2026-06-17 13:54:18,915 [INFO]   Metadata batch 828/1558...
2026-06-17 13:54:24,658 [INFO]   Metadata batch 829/1558...
2026-06-17 13:54:30,408 [INFO]   Metadata batch 830/1558...
2026-06-17 13:54:35,770 [INFO]   Metadata batch 831/1558...
2026-06-17 13:54:41,734 [INFO]   Metadata batch 832/1558...
2026-06-17 13:54:47,104 [INFO]   Metadata batch 833/1558...
2026-06-17 13:54:52,034 [INFO]   Metadata batch 834/1558...
2026-06-17 13:54:57,139 [INFO]   Metadata batch 835/1558...
2026-06-17 13:55:02,679 [INFO]   Metadata batch 836/1558...
2026-06-17 13:55:08,043 [INFO]   Metadata batch 837/1558...
2026-06-17 13:55:13,488 [INFO]   Metadata batch 838/1558...
2026-06-17 13:55:18,795 [INFO]   Metadata batch 839/1558...
2026-06-17 13:55:23,676 [INFO]   Metadata batch 840/1558...
2026-06-17 13:55:28,749 [INFO]   Metadata batch 841/1558...
2026-06-17 13:55:34,712 [INFO]   Metadata batch 842/1558...
2026-06-17 13:55:40,363 [INFO]   Metadata batch 843/1558...
2026-06-17 13:55:45,915 [INFO]   Metadata batch 844/1558...
2026-06-17 13:55:51,263 [INFO]   Metadata batch 845/1558...
2026-06-17 13:55:57,173 [INFO]   Metadata batch 846/1558...
2026-06-17 13:56:02,657 [INFO]   Metadata batch 847/1558...
2026-06-17 13:56:07,457 [INFO]   Metadata batch 848/1558...
2026-06-17 13:56:13,014 [INFO]   Metadata batch 849/1558...
2026-06-17 13:56:18,006 [INFO]   Metadata batch 850/1558...
2026-06-17 13:56:23,547 [INFO]   Metadata batch 851/1558...
2026-06-17 13:56:29,440 [INFO]   Metadata batch 852/1558...
2026-06-17 13:56:34,727 [INFO]   Metadata batch 853/1558...
2026-06-17 13:56:40,038 [INFO]   Metadata batch 854/1558...
2026-06-17 13:56:45,327 [INFO]   Metadata batch 855/1558...
2026-06-17 13:56:55,812 [INFO]   Metadata batch 856/1558...
2026-06-17 13:57:01,303 [INFO]   Metadata batch 857/1558...
2026-06-17 13:57:06,754 [INFO]   Metadata batch 858/1558...
2026-06-17 13:57:12,304 [INFO]   Metadata batch 859/1558...
2026-06-17 13:57:17,474 [INFO]   Metadata batch 860/1558...
2026-06-17 13:57:22,885 [INFO]   Metadata batch 861/1558...
2026-06-17 13:57:28,782 [INFO]   Metadata batch 862/1558...
2026-06-17 13:57:34,413 [INFO]   Metadata batch 863/1558...
2026-06-17 13:57:40,102 [INFO]   Metadata batch 864/1558...
2026-06-17 13:57:45,513 [INFO]   Metadata batch 865/1558...
2026-06-17 13:57:50,954 [INFO]   Metadata batch 866/1558...
2026-06-17 13:57:56,671 [INFO]   Metadata batch 867/1558...
2026-06-17 13:58:01,541 [INFO]   Metadata batch 868/1558...
2026-06-17 13:58:07,046 [INFO]   Metadata batch 869/1558...
2026-06-17 13:58:13,144 [INFO]   Metadata batch 870/1558...
2026-06-17 13:58:18,881 [INFO]   Metadata batch 871/1558...
2026-06-17 13:58:24,750 [INFO]   Metadata batch 872/1558...
2026-06-17 13:58:29,878 [INFO]   Metadata batch 873/1558...
2026-06-17 13:58:35,179 [INFO]   Metadata batch 874/1558...
2026-06-17 13:58:40,565 [INFO]   Metadata batch 875/1558...
2026-06-17 13:58:46,502 [INFO]   Metadata batch 876/1558...
2026-06-17 13:58:51,542 [INFO]   Metadata batch 877/1558...
2026-06-17 13:58:56,777 [INFO]   Metadata batch 878/1558...
2026-06-17 13:59:02,030 [INFO]   Metadata batch 879/1558...
2026-06-17 13:59:07,547 [INFO]   Metadata batch 880/1558...
2026-06-17 13:59:12,839 [INFO]   Metadata batch 881/1558...
2026-06-17 13:59:18,813 [INFO]   Metadata batch 882/1558...
2026-06-17 13:59:24,203 [INFO]   Metadata batch 883/1558...
2026-06-17 13:59:29,416 [INFO]   Metadata batch 884/1558...
2026-06-17 13:59:35,565 [INFO]   Metadata batch 885/1558...
2026-06-17 13:59:41,003 [INFO]   Metadata batch 886/1558...
2026-06-17 13:59:46,258 [INFO]   Metadata batch 887/1558...
2026-06-17 13:59:51,988 [INFO]   Metadata batch 888/1558...
2026-06-17 13:59:57,328 [INFO]   Metadata batch 889/1558...
2026-06-17 14:00:03,175 [INFO]   Metadata batch 890/1558...
2026-06-17 14:00:09,385 [INFO]   Metadata batch 891/1558...
2026-06-17 14:00:16,319 [INFO]   Metadata batch 892/1558...
2026-06-17 14:00:22,851 [INFO]   Metadata batch 893/1558...
2026-06-17 14:00:29,963 [INFO]   Metadata batch 894/1558...
2026-06-17 14:00:40,175 [INFO]   Metadata batch 895/1558...
2026-06-17 14:00:47,595 [INFO]   Metadata batch 896/1558...
2026-06-17 14:00:54,087 [INFO]   Metadata batch 897/1558...
2026-06-17 14:00:59,795 [INFO]   Metadata batch 898/1558...
2026-06-17 14:01:06,705 [INFO]   Metadata batch 899/1558...
2026-06-17 14:01:13,425 [INFO]   Metadata batch 900/1558...
2026-06-17 14:01:19,786 [INFO]   Metadata batch 901/1558...
2026-06-17 14:01:26,668 [INFO]   Metadata batch 902/1558...
2026-06-17 14:01:33,097 [INFO]   Metadata batch 903/1558...
2026-06-17 14:01:39,339 [INFO]   Metadata batch 904/1558...
2026-06-17 14:01:46,481 [INFO]   Metadata batch 905/1558...
2026-06-17 14:01:53,760 [INFO]   Metadata batch 906/1558...
2026-06-17 14:02:01,013 [INFO]   Metadata batch 907/1558...
2026-06-17 14:02:07,700 [INFO]   Metadata batch 908/1558...
2026-06-17 14:02:14,386 [INFO]   Metadata batch 909/1558...
2026-06-17 14:02:21,207 [INFO]   Metadata batch 910/1558...
2026-06-17 14:02:27,008 [INFO]   Metadata batch 911/1558...
2026-06-17 14:02:32,994 [INFO]   Metadata batch 912/1558...
2026-06-17 14:02:39,720 [INFO]   Metadata batch 913/1558...
2026-06-17 14:02:45,248 [INFO]   Metadata batch 914/1558...
2026-06-17 14:02:52,209 [INFO]   Metadata batch 915/1558...
2026-06-17 14:02:58,124 [INFO]   Metadata batch 916/1558...
2026-06-17 14:03:05,183 [INFO]   Metadata batch 917/1558...
2026-06-17 14:03:13,491 [INFO]   Metadata batch 918/1558...
2026-06-17 14:03:21,680 [INFO]   Metadata batch 919/1558...
2026-06-17 14:03:28,095 [INFO]   Metadata batch 920/1558...
2026-06-17 14:03:34,215 [INFO]   Metadata batch 921/1558...
2026-06-17 14:03:40,353 [INFO]   Metadata batch 922/1558...
2026-06-17 14:03:46,292 [INFO]   Metadata batch 923/1558...
2026-06-17 14:03:52,080 [INFO]   Metadata batch 924/1558...
2026-06-17 14:03:57,943 [INFO]   Metadata batch 925/1558...
2026-06-17 14:04:04,014 [INFO]   Metadata batch 926/1558...
2026-06-17 14:04:10,525 [INFO]   Metadata batch 927/1558...
2026-06-17 14:04:16,487 [INFO]   Metadata batch 928/1558...
2026-06-17 14:04:22,955 [INFO]   Metadata batch 929/1558...
2026-06-17 14:04:28,646 [INFO]   Metadata batch 930/1558...
2026-06-17 14:04:35,434 [INFO]   Metadata batch 931/1558...
2026-06-17 14:04:42,213 [INFO]   Metadata batch 932/1558...
2026-06-17 14:04:48,511 [INFO]   Metadata batch 933/1558...
2026-06-17 14:04:54,684 [INFO]   Metadata batch 934/1558...
2026-06-17 14:05:00,582 [INFO]   Metadata batch 935/1558...
2026-06-17 14:05:06,295 [INFO]   Metadata batch 936/1558...
2026-06-17 14:05:12,414 [INFO]   Metadata batch 937/1558...
2026-06-17 14:05:18,787 [INFO]   Metadata batch 938/1558...
2026-06-17 14:05:25,057 [INFO]   Metadata batch 939/1558...
2026-06-17 14:05:30,862 [INFO]   Metadata batch 940/1558...
2026-06-17 14:05:36,627 [INFO]   Metadata batch 941/1558...
2026-06-17 14:05:43,301 [INFO]   Metadata batch 942/1558...
2026-06-17 14:05:48,616 [INFO]   Metadata batch 943/1558...
2026-06-17 14:05:54,426 [INFO]   Metadata batch 944/1558...
2026-06-17 14:06:00,638 [INFO]   Metadata batch 945/1558...
2026-06-17 14:06:06,577 [INFO]   Metadata batch 946/1558...
2026-06-17 14:06:13,077 [INFO]   Metadata batch 947/1558...
2026-06-17 14:06:19,014 [INFO]   Metadata batch 948/1558...
2026-06-17 14:06:25,000 [INFO]   Metadata batch 949/1558...
2026-06-17 14:06:31,648 [INFO]   Metadata batch 950/1558...
2026-06-17 14:06:37,309 [INFO]   Metadata batch 951/1558...
2026-06-17 14:06:43,055 [INFO]   Metadata batch 952/1558...
2026-06-17 14:06:48,842 [INFO]   Metadata batch 953/1558...
2026-06-17 14:06:55,084 [INFO]   Metadata batch 954/1558...
2026-06-17 14:07:01,311 [INFO]   Metadata batch 955/1558...
2026-06-17 14:07:06,840 [INFO]   Metadata batch 956/1558...
2026-06-17 14:07:12,712 [INFO]   Metadata batch 957/1558...
2026-06-17 14:07:20,693 [INFO]   Metadata batch 958/1558...
2026-06-17 14:07:28,221 [INFO]   Metadata batch 959/1558...
2026-06-17 14:07:34,444 [INFO]   Metadata batch 960/1558...
2026-06-17 14:07:40,421 [INFO]   Metadata batch 961/1558...
2026-06-17 14:07:46,851 [INFO]   Metadata batch 962/1558...
2026-06-17 14:07:52,513 [INFO]   Metadata batch 963/1558...
2026-06-17 14:07:58,083 [INFO]   Metadata batch 964/1558...
2026-06-17 14:08:05,053 [INFO]   Metadata batch 965/1558...
2026-06-17 14:08:10,614 [INFO]   Metadata batch 966/1558...
2026-06-17 14:08:17,896 [INFO]   Metadata batch 967/1558...
2026-06-17 14:08:23,918 [INFO]   Metadata batch 968/1558...
2026-06-17 14:08:30,036 [INFO]   Metadata batch 969/1558...
2026-06-17 14:08:35,703 [INFO]   Metadata batch 970/1558...
2026-06-17 14:08:41,740 [INFO]   Metadata batch 971/1558...
2026-06-17 14:08:48,169 [INFO]   Metadata batch 972/1558...
2026-06-17 14:08:53,494 [INFO]   Metadata batch 973/1558...
2026-06-17 14:08:59,374 [INFO]   Metadata batch 974/1558...
2026-06-17 14:09:05,780 [INFO]   Metadata batch 975/1558...
2026-06-17 14:09:11,444 [INFO]   Metadata batch 976/1558...
2026-06-17 14:09:16,760 [INFO]   Metadata batch 977/1558...
2026-06-17 14:09:23,166 [INFO]   Metadata batch 978/1558...
2026-06-17 14:09:29,534 [INFO]   Metadata batch 979/1558...
2026-06-17 14:09:36,860 [INFO]   Metadata batch 980/1558...
2026-06-17 14:09:42,337 [INFO]   Metadata batch 981/1558...
2026-06-17 14:09:48,258 [INFO]   Metadata batch 982/1558...
2026-06-17 14:09:54,615 [INFO]   Metadata batch 983/1558...
2026-06-17 14:10:00,350 [INFO]   Metadata batch 984/1558...
2026-06-17 14:10:07,096 [INFO]   Metadata batch 985/1558...
2026-06-17 14:10:12,611 [INFO]   Metadata batch 986/1558...
2026-06-17 14:10:18,392 [INFO]   Metadata batch 987/1558...
2026-06-17 14:10:24,816 [INFO]   Metadata batch 988/1558...
2026-06-17 14:10:31,385 [INFO]   Metadata batch 989/1558...
2026-06-17 14:10:36,875 [INFO]   Metadata batch 990/1558...
2026-06-17 14:10:42,700 [INFO]   Metadata batch 991/1558...
2026-06-17 14:10:48,559 [INFO]   Metadata batch 992/1558...
2026-06-17 14:10:54,477 [INFO]   Metadata batch 993/1558...
2026-06-17 14:11:01,124 [INFO]   Metadata batch 994/1558...
2026-06-17 14:11:07,239 [INFO]   Metadata batch 995/1558...
2026-06-17 14:11:13,262 [INFO]   Metadata batch 996/1558...
2026-06-17 14:11:21,158 [INFO]   Metadata batch 997/1558...
2026-06-17 14:11:26,922 [INFO]   Metadata batch 998/1558...
2026-06-17 14:11:32,918 [INFO]   Metadata batch 999/1558...
2026-06-17 14:11:38,719 [INFO]   Metadata batch 1000/1558...
2026-06-17 14:11:45,076 [INFO]   Metadata batch 1001/1558...
2026-06-17 14:11:50,890 [INFO]   Metadata batch 1002/1558...
2026-06-17 14:11:56,277 [INFO]   Metadata batch 1003/1558...
2026-06-17 14:12:02,730 [INFO]   Metadata batch 1004/1558...
2026-06-17 14:12:10,729 [INFO]   Metadata batch 1005/1558...
2026-06-17 14:12:16,174 [INFO]   Metadata batch 1006/1558...
2026-06-17 14:12:23,092 [INFO]   Metadata batch 1007/1558...
2026-06-17 14:12:28,924 [INFO]   Metadata batch 1008/1558...
2026-06-17 14:12:35,050 [INFO]   Metadata batch 1009/1558...
2026-06-17 14:12:41,329 [INFO]   Metadata batch 1010/1558...
2026-06-17 14:12:47,438 [INFO]   Metadata batch 1011/1558...
2026-06-17 14:12:52,811 [INFO]   Metadata batch 1012/1558...
2026-06-17 14:12:58,758 [INFO]   Metadata batch 1013/1558...
2026-06-17 14:13:04,198 [INFO]   Metadata batch 1014/1558...
2026-06-17 14:13:10,257 [INFO]   Metadata batch 1015/1558...
2026-06-17 14:13:16,059 [INFO]   Metadata batch 1016/1558...
2026-06-17 14:13:21,558 [INFO]   Metadata batch 1017/1558...
2026-06-17 14:13:26,805 [INFO]   Metadata batch 1018/1558...
2026-06-17 14:13:32,427 [INFO]   Metadata batch 1019/1558...
2026-06-17 14:13:38,870 [INFO]   Metadata batch 1020/1558...
2026-06-17 14:13:44,080 [INFO]   Metadata batch 1021/1558...
2026-06-17 14:13:49,456 [INFO]   Metadata batch 1022/1558...
2026-06-17 14:13:54,659 [INFO]   Metadata batch 1023/1558...
2026-06-17 14:14:00,367 [INFO]   Metadata batch 1024/1558...
2026-06-17 14:14:05,636 [INFO]   Metadata batch 1025/1558...
2026-06-17 14:14:11,138 [INFO]   Metadata batch 1026/1558...
2026-06-17 14:14:16,416 [INFO]   Metadata batch 1027/1558...
2026-06-17 14:14:22,087 [INFO]   Metadata batch 1028/1558...
2026-06-17 14:14:27,773 [INFO]   Metadata batch 1029/1558...
2026-06-17 14:14:33,050 [INFO]   Metadata batch 1030/1558...
2026-06-17 14:14:38,318 [INFO]   Metadata batch 1031/1558...
2026-06-17 14:14:43,999 [INFO]   Metadata batch 1032/1558...
2026-06-17 14:14:49,877 [INFO]   Metadata batch 1033/1558...
2026-06-17 14:14:55,725 [INFO]   Metadata batch 1034/1558...
2026-06-17 14:15:01,334 [INFO]   Metadata batch 1035/1558...
2026-06-17 14:15:08,291 [INFO]   Metadata batch 1036/1558...
2026-06-17 14:15:14,658 [INFO]   Metadata batch 1037/1558...
2026-06-17 14:15:20,808 [INFO]   Metadata batch 1038/1558...
2026-06-17 14:15:27,144 [INFO]   Metadata batch 1039/1558...
2026-06-17 14:15:33,574 [INFO]   Metadata batch 1040/1558...
2026-06-17 14:15:40,210 [INFO]   Metadata batch 1041/1558...
2026-06-17 14:15:46,946 [INFO]   Metadata batch 1042/1558...
2026-06-17 14:15:53,038 [INFO]   Metadata batch 1043/1558...
2026-06-17 14:15:59,695 [INFO]   Metadata batch 1044/1558...
2026-06-17 14:16:06,651 [INFO]   Metadata batch 1045/1558...
2026-06-17 14:16:12,860 [INFO]   Metadata batch 1046/1558...
2026-06-17 14:16:19,062 [INFO]   Metadata batch 1047/1558...
2026-06-17 14:16:24,825 [INFO]   Metadata batch 1048/1558...
2026-06-17 14:16:31,122 [INFO]   Metadata batch 1049/1558...
2026-06-17 14:16:36,641 [INFO]   Metadata batch 1050/1558...
2026-06-17 14:16:42,488 [INFO]   Metadata batch 1051/1558...
2026-06-17 14:16:48,423 [INFO]   Metadata batch 1052/1558...
2026-06-17 14:16:55,146 [INFO]   Metadata batch 1053/1558...
2026-06-17 14:17:00,917 [INFO]   Metadata batch 1054/1558...
2026-06-17 14:17:06,867 [INFO]   Metadata batch 1055/1558...
2026-06-17 14:17:12,419 [INFO]   Metadata batch 1056/1558...
2026-06-17 14:17:19,253 [INFO]   Metadata batch 1057/1558...
2026-06-17 14:17:24,981 [INFO]   Metadata batch 1058/1558...
2026-06-17 14:17:30,457 [INFO]   Metadata batch 1059/1558...
2026-06-17 14:17:36,807 [INFO]   Metadata batch 1060/1558...
2026-06-17 14:17:42,679 [INFO]   Metadata batch 1061/1558...
2026-06-17 14:17:48,485 [INFO]   Metadata batch 1062/1558...
2026-06-17 14:17:54,724 [INFO]   Metadata batch 1063/1558...
2026-06-17 14:18:00,985 [INFO]   Metadata batch 1064/1558...
2026-06-17 14:18:06,513 [INFO]   Metadata batch 1065/1558...
2026-06-17 14:18:12,775 [INFO]   Metadata batch 1066/1558...
2026-06-17 14:18:19,226 [INFO]   Metadata batch 1067/1558...
2026-06-17 14:18:24,999 [INFO]   Metadata batch 1068/1558...
2026-06-17 14:18:30,343 [INFO]   Metadata batch 1069/1558...
2026-06-17 14:18:36,200 [INFO]   Metadata batch 1070/1558...
2026-06-17 14:18:41,970 [INFO]   Metadata batch 1071/1558...
2026-06-17 14:18:47,324 [INFO]   Metadata batch 1072/1558...
2026-06-17 14:18:53,098 [INFO]   Metadata batch 1073/1558...
2026-06-17 14:18:58,867 [INFO]   Metadata batch 1074/1558...
2026-06-17 14:19:04,187 [INFO]   Metadata batch 1075/1558...
2026-06-17 14:19:09,361 [INFO]   Metadata batch 1076/1558...
2026-06-17 14:19:15,193 [INFO]   Metadata batch 1077/1558...
2026-06-17 14:19:21,180 [INFO]   Metadata batch 1078/1558...
2026-06-17 14:19:26,925 [INFO]   Metadata batch 1079/1558...
2026-06-17 14:19:32,385 [INFO]   Metadata batch 1080/1558...
2026-06-17 14:19:37,778 [INFO]   Metadata batch 1081/1558...
2026-06-17 14:19:43,528 [INFO]   Metadata batch 1082/1558...
2026-06-17 14:19:49,003 [INFO]   Metadata batch 1083/1558...
2026-06-17 14:19:54,048 [INFO]   Metadata batch 1084/1558...
2026-06-17 14:19:59,377 [INFO]   Metadata batch 1085/1558...
2026-06-17 14:20:04,978 [INFO]   Metadata batch 1086/1558...
2026-06-17 14:20:09,919 [INFO]   Metadata batch 1087/1558...
2026-06-17 14:20:15,265 [INFO]   Metadata batch 1088/1558...
2026-06-17 14:20:21,709 [INFO]   Metadata batch 1089/1558...
2026-06-17 14:20:27,968 [INFO]   Metadata batch 1090/1558...
2026-06-17 14:20:33,307 [INFO]   Metadata batch 1091/1558...
2026-06-17 14:20:38,234 [INFO]   Metadata batch 1092/1558...
2026-06-17 14:20:44,144 [INFO]   Metadata batch 1093/1558...
2026-06-17 14:20:49,262 [INFO]   Metadata batch 1094/1558...
2026-06-17 14:20:54,501 [INFO]   Metadata batch 1095/1558...
2026-06-17 14:20:59,996 [INFO]   Metadata batch 1096/1558...
2026-06-17 14:21:05,807 [INFO]   Metadata batch 1097/1558...
2026-06-17 14:21:12,176 [INFO]   Metadata batch 1098/1558...
2026-06-17 14:21:17,509 [INFO]   Metadata batch 1099/1558...
2026-06-17 14:21:23,311 [INFO]   Metadata batch 1100/1558...
2026-06-17 14:21:29,832 [INFO]   Metadata batch 1101/1558...
2026-06-17 14:21:35,946 [INFO]   Metadata batch 1102/1558...
2026-06-17 14:21:42,133 [INFO]   Metadata batch 1103/1558...
2026-06-17 14:21:47,581 [INFO]   Metadata batch 1104/1558...
2026-06-17 14:21:52,993 [INFO]   Metadata batch 1105/1558...
2026-06-17 14:21:58,520 [INFO]   Metadata batch 1106/1558...
2026-06-17 14:22:04,190 [INFO]   Metadata batch 1107/1558...
2026-06-17 14:22:09,354 [INFO]   Metadata batch 1108/1558...
2026-06-17 14:22:14,933 [INFO]   Metadata batch 1109/1558...
2026-06-17 14:22:20,398 [INFO]   Metadata batch 1110/1558...
2026-06-17 14:22:25,627 [INFO]   Metadata batch 1111/1558...
2026-06-17 14:22:30,996 [INFO]   Metadata batch 1112/1558...
2026-06-17 14:22:37,840 [INFO]   Metadata batch 1113/1558...
2026-06-17 14:22:43,333 [INFO]   Metadata batch 1114/1558...
2026-06-17 14:22:49,471 [INFO]   Metadata batch 1115/1558...
2026-06-17 14:22:54,900 [INFO]   Metadata batch 1116/1558...
2026-06-17 14:23:00,095 [INFO]   Metadata batch 1117/1558...
2026-06-17 14:23:06,139 [INFO]   Metadata batch 1118/1558...
2026-06-17 14:23:11,604 [INFO]   Metadata batch 1119/1558...
2026-06-17 14:23:17,446 [INFO]   Metadata batch 1120/1558...
2026-06-17 14:23:23,035 [INFO]   Metadata batch 1121/1558...
2026-06-17 14:23:28,580 [INFO]   Metadata batch 1122/1558...
2026-06-17 14:23:34,099 [INFO]   Metadata batch 1123/1558...
2026-06-17 14:23:39,760 [INFO]   Metadata batch 1124/1558...
2026-06-17 14:23:45,561 [INFO]   Metadata batch 1125/1558...
2026-06-17 14:23:51,081 [INFO]   Metadata batch 1126/1558...
2026-06-17 14:23:57,612 [INFO]   Metadata batch 1127/1558...
2026-06-17 14:24:03,522 [INFO]   Metadata batch 1128/1558...
2026-06-17 14:24:08,854 [INFO]   Metadata batch 1129/1558...
2026-06-17 14:24:15,250 [INFO]   Metadata batch 1130/1558...
2026-06-17 14:24:21,232 [INFO]   Metadata batch 1131/1558...
2026-06-17 14:24:27,488 [INFO]   Metadata batch 1132/1558...
2026-06-17 14:24:34,013 [INFO]   Metadata batch 1133/1558...
2026-06-17 14:24:40,137 [INFO]   Metadata batch 1134/1558...
2026-06-17 14:24:46,112 [INFO]   Metadata batch 1135/1558...
2026-06-17 14:24:51,126 [INFO]   Metadata batch 1136/1558...
2026-06-17 14:24:56,384 [INFO]   Metadata batch 1137/1558...
2026-06-17 14:25:02,619 [INFO]   Metadata batch 1138/1558...
2026-06-17 14:25:08,825 [INFO]   Metadata batch 1139/1558...
2026-06-17 14:25:15,137 [INFO]   Metadata batch 1140/1558...
2026-06-17 14:25:24,328 [INFO]   Metadata batch 1141/1558...
2026-06-17 14:25:29,919 [INFO]   Metadata batch 1142/1558...
2026-06-17 14:25:35,320 [INFO]   Metadata batch 1143/1558...
2026-06-17 14:25:40,879 [INFO]   Metadata batch 1144/1558...
2026-06-17 14:25:46,315 [INFO]   Metadata batch 1145/1558...
2026-06-17 14:25:51,842 [INFO]   Metadata batch 1146/1558...
2026-06-17 14:25:57,186 [INFO]   Metadata batch 1147/1558...
2026-06-17 14:26:03,245 [INFO]   Metadata batch 1148/1558...
2026-06-17 14:26:08,792 [INFO]   Metadata batch 1149/1558...
2026-06-17 14:26:14,427 [INFO]   Metadata batch 1150/1558...
2026-06-17 14:26:19,802 [INFO]   Metadata batch 1151/1558...
2026-06-17 14:26:25,484 [INFO]   Metadata batch 1152/1558...
2026-06-17 14:26:31,320 [INFO]   Metadata batch 1153/1558...
2026-06-17 14:26:36,683 [INFO]   Metadata batch 1154/1558...
2026-06-17 14:26:42,041 [INFO]   Metadata batch 1155/1558...
2026-06-17 14:26:47,138 [INFO]   Metadata batch 1156/1558...
2026-06-17 14:26:52,824 [INFO]   Metadata batch 1157/1558...
2026-06-17 14:26:57,959 [INFO]   Metadata batch 1158/1558...
2026-06-17 14:27:02,731 [INFO]   Metadata batch 1159/1558...
2026-06-17 14:27:07,758 [INFO]   Metadata batch 1160/1558...
2026-06-17 14:27:13,087 [INFO]   Metadata batch 1161/1558...
2026-06-17 14:27:18,230 [INFO]   Metadata batch 1162/1558...
2026-06-17 14:27:24,545 [INFO]   Metadata batch 1163/1558...
2026-06-17 14:27:29,939 [INFO]   Metadata batch 1164/1558...
2026-06-17 14:27:35,101 [INFO]   Metadata batch 1165/1558...
2026-06-17 14:27:40,243 [INFO]   Metadata batch 1166/1558...
2026-06-17 14:27:45,560 [INFO]   Metadata batch 1167/1558...
2026-06-17 14:27:50,767 [INFO]   Metadata batch 1168/1558...
2026-06-17 14:27:56,537 [INFO]   Metadata batch 1169/1558...
2026-06-17 14:28:02,384 [INFO]   Metadata batch 1170/1558...
2026-06-17 14:28:08,070 [INFO]   Metadata batch 1171/1558...
2026-06-17 14:28:13,524 [INFO]   Metadata batch 1172/1558...
2026-06-17 14:28:18,928 [INFO]   Metadata batch 1173/1558...
2026-06-17 14:28:24,631 [INFO]   Metadata batch 1174/1558...
2026-06-17 14:28:29,907 [INFO]   Metadata batch 1175/1558...
2026-06-17 14:28:35,503 [INFO]   Metadata batch 1176/1558...
2026-06-17 14:28:40,639 [INFO]   Metadata batch 1177/1558...
2026-06-17 14:28:45,807 [INFO]   Metadata batch 1178/1558...
2026-06-17 14:28:51,398 [INFO]   Metadata batch 1179/1558...
2026-06-17 14:28:55,875 [INFO]   Metadata batch 1180/1558...
2026-06-17 14:29:01,763 [INFO]   Metadata batch 1181/1558...
2026-06-17 14:29:07,278 [INFO]   Metadata batch 1182/1558...
2026-06-17 14:29:12,155 [INFO]   Metadata batch 1183/1558...
2026-06-17 14:29:17,336 [INFO]   Metadata batch 1184/1558...
2026-06-17 14:29:22,424 [INFO]   Metadata batch 1185/1558...
2026-06-17 14:29:27,307 [INFO]   Metadata batch 1186/1558...
2026-06-17 14:29:32,821 [INFO]   Metadata batch 1187/1558...
2026-06-17 14:29:37,709 [INFO]   Metadata batch 1188/1558...
2026-06-17 14:29:42,692 [INFO]   Metadata batch 1189/1558...
2026-06-17 14:29:47,803 [INFO]   Metadata batch 1190/1558...
2026-06-17 14:29:52,839 [INFO]   Metadata batch 1191/1558...
2026-06-17 14:29:58,569 [INFO]   Metadata batch 1192/1558...
2026-06-17 14:30:04,014 [INFO]   Metadata batch 1193/1558...
2026-06-17 14:30:09,572 [INFO]   Metadata batch 1194/1558...
2026-06-17 14:30:14,769 [INFO]   Metadata batch 1195/1558...
2026-06-17 14:30:20,421 [INFO]   Metadata batch 1196/1558...
2026-06-17 14:30:25,700 [INFO]   Metadata batch 1197/1558...
2026-06-17 14:30:31,873 [INFO]   Metadata batch 1198/1558...
2026-06-17 14:30:37,358 [INFO]   Metadata batch 1199/1558...
2026-06-17 14:30:43,474 [INFO]   Metadata batch 1200/1558...
2026-06-17 14:30:49,297 [INFO]   Metadata batch 1201/1558...
2026-06-17 14:30:54,774 [INFO]   Metadata batch 1202/1558...
2026-06-17 14:30:59,737 [INFO]   Metadata batch 1203/1558...
2026-06-17 14:31:05,167 [INFO]   Metadata batch 1204/1558...
2026-06-17 14:31:10,549 [INFO]   Metadata batch 1205/1558...
2026-06-17 14:31:15,666 [INFO]   Metadata batch 1206/1558...
2026-06-17 14:31:20,701 [INFO]   Metadata batch 1207/1558...
2026-06-17 14:31:26,253 [INFO]   Metadata batch 1208/1558...
2026-06-17 14:31:31,943 [INFO]   Metadata batch 1209/1558...
2026-06-17 14:31:37,357 [INFO]   Metadata batch 1210/1558...
2026-06-17 14:31:42,728 [INFO]   Metadata batch 1211/1558...
2026-06-17 14:31:48,908 [INFO]   Metadata batch 1212/1558...
2026-06-17 14:31:54,459 [INFO]   Metadata batch 1213/1558...
2026-06-17 14:31:59,749 [INFO]   Metadata batch 1214/1558...
2026-06-17 14:32:05,498 [INFO]   Metadata batch 1215/1558...
2026-06-17 14:32:10,827 [INFO]   Metadata batch 1216/1558...
2026-06-17 14:32:16,263 [INFO]   Metadata batch 1217/1558...
2026-06-17 14:32:21,330 [INFO]   Metadata batch 1218/1558...
2026-06-17 14:32:26,842 [INFO]   Metadata batch 1219/1558...
2026-06-17 14:32:32,316 [INFO]   Metadata batch 1220/1558...
2026-06-17 14:32:38,402 [INFO]   Metadata batch 1221/1558...
2026-06-17 14:32:44,210 [INFO]   Metadata batch 1222/1558...
2026-06-17 14:32:49,740 [INFO]   Metadata batch 1223/1558...
2026-06-17 14:32:54,528 [INFO]   Metadata batch 1224/1558...
2026-06-17 14:32:59,958 [INFO]   Metadata batch 1225/1558...
2026-06-17 14:33:05,233 [INFO]   Metadata batch 1226/1558...
2026-06-17 14:33:10,314 [INFO]   Metadata batch 1227/1558...
2026-06-17 14:33:15,716 [INFO]   Metadata batch 1228/1558...
2026-06-17 14:33:21,293 [INFO]   Metadata batch 1229/1558...
2026-06-17 14:33:26,798 [INFO]   Metadata batch 1230/1558...
2026-06-17 14:33:32,480 [INFO]   Metadata batch 1231/1558...
2026-06-17 14:33:38,117 [INFO]   Metadata batch 1232/1558...
2026-06-17 14:33:43,293 [INFO]   Metadata batch 1233/1558...
2026-06-17 14:33:49,313 [INFO]   Metadata batch 1234/1558...
2026-06-17 14:33:55,260 [INFO]   Metadata batch 1235/1558...
2026-06-17 14:34:00,807 [INFO]   Metadata batch 1236/1558...
2026-06-17 14:34:06,188 [INFO]   Metadata batch 1237/1558...
2026-06-17 14:34:11,082 [INFO]   Metadata batch 1238/1558...
2026-06-17 14:34:16,718 [INFO]   Metadata batch 1239/1558...
2026-06-17 14:34:22,482 [INFO]   Metadata batch 1240/1558...
2026-06-17 14:34:27,848 [INFO]   Metadata batch 1241/1558...
2026-06-17 14:34:33,242 [INFO]   Metadata batch 1242/1558...
2026-06-17 14:34:38,973 [INFO]   Metadata batch 1243/1558...
2026-06-17 14:34:44,154 [INFO]   Metadata batch 1244/1558...
2026-06-17 14:34:49,628 [INFO]   Metadata batch 1245/1558...
2026-06-17 14:34:55,235 [INFO]   Metadata batch 1246/1558...
2026-06-17 14:35:00,441 [INFO]   Metadata batch 1247/1558...
2026-06-17 14:35:05,877 [INFO]   Metadata batch 1248/1558...
2026-06-17 14:35:11,121 [INFO]   Metadata batch 1249/1558...
2026-06-17 14:35:16,420 [INFO]   Metadata batch 1250/1558...
2026-06-17 14:35:21,801 [INFO]   Metadata batch 1251/1558...
2026-06-17 14:35:27,377 [INFO]   Metadata batch 1252/1558...
2026-06-17 14:35:33,838 [INFO]   Metadata batch 1253/1558...
2026-06-17 14:35:38,911 [INFO]   Metadata batch 1254/1558...
2026-06-17 14:35:44,357 [INFO]   Metadata batch 1255/1558...
2026-06-17 14:35:49,881 [INFO]   Metadata batch 1256/1558...
2026-06-17 14:35:55,473 [INFO]   Metadata batch 1257/1558...
2026-06-17 14:36:00,647 [INFO]   Metadata batch 1258/1558...
2026-06-17 14:36:06,026 [INFO]   Metadata batch 1259/1558...
2026-06-17 14:36:11,330 [INFO]   Metadata batch 1260/1558...
2026-06-17 14:36:16,888 [INFO]   Metadata batch 1261/1558...
2026-06-17 14:36:22,049 [INFO]   Metadata batch 1262/1558...
2026-06-17 14:36:28,024 [INFO]   Metadata batch 1263/1558...
2026-06-17 14:36:34,695 [INFO]   Metadata batch 1264/1558...
2026-06-17 14:36:40,400 [INFO]   Metadata batch 1265/1558...
2026-06-17 14:36:46,131 [INFO]   Metadata batch 1266/1558...
2026-06-17 14:36:51,474 [INFO]   Metadata batch 1267/1558...
2026-06-17 14:36:57,028 [INFO]   Metadata batch 1268/1558...
2026-06-17 14:37:02,474 [INFO]   Metadata batch 1269/1558...
2026-06-17 14:37:07,590 [INFO]   Metadata batch 1270/1558...
2026-06-17 14:37:13,456 [INFO]   Metadata batch 1271/1558...
2026-06-17 14:37:19,356 [INFO]   Metadata batch 1272/1558...
2026-06-17 14:37:25,096 [INFO]   Metadata batch 1273/1558...
2026-06-17 14:37:30,760 [INFO]   Metadata batch 1274/1558...
2026-06-17 14:37:36,535 [INFO]   Metadata batch 1275/1558...
2026-06-17 14:37:41,998 [INFO]   Metadata batch 1276/1558...
2026-06-17 14:37:47,285 [INFO]   Metadata batch 1277/1558...
2026-06-17 14:37:52,350 [INFO]   Metadata batch 1278/1558...
2026-06-17 14:37:57,817 [INFO]   Metadata batch 1279/1558...
2026-06-17 14:38:03,274 [INFO]   Metadata batch 1280/1558...
2026-06-17 14:38:08,452 [INFO]   Metadata batch 1281/1558...
2026-06-17 14:38:14,030 [INFO]   Metadata batch 1282/1558...
2026-06-17 14:38:19,516 [INFO]   Metadata batch 1283/1558...
2026-06-17 14:38:24,954 [INFO]   Metadata batch 1284/1558...
2026-06-17 14:38:30,509 [INFO]   Metadata batch 1285/1558...
2026-06-17 14:38:35,413 [INFO]   Metadata batch 1286/1558...
2026-06-17 14:38:40,498 [INFO]   Metadata batch 1287/1558...
2026-06-17 14:38:50,343 [INFO]   Metadata batch 1288/1558...
2026-06-17 14:38:56,278 [INFO]   Metadata batch 1289/1558...
2026-06-17 14:39:01,697 [INFO]   Metadata batch 1290/1558...
2026-06-17 14:39:06,558 [INFO]   Metadata batch 1291/1558...
2026-06-17 14:39:11,933 [INFO]   Metadata batch 1292/1558...
2026-06-17 14:39:16,929 [INFO]   Metadata batch 1293/1558...
2026-06-17 14:39:22,689 [INFO]   Metadata batch 1294/1558...
2026-06-17 14:39:27,942 [INFO]   Metadata batch 1295/1558...
2026-06-17 14:39:33,179 [INFO]   Metadata batch 1296/1558...
2026-06-17 14:39:38,700 [INFO]   Metadata batch 1297/1558...
2026-06-17 14:39:43,934 [INFO]   Metadata batch 1298/1558...
2026-06-17 14:39:49,286 [INFO]   Metadata batch 1299/1558...
2026-06-17 14:39:54,575 [INFO]   Metadata batch 1300/1558...
2026-06-17 14:39:59,423 [INFO]   Metadata batch 1301/1558...
2026-06-17 14:40:08,314 [INFO]   Metadata batch 1302/1558...
2026-06-17 14:40:14,112 [INFO]   Metadata batch 1303/1558...
2026-06-17 14:40:19,541 [INFO]   Metadata batch 1304/1558...
2026-06-17 14:40:24,414 [INFO]   Metadata batch 1305/1558...
2026-06-17 14:40:29,768 [INFO]   Metadata batch 1306/1558...
2026-06-17 14:40:35,130 [INFO]   Metadata batch 1307/1558...
2026-06-17 14:40:40,051 [INFO]   Metadata batch 1308/1558...
2026-06-17 14:40:45,750 [INFO]   Metadata batch 1309/1558...
2026-06-17 14:40:51,329 [INFO]   Metadata batch 1310/1558...
2026-06-17 14:40:56,947 [INFO]   Metadata batch 1311/1558...
2026-06-17 14:41:02,005 [INFO]   Metadata batch 1312/1558...
2026-06-17 14:41:07,583 [INFO]   Metadata batch 1313/1558...
2026-06-17 14:41:12,857 [INFO]   Metadata batch 1314/1558...
2026-06-17 14:41:18,175 [INFO]   Metadata batch 1315/1558...
2026-06-17 14:41:23,697 [INFO]   Metadata batch 1316/1558...
2026-06-17 14:41:28,868 [INFO]   Metadata batch 1317/1558...
2026-06-17 14:41:34,679 [INFO]   Metadata batch 1318/1558...
2026-06-17 14:41:40,282 [INFO]   Metadata batch 1319/1558...
2026-06-17 14:41:45,071 [INFO]   Metadata batch 1320/1558...
2026-06-17 14:41:50,529 [INFO]   Metadata batch 1321/1558...
2026-06-17 14:41:55,282 [INFO]   Metadata batch 1322/1558...
2026-06-17 14:42:00,079 [INFO]   Metadata batch 1323/1558...
2026-06-17 14:42:05,069 [INFO]   Metadata batch 1324/1558...
2026-06-17 14:42:10,140 [INFO]   Metadata batch 1325/1558...
2026-06-17 14:42:15,292 [INFO]   Metadata batch 1326/1558...
2026-06-17 14:42:20,565 [INFO]   Metadata batch 1327/1558...
2026-06-17 14:42:25,578 [INFO]   Metadata batch 1328/1558...
2026-06-17 14:42:30,394 [INFO]   Metadata batch 1329/1558...
2026-06-17 14:42:35,394 [INFO]   Metadata batch 1330/1558...
2026-06-17 14:42:40,771 [INFO]   Metadata batch 1331/1558...
2026-06-17 14:42:46,246 [INFO]   Metadata batch 1332/1558...
2026-06-17 14:42:52,820 [INFO]   Metadata batch 1333/1558...
2026-06-17 14:42:58,117 [INFO]   Metadata batch 1334/1558...
2026-06-17 14:43:05,449 [INFO]   Metadata batch 1335/1558...
2026-06-17 14:43:10,633 [INFO]   Metadata batch 1336/1558...
2026-06-17 14:43:16,514 [INFO]   Metadata batch 1337/1558...
2026-06-17 14:43:22,337 [INFO]   Metadata batch 1338/1558...
2026-06-17 14:43:28,300 [INFO]   Metadata batch 1339/1558...
2026-06-17 14:43:34,720 [INFO]   Metadata batch 1340/1558...
2026-06-17 14:43:39,967 [INFO]   Metadata batch 1341/1558...
2026-06-17 14:43:45,392 [INFO]   Metadata batch 1342/1558...
2026-06-17 14:43:50,491 [INFO]   Metadata batch 1343/1558...
2026-06-17 14:43:56,254 [INFO]   Metadata batch 1344/1558...
2026-06-17 14:44:01,953 [INFO]   Metadata batch 1345/1558...
2026-06-17 14:44:07,586 [INFO]   Metadata batch 1346/1558...
2026-06-17 14:44:13,316 [INFO]   Metadata batch 1347/1558...
2026-06-17 14:44:18,943 [INFO]   Metadata batch 1348/1558...
2026-06-17 14:44:24,791 [INFO]   Metadata batch 1349/1558...
2026-06-17 14:44:30,673 [INFO]   Metadata batch 1350/1558...
2026-06-17 14:44:36,017 [INFO]   Metadata batch 1351/1558...
2026-06-17 14:44:44,296 [INFO]   Metadata batch 1352/1558...
2026-06-17 14:44:49,920 [INFO]   Metadata batch 1353/1558...
2026-06-17 14:44:55,875 [INFO]   Metadata batch 1354/1558...
2026-06-17 14:45:01,438 [INFO]   Metadata batch 1355/1558...
2026-06-17 14:45:07,370 [INFO]   Metadata batch 1356/1558...
2026-06-17 14:45:12,876 [INFO]   Metadata batch 1357/1558...
2026-06-17 14:45:18,281 [INFO]   Metadata batch 1358/1558...
2026-06-17 14:45:23,910 [INFO]   Metadata batch 1359/1558...
2026-06-17 14:45:29,524 [INFO]   Metadata batch 1360/1558...
2026-06-17 14:45:35,136 [INFO]   Metadata batch 1361/1558...
2026-06-17 14:45:40,779 [INFO]   Metadata batch 1362/1558...
2026-06-17 14:45:46,583 [INFO]   Metadata batch 1363/1558...
2026-06-17 14:45:52,490 [INFO]   Metadata batch 1364/1558...
2026-06-17 14:45:58,755 [INFO]   Metadata batch 1365/1558...
2026-06-17 14:46:04,565 [INFO]   Metadata batch 1366/1558...
2026-06-17 14:46:11,204 [INFO]   Metadata batch 1367/1558...
2026-06-17 14:46:17,433 [INFO]   Metadata batch 1368/1558...
2026-06-17 14:46:23,246 [INFO]   Metadata batch 1369/1558...
2026-06-17 14:46:29,745 [INFO]   Metadata batch 1370/1558...
2026-06-17 14:46:36,123 [INFO]   Metadata batch 1371/1558...
2026-06-17 14:46:41,645 [INFO]   Metadata batch 1372/1558...
2026-06-17 14:46:46,847 [INFO]   Metadata batch 1373/1558...
2026-06-17 14:46:53,056 [INFO]   Metadata batch 1374/1558...
2026-06-17 14:46:58,973 [INFO]   Metadata batch 1375/1558...
2026-06-17 14:47:04,814 [INFO]   Metadata batch 1376/1558...
2026-06-17 14:47:10,100 [INFO]   Metadata batch 1377/1558...
2026-06-17 14:47:15,548 [INFO]   Metadata batch 1378/1558...
2026-06-17 14:47:21,809 [INFO]   Metadata batch 1379/1558...
2026-06-17 14:47:27,565 [INFO]   Metadata batch 1380/1558...
2026-06-17 14:47:33,023 [INFO]   Metadata batch 1381/1558...
2026-06-17 14:47:39,200 [INFO]   Metadata batch 1382/1558...
2026-06-17 14:47:45,108 [INFO]   Metadata batch 1383/1558...
2026-06-17 14:47:51,631 [INFO]   Metadata batch 1384/1558...
2026-06-17 14:47:57,293 [INFO]   Metadata batch 1385/1558...
2026-06-17 14:48:02,663 [INFO]   Metadata batch 1386/1558...
2026-06-17 14:48:08,412 [INFO]   Metadata batch 1387/1558...
2026-06-17 14:48:13,605 [INFO]   Metadata batch 1388/1558...
2026-06-17 14:48:19,126 [INFO]   Metadata batch 1389/1558...
2026-06-17 14:48:24,992 [INFO]   Metadata batch 1390/1558...
2026-06-17 14:48:30,249 [INFO]   Metadata batch 1391/1558...
2026-06-17 14:48:36,166 [INFO]   Metadata batch 1392/1558...
2026-06-17 14:48:41,504 [INFO]   Metadata batch 1393/1558...
2026-06-17 14:48:47,394 [INFO]   Metadata batch 1394/1558...
2026-06-17 14:48:53,515 [INFO]   Metadata batch 1395/1558...
2026-06-17 14:48:59,101 [INFO]   Metadata batch 1396/1558...
2026-06-17 14:49:05,510 [INFO]   Metadata batch 1397/1558...
2026-06-17 14:49:11,509 [INFO]   Metadata batch 1398/1558...
2026-06-17 14:49:16,997 [INFO]   Metadata batch 1399/1558...
2026-06-17 14:49:23,633 [INFO]   Metadata batch 1400/1558...
2026-06-17 14:49:29,371 [INFO]   Metadata batch 1401/1558...
2026-06-17 14:49:35,710 [INFO]   Metadata batch 1402/1558...
2026-06-17 14:49:40,912 [INFO]   Metadata batch 1403/1558...
2026-06-17 14:49:46,897 [INFO]   Metadata batch 1404/1558...
2026-06-17 14:49:52,189 [INFO]   Metadata batch 1405/1558...
2026-06-17 14:49:58,751 [INFO]   Metadata batch 1406/1558...
2026-06-17 14:50:05,191 [INFO]   Metadata batch 1407/1558...
2026-06-17 14:50:11,540 [INFO]   Metadata batch 1408/1558...
2026-06-17 14:50:18,265 [INFO]   Metadata batch 1409/1558...
2026-06-17 14:50:24,030 [INFO]   Metadata batch 1410/1558...
2026-06-17 14:50:29,974 [INFO]   Metadata batch 1411/1558...
2026-06-17 14:50:36,264 [INFO]   Metadata batch 1412/1558...
2026-06-17 14:50:43,699 [INFO]   Metadata batch 1413/1558...
2026-06-17 14:50:50,095 [INFO]   Metadata batch 1414/1558...
2026-06-17 14:50:55,446 [INFO]   Metadata batch 1415/1558...
2026-06-17 14:51:01,544 [INFO]   Metadata batch 1416/1558...
2026-06-17 14:51:07,695 [INFO]   Metadata batch 1417/1558...
2026-06-17 14:51:13,653 [INFO]   Metadata batch 1418/1558...
2026-06-17 14:51:19,957 [INFO]   Metadata batch 1419/1558...
2026-06-17 14:51:26,103 [INFO]   Metadata batch 1420/1558...
2026-06-17 14:51:32,919 [INFO]   Metadata batch 1421/1558...
2026-06-17 14:51:44,007 [INFO]   Metadata batch 1422/1558...
2026-06-17 14:51:50,012 [INFO]   Metadata batch 1423/1558...
2026-06-17 14:51:55,490 [INFO]   Metadata batch 1424/1558...
2026-06-17 14:52:01,789 [INFO]   Metadata batch 1425/1558...
2026-06-17 14:52:07,507 [INFO]   Metadata batch 1426/1558...
2026-06-17 14:52:13,449 [INFO]   Metadata batch 1427/1558...
2026-06-17 14:52:20,149 [INFO]   Metadata batch 1428/1558...
2026-06-17 14:52:26,423 [INFO]   Metadata batch 1429/1558...
2026-06-17 14:52:31,782 [INFO]   Metadata batch 1430/1558...
2026-06-17 14:52:36,792 [INFO]   Metadata batch 1431/1558...
2026-06-17 14:52:43,835 [INFO]   Metadata batch 1432/1558...
2026-06-17 14:52:49,253 [INFO]   Metadata batch 1433/1558...
2026-06-17 14:52:54,921 [INFO]   Metadata batch 1434/1558...
2026-06-17 14:53:01,019 [INFO]   Metadata batch 1435/1558...
2026-06-17 14:53:06,740 [INFO]   Metadata batch 1436/1558...
2026-06-17 14:53:12,154 [INFO]   Metadata batch 1437/1558...
2026-06-17 14:53:18,174 [INFO]   Metadata batch 1438/1558...
2026-06-17 14:53:24,226 [INFO]   Metadata batch 1439/1558...
2026-06-17 14:53:30,150 [INFO]   Metadata batch 1440/1558...
2026-06-17 14:53:36,347 [INFO]   Metadata batch 1441/1558...
2026-06-17 14:53:42,667 [INFO]   Metadata batch 1442/1558...
2026-06-17 14:53:48,944 [INFO]   Metadata batch 1443/1558...
2026-06-17 14:53:54,841 [INFO]   Metadata batch 1444/1558...
2026-06-17 14:54:01,198 [INFO]   Metadata batch 1445/1558...
2026-06-17 14:54:07,147 [INFO]   Metadata batch 1446/1558...
2026-06-17 14:54:12,573 [INFO]   Metadata batch 1447/1558...
2026-06-17 14:54:18,333 [INFO]   Metadata batch 1448/1558...
2026-06-17 14:54:24,124 [INFO]   Metadata batch 1449/1558...
2026-06-17 14:54:29,618 [INFO]   Metadata batch 1450/1558...
2026-06-17 14:54:34,694 [INFO]   Metadata batch 1451/1558...
2026-06-17 14:54:40,790 [INFO]   Metadata batch 1452/1558...
2026-06-17 14:54:46,400 [INFO]   Metadata batch 1453/1558...
2026-06-17 14:54:51,824 [INFO]   Metadata batch 1454/1558...
2026-06-17 14:54:57,788 [INFO]   Metadata batch 1455/1558...
2026-06-17 14:55:03,886 [INFO]   Metadata batch 1456/1558...
2026-06-17 14:55:09,832 [INFO]   Metadata batch 1457/1558...
2026-06-17 14:55:16,664 [INFO]   Metadata batch 1458/1558...
2026-06-17 14:55:23,007 [INFO]   Metadata batch 1459/1558...
2026-06-17 14:55:29,331 [INFO]   Metadata batch 1460/1558...
2026-06-17 14:55:34,600 [INFO]   Metadata batch 1461/1558...
2026-06-17 14:55:39,872 [INFO]   Metadata batch 1462/1558...
2026-06-17 14:55:45,897 [INFO]   Metadata batch 1463/1558...
2026-06-17 14:55:51,402 [INFO]   Metadata batch 1464/1558...
2026-06-17 14:55:57,532 [INFO]   Metadata batch 1465/1558...
2026-06-17 14:56:03,315 [INFO]   Metadata batch 1466/1558...
2026-06-17 14:56:09,119 [INFO]   Metadata batch 1467/1558...
2026-06-17 14:56:15,023 [INFO]   Metadata batch 1468/1558...
2026-06-17 14:56:21,396 [INFO]   Metadata batch 1469/1558...
2026-06-17 14:56:27,944 [INFO]   Metadata batch 1470/1558...
2026-06-17 14:56:33,952 [INFO]   Metadata batch 1471/1558...
2026-06-17 14:56:39,877 [INFO]   Metadata batch 1472/1558...
2026-06-17 14:56:47,511 [INFO]   Metadata batch 1473/1558...
2026-06-17 14:56:53,232 [INFO]   Metadata batch 1474/1558...
2026-06-17 14:57:00,046 [INFO]   Metadata batch 1475/1558...
2026-06-17 14:57:06,328 [INFO]   Metadata batch 1476/1558...
2026-06-17 14:57:11,271 [INFO]   Metadata batch 1477/1558...
2026-06-17 14:57:16,354 [INFO]   Metadata batch 1478/1558...
2026-06-17 14:57:21,584 [INFO]   Metadata batch 1479/1558...
2026-06-17 14:57:27,141 [INFO]   Metadata batch 1480/1558...
2026-06-17 14:57:32,547 [INFO]   Metadata batch 1481/1558...
2026-06-17 14:57:37,708 [INFO]   Metadata batch 1482/1558...
2026-06-17 14:57:42,977 [INFO]   Metadata batch 1483/1558...
2026-06-17 14:57:48,503 [INFO]   Metadata batch 1484/1558...
2026-06-17 14:57:53,431 [INFO]   Metadata batch 1485/1558...
2026-06-17 14:57:59,145 [INFO]   Metadata batch 1486/1558...
2026-06-17 14:58:04,479 [INFO]   Metadata batch 1487/1558...
2026-06-17 14:58:09,533 [INFO]   Metadata batch 1488/1558...
2026-06-17 14:58:14,680 [INFO]   Metadata batch 1489/1558...
2026-06-17 14:58:19,892 [INFO]   Metadata batch 1490/1558...
2026-06-17 14:58:25,532 [INFO]   Metadata batch 1491/1558...
2026-06-17 14:58:30,729 [INFO]   Metadata batch 1492/1558...
2026-06-17 14:58:36,089 [INFO]   Metadata batch 1493/1558...
2026-06-17 14:58:41,274 [INFO]   Metadata batch 1494/1558...
2026-06-17 14:58:46,174 [INFO]   Metadata batch 1495/1558...
2026-06-17 14:58:51,285 [INFO]   Metadata batch 1496/1558...
2026-06-17 14:58:56,865 [INFO]   Metadata batch 1497/1558...
2026-06-17 14:59:02,281 [INFO]   Metadata batch 1498/1558...
2026-06-17 14:59:07,720 [INFO]   Metadata batch 1499/1558...
2026-06-17 14:59:13,211 [INFO]   Metadata batch 1500/1558...
2026-06-17 14:59:17,882 [INFO]   Metadata batch 1501/1558...
2026-06-17 14:59:22,754 [INFO]   Metadata batch 1502/1558...
2026-06-17 14:59:35,592 [INFO]   Metadata batch 1503/1558...
2026-06-17 14:59:40,448 [INFO]   Metadata batch 1504/1558...
2026-06-17 14:59:45,386 [INFO]   Metadata batch 1505/1558...
2026-06-17 14:59:50,607 [INFO]   Metadata batch 1506/1558...
2026-06-17 14:59:55,927 [INFO]   Metadata batch 1507/1558...
2026-06-17 15:00:01,116 [INFO]   Metadata batch 1508/1558...
2026-06-17 15:00:06,858 [INFO]   Metadata batch 1509/1558...
2026-06-17 15:00:13,029 [INFO]   Metadata batch 1510/1558...
2026-06-17 15:00:18,900 [INFO]   Metadata batch 1511/1558...
2026-06-17 15:00:25,134 [INFO]   Metadata batch 1512/1558...
2026-06-17 15:00:30,694 [INFO]   Metadata batch 1513/1558...
2026-06-17 15:00:36,534 [INFO]   Metadata batch 1514/1558...
2026-06-17 15:00:42,994 [INFO]   Metadata batch 1515/1558...
2026-06-17 15:00:48,985 [INFO]   Metadata batch 1516/1558...
2026-06-17 15:00:57,932 [INFO]   Metadata batch 1517/1558...
2026-06-17 15:01:04,376 [INFO]   Metadata batch 1518/1558...
2026-06-17 15:01:10,731 [INFO]   Metadata batch 1519/1558...
2026-06-17 15:01:17,030 [INFO]   Metadata batch 1520/1558...
2026-06-17 15:01:24,179 [INFO]   Metadata batch 1521/1558...
2026-06-17 15:01:30,656 [INFO]   Metadata batch 1522/1558...
2026-06-17 15:01:37,441 [INFO]   Metadata batch 1523/1558...
2026-06-17 15:01:43,346 [INFO]   Metadata batch 1524/1558...
2026-06-17 15:01:49,688 [INFO]   Metadata batch 1525/1558...
2026-06-17 15:01:56,224 [INFO]   Metadata batch 1526/1558...
2026-06-17 15:02:03,233 [INFO]   Metadata batch 1527/1558...
2026-06-17 15:02:09,368 [INFO]   Metadata batch 1528/1558...
2026-06-17 15:02:15,482 [INFO]   Metadata batch 1529/1558...
2026-06-17 15:02:22,435 [INFO]   Metadata batch 1530/1558...
2026-06-17 15:02:35,168 [INFO]   Metadata batch 1531/1558...
2026-06-17 15:02:41,311 [INFO]   Metadata batch 1532/1558...
2026-06-17 15:02:47,431 [INFO]   Metadata batch 1533/1558...
2026-06-17 15:02:53,103 [INFO]   Metadata batch 1534/1558...
2026-06-17 15:02:58,924 [INFO]   Metadata batch 1535/1558...
2026-06-17 15:03:06,139 [INFO]   Metadata batch 1536/1558...
2026-06-17 15:03:12,240 [INFO]   Metadata batch 1537/1558...
2026-06-17 15:03:18,650 [INFO]   Metadata batch 1538/1558...
2026-06-17 15:03:24,489 [INFO]   Metadata batch 1539/1558...
2026-06-17 15:03:30,646 [INFO]   Metadata batch 1540/1558...
2026-06-17 15:03:37,469 [INFO]   Metadata batch 1541/1558...
2026-06-17 15:03:43,880 [INFO]   Metadata batch 1542/1558...
2026-06-17 15:03:49,843 [INFO]   Metadata batch 1543/1558...
2026-06-17 15:03:58,693 [INFO]   Metadata batch 1544/1558...
2026-06-17 15:04:05,587 [INFO]   Metadata batch 1545/1558...
2026-06-17 15:04:11,706 [INFO]   Metadata batch 1546/1558...
2026-06-17 15:04:18,071 [INFO]   Metadata batch 1547/1558...
2026-06-17 15:04:24,212 [INFO]   Metadata batch 1548/1558...
2026-06-17 15:04:30,385 [INFO]   Metadata batch 1549/1558...
2026-06-17 15:04:35,798 [INFO]   Metadata batch 1550/1558...
2026-06-17 15:04:41,983 [INFO]   Metadata batch 1551/1558...
2026-06-17 15:04:47,831 [INFO]   Metadata batch 1552/1558...
2026-06-17 15:04:53,732 [INFO]   Metadata batch 1553/1558...
2026-06-17 15:05:00,098 [INFO]   Metadata batch 1554/1558...
2026-06-17 15:05:05,762 [INFO]   Metadata batch 1555/1558...
2026-06-17 15:05:11,793 [INFO]   Metadata batch 1556/1558...
2026-06-17 15:05:18,488 [INFO]   Metadata batch 1557/1558...
2026-06-17 15:05:26,100 [INFO]   Metadata batch 1558/1558...
2026-06-17 15:05:36,158 [INFO]   31,144,717 nodes (145,993 Frontiers core)
2026-06-17 15:05:41,451 [INFO] Applying edge weights (temporal decay + self-citation discount)...
2026-06-17 15:10:37,790 [INFO]   Decay mean=0.438  |  Self-citations: 16,824,810
2026-06-17 15:10:38,365 [INFO]   Combined weight mean=0.426
2026-06-17 15:10:42,473 [INFO] BC edges disabled (ENABLE_BC_EDGES=false)
2026-06-17 15:11:10,958 [INFO] Writing CWTS files to cwts_output/  (31,144,717 nodes)...
2026-06-17 15:15:14,174 [INFO]   pubs.txt        : 31,144,717 rows  (145,993 Frontiers)
2026-06-17 15:15:37,466 [INFO] 31144717 out of 31144717 rows loaded.
2026-06-17 15:15:37,466 [INFO]   → BigQuery: scope_drift_raw.pubs_raw_20260617_122707
2026-06-17 15:20:15,654 [INFO]   pub_metadata.txt: 31,144,717 rows
2026-06-17 15:23:17,530 [INFO] 31144717 out of 31144717 rows loaded.
2026-06-17 15:23:17,530 [INFO]   → BigQuery: scope_drift_raw.pub_metadata_raw_20260617_122707
2026-06-17 15:49:10,767 [INFO]   cit_links.txt   : 589,252,686 rows  (294,626,343 unique × 2 directions)
2026-06-17 15:52:09,226 [INFO] 589252686 out of 589252686 rows loaded.
2026-06-17 15:52:09,226 [INFO]   → BigQuery: scope_drift_raw.cit_links_raw_20260617_122707
2026-06-17 15:52:09,226 [INFO] Done!!!!
