2026-07-10 14:44:11,756 [INFO] ============================================================
2026-07-10 14:44:11,756 [INFO] Configuration
2026-07-10 14:44:11,756 [INFO] ============================================================
2026-07-10 14:44:11,756 [INFO]   BQ_PROJECT              : ocean-tech-adv-analytics-p-usr
2026-07-10 14:44:11,756 [INFO]   AIRAK_DATASET           : ocean-breeze-tier-1.airak
2026-07-10 14:44:11,756 [INFO]   NETWORK_MODE            : full
2026-07-10 14:44:11,756 [INFO]   START_YEAR              : 2020
2026-07-10 14:44:11,756 [INFO]   END_YEAR                : 2026
2026-07-10 14:44:11,756 [INFO]   TOP_N_JOURNALS          : 5
2026-07-10 14:44:11,756 [INFO]   JOURNAL_IDS_OVERRIDE    : (none)
2026-07-10 14:44:11,757 [INFO]   ENABLE_EDGE_WEIGHTS     : True
2026-07-10 14:44:11,757 [INFO]   TEMPORAL_DECAY_TAU      : 5.0
2026-07-10 14:44:11,757 [INFO]   SELF_CITE_JOURNAL_WEIGHT: 0.5
2026-07-10 14:44:11,757 [INFO]   ENABLE_BC_EDGES         : True
2026-07-10 14:44:11,757 [INFO]   BC_MIN_SHARED_REFS      : 3
2026-07-10 14:44:11,757 [INFO]   MAX_EXTERNAL_PAPERS     : 50000
2026-07-10 14:44:11,757 [INFO]   OUTPUT_DIR              : cwts_output
2026-07-10 14:44:11,757 [INFO] ============================================================
2026-07-10 14:44:11,757 [INFO] ============================================================
2026-07-10 14:44:11,757 [INFO] CWTS Export — Edge Weight Builder
2026-07-10 14:44:11,757 [INFO]   Mode: FULL  |  Years: 2020-2026
2026-07-10 14:44:11,757 [INFO]   Edge weights: ON
2026-07-10 14:44:11,757 [INFO] ============================================================
2026-07-10 14:44:11,757 [INFO] Fetching top 5 Frontiers journals by publication count...
2026-07-10 14:44:14,032 [INFO]   Journal IDs: [3315714752512, 2405181685761, 2972117368834, 2379411881984, 1013612281856]
2026-07-10 14:44:14,032 [INFO] Fetching Frontiers publication IDs...
2026-07-10 14:44:16,989 [INFO]   163,257 Frontiers publications
2026-07-10 14:44:16,989 [INFO] Building full network (Frontiers + related journals)...
2026-07-10 14:44:16,989 [INFO]   Finding journals citing Frontiers...
2026-07-10 14:44:21,876 [INFO]   Finding journals cited by Frontiers...
2026-07-10 14:44:25,723 [INFO]   6435 journals in network (6430 related + 5 Frontiers)
2026-07-10 14:44:37,086 [INFO]   18,109,893 publications
2026-07-10 14:44:37,615 [INFO]   Citation batch 1/363...
2026-07-10 14:44:49,352 [INFO]   Citation batch 2/363...
2026-07-10 14:45:03,243 [INFO]   Citation batch 3/363...
2026-07-10 14:45:15,358 [INFO]   Citation batch 4/363...
2026-07-10 14:45:26,475 [INFO]   Citation batch 5/363...
2026-07-10 14:45:37,064 [INFO]   Citation batch 6/363...
2026-07-10 14:45:47,513 [INFO]   Citation batch 7/363...
2026-07-10 14:46:01,778 [INFO]   Citation batch 8/363...
2026-07-10 14:46:12,701 [INFO]   Citation batch 9/363...
2026-07-10 14:46:22,984 [INFO]   Citation batch 10/363...
2026-07-10 14:46:32,541 [INFO]   Citation batch 11/363...
2026-07-10 14:46:42,892 [INFO]   Citation batch 12/363...
2026-07-10 14:46:55,340 [INFO]   Citation batch 13/363...
2026-07-10 14:47:06,827 [INFO]   Citation batch 14/363...
2026-07-10 14:47:18,499 [INFO]   Citation batch 15/363...
2026-07-10 14:47:30,125 [INFO]   Citation batch 16/363...
2026-07-10 14:47:42,883 [INFO]   Citation batch 17/363...
2026-07-10 14:47:57,354 [INFO]   Citation batch 18/363...
2026-07-10 14:48:04,843 [INFO]   Citation batch 19/363...
2026-07-10 14:48:13,244 [INFO]   Citation batch 20/363...
2026-07-10 14:48:21,880 [INFO]   Citation batch 21/363...
2026-07-10 14:48:31,649 [INFO]   Citation batch 22/363...
2026-07-10 14:48:40,634 [INFO]   Citation batch 23/363...
2026-07-10 14:48:48,709 [INFO]   Citation batch 24/363...
2026-07-10 14:49:00,232 [INFO]   Citation batch 25/363...
2026-07-10 14:49:11,509 [INFO]   Citation batch 26/363...
2026-07-10 14:49:21,062 [INFO]   Citation batch 27/363...
2026-07-10 14:49:29,946 [INFO]   Citation batch 28/363...
2026-07-10 14:49:40,380 [INFO]   Citation batch 29/363...
2026-07-10 14:49:51,373 [INFO]   Citation batch 30/363...
2026-07-10 14:50:01,908 [INFO]   Citation batch 31/363...
2026-07-10 14:50:14,948 [INFO]   Citation batch 32/363...
2026-07-10 14:50:26,046 [INFO]   Citation batch 33/363...
2026-07-10 14:50:37,103 [INFO]   Citation batch 34/363...
2026-07-10 14:50:49,162 [INFO]   Citation batch 35/363...
2026-07-10 14:50:59,741 [INFO]   Citation batch 36/363...
2026-07-10 14:51:11,902 [INFO]   Citation batch 37/363...
2026-07-10 14:51:23,002 [INFO]   Citation batch 38/363...
2026-07-10 14:51:35,894 [INFO]   Citation batch 39/363...
2026-07-10 14:51:49,579 [INFO]   Citation batch 40/363...
2026-07-10 14:52:00,662 [INFO]   Citation batch 41/363...
2026-07-10 14:52:11,183 [INFO]   Citation batch 42/363...
2026-07-10 14:52:21,017 [INFO]   Citation batch 43/363...
2026-07-10 14:52:31,203 [INFO]   Citation batch 44/363...
2026-07-10 14:52:42,141 [INFO]   Citation batch 45/363...
2026-07-10 14:52:52,584 [INFO]   Citation batch 46/363...
2026-07-10 14:53:05,227 [INFO]   Citation batch 47/363...
2026-07-10 14:53:18,197 [INFO]   Citation batch 48/363...
2026-07-10 14:53:29,703 [INFO]   Citation batch 49/363...
2026-07-10 14:53:41,937 [INFO]   Citation batch 50/363...
2026-07-10 14:53:51,550 [INFO]   Citation batch 51/363...
2026-07-10 14:54:02,746 [INFO]   Citation batch 52/363...
2026-07-10 14:54:13,060 [INFO]   Citation batch 53/363...
2026-07-10 14:54:23,487 [INFO]   Citation batch 54/363...
2026-07-10 14:54:32,897 [INFO]   Citation batch 55/363...
2026-07-10 14:54:42,013 [INFO]   Citation batch 56/363...
2026-07-10 14:54:52,042 [INFO]   Citation batch 57/363...
2026-07-10 14:55:02,413 [INFO]   Citation batch 58/363...
2026-07-10 14:55:12,006 [INFO]   Citation batch 59/363...
2026-07-10 14:55:21,039 [INFO]   Citation batch 60/363...
2026-07-10 14:55:29,965 [INFO]   Citation batch 61/363...
2026-07-10 14:55:39,330 [INFO]   Citation batch 62/363...
2026-07-10 14:55:48,799 [INFO]   Citation batch 63/363...
2026-07-10 14:55:58,127 [INFO]   Citation batch 64/363...
2026-07-10 14:56:06,580 [INFO]   Citation batch 65/363...
2026-07-10 14:56:16,739 [INFO]   Citation batch 66/363...
2026-07-10 14:56:26,270 [INFO]   Citation batch 67/363...
2026-07-10 14:56:36,433 [INFO]   Citation batch 68/363...
2026-07-10 14:56:47,782 [INFO]   Citation batch 69/363...
2026-07-10 14:56:58,352 [INFO]   Citation batch 70/363...
2026-07-10 14:57:09,057 [INFO]   Citation batch 71/363...
2026-07-10 14:57:19,216 [INFO]   Citation batch 72/363...
2026-07-10 14:57:29,743 [INFO]   Citation batch 73/363...
2026-07-10 14:57:42,688 [INFO]   Citation batch 74/363...
2026-07-10 14:57:52,519 [INFO]   Citation batch 75/363...
2026-07-10 14:58:01,308 [INFO]   Citation batch 76/363...
2026-07-10 14:58:10,840 [INFO]   Citation batch 77/363...
2026-07-10 14:58:19,961 [INFO]   Citation batch 78/363...
2026-07-10 14:58:29,187 [INFO]   Citation batch 79/363...
2026-07-10 14:58:38,205 [INFO]   Citation batch 80/363...
2026-07-10 14:58:46,790 [INFO]   Citation batch 81/363...
2026-07-10 14:58:56,519 [INFO]   Citation batch 82/363...
2026-07-10 14:59:05,973 [INFO]   Citation batch 83/363...
2026-07-10 14:59:15,203 [INFO]   Citation batch 84/363...
2026-07-10 14:59:27,938 [INFO]   Citation batch 85/363...
2026-07-10 14:59:36,978 [INFO]   Citation batch 86/363...
2026-07-10 14:59:46,901 [INFO]   Citation batch 87/363...
2026-07-10 14:59:57,861 [INFO]   Citation batch 88/363...
2026-07-10 15:00:08,503 [INFO]   Citation batch 89/363...
2026-07-10 15:00:21,154 [INFO]   Citation batch 90/363...
2026-07-10 15:00:36,068 [INFO]   Citation batch 91/363...
2026-07-10 15:00:47,323 [INFO]   Citation batch 92/363...
2026-07-10 15:00:58,908 [INFO]   Citation batch 93/363...
2026-07-10 15:01:13,701 [INFO]   Citation batch 94/363...
2026-07-10 15:01:25,882 [INFO]   Citation batch 95/363...
2026-07-10 15:01:36,569 [INFO]   Citation batch 96/363...
2026-07-10 15:01:48,337 [INFO]   Citation batch 97/363...
2026-07-10 15:01:59,424 [INFO]   Citation batch 98/363...
2026-07-10 15:02:10,765 [INFO]   Citation batch 99/363...
2026-07-10 15:02:22,379 [INFO]   Citation batch 100/363...
2026-07-10 15:02:32,866 [INFO]   Citation batch 101/363...
2026-07-10 15:02:43,344 [INFO]   Citation batch 102/363...
2026-07-10 15:02:53,174 [INFO]   Citation batch 103/363...
2026-07-10 15:03:02,556 [INFO]   Citation batch 104/363...
2026-07-10 15:03:12,468 [INFO]   Citation batch 105/363...
2026-07-10 15:03:22,634 [INFO]   Citation batch 106/363...
2026-07-10 15:03:34,276 [INFO]   Citation batch 107/363...
2026-07-10 15:03:46,537 [INFO]   Citation batch 108/363...
2026-07-10 15:03:56,822 [INFO]   Citation batch 109/363...
2026-07-10 15:04:07,633 [INFO]   Citation batch 110/363...
2026-07-10 15:04:18,163 [INFO]   Citation batch 111/363...
2026-07-10 15:04:28,713 [INFO]   Citation batch 112/363...
2026-07-10 15:04:38,198 [INFO]   Citation batch 113/363...
2026-07-10 15:04:49,484 [INFO]   Citation batch 114/363...
2026-07-10 15:04:58,255 [INFO]   Citation batch 115/363...
2026-07-10 15:05:07,329 [INFO]   Citation batch 116/363...
2026-07-10 15:05:16,389 [INFO]   Citation batch 117/363...
2026-07-10 15:05:27,630 [INFO]   Citation batch 118/363...
2026-07-10 15:05:36,599 [INFO]   Citation batch 119/363...
2026-07-10 15:05:46,058 [INFO]   Citation batch 120/363...
2026-07-10 15:05:57,245 [INFO]   Citation batch 121/363...
2026-07-10 15:06:07,762 [INFO]   Citation batch 122/363...
2026-07-10 15:06:16,753 [INFO]   Citation batch 123/363...
2026-07-10 15:06:26,223 [INFO]   Citation batch 124/363...
2026-07-10 15:06:34,985 [INFO]   Citation batch 125/363...
2026-07-10 15:06:45,050 [INFO]   Citation batch 126/363...
2026-07-10 15:06:57,307 [INFO]   Citation batch 127/363...
2026-07-10 15:07:06,746 [INFO]   Citation batch 128/363...
2026-07-10 15:07:17,123 [INFO]   Citation batch 129/363...
2026-07-10 15:07:29,290 [INFO]   Citation batch 130/363...
2026-07-10 15:07:38,657 [INFO]   Citation batch 131/363...
2026-07-10 15:07:48,534 [INFO]   Citation batch 132/363...
2026-07-10 15:08:00,026 [INFO]   Citation batch 133/363...
2026-07-10 15:08:08,972 [INFO]   Citation batch 134/363...
2026-07-10 15:08:18,541 [INFO]   Citation batch 135/363...
2026-07-10 15:08:29,256 [INFO]   Citation batch 136/363...
2026-07-10 15:08:40,264 [INFO]   Citation batch 137/363...
2026-07-10 15:08:50,648 [INFO]   Citation batch 138/363...
2026-07-10 15:09:02,240 [INFO]   Citation batch 139/363...
2026-07-10 15:09:11,668 [INFO]   Citation batch 140/363...
2026-07-10 15:09:22,969 [INFO]   Citation batch 141/363...
2026-07-10 15:09:32,803 [INFO]   Citation batch 142/363...
2026-07-10 15:09:42,883 [INFO]   Citation batch 143/363...
2026-07-10 15:09:53,361 [INFO]   Citation batch 144/363...
2026-07-10 15:10:05,627 [INFO]   Citation batch 145/363...
2026-07-10 15:10:18,037 [INFO]   Citation batch 146/363...
2026-07-10 15:10:30,123 [INFO]   Citation batch 147/363...
2026-07-10 15:10:41,435 [INFO]   Citation batch 148/363...
2026-07-10 15:10:54,881 [INFO]   Citation batch 149/363...
2026-07-10 15:11:05,179 [INFO]   Citation batch 150/363...
2026-07-10 15:11:17,722 [INFO]   Citation batch 151/363...
2026-07-10 15:11:28,249 [INFO]   Citation batch 152/363...
2026-07-10 15:11:38,746 [INFO]   Citation batch 153/363...
2026-07-10 15:11:49,953 [INFO]   Citation batch 154/363...
2026-07-10 15:11:59,445 [INFO]   Citation batch 155/363...
2026-07-10 15:12:14,113 [INFO]   Citation batch 156/363...
2026-07-10 15:12:24,245 [INFO]   Citation batch 157/363...
2026-07-10 15:12:36,356 [INFO]   Citation batch 158/363...
2026-07-10 15:12:48,667 [INFO]   Citation batch 159/363...
2026-07-10 15:12:58,588 [INFO]   Citation batch 160/363...
2026-07-10 15:13:11,331 [INFO]   Citation batch 161/363...
2026-07-10 15:13:23,260 [INFO]   Citation batch 162/363...
2026-07-10 15:13:36,643 [INFO]   Citation batch 163/363...
2026-07-10 15:13:47,409 [INFO]   Citation batch 164/363...
2026-07-10 15:13:56,874 [INFO]   Citation batch 165/363...
2026-07-10 15:14:06,470 [INFO]   Citation batch 166/363...
2026-07-10 15:14:19,137 [INFO]   Citation batch 167/363...
2026-07-10 15:14:30,504 [INFO]   Citation batch 168/363...
2026-07-10 15:14:40,035 [INFO]   Citation batch 169/363...
2026-07-10 15:14:50,154 [INFO]   Citation batch 170/363...
2026-07-10 15:15:00,908 [INFO]   Citation batch 171/363...
2026-07-10 15:15:10,539 [INFO]   Citation batch 172/363...
2026-07-10 15:15:22,431 [INFO]   Citation batch 173/363...
2026-07-10 15:15:33,384 [INFO]   Citation batch 174/363...
2026-07-10 15:15:44,266 [INFO]   Citation batch 175/363...
2026-07-10 15:15:55,601 [INFO]   Citation batch 176/363...
2026-07-10 15:16:06,031 [INFO]   Citation batch 177/363...
2026-07-10 15:16:14,716 [INFO]   Citation batch 178/363...
2026-07-10 15:16:24,795 [INFO]   Citation batch 179/363...
2026-07-10 15:16:36,334 [INFO]   Citation batch 180/363...
2026-07-10 15:16:48,636 [INFO]   Citation batch 181/363...
2026-07-10 15:16:58,397 [INFO]   Citation batch 182/363...
2026-07-10 15:17:08,140 [INFO]   Citation batch 183/363...
2026-07-10 15:17:17,813 [INFO]   Citation batch 184/363...
2026-07-10 15:17:27,524 [INFO]   Citation batch 185/363...
2026-07-10 15:17:37,393 [INFO]   Citation batch 186/363...
2026-07-10 15:17:46,653 [INFO]   Citation batch 187/363...
2026-07-10 15:17:57,029 [INFO]   Citation batch 188/363...
2026-07-10 15:18:07,240 [INFO]   Citation batch 189/363...
2026-07-10 15:18:16,067 [INFO]   Citation batch 190/363...
2026-07-10 15:18:26,529 [INFO]   Citation batch 191/363...
2026-07-10 15:18:36,902 [INFO]   Citation batch 192/363...
2026-07-10 15:18:46,779 [INFO]   Citation batch 193/363...
2026-07-10 15:18:58,247 [INFO]   Citation batch 194/363...
2026-07-10 15:19:09,362 [INFO]   Citation batch 195/363...
2026-07-10 15:19:18,968 [INFO]   Citation batch 196/363...
2026-07-10 15:19:30,071 [INFO]   Citation batch 197/363...
2026-07-10 15:19:39,301 [INFO]   Citation batch 198/363...
2026-07-10 15:19:50,557 [INFO]   Citation batch 199/363...
2026-07-10 15:20:00,170 [INFO]   Citation batch 200/363...
2026-07-10 15:20:10,481 [INFO]   Citation batch 201/363...
2026-07-10 15:20:19,505 [INFO]   Citation batch 202/363...
2026-07-10 15:20:28,281 [INFO]   Citation batch 203/363...
2026-07-10 15:20:37,041 [INFO]   Citation batch 204/363...
2026-07-10 15:20:47,897 [INFO]   Citation batch 205/363...
2026-07-10 15:20:57,186 [INFO]   Citation batch 206/363...
2026-07-10 15:21:06,295 [INFO]   Citation batch 207/363...
2026-07-10 15:21:14,989 [INFO]   Citation batch 208/363...
2026-07-10 15:21:23,885 [INFO]   Citation batch 209/363...
2026-07-10 15:21:33,811 [INFO]   Citation batch 210/363...
2026-07-10 15:21:46,090 [INFO]   Citation batch 211/363...
2026-07-10 15:21:56,790 [INFO]   Citation batch 212/363...
2026-07-10 15:22:06,638 [INFO]   Citation batch 213/363...
2026-07-10 15:22:16,763 [INFO]   Citation batch 214/363...
2026-07-10 15:22:26,801 [INFO]   Citation batch 215/363...
2026-07-10 15:22:37,050 [INFO]   Citation batch 216/363...
2026-07-10 15:22:46,673 [INFO]   Citation batch 217/363...
2026-07-10 15:22:56,704 [INFO]   Citation batch 218/363...
2026-07-10 15:23:05,608 [INFO]   Citation batch 219/363...
2026-07-10 15:23:15,115 [INFO]   Citation batch 220/363...
2026-07-10 15:23:25,139 [INFO]   Citation batch 221/363...
2026-07-10 15:23:35,991 [INFO]   Citation batch 222/363...
2026-07-10 15:23:45,693 [INFO]   Citation batch 223/363...
2026-07-10 15:23:57,059 [INFO]   Citation batch 224/363...
2026-07-10 15:24:06,761 [INFO]   Citation batch 225/363...
2026-07-10 15:24:15,985 [INFO]   Citation batch 226/363...
2026-07-10 15:24:26,555 [INFO]   Citation batch 227/363...
2026-07-10 15:24:37,256 [INFO]   Citation batch 228/363...
2026-07-10 15:24:47,421 [INFO]   Citation batch 229/363...
2026-07-10 15:24:59,019 [INFO]   Citation batch 230/363...
2026-07-10 15:25:10,441 [INFO]   Citation batch 231/363...
2026-07-10 15:25:21,463 [INFO]   Citation batch 232/363...
2026-07-10 15:25:32,459 [INFO]   Citation batch 233/363...
2026-07-10 15:25:43,412 [INFO]   Citation batch 234/363...
2026-07-10 15:25:53,656 [INFO]   Citation batch 235/363...
2026-07-10 15:26:03,550 [INFO]   Citation batch 236/363...
2026-07-10 15:26:13,738 [INFO]   Citation batch 237/363...
2026-07-10 15:26:23,987 [INFO]   Citation batch 238/363...
2026-07-10 15:26:35,456 [INFO]   Citation batch 239/363...
2026-07-10 15:26:46,626 [INFO]   Citation batch 240/363...
2026-07-10 15:26:58,790 [INFO]   Citation batch 241/363...
2026-07-10 15:27:09,059 [INFO]   Citation batch 242/363...
2026-07-10 15:27:19,131 [INFO]   Citation batch 243/363...
2026-07-10 15:27:30,790 [INFO]   Citation batch 244/363...
2026-07-10 15:27:41,357 [INFO]   Citation batch 245/363...
2026-07-10 15:27:51,113 [INFO]   Citation batch 246/363...
2026-07-10 15:28:03,637 [INFO]   Citation batch 247/363...
2026-07-10 15:28:16,221 [INFO]   Citation batch 248/363...
2026-07-10 15:28:26,027 [INFO]   Citation batch 249/363...
2026-07-10 15:28:37,574 [INFO]   Citation batch 250/363...
2026-07-10 15:28:48,979 [INFO]   Citation batch 251/363...
2026-07-10 15:28:58,979 [INFO]   Citation batch 252/363...
2026-07-10 15:29:10,584 [INFO]   Citation batch 253/363...
2026-07-10 15:29:21,261 [INFO]   Citation batch 254/363...
2026-07-10 15:29:33,418 [INFO]   Citation batch 255/363...
2026-07-10 15:29:42,614 [INFO]   Citation batch 256/363...
2026-07-10 15:29:52,313 [INFO]   Citation batch 257/363...
2026-07-10 15:30:03,850 [INFO]   Citation batch 258/363...
2026-07-10 15:30:17,595 [INFO]   Citation batch 259/363...
2026-07-10 15:30:29,241 [INFO]   Citation batch 260/363...
2026-07-10 15:30:42,157 [INFO]   Citation batch 261/363...
2026-07-10 15:30:56,547 [INFO]   Citation batch 262/363...
2026-07-10 15:31:07,139 [INFO]   Citation batch 263/363...
2026-07-10 15:31:18,666 [INFO]   Citation batch 264/363...
2026-07-10 15:31:28,093 [INFO]   Citation batch 265/363...
2026-07-10 15:31:40,335 [INFO]   Citation batch 266/363...
2026-07-10 15:31:52,032 [INFO]   Citation batch 267/363...
2026-07-10 15:32:03,627 [INFO]   Citation batch 268/363...
2026-07-10 15:32:14,140 [INFO]   Citation batch 269/363...
2026-07-10 15:32:26,112 [INFO]   Citation batch 270/363...
2026-07-10 15:32:36,794 [INFO]   Citation batch 271/363...
2026-07-10 15:32:49,074 [INFO]   Citation batch 272/363...
2026-07-10 15:33:00,213 [INFO]   Citation batch 273/363...
2026-07-10 15:33:11,328 [INFO]   Citation batch 274/363...
2026-07-10 15:33:23,974 [INFO]   Citation batch 275/363...
2026-07-10 15:33:34,926 [INFO]   Citation batch 276/363...
2026-07-10 15:33:44,731 [INFO]   Citation batch 277/363...
2026-07-10 15:33:54,314 [INFO]   Citation batch 278/363...
2026-07-10 15:34:04,582 [INFO]   Citation batch 279/363...
2026-07-10 15:34:14,600 [INFO]   Citation batch 280/363...
2026-07-10 15:34:24,113 [INFO]   Citation batch 281/363...
2026-07-10 15:34:32,924 [INFO]   Citation batch 282/363...
2026-07-10 15:34:41,977 [INFO]   Citation batch 283/363...
2026-07-10 15:34:51,925 [INFO]   Citation batch 284/363...
2026-07-10 15:35:03,366 [INFO]   Citation batch 285/363...
2026-07-10 15:35:13,333 [INFO]   Citation batch 286/363...
2026-07-10 15:35:25,780 [INFO]   Citation batch 287/363...
2026-07-10 15:35:37,354 [INFO]   Citation batch 288/363...
2026-07-10 15:35:48,349 [INFO]   Citation batch 289/363...
2026-07-10 15:36:01,133 [INFO]   Citation batch 290/363...
2026-07-10 15:36:12,129 [INFO]   Citation batch 291/363...
2026-07-10 15:36:22,126 [INFO]   Citation batch 292/363...
2026-07-10 15:36:32,500 [INFO]   Citation batch 293/363...
2026-07-10 15:36:43,440 [INFO]   Citation batch 294/363...
2026-07-10 15:36:53,302 [INFO]   Citation batch 295/363...
2026-07-10 15:37:03,522 [INFO]   Citation batch 296/363...
2026-07-10 15:37:12,723 [INFO]   Citation batch 297/363...
2026-07-10 15:37:22,778 [INFO]   Citation batch 298/363...
2026-07-10 15:37:31,523 [INFO]   Citation batch 299/363...
2026-07-10 15:37:40,589 [INFO]   Citation batch 300/363...
2026-07-10 15:37:49,022 [INFO]   Citation batch 301/363...
2026-07-10 15:37:58,075 [INFO]   Citation batch 302/363...
2026-07-10 15:38:06,213 [INFO]   Citation batch 303/363...
2026-07-10 15:38:17,370 [INFO]   Citation batch 304/363...
2026-07-10 15:38:29,865 [INFO]   Citation batch 305/363...
2026-07-10 15:38:38,913 [INFO]   Citation batch 306/363...
2026-07-10 15:38:50,197 [INFO]   Citation batch 307/363...
2026-07-10 15:38:59,011 [INFO]   Citation batch 308/363...
2026-07-10 15:39:09,039 [INFO]   Citation batch 309/363...
2026-07-10 15:39:18,024 [INFO]   Citation batch 310/363...
2026-07-10 15:39:28,228 [INFO]   Citation batch 311/363...
2026-07-10 15:39:37,690 [INFO]   Citation batch 312/363...
2026-07-10 15:39:47,159 [INFO]   Citation batch 313/363...
2026-07-10 15:39:56,286 [INFO]   Citation batch 314/363...
2026-07-10 15:40:05,024 [INFO]   Citation batch 315/363...
2026-07-10 15:40:15,184 [INFO]   Citation batch 316/363...
2026-07-10 15:40:25,216 [INFO]   Citation batch 317/363...
2026-07-10 15:40:34,544 [INFO]   Citation batch 318/363...
2026-07-10 15:40:45,030 [INFO]   Citation batch 319/363...
2026-07-10 15:40:55,335 [INFO]   Citation batch 320/363...
2026-07-10 15:41:07,543 [INFO]   Citation batch 321/363...
2026-07-10 15:41:18,789 [INFO]   Citation batch 322/363...
2026-07-10 15:41:30,450 [INFO]   Citation batch 323/363...
2026-07-10 15:41:42,831 [INFO]   Citation batch 324/363...
2026-07-10 15:41:54,006 [INFO]   Citation batch 325/363...
2026-07-10 15:42:04,181 [INFO]   Citation batch 326/363...
2026-07-10 15:42:13,055 [INFO]   Citation batch 327/363...
2026-07-10 15:42:23,203 [INFO]   Citation batch 328/363...
2026-07-10 15:42:32,239 [INFO]   Citation batch 329/363...
2026-07-10 15:42:41,076 [INFO]   Citation batch 330/363...
2026-07-10 15:42:50,826 [INFO]   Citation batch 331/363...
2026-07-10 15:43:00,067 [INFO]   Citation batch 332/363...
2026-07-10 15:43:09,429 [INFO]   Citation batch 333/363...
2026-07-10 15:43:20,192 [INFO]   Citation batch 334/363...
2026-07-10 15:43:29,416 [INFO]   Citation batch 335/363...
2026-07-10 15:43:38,241 [INFO]   Citation batch 336/363...
2026-07-10 15:43:48,010 [INFO]   Citation batch 337/363...
2026-07-10 15:43:56,519 [INFO]   Citation batch 338/363...
2026-07-10 15:44:06,581 [INFO]   Citation batch 339/363...
2026-07-10 15:44:17,143 [INFO]   Citation batch 340/363...
2026-07-10 15:44:26,846 [INFO]   Citation batch 341/363...
2026-07-10 15:44:35,558 [INFO]   Citation batch 342/363...
2026-07-10 15:44:44,664 [INFO]   Citation batch 343/363...
2026-07-10 15:44:52,753 [INFO]   Citation batch 344/363...
2026-07-10 15:45:03,016 [INFO]   Citation batch 345/363...
2026-07-10 15:45:13,522 [INFO]   Citation batch 346/363...
2026-07-10 15:45:23,517 [INFO]   Citation batch 347/363...
2026-07-10 15:45:34,561 [INFO]   Citation batch 348/363...
2026-07-10 15:45:43,718 [INFO]   Citation batch 349/363...
2026-07-10 15:45:53,039 [INFO]   Citation batch 350/363...
2026-07-10 15:46:04,378 [INFO]   Citation batch 351/363...
2026-07-10 15:46:15,917 [INFO]   Citation batch 352/363...
2026-07-10 15:46:26,224 [INFO]   Citation batch 353/363...
2026-07-10 15:46:36,148 [INFO]   Citation batch 354/363...
2026-07-10 15:46:46,308 [INFO]   Citation batch 355/363...
2026-07-10 15:46:55,825 [INFO]   Citation batch 356/363...
2026-07-10 15:47:06,593 [INFO]   Citation batch 357/363...
2026-07-10 15:47:17,692 [INFO]   Citation batch 358/363...
2026-07-10 15:47:28,245 [INFO]   Citation batch 359/363...
2026-07-10 15:47:38,643 [INFO]   Citation batch 360/363...
2026-07-10 15:47:47,639 [INFO]   Citation batch 361/363...
2026-07-10 15:47:59,168 [INFO]   Citation batch 362/363...
2026-07-10 15:48:10,495 [INFO]   Citation batch 363/363...
2026-07-10 15:49:59,081 [INFO]   134,679,091 edges, 13,583,488 nodes
2026-07-10 15:50:00,367 [INFO] Fetching metadata for 13,583,488 nodes...
2026-07-10 15:50:00,840 [INFO]   Metadata batch 1/680...
2026-07-10 15:50:06,175 [INFO]   Metadata batch 2/680...
2026-07-10 15:50:13,173 [INFO]   Metadata batch 3/680...
2026-07-10 15:50:17,977 [INFO]   Metadata batch 4/680...
2026-07-10 15:50:23,228 [INFO]   Metadata batch 5/680...
2026-07-10 15:50:28,387 [INFO]   Metadata batch 6/680...
2026-07-10 15:50:33,169 [INFO]   Metadata batch 7/680...
2026-07-10 15:50:38,120 [INFO]   Metadata batch 8/680...
2026-07-10 15:50:43,958 [INFO]   Metadata batch 9/680...
2026-07-10 15:50:48,713 [INFO]   Metadata batch 10/680...
2026-07-10 15:50:54,949 [INFO]   Metadata batch 11/680...
2026-07-10 15:51:01,068 [INFO]   Metadata batch 12/680...
2026-07-10 15:51:06,054 [INFO]   Metadata batch 13/680...
2026-07-10 15:51:10,667 [INFO]   Metadata batch 14/680...
2026-07-10 15:51:16,117 [INFO]   Metadata batch 15/680...
2026-07-10 15:51:21,307 [INFO]   Metadata batch 16/680...
2026-07-10 15:51:25,760 [INFO]   Metadata batch 17/680...
2026-07-10 15:51:30,984 [INFO]   Metadata batch 18/680...
2026-07-10 15:51:35,739 [INFO]   Metadata batch 19/680...
2026-07-10 15:51:40,422 [INFO]   Metadata batch 20/680...
2026-07-10 15:51:45,846 [INFO]   Metadata batch 21/680...
2026-07-10 15:51:50,540 [INFO]   Metadata batch 22/680...
2026-07-10 15:51:55,563 [INFO]   Metadata batch 23/680...
2026-07-10 15:52:00,504 [INFO]   Metadata batch 24/680...
2026-07-10 15:52:05,490 [INFO]   Metadata batch 25/680...
2026-07-10 15:52:10,337 [INFO]   Metadata batch 26/680...
2026-07-10 15:52:15,418 [INFO]   Metadata batch 27/680...
2026-07-10 15:52:20,400 [INFO]   Metadata batch 28/680...
2026-07-10 15:52:25,683 [INFO]   Metadata batch 29/680...
2026-07-10 15:52:30,358 [INFO]   Metadata batch 30/680...
2026-07-10 15:52:35,744 [INFO]   Metadata batch 31/680...
2026-07-10 15:52:40,600 [INFO]   Metadata batch 32/680...
2026-07-10 15:52:45,647 [INFO]   Metadata batch 33/680...
2026-07-10 15:52:51,066 [INFO]   Metadata batch 34/680...
2026-07-10 15:52:55,963 [INFO]   Metadata batch 35/680...
2026-07-10 15:53:01,060 [INFO]   Metadata batch 36/680...
2026-07-10 15:53:05,990 [INFO]   Metadata batch 37/680...
2026-07-10 15:53:11,581 [INFO]   Metadata batch 38/680...
2026-07-10 15:53:16,401 [INFO]   Metadata batch 39/680...
2026-07-10 15:53:21,344 [INFO]   Metadata batch 40/680...
2026-07-10 15:53:26,291 [INFO]   Metadata batch 41/680...
2026-07-10 15:53:31,422 [INFO]   Metadata batch 42/680...
2026-07-10 15:53:36,750 [INFO]   Metadata batch 43/680...
2026-07-10 15:53:41,613 [INFO]   Metadata batch 44/680...
2026-07-10 15:53:47,078 [INFO]   Metadata batch 45/680...
2026-07-10 15:53:51,612 [INFO]   Metadata batch 46/680...
2026-07-10 15:53:56,409 [INFO]   Metadata batch 47/680...
2026-07-10 15:54:01,336 [INFO]   Metadata batch 48/680...
2026-07-10 15:54:06,737 [INFO]   Metadata batch 49/680...
2026-07-10 15:54:11,553 [INFO]   Metadata batch 50/680...
2026-07-10 15:54:16,703 [INFO]   Metadata batch 51/680...
2026-07-10 15:54:21,623 [INFO]   Metadata batch 52/680...
2026-07-10 15:54:25,975 [INFO]   Metadata batch 53/680...
2026-07-10 15:54:30,527 [INFO]   Metadata batch 54/680...
2026-07-10 15:54:35,570 [INFO]   Metadata batch 55/680...
2026-07-10 15:54:40,449 [INFO]   Metadata batch 56/680...
2026-07-10 15:54:45,400 [INFO]   Metadata batch 57/680...
2026-07-10 15:54:50,013 [INFO]   Metadata batch 58/680...
2026-07-10 15:54:54,261 [INFO]   Metadata batch 59/680...
2026-07-10 15:54:59,294 [INFO]   Metadata batch 60/680...
2026-07-10 15:55:03,984 [INFO]   Metadata batch 61/680...
2026-07-10 15:55:08,654 [INFO]   Metadata batch 62/680...
2026-07-10 15:55:13,687 [INFO]   Metadata batch 63/680...
2026-07-10 15:55:19,004 [INFO]   Metadata batch 64/680...
2026-07-10 15:55:24,528 [INFO]   Metadata batch 65/680...
2026-07-10 15:55:29,090 [INFO]   Metadata batch 66/680...
2026-07-10 15:55:34,236 [INFO]   Metadata batch 67/680...
2026-07-10 15:55:38,745 [INFO]   Metadata batch 68/680...
2026-07-10 15:55:43,700 [INFO]   Metadata batch 69/680...
2026-07-10 15:55:48,029 [INFO]   Metadata batch 70/680...
2026-07-10 15:55:52,816 [INFO]   Metadata batch 71/680...
2026-07-10 15:55:57,558 [INFO]   Metadata batch 72/680...
2026-07-10 15:56:02,071 [INFO]   Metadata batch 73/680...
2026-07-10 15:56:06,780 [INFO]   Metadata batch 74/680...
2026-07-10 15:56:11,864 [INFO]   Metadata batch 75/680...
2026-07-10 15:56:17,070 [INFO]   Metadata batch 76/680...
2026-07-10 15:56:21,759 [INFO]   Metadata batch 77/680...
2026-07-10 15:56:26,334 [INFO]   Metadata batch 78/680...
2026-07-10 15:56:30,773 [INFO]   Metadata batch 79/680...
2026-07-10 15:56:35,667 [INFO]   Metadata batch 80/680...
2026-07-10 15:56:40,471 [INFO]   Metadata batch 81/680...
2026-07-10 15:56:45,171 [INFO]   Metadata batch 82/680...
2026-07-10 15:56:49,929 [INFO]   Metadata batch 83/680...
2026-07-10 15:56:54,784 [INFO]   Metadata batch 84/680...
2026-07-10 15:57:00,114 [INFO]   Metadata batch 85/680...
2026-07-10 15:57:04,936 [INFO]   Metadata batch 86/680...
2026-07-10 15:57:10,076 [INFO]   Metadata batch 87/680...
2026-07-10 15:57:14,479 [INFO]   Metadata batch 88/680...
2026-07-10 15:57:19,099 [INFO]   Metadata batch 89/680...
2026-07-10 15:57:23,529 [INFO]   Metadata batch 90/680...
2026-07-10 15:57:28,418 [INFO]   Metadata batch 91/680...
2026-07-10 15:57:33,183 [INFO]   Metadata batch 92/680...
2026-07-10 15:57:37,460 [INFO]   Metadata batch 93/680...
2026-07-10 15:57:42,344 [INFO]   Metadata batch 94/680...
2026-07-10 15:57:47,070 [INFO]   Metadata batch 95/680...
2026-07-10 15:57:51,910 [INFO]   Metadata batch 96/680...
2026-07-10 15:57:56,754 [INFO]   Metadata batch 97/680...
2026-07-10 15:58:01,331 [INFO]   Metadata batch 98/680...
2026-07-10 15:58:05,958 [INFO]   Metadata batch 99/680...
2026-07-10 15:58:11,097 [INFO]   Metadata batch 100/680...
2026-07-10 15:58:16,118 [INFO]   Metadata batch 101/680...
2026-07-10 15:58:21,114 [INFO]   Metadata batch 102/680...
2026-07-10 15:58:26,282 [INFO]   Metadata batch 103/680...
2026-07-10 15:58:31,068 [INFO]   Metadata batch 104/680...
2026-07-10 15:58:35,672 [INFO]   Metadata batch 105/680...
2026-07-10 15:58:40,572 [INFO]   Metadata batch 106/680...
2026-07-10 15:58:45,164 [INFO]   Metadata batch 107/680...
2026-07-10 15:58:49,286 [INFO]   Metadata batch 108/680...
2026-07-10 15:58:54,117 [INFO]   Metadata batch 109/680...
2026-07-10 15:58:58,812 [INFO]   Metadata batch 110/680...
2026-07-10 15:59:03,264 [INFO]   Metadata batch 111/680...
2026-07-10 15:59:07,981 [INFO]   Metadata batch 112/680...
2026-07-10 15:59:12,518 [INFO]   Metadata batch 113/680...
2026-07-10 15:59:17,016 [INFO]   Metadata batch 114/680...
2026-07-10 15:59:21,460 [INFO]   Metadata batch 115/680...
2026-07-10 15:59:26,215 [INFO]   Metadata batch 116/680...
2026-07-10 15:59:30,963 [INFO]   Metadata batch 117/680...
2026-07-10 15:59:35,651 [INFO]   Metadata batch 118/680...
2026-07-10 15:59:39,899 [INFO]   Metadata batch 119/680...
2026-07-10 15:59:44,595 [INFO]   Metadata batch 120/680...
2026-07-10 15:59:49,438 [INFO]   Metadata batch 121/680...
2026-07-10 15:59:54,290 [INFO]   Metadata batch 122/680...
2026-07-10 15:59:59,056 [INFO]   Metadata batch 123/680...
2026-07-10 16:00:03,516 [INFO]   Metadata batch 124/680...
2026-07-10 16:00:08,675 [INFO]   Metadata batch 125/680...
2026-07-10 16:00:14,817 [INFO]   Metadata batch 126/680...
2026-07-10 16:00:21,319 [INFO]   Metadata batch 127/680...
2026-07-10 16:00:27,666 [INFO]   Metadata batch 128/680...
2026-07-10 16:00:34,065 [INFO]   Metadata batch 129/680...
2026-07-10 16:00:40,482 [INFO]   Metadata batch 130/680...
2026-07-10 16:00:47,560 [INFO]   Metadata batch 131/680...
2026-07-10 16:00:53,550 [INFO]   Metadata batch 132/680...
2026-07-10 16:00:58,584 [INFO]   Metadata batch 133/680...
2026-07-10 16:01:03,865 [INFO]   Metadata batch 134/680...
2026-07-10 16:01:09,507 [INFO]   Metadata batch 135/680...
2026-07-10 16:01:15,475 [INFO]   Metadata batch 136/680...
2026-07-10 16:01:21,943 [INFO]   Metadata batch 137/680...
2026-07-10 16:01:27,960 [INFO]   Metadata batch 138/680...
2026-07-10 16:01:35,945 [INFO]   Metadata batch 139/680...
2026-07-10 16:01:44,303 [INFO]   Metadata batch 140/680...
2026-07-10 16:01:50,952 [INFO]   Metadata batch 141/680...
2026-07-10 16:01:56,766 [INFO]   Metadata batch 142/680...
2026-07-10 16:02:03,229 [INFO]   Metadata batch 143/680...
2026-07-10 16:02:08,584 [INFO]   Metadata batch 144/680...
2026-07-10 16:02:14,451 [INFO]   Metadata batch 145/680...
2026-07-10 16:02:20,703 [INFO]   Metadata batch 146/680...
2026-07-10 16:02:26,225 [INFO]   Metadata batch 147/680...
2026-07-10 16:02:31,834 [INFO]   Metadata batch 148/680...
2026-07-10 16:02:37,534 [INFO]   Metadata batch 149/680...
2026-07-10 16:02:43,147 [INFO]   Metadata batch 150/680...
2026-07-10 16:02:48,735 [INFO]   Metadata batch 151/680...
2026-07-10 16:02:53,696 [INFO]   Metadata batch 152/680...
2026-07-10 16:02:58,921 [INFO]   Metadata batch 153/680...
2026-07-10 16:03:04,241 [INFO]   Metadata batch 154/680...
2026-07-10 16:03:10,400 [INFO]   Metadata batch 155/680...
2026-07-10 16:03:15,412 [INFO]   Metadata batch 156/680...
2026-07-10 16:03:20,252 [INFO]   Metadata batch 157/680...
2026-07-10 16:03:26,090 [INFO]   Metadata batch 158/680...
2026-07-10 16:03:31,295 [INFO]   Metadata batch 159/680...
2026-07-10 16:03:36,612 [INFO]   Metadata batch 160/680...
2026-07-10 16:03:42,365 [INFO]   Metadata batch 161/680...
2026-07-10 16:03:48,089 [INFO]   Metadata batch 162/680...
2026-07-10 16:03:53,280 [INFO]   Metadata batch 163/680...
2026-07-10 16:03:58,423 [INFO]   Metadata batch 164/680...
2026-07-10 16:04:03,985 [INFO]   Metadata batch 165/680...
2026-07-10 16:04:09,524 [INFO]   Metadata batch 166/680...
2026-07-10 16:04:14,893 [INFO]   Metadata batch 167/680...
2026-07-10 16:04:20,153 [INFO]   Metadata batch 168/680...
2026-07-10 16:04:25,423 [INFO]   Metadata batch 169/680...
2026-07-10 16:04:30,685 [INFO]   Metadata batch 170/680...
2026-07-10 16:04:35,932 [INFO]   Metadata batch 171/680...
2026-07-10 16:04:41,070 [INFO]   Metadata batch 172/680...
2026-07-10 16:04:46,147 [INFO]   Metadata batch 173/680...
2026-07-10 16:04:51,377 [INFO]   Metadata batch 174/680...
2026-07-10 16:04:56,184 [INFO]   Metadata batch 175/680...
2026-07-10 16:05:01,952 [INFO]   Metadata batch 176/680...
2026-07-10 16:05:07,562 [INFO]   Metadata batch 177/680...
2026-07-10 16:05:12,532 [INFO]   Metadata batch 178/680...
2026-07-10 16:05:18,517 [INFO]   Metadata batch 179/680...
2026-07-10 16:05:24,107 [INFO]   Metadata batch 180/680...
2026-07-10 16:05:31,576 [INFO]   Metadata batch 181/680...
2026-07-10 16:05:36,835 [INFO]   Metadata batch 182/680...
2026-07-10 16:05:42,426 [INFO]   Metadata batch 183/680...
2026-07-10 16:05:47,543 [INFO]   Metadata batch 184/680...
2026-07-10 16:05:52,918 [INFO]   Metadata batch 185/680...
2026-07-10 16:05:57,648 [INFO]   Metadata batch 186/680...
2026-07-10 16:06:02,758 [INFO]   Metadata batch 187/680...
2026-07-10 16:06:07,573 [INFO]   Metadata batch 188/680...
2026-07-10 16:06:13,357 [INFO]   Metadata batch 189/680...
2026-07-10 16:06:18,231 [INFO]   Metadata batch 190/680...
2026-07-10 16:06:23,588 [INFO]   Metadata batch 191/680...
2026-07-10 16:06:28,705 [INFO]   Metadata batch 192/680...
2026-07-10 16:06:33,658 [INFO]   Metadata batch 193/680...
2026-07-10 16:06:38,440 [INFO]   Metadata batch 194/680...
2026-07-10 16:06:43,219 [INFO]   Metadata batch 195/680...
2026-07-10 16:06:48,180 [INFO]   Metadata batch 196/680...
2026-07-10 16:06:53,603 [INFO]   Metadata batch 197/680...
2026-07-10 16:06:58,919 [INFO]   Metadata batch 198/680...
2026-07-10 16:07:03,700 [INFO]   Metadata batch 199/680...
2026-07-10 16:07:08,867 [INFO]   Metadata batch 200/680...
2026-07-10 16:07:13,763 [INFO]   Metadata batch 201/680...
2026-07-10 16:07:19,597 [INFO]   Metadata batch 202/680...
2026-07-10 16:07:24,850 [INFO]   Metadata batch 203/680...
2026-07-10 16:07:29,868 [INFO]   Metadata batch 204/680...
2026-07-10 16:07:35,001 [INFO]   Metadata batch 205/680...
2026-07-10 16:07:40,168 [INFO]   Metadata batch 206/680...
2026-07-10 16:07:45,178 [INFO]   Metadata batch 207/680...
2026-07-10 16:07:50,513 [INFO]   Metadata batch 208/680...
2026-07-10 16:07:55,847 [INFO]   Metadata batch 209/680...
2026-07-10 16:08:00,713 [INFO]   Metadata batch 210/680...
2026-07-10 16:08:05,840 [INFO]   Metadata batch 211/680...
2026-07-10 16:08:11,276 [INFO]   Metadata batch 212/680...
2026-07-10 16:08:16,358 [INFO]   Metadata batch 213/680...
2026-07-10 16:08:21,508 [INFO]   Metadata batch 214/680...
2026-07-10 16:08:26,463 [INFO]   Metadata batch 215/680...
2026-07-10 16:08:32,763 [INFO]   Metadata batch 216/680...
2026-07-10 16:08:38,429 [INFO]   Metadata batch 217/680...
2026-07-10 16:08:43,731 [INFO]   Metadata batch 218/680...
2026-07-10 16:08:48,836 [INFO]   Metadata batch 219/680...
2026-07-10 16:08:54,427 [INFO]   Metadata batch 220/680...
2026-07-10 16:08:59,641 [INFO]   Metadata batch 221/680...
2026-07-10 16:09:04,994 [INFO]   Metadata batch 222/680...
2026-07-10 16:09:10,263 [INFO]   Metadata batch 223/680...
2026-07-10 16:09:16,395 [INFO]   Metadata batch 224/680...
2026-07-10 16:09:21,852 [INFO]   Metadata batch 225/680...
2026-07-10 16:09:26,626 [INFO]   Metadata batch 226/680...
2026-07-10 16:09:31,446 [INFO]   Metadata batch 227/680...
2026-07-10 16:09:36,399 [INFO]   Metadata batch 228/680...
2026-07-10 16:09:41,264 [INFO]   Metadata batch 229/680...
2026-07-10 16:09:46,242 [INFO]   Metadata batch 230/680...
2026-07-10 16:09:50,952 [INFO]   Metadata batch 231/680...
2026-07-10 16:09:56,204 [INFO]   Metadata batch 232/680...
2026-07-10 16:10:02,137 [INFO]   Metadata batch 233/680...
2026-07-10 16:10:08,027 [INFO]   Metadata batch 234/680...
2026-07-10 16:10:14,280 [INFO]   Metadata batch 235/680...
2026-07-10 16:10:19,437 [INFO]   Metadata batch 236/680...
2026-07-10 16:10:24,865 [INFO]   Metadata batch 237/680...
2026-07-10 16:10:30,066 [INFO]   Metadata batch 238/680...
2026-07-10 16:10:36,923 [INFO]   Metadata batch 239/680...
2026-07-10 16:10:42,261 [INFO]   Metadata batch 240/680...
2026-07-10 16:10:49,108 [INFO]   Metadata batch 241/680...
2026-07-10 16:10:54,404 [INFO]   Metadata batch 242/680...
2026-07-10 16:11:00,507 [INFO]   Metadata batch 243/680...
2026-07-10 16:11:05,515 [INFO]   Metadata batch 244/680...
2026-07-10 16:11:11,070 [INFO]   Metadata batch 245/680...
2026-07-10 16:11:16,660 [INFO]   Metadata batch 246/680...
2026-07-10 16:11:22,152 [INFO]   Metadata batch 247/680...
2026-07-10 16:11:27,783 [INFO]   Metadata batch 248/680...
2026-07-10 16:11:33,397 [INFO]   Metadata batch 249/680...
2026-07-10 16:11:38,627 [INFO]   Metadata batch 250/680...
2026-07-10 16:11:43,973 [INFO]   Metadata batch 251/680...
2026-07-10 16:11:49,055 [INFO]   Metadata batch 252/680...
2026-07-10 16:11:54,232 [INFO]   Metadata batch 253/680...
2026-07-10 16:11:58,939 [INFO]   Metadata batch 254/680...
2026-07-10 16:12:04,559 [INFO]   Metadata batch 255/680...
2026-07-10 16:12:10,356 [INFO]   Metadata batch 256/680...
2026-07-10 16:12:15,352 [INFO]   Metadata batch 257/680...
2026-07-10 16:12:20,877 [INFO]   Metadata batch 258/680...
2026-07-10 16:12:26,883 [INFO]   Metadata batch 259/680...
2026-07-10 16:12:31,917 [INFO]   Metadata batch 260/680...
2026-07-10 16:12:37,081 [INFO]   Metadata batch 261/680...
2026-07-10 16:12:41,786 [INFO]   Metadata batch 262/680...
2026-07-10 16:12:47,317 [INFO]   Metadata batch 263/680...
2026-07-10 16:12:52,210 [INFO]   Metadata batch 264/680...
2026-07-10 16:12:58,642 [INFO]   Metadata batch 265/680...
2026-07-10 16:13:04,126 [INFO]   Metadata batch 266/680...
2026-07-10 16:13:09,815 [INFO]   Metadata batch 267/680...
2026-07-10 16:13:15,379 [INFO]   Metadata batch 268/680...
2026-07-10 16:13:20,729 [INFO]   Metadata batch 269/680...
2026-07-10 16:13:26,119 [INFO]   Metadata batch 270/680...
2026-07-10 16:13:31,314 [INFO]   Metadata batch 271/680...
2026-07-10 16:13:37,088 [INFO]   Metadata batch 272/680...
2026-07-10 16:13:43,812 [INFO]   Metadata batch 273/680...
2026-07-10 16:13:49,223 [INFO]   Metadata batch 274/680...
2026-07-10 16:13:53,869 [INFO]   Metadata batch 275/680...
2026-07-10 16:13:58,651 [INFO]   Metadata batch 276/680...
2026-07-10 16:14:03,618 [INFO]   Metadata batch 277/680...
2026-07-10 16:14:09,818 [INFO]   Metadata batch 278/680...
2026-07-10 16:14:14,788 [INFO]   Metadata batch 279/680...
2026-07-10 16:14:20,916 [INFO]   Metadata batch 280/680...
2026-07-10 16:14:25,844 [INFO]   Metadata batch 281/680...
2026-07-10 16:14:31,074 [INFO]   Metadata batch 282/680...
2026-07-10 16:14:36,078 [INFO]   Metadata batch 283/680...
2026-07-10 16:14:41,975 [INFO]   Metadata batch 284/680...
2026-07-10 16:14:47,982 [INFO]   Metadata batch 285/680...
2026-07-10 16:14:52,966 [INFO]   Metadata batch 286/680...
2026-07-10 16:14:58,073 [INFO]   Metadata batch 287/680...
2026-07-10 16:15:03,294 [INFO]   Metadata batch 288/680...
2026-07-10 16:15:08,866 [INFO]   Metadata batch 289/680...
2026-07-10 16:15:14,729 [INFO]   Metadata batch 290/680...
2026-07-10 16:15:20,036 [INFO]   Metadata batch 291/680...
2026-07-10 16:15:26,015 [INFO]   Metadata batch 292/680...
2026-07-10 16:15:31,278 [INFO]   Metadata batch 293/680...
2026-07-10 16:15:36,642 [INFO]   Metadata batch 294/680...
2026-07-10 16:15:41,890 [INFO]   Metadata batch 295/680...
2026-07-10 16:15:47,901 [INFO]   Metadata batch 296/680...
2026-07-10 16:15:53,495 [INFO]   Metadata batch 297/680...
2026-07-10 16:15:59,170 [INFO]   Metadata batch 298/680...
2026-07-10 16:16:05,132 [INFO]   Metadata batch 299/680...
2026-07-10 16:16:10,214 [INFO]   Metadata batch 300/680...
2026-07-10 16:16:16,235 [INFO]   Metadata batch 301/680...
2026-07-10 16:16:20,911 [INFO]   Metadata batch 302/680...
2026-07-10 16:16:25,910 [INFO]   Metadata batch 303/680...
2026-07-10 16:16:31,171 [INFO]   Metadata batch 304/680...
2026-07-10 16:16:36,259 [INFO]   Metadata batch 305/680...
2026-07-10 16:16:41,659 [INFO]   Metadata batch 306/680...
2026-07-10 16:16:46,172 [INFO]   Metadata batch 307/680...
2026-07-10 16:16:51,306 [INFO]   Metadata batch 308/680...
2026-07-10 16:16:56,261 [INFO]   Metadata batch 309/680...
2026-07-10 16:17:01,247 [INFO]   Metadata batch 310/680...
2026-07-10 16:17:06,209 [INFO]   Metadata batch 311/680...
2026-07-10 16:17:11,070 [INFO]   Metadata batch 312/680...
2026-07-10 16:17:15,970 [INFO]   Metadata batch 313/680...
2026-07-10 16:17:20,974 [INFO]   Metadata batch 314/680...
2026-07-10 16:17:26,259 [INFO]   Metadata batch 315/680...
2026-07-10 16:17:31,441 [INFO]   Metadata batch 316/680...
2026-07-10 16:17:37,161 [INFO]   Metadata batch 317/680...
2026-07-10 16:17:41,936 [INFO]   Metadata batch 318/680...
2026-07-10 16:17:47,960 [INFO]   Metadata batch 319/680...
2026-07-10 16:17:53,783 [INFO]   Metadata batch 320/680...
2026-07-10 16:17:58,361 [INFO]   Metadata batch 321/680...
2026-07-10 16:18:03,174 [INFO]   Metadata batch 322/680...
2026-07-10 16:18:08,126 [INFO]   Metadata batch 323/680...
2026-07-10 16:18:13,097 [INFO]   Metadata batch 324/680...
2026-07-10 16:18:18,457 [INFO]   Metadata batch 325/680...
2026-07-10 16:18:23,226 [INFO]   Metadata batch 326/680...
2026-07-10 16:18:28,601 [INFO]   Metadata batch 327/680...
2026-07-10 16:18:33,467 [INFO]   Metadata batch 328/680...
2026-07-10 16:18:38,409 [INFO]   Metadata batch 329/680...
2026-07-10 16:18:43,724 [INFO]   Metadata batch 330/680...
2026-07-10 16:18:48,885 [INFO]   Metadata batch 331/680...
2026-07-10 16:18:53,547 [INFO]   Metadata batch 332/680...
2026-07-10 16:18:58,955 [INFO]   Metadata batch 333/680...
2026-07-10 16:19:04,819 [INFO]   Metadata batch 334/680...
2026-07-10 16:19:09,860 [INFO]   Metadata batch 335/680...
2026-07-10 16:19:15,168 [INFO]   Metadata batch 336/680...
2026-07-10 16:19:20,417 [INFO]   Metadata batch 337/680...
2026-07-10 16:19:26,306 [INFO]   Metadata batch 338/680...
2026-07-10 16:19:31,237 [INFO]   Metadata batch 339/680...
2026-07-10 16:19:36,461 [INFO]   Metadata batch 340/680...
2026-07-10 16:19:42,014 [INFO]   Metadata batch 341/680...
2026-07-10 16:19:47,446 [INFO]   Metadata batch 342/680...
2026-07-10 16:19:52,947 [INFO]   Metadata batch 343/680...
2026-07-10 16:19:58,593 [INFO]   Metadata batch 344/680...
2026-07-10 16:20:03,801 [INFO]   Metadata batch 345/680...
2026-07-10 16:20:09,573 [INFO]   Metadata batch 346/680...
2026-07-10 16:20:17,026 [INFO]   Metadata batch 347/680...
2026-07-10 16:20:23,163 [INFO]   Metadata batch 348/680...
2026-07-10 16:20:28,884 [INFO]   Metadata batch 349/680...
2026-07-10 16:20:33,935 [INFO]   Metadata batch 350/680...
2026-07-10 16:20:39,802 [INFO]   Metadata batch 351/680...
2026-07-10 16:20:46,107 [INFO]   Metadata batch 352/680...
2026-07-10 16:20:51,937 [INFO]   Metadata batch 353/680...
2026-07-10 16:20:57,740 [INFO]   Metadata batch 354/680...
2026-07-10 16:21:02,901 [INFO]   Metadata batch 355/680...
2026-07-10 16:21:08,712 [INFO]   Metadata batch 356/680...
2026-07-10 16:21:13,927 [INFO]   Metadata batch 357/680...
2026-07-10 16:21:20,698 [INFO]   Metadata batch 358/680...
2026-07-10 16:21:26,322 [INFO]   Metadata batch 359/680...
2026-07-10 16:21:32,825 [INFO]   Metadata batch 360/680...
2026-07-10 16:21:38,217 [INFO]   Metadata batch 361/680...
2026-07-10 16:21:48,002 [INFO]   Metadata batch 362/680...
2026-07-10 16:21:53,969 [INFO]   Metadata batch 363/680...
2026-07-10 16:21:59,472 [INFO]   Metadata batch 364/680...
2026-07-10 16:22:04,496 [INFO]   Metadata batch 365/680...
2026-07-10 16:22:10,805 [INFO]   Metadata batch 366/680...
2026-07-10 16:22:15,578 [INFO]   Metadata batch 367/680...
2026-07-10 16:22:20,850 [INFO]   Metadata batch 368/680...
2026-07-10 16:22:26,396 [INFO]   Metadata batch 369/680...
2026-07-10 16:22:32,328 [INFO]   Metadata batch 370/680...
2026-07-10 16:22:38,287 [INFO]   Metadata batch 371/680...
2026-07-10 16:22:43,677 [INFO]   Metadata batch 372/680...
2026-07-10 16:22:49,155 [INFO]   Metadata batch 373/680...
2026-07-10 16:22:54,727 [INFO]   Metadata batch 374/680...
2026-07-10 16:23:00,277 [INFO]   Metadata batch 375/680...
2026-07-10 16:23:05,679 [INFO]   Metadata batch 376/680...
2026-07-10 16:23:10,916 [INFO]   Metadata batch 377/680...
2026-07-10 16:23:16,287 [INFO]   Metadata batch 378/680...
2026-07-10 16:23:23,330 [INFO]   Metadata batch 379/680...
2026-07-10 16:23:28,996 [INFO]   Metadata batch 380/680...
2026-07-10 16:23:33,794 [INFO]   Metadata batch 381/680...
2026-07-10 16:23:38,903 [INFO]   Metadata batch 382/680...
2026-07-10 16:23:44,338 [INFO]   Metadata batch 383/680...
2026-07-10 16:23:50,249 [INFO]   Metadata batch 384/680...
2026-07-10 16:23:56,202 [INFO]   Metadata batch 385/680...
2026-07-10 16:24:01,080 [INFO]   Metadata batch 386/680...
2026-07-10 16:24:05,989 [INFO]   Metadata batch 387/680...
2026-07-10 16:24:11,922 [INFO]   Metadata batch 388/680...
2026-07-10 16:24:16,583 [INFO]   Metadata batch 389/680...
2026-07-10 16:24:21,519 [INFO]   Metadata batch 390/680...
2026-07-10 16:24:26,641 [INFO]   Metadata batch 391/680...
2026-07-10 16:24:32,003 [INFO]   Metadata batch 392/680...
2026-07-10 16:24:36,917 [INFO]   Metadata batch 393/680...
2026-07-10 16:24:42,368 [INFO]   Metadata batch 394/680...
2026-07-10 16:24:47,717 [INFO]   Metadata batch 395/680...
2026-07-10 16:24:52,683 [INFO]   Metadata batch 396/680...
2026-07-10 16:24:58,021 [INFO]   Metadata batch 397/680...
2026-07-10 16:25:03,005 [INFO]   Metadata batch 398/680...
2026-07-10 16:25:08,951 [INFO]   Metadata batch 399/680...
2026-07-10 16:25:13,903 [INFO]   Metadata batch 400/680...
2026-07-10 16:25:19,370 [INFO]   Metadata batch 401/680...
2026-07-10 16:25:25,265 [INFO]   Metadata batch 402/680...
2026-07-10 16:25:30,387 [INFO]   Metadata batch 403/680...
2026-07-10 16:25:36,022 [INFO]   Metadata batch 404/680...
2026-07-10 16:25:41,504 [INFO]   Metadata batch 405/680...
2026-07-10 16:25:46,770 [INFO]   Metadata batch 406/680...
2026-07-10 16:25:51,591 [INFO]   Metadata batch 407/680...
2026-07-10 16:25:56,705 [INFO]   Metadata batch 408/680...
2026-07-10 16:26:01,685 [INFO]   Metadata batch 409/680...
2026-07-10 16:26:07,178 [INFO]   Metadata batch 410/680...
2026-07-10 16:26:12,359 [INFO]   Metadata batch 411/680...
2026-07-10 16:26:17,782 [INFO]   Metadata batch 412/680...
2026-07-10 16:26:22,639 [INFO]   Metadata batch 413/680...
2026-07-10 16:26:27,425 [INFO]   Metadata batch 414/680...
2026-07-10 16:26:32,635 [INFO]   Metadata batch 415/680...
2026-07-10 16:26:37,598 [INFO]   Metadata batch 416/680...
2026-07-10 16:26:43,432 [INFO]   Metadata batch 417/680...
2026-07-10 16:26:48,630 [INFO]   Metadata batch 418/680...
2026-07-10 16:26:53,979 [INFO]   Metadata batch 419/680...
2026-07-10 16:26:58,999 [INFO]   Metadata batch 420/680...
2026-07-10 16:27:04,089 [INFO]   Metadata batch 421/680...
2026-07-10 16:27:09,979 [INFO]   Metadata batch 422/680...
2026-07-10 16:27:14,830 [INFO]   Metadata batch 423/680...
2026-07-10 16:27:20,016 [INFO]   Metadata batch 424/680...
2026-07-10 16:27:25,141 [INFO]   Metadata batch 425/680...
2026-07-10 16:27:30,332 [INFO]   Metadata batch 426/680...
2026-07-10 16:27:34,962 [INFO]   Metadata batch 427/680...
2026-07-10 16:27:39,520 [INFO]   Metadata batch 428/680...
2026-07-10 16:27:45,249 [INFO]   Metadata batch 429/680...
2026-07-10 16:27:49,857 [INFO]   Metadata batch 430/680...
2026-07-10 16:27:54,698 [INFO]   Metadata batch 431/680...
2026-07-10 16:27:59,213 [INFO]   Metadata batch 432/680...
2026-07-10 16:28:04,036 [INFO]   Metadata batch 433/680...
2026-07-10 16:28:08,735 [INFO]   Metadata batch 434/680...
2026-07-10 16:28:13,715 [INFO]   Metadata batch 435/680...
2026-07-10 16:28:18,798 [INFO]   Metadata batch 436/680...
2026-07-10 16:28:23,826 [INFO]   Metadata batch 437/680...
2026-07-10 16:28:28,923 [INFO]   Metadata batch 438/680...
2026-07-10 16:28:33,713 [INFO]   Metadata batch 439/680...
2026-07-10 16:28:39,268 [INFO]   Metadata batch 440/680...
2026-07-10 16:28:45,096 [INFO]   Metadata batch 441/680...
2026-07-10 16:28:51,799 [INFO]   Metadata batch 442/680...
2026-07-10 16:28:58,018 [INFO]   Metadata batch 443/680...
2026-07-10 16:29:02,912 [INFO]   Metadata batch 444/680...
2026-07-10 16:29:08,214 [INFO]   Metadata batch 445/680...
2026-07-10 16:29:13,781 [INFO]   Metadata batch 446/680...
2026-07-10 16:29:19,488 [INFO]   Metadata batch 447/680...
2026-07-10 16:29:24,883 [INFO]   Metadata batch 448/680...
2026-07-10 16:29:30,376 [INFO]   Metadata batch 449/680...
2026-07-10 16:29:35,127 [INFO]   Metadata batch 450/680...
2026-07-10 16:29:40,255 [INFO]   Metadata batch 451/680...
2026-07-10 16:29:44,667 [INFO]   Metadata batch 452/680...
2026-07-10 16:29:49,834 [INFO]   Metadata batch 453/680...
2026-07-10 16:29:55,378 [INFO]   Metadata batch 454/680...
2026-07-10 16:30:00,473 [INFO]   Metadata batch 455/680...
2026-07-10 16:30:05,941 [INFO]   Metadata batch 456/680...
2026-07-10 16:30:11,853 [INFO]   Metadata batch 457/680...
2026-07-10 16:30:17,053 [INFO]   Metadata batch 458/680...
2026-07-10 16:30:21,966 [INFO]   Metadata batch 459/680...
2026-07-10 16:30:26,908 [INFO]   Metadata batch 460/680...
2026-07-10 16:30:31,904 [INFO]   Metadata batch 461/680...
2026-07-10 16:30:37,055 [INFO]   Metadata batch 462/680...
2026-07-10 16:30:42,121 [INFO]   Metadata batch 463/680...
2026-07-10 16:30:48,425 [INFO]   Metadata batch 464/680...
2026-07-10 16:30:53,684 [INFO]   Metadata batch 465/680...
2026-07-10 16:30:59,041 [INFO]   Metadata batch 466/680...
2026-07-10 16:31:04,898 [INFO]   Metadata batch 467/680...
2026-07-10 16:31:10,773 [INFO]   Metadata batch 468/680...
2026-07-10 16:31:16,171 [INFO]   Metadata batch 469/680...
2026-07-10 16:31:22,252 [INFO]   Metadata batch 470/680...
2026-07-10 16:31:27,625 [INFO]   Metadata batch 471/680...
2026-07-10 16:31:32,945 [INFO]   Metadata batch 472/680...
2026-07-10 16:31:38,567 [INFO]   Metadata batch 473/680...
2026-07-10 16:31:44,896 [INFO]   Metadata batch 474/680...
2026-07-10 16:31:51,590 [INFO]   Metadata batch 475/680...
2026-07-10 16:31:57,149 [INFO]   Metadata batch 476/680...
2026-07-10 16:32:02,973 [INFO]   Metadata batch 477/680...
2026-07-10 16:32:08,516 [INFO]   Metadata batch 478/680...
2026-07-10 16:32:14,621 [INFO]   Metadata batch 479/680...
2026-07-10 16:32:19,837 [INFO]   Metadata batch 480/680...
2026-07-10 16:32:24,924 [INFO]   Metadata batch 481/680...
2026-07-10 16:32:29,676 [INFO]   Metadata batch 482/680...
2026-07-10 16:32:34,833 [INFO]   Metadata batch 483/680...
2026-07-10 16:32:39,867 [INFO]   Metadata batch 484/680...
2026-07-10 16:32:45,071 [INFO]   Metadata batch 485/680...
2026-07-10 16:32:50,765 [INFO]   Metadata batch 486/680...
2026-07-10 16:32:55,837 [INFO]   Metadata batch 487/680...
2026-07-10 16:33:01,122 [INFO]   Metadata batch 488/680...
2026-07-10 16:33:06,443 [INFO]   Metadata batch 489/680...
2026-07-10 16:33:12,030 [INFO]   Metadata batch 490/680...
2026-07-10 16:33:18,282 [INFO]   Metadata batch 491/680...
2026-07-10 16:33:24,020 [INFO]   Metadata batch 492/680...
2026-07-10 16:33:29,821 [INFO]   Metadata batch 493/680...
2026-07-10 16:33:34,872 [INFO]   Metadata batch 494/680...
2026-07-10 16:33:40,890 [INFO]   Metadata batch 495/680...
2026-07-10 16:33:46,110 [INFO]   Metadata batch 496/680...
2026-07-10 16:33:50,469 [INFO]   Metadata batch 497/680...
2026-07-10 16:33:55,275 [INFO]   Metadata batch 498/680...
2026-07-10 16:34:01,135 [INFO]   Metadata batch 499/680...
2026-07-10 16:34:07,462 [INFO]   Metadata batch 500/680...
2026-07-10 16:34:13,813 [INFO]   Metadata batch 501/680...
2026-07-10 16:34:19,294 [INFO]   Metadata batch 502/680...
2026-07-10 16:34:24,679 [INFO]   Metadata batch 503/680...
2026-07-10 16:34:29,963 [INFO]   Metadata batch 504/680...
2026-07-10 16:34:35,094 [INFO]   Metadata batch 505/680...
2026-07-10 16:34:40,174 [INFO]   Metadata batch 506/680...
2026-07-10 16:34:45,401 [INFO]   Metadata batch 507/680...
2026-07-10 16:34:50,294 [INFO]   Metadata batch 508/680...
2026-07-10 16:34:55,502 [INFO]   Metadata batch 509/680...
2026-07-10 16:35:00,507 [INFO]   Metadata batch 510/680...
2026-07-10 16:35:05,407 [INFO]   Metadata batch 511/680...
2026-07-10 16:35:10,339 [INFO]   Metadata batch 512/680...
2026-07-10 16:35:15,379 [INFO]   Metadata batch 513/680...
2026-07-10 16:35:22,033 [INFO]   Metadata batch 514/680...
2026-07-10 16:35:26,897 [INFO]   Metadata batch 515/680...
2026-07-10 16:35:31,946 [INFO]   Metadata batch 516/680...
2026-07-10 16:35:37,313 [INFO]   Metadata batch 517/680...
2026-07-10 16:35:42,401 [INFO]   Metadata batch 518/680...
2026-07-10 16:35:47,806 [INFO]   Metadata batch 519/680...
2026-07-10 16:35:53,056 [INFO]   Metadata batch 520/680...
2026-07-10 16:35:58,461 [INFO]   Metadata batch 521/680...
2026-07-10 16:36:02,885 [INFO]   Metadata batch 522/680...
2026-07-10 16:36:07,878 [INFO]   Metadata batch 523/680...
2026-07-10 16:36:12,471 [INFO]   Metadata batch 524/680...
2026-07-10 16:36:17,469 [INFO]   Metadata batch 525/680...
2026-07-10 16:36:22,614 [INFO]   Metadata batch 526/680...
2026-07-10 16:36:27,261 [INFO]   Metadata batch 527/680...
2026-07-10 16:36:32,191 [INFO]   Metadata batch 528/680...
2026-07-10 16:36:36,997 [INFO]   Metadata batch 529/680...
2026-07-10 16:36:42,054 [INFO]   Metadata batch 530/680...
2026-07-10 16:36:47,196 [INFO]   Metadata batch 531/680...
2026-07-10 16:36:52,171 [INFO]   Metadata batch 532/680...
2026-07-10 16:36:57,109 [INFO]   Metadata batch 533/680...
2026-07-10 16:37:02,207 [INFO]   Metadata batch 534/680...
2026-07-10 16:37:08,901 [INFO]   Metadata batch 535/680...
2026-07-10 16:37:13,911 [INFO]   Metadata batch 536/680...
2026-07-10 16:37:19,109 [INFO]   Metadata batch 537/680...
2026-07-10 16:37:24,315 [INFO]   Metadata batch 538/680...
2026-07-10 16:37:29,460 [INFO]   Metadata batch 539/680...
2026-07-10 16:37:34,384 [INFO]   Metadata batch 540/680...
2026-07-10 16:37:39,067 [INFO]   Metadata batch 541/680...
2026-07-10 16:37:44,323 [INFO]   Metadata batch 542/680...
2026-07-10 16:37:48,889 [INFO]   Metadata batch 543/680...
2026-07-10 16:37:53,749 [INFO]   Metadata batch 544/680...
2026-07-10 16:37:58,701 [INFO]   Metadata batch 545/680...
2026-07-10 16:38:03,496 [INFO]   Metadata batch 546/680...
2026-07-10 16:38:09,068 [INFO]   Metadata batch 547/680...
2026-07-10 16:38:14,298 [INFO]   Metadata batch 548/680...
2026-07-10 16:38:18,925 [INFO]   Metadata batch 549/680...
2026-07-10 16:38:23,671 [INFO]   Metadata batch 550/680...
2026-07-10 16:38:29,016 [INFO]   Metadata batch 551/680...
2026-07-10 16:38:34,645 [INFO]   Metadata batch 552/680...
2026-07-10 16:38:39,093 [INFO]   Metadata batch 553/680...
2026-07-10 16:38:44,018 [INFO]   Metadata batch 554/680...
2026-07-10 16:38:49,326 [INFO]   Metadata batch 555/680...
2026-07-10 16:38:54,314 [INFO]   Metadata batch 556/680...
2026-07-10 16:38:59,004 [INFO]   Metadata batch 557/680...
2026-07-10 16:39:03,725 [INFO]   Metadata batch 558/680...
2026-07-10 16:39:08,740 [INFO]   Metadata batch 559/680...
2026-07-10 16:39:14,338 [INFO]   Metadata batch 560/680...
2026-07-10 16:39:19,407 [INFO]   Metadata batch 561/680...
2026-07-10 16:39:24,919 [INFO]   Metadata batch 562/680...
2026-07-10 16:39:29,895 [INFO]   Metadata batch 563/680...
2026-07-10 16:39:35,030 [INFO]   Metadata batch 564/680...
2026-07-10 16:39:39,841 [INFO]   Metadata batch 565/680...
2026-07-10 16:39:44,980 [INFO]   Metadata batch 566/680...
2026-07-10 16:39:49,950 [INFO]   Metadata batch 567/680...
2026-07-10 16:39:55,307 [INFO]   Metadata batch 568/680...
2026-07-10 16:40:00,217 [INFO]   Metadata batch 569/680...
2026-07-10 16:40:04,789 [INFO]   Metadata batch 570/680...
2026-07-10 16:40:09,501 [INFO]   Metadata batch 571/680...
2026-07-10 16:40:14,270 [INFO]   Metadata batch 572/680...
2026-07-10 16:40:19,638 [INFO]   Metadata batch 573/680...
2026-07-10 16:40:25,076 [INFO]   Metadata batch 574/680...
2026-07-10 16:40:30,178 [INFO]   Metadata batch 575/680...
2026-07-10 16:40:35,405 [INFO]   Metadata batch 576/680...
2026-07-10 16:40:39,867 [INFO]   Metadata batch 577/680...
2026-07-10 16:40:45,506 [INFO]   Metadata batch 578/680...
2026-07-10 16:40:50,519 [INFO]   Metadata batch 579/680...
2026-07-10 16:40:55,863 [INFO]   Metadata batch 580/680...
2026-07-10 16:41:00,842 [INFO]   Metadata batch 581/680...
2026-07-10 16:41:05,909 [INFO]   Metadata batch 582/680...
2026-07-10 16:41:10,881 [INFO]   Metadata batch 583/680...
2026-07-10 16:41:15,695 [INFO]   Metadata batch 584/680...
2026-07-10 16:41:21,038 [INFO]   Metadata batch 585/680...
2026-07-10 16:41:26,482 [INFO]   Metadata batch 586/680...
2026-07-10 16:41:31,443 [INFO]   Metadata batch 587/680...
2026-07-10 16:41:36,827 [INFO]   Metadata batch 588/680...
2026-07-10 16:41:41,512 [INFO]   Metadata batch 589/680...
2026-07-10 16:41:46,034 [INFO]   Metadata batch 590/680...
2026-07-10 16:41:50,803 [INFO]   Metadata batch 591/680...
2026-07-10 16:41:55,853 [INFO]   Metadata batch 592/680...
2026-07-10 16:42:00,543 [INFO]   Metadata batch 593/680...
2026-07-10 16:42:05,330 [INFO]   Metadata batch 594/680...
2026-07-10 16:42:09,773 [INFO]   Metadata batch 595/680...
2026-07-10 16:42:14,201 [INFO]   Metadata batch 596/680...
2026-07-10 16:42:18,599 [INFO]   Metadata batch 597/680...
2026-07-10 16:42:24,086 [INFO]   Metadata batch 598/680...
2026-07-10 16:42:28,701 [INFO]   Metadata batch 599/680...
2026-07-10 16:42:33,721 [INFO]   Metadata batch 600/680...
2026-07-10 16:42:38,588 [INFO]   Metadata batch 601/680...
2026-07-10 16:42:43,499 [INFO]   Metadata batch 602/680...
2026-07-10 16:42:48,043 [INFO]   Metadata batch 603/680...
2026-07-10 16:42:52,743 [INFO]   Metadata batch 604/680...
2026-07-10 16:42:57,713 [INFO]   Metadata batch 605/680...
2026-07-10 16:43:02,364 [INFO]   Metadata batch 606/680...
2026-07-10 16:43:07,067 [INFO]   Metadata batch 607/680...
2026-07-10 16:43:12,183 [INFO]   Metadata batch 608/680...
2026-07-10 16:43:16,623 [INFO]   Metadata batch 609/680...
2026-07-10 16:43:21,705 [INFO]   Metadata batch 610/680...
2026-07-10 16:43:26,618 [INFO]   Metadata batch 611/680...
2026-07-10 16:43:31,165 [INFO]   Metadata batch 612/680...
2026-07-10 16:43:35,759 [INFO]   Metadata batch 613/680...
2026-07-10 16:43:41,213 [INFO]   Metadata batch 614/680...
2026-07-10 16:43:46,215 [INFO]   Metadata batch 615/680...
2026-07-10 16:43:51,487 [INFO]   Metadata batch 616/680...
2026-07-10 16:43:55,852 [INFO]   Metadata batch 617/680...
2026-07-10 16:44:01,213 [INFO]   Metadata batch 618/680...
2026-07-10 16:44:05,926 [INFO]   Metadata batch 619/680...
2026-07-10 16:44:11,115 [INFO]   Metadata batch 620/680...
2026-07-10 16:44:16,079 [INFO]   Metadata batch 621/680...
2026-07-10 16:44:20,968 [INFO]   Metadata batch 622/680...
2026-07-10 16:44:25,900 [INFO]   Metadata batch 623/680...
2026-07-10 16:44:31,198 [INFO]   Metadata batch 624/680...
2026-07-10 16:44:35,919 [INFO]   Metadata batch 625/680...
2026-07-10 16:44:39,918 [INFO]   Metadata batch 626/680...
2026-07-10 16:44:44,580 [INFO]   Metadata batch 627/680...
2026-07-10 16:44:49,274 [INFO]   Metadata batch 628/680...
2026-07-10 16:44:54,198 [INFO]   Metadata batch 629/680...
2026-07-10 16:44:58,484 [INFO]   Metadata batch 630/680...
2026-07-10 16:45:03,228 [INFO]   Metadata batch 631/680...
2026-07-10 16:45:07,930 [INFO]   Metadata batch 632/680...
2026-07-10 16:45:12,876 [INFO]   Metadata batch 633/680...
2026-07-10 16:45:17,765 [INFO]   Metadata batch 634/680...
2026-07-10 16:45:22,187 [INFO]   Metadata batch 635/680...
2026-07-10 16:45:27,194 [INFO]   Metadata batch 636/680...
2026-07-10 16:45:32,061 [INFO]   Metadata batch 637/680...
2026-07-10 16:45:36,913 [INFO]   Metadata batch 638/680...
2026-07-10 16:45:41,956 [INFO]   Metadata batch 639/680...
2026-07-10 16:45:47,001 [INFO]   Metadata batch 640/680...
2026-07-10 16:45:52,122 [INFO]   Metadata batch 641/680...
2026-07-10 16:45:57,586 [INFO]   Metadata batch 642/680...
2026-07-10 16:46:02,012 [INFO]   Metadata batch 643/680...
2026-07-10 16:46:07,013 [INFO]   Metadata batch 644/680...
2026-07-10 16:46:11,919 [INFO]   Metadata batch 645/680...
2026-07-10 16:46:16,955 [INFO]   Metadata batch 646/680...
2026-07-10 16:46:22,039 [INFO]   Metadata batch 647/680...
2026-07-10 16:46:26,955 [INFO]   Metadata batch 648/680...
2026-07-10 16:46:31,534 [INFO]   Metadata batch 649/680...
2026-07-10 16:46:36,847 [INFO]   Metadata batch 650/680...
2026-07-10 16:46:41,822 [INFO]   Metadata batch 651/680...
2026-07-10 16:46:46,778 [INFO]   Metadata batch 652/680...
2026-07-10 16:46:51,827 [INFO]   Metadata batch 653/680...
2026-07-10 16:46:56,506 [INFO]   Metadata batch 654/680...
2026-07-10 16:47:01,521 [INFO]   Metadata batch 655/680...
2026-07-10 16:47:06,311 [INFO]   Metadata batch 656/680...
2026-07-10 16:47:11,117 [INFO]   Metadata batch 657/680...
2026-07-10 16:47:15,866 [INFO]   Metadata batch 658/680...
2026-07-10 16:47:20,573 [INFO]   Metadata batch 659/680...
2026-07-10 16:47:25,286 [INFO]   Metadata batch 660/680...
2026-07-10 16:47:29,897 [INFO]   Metadata batch 661/680...
2026-07-10 16:47:34,899 [INFO]   Metadata batch 662/680...
2026-07-10 16:47:39,583 [INFO]   Metadata batch 663/680...
2026-07-10 16:47:44,760 [INFO]   Metadata batch 664/680...
2026-07-10 16:47:49,835 [INFO]   Metadata batch 665/680...
2026-07-10 16:47:55,538 [INFO]   Metadata batch 666/680...
2026-07-10 16:48:00,815 [INFO]   Metadata batch 667/680...
2026-07-10 16:48:05,774 [INFO]   Metadata batch 668/680...
2026-07-10 16:48:10,515 [INFO]   Metadata batch 669/680...
2026-07-10 16:48:14,841 [INFO]   Metadata batch 670/680...
2026-07-10 16:48:20,361 [INFO]   Metadata batch 671/680...
2026-07-10 16:48:24,919 [INFO]   Metadata batch 672/680...
2026-07-10 16:48:29,981 [INFO]   Metadata batch 673/680...
2026-07-10 16:48:34,750 [INFO]   Metadata batch 674/680...
2026-07-10 16:48:39,693 [INFO]   Metadata batch 675/680...
2026-07-10 16:48:44,592 [INFO]   Metadata batch 676/680...
2026-07-10 16:48:49,090 [INFO]   Metadata batch 677/680...
2026-07-10 16:48:54,725 [INFO]   Metadata batch 678/680...
2026-07-10 16:48:59,620 [INFO]   Metadata batch 679/680...
2026-07-10 16:49:04,281 [INFO]   Metadata batch 680/680...
2026-07-10 16:49:10,019 [INFO]   13,583,488 nodes (152,601 Frontiers core)
2026-07-10 16:49:12,124 [INFO] Applying edge weights (temporal decay + self-citation discount)...
2026-07-10 16:51:18,589 [INFO]   Decay mean=0.429  |  Self-citations: 10,033,118
2026-07-10 16:51:18,855 [INFO]   Combined weight mean=0.413
2026-07-10 16:51:20,652 [INFO] Computing bibliographic coupling (min shared refs=3)...
2026-07-10 16:51:20,667 [INFO]   BC batch 1/9...
2026-07-10 16:51:49,394 [INFO]     17,401,188 BC edges
2026-07-10 16:51:49,402 [INFO]   BC batch 2/9...
2026-07-10 16:52:07,482 [INFO]     16,312,152 BC edges
2026-07-10 16:52:07,489 [INFO]   BC batch 3/9...
2026-07-10 16:52:24,147 [INFO]     18,442,621 BC edges
2026-07-10 16:52:24,153 [INFO]   BC batch 4/9...
2026-07-10 16:52:40,479 [INFO]     15,433,281 BC edges
2026-07-10 16:52:40,486 [INFO]   BC batch 5/9...
2026-07-10 16:53:00,108 [INFO]     15,659,043 BC edges
2026-07-10 16:53:00,115 [INFO]   BC batch 6/9...
2026-07-10 16:53:17,337 [INFO]     14,726,829 BC edges
2026-07-10 16:53:17,344 [INFO]   BC batch 7/9...
2026-07-10 16:53:36,251 [INFO]     16,830,999 BC edges
2026-07-10 16:53:36,258 [INFO]   BC batch 8/9...
2026-07-10 16:53:56,719 [INFO]     16,536,103 BC edges
2026-07-10 16:53:56,721 [INFO]   BC batch 9/9...
2026-07-10 16:54:18,665 [INFO]     3,028,554 BC edges
2026-07-10 16:54:51,944 [INFO]   Total BC edges: 134,370,770
2026-07-10 16:54:53,069 [INFO] Merging direct citation and BC edges...
2026-07-10 16:58:59,300 [INFO]   Merged: 263,730,039 edges (mean weight=0.239)
2026-07-10 16:59:11,919 [INFO] Writing CWTS files to cwts_output/  (13,583,488 nodes)...
2026-07-10 17:00:52,770 [INFO]   pubs.txt        : 13,583,488 rows  (152,601 Frontiers)
2026-07-10 17:01:08,100 [INFO] 13583488 out of 13583488 rows loaded.
2026-07-10 17:01:08,101 [INFO]   → BigQuery: scope_drift_raw.pubs_raw_20260710_144411
2026-07-10 17:03:11,538 [INFO]   pub_metadata.txt: 13,583,488 rows
2026-07-10 17:04:48,086 [INFO] 13583488 out of 13583488 rows loaded.
2026-07-10 17:04:48,086 [INFO]   → BigQuery: scope_drift_raw.pub_metadata_raw_20260710_144411
2026-07-10 17:22:38,574 [INFO]   cit_links.txt   : 525,919,360 rows  (262,959,680 unique × 2 directions)
2026-07-10 17:25:33,740 [INFO] 525919360 out of 525919360 rows loaded.
2026-07-10 17:25:33,740 [INFO]   → BigQuery: scope_drift_raw.cit_links_raw_20260710_144411
2026-07-10 17:25:33,740 [INFO] Done!!!!
