2026-06-17 12:07:42,960 [INFO] ============================================================
2026-06-17 12:07:42,960 [INFO] Configuration
2026-06-17 12:07:42,960 [INFO] ============================================================
2026-06-17 12:07:42,960 [INFO]   BQ_PROJECT              : ocean-tech-adv-analytics-p-usr
2026-06-17 12:07:42,960 [INFO]   AIRAK_DATASET           : ocean-breeze-tier-1.airak
2026-06-17 12:07:42,960 [INFO]   NETWORK_MODE            : global
2026-06-17 12:07:42,960 [INFO]   START_YEAR              : 2026
2026-06-17 12:07:42,960 [INFO]   END_YEAR                : 2026
2026-06-17 12:07:42,961 [INFO]   TOP_N_JOURNALS          : 5
2026-06-17 12:07:42,961 [INFO]   JOURNAL_IDS_OVERRIDE    : (none)
2026-06-17 12:07:42,961 [INFO]   ENABLE_EDGE_WEIGHTS     : True
2026-06-17 12:07:42,961 [INFO]   TEMPORAL_DECAY_TAU      : 5.0
2026-06-17 12:07:42,961 [INFO]   SELF_CITE_JOURNAL_WEIGHT: 0.5
2026-06-17 12:07:42,961 [INFO]   ENABLE_BC_EDGES         : True
2026-06-17 12:07:42,961 [INFO]   BC_MIN_SHARED_REFS      : 3
2026-06-17 12:07:42,961 [INFO]   MAX_EXTERNAL_PAPERS     : 50000
2026-06-17 12:07:42,961 [INFO]   OUTPUT_DIR              : cwts_output
2026-06-17 12:07:42,961 [INFO] ============================================================
2026-06-17 12:07:42,961 [INFO] ============================================================
2026-06-17 12:07:42,961 [INFO] CWTS Export — Edge Weight Builder
2026-06-17 12:07:42,961 [INFO]   Mode: GLOBAL  |  Years: 2026-2026
2026-06-17 12:07:42,961 [INFO]   Edge weights: ON
2026-06-17 12:07:42,961 [INFO] ============================================================
2026-06-17 12:07:42,961 [INFO] Fetching top 5 Frontiers journals by publication count...
2026-06-17 12:07:44,348 [INFO]   Journal IDs: [3315714752512, 2826088480769, 2379411881984, 2405181685761, 2972117368834]
2026-06-17 12:07:44,348 [INFO] Fetching Frontiers publication IDs...
2026-06-17 12:07:45,971 [INFO]   16,999 Frontiers publications
2026-06-17 12:07:45,971 [INFO] Building GLOBAL network for 2026-2026 (every publication, no journal filter)...
2026-06-17 12:08:00,917 [INFO]   530,777 edges, 549,424 nodes (1,751 Frontiers core)
2026-06-17 12:08:00,917 [WARNING] Global mode: disabling bibliographic-coupling edges (no journal scope; query would be unbounded).
2026-06-17 12:08:00,917 [INFO] Fetching metadata for 549,424 nodes...
2026-06-17 12:08:00,937 [INFO]   Metadata batch 1/28...
2026-06-17 12:08:04,777 [INFO]   Metadata batch 2/28...
2026-06-17 12:08:08,420 [INFO]   Metadata batch 3/28...
2026-06-17 12:08:12,332 [INFO]   Metadata batch 4/28...
2026-06-17 12:08:16,984 [INFO]   Metadata batch 5/28...
2026-06-17 12:08:20,662 [INFO]   Metadata batch 6/28...
2026-06-17 12:08:25,070 [INFO]   Metadata batch 7/28...
2026-06-17 12:08:28,914 [INFO]   Metadata batch 8/28...
2026-06-17 12:08:32,802 [INFO]   Metadata batch 9/28...
2026-06-17 12:08:36,891 [INFO]   Metadata batch 10/28...
2026-06-17 12:08:42,048 [INFO]   Metadata batch 11/28...
2026-06-17 12:08:45,682 [INFO]   Metadata batch 12/28...
2026-06-17 12:08:49,300 [INFO]   Metadata batch 13/28...
2026-06-17 12:08:52,987 [INFO]   Metadata batch 14/28...
2026-06-17 12:08:57,511 [INFO]   Metadata batch 15/28...
2026-06-17 12:09:01,202 [INFO]   Metadata batch 16/28...
2026-06-17 12:09:05,274 [INFO]   Metadata batch 17/28...
2026-06-17 12:09:09,055 [INFO]   Metadata batch 18/28...
2026-06-17 12:09:12,832 [INFO]   Metadata batch 19/28...
2026-06-17 12:09:16,716 [INFO]   Metadata batch 20/28...
2026-06-17 12:09:20,328 [INFO]   Metadata batch 21/28...
2026-06-17 12:09:24,745 [INFO]   Metadata batch 22/28...
2026-06-17 12:09:28,306 [INFO]   Metadata batch 23/28...
2026-06-17 12:09:32,155 [INFO]   Metadata batch 24/28...
2026-06-17 12:09:35,914 [INFO]   Metadata batch 25/28...
2026-06-17 12:09:39,413 [INFO]   Metadata batch 26/28...
2026-06-17 12:09:43,350 [INFO]   Metadata batch 27/28...
2026-06-17 12:09:47,819 [INFO]   Metadata batch 28/28...
2026-06-17 12:09:50,505 [INFO]   549,424 nodes (1,751 Frontiers core)
2026-06-17 12:09:50,513 [INFO] Applying edge weights (temporal decay + self-citation discount)...
2026-06-17 12:09:51,881 [INFO]   Decay mean=1.000  |  Self-citations: 37,374
2026-06-17 12:09:51,882 [INFO]   Combined weight mean=0.965
2026-06-17 12:09:51,905 [INFO] BC edges disabled (ENABLE_BC_EDGES=false)
2026-06-17 12:09:52,337 [INFO] Writing CWTS files to cwts_output/  (549,424 nodes)...
2026-06-17 12:10:00,583 [INFO]   pubs.txt        : 549,424 rows  (1,751 Frontiers)
2026-06-17 12:10:07,109 [INFO] 549424 out of 549424 rows loaded.
2026-06-17 12:10:07,109 [INFO]   → BigQuery: scope_drift_raw.pubs_raw_20260617_120742
2026-06-17 12:10:11,506 [INFO]   pub_metadata.txt: 549,424 rows
2026-06-17 12:10:26,658 [INFO] 549424 out of 549424 rows loaded.
2026-06-17 12:10:26,659 [INFO]   → BigQuery: scope_drift_raw.pub_metadata_raw_20260617_120742
2026-06-17 12:10:29,246 [INFO]   cit_links.txt   : 1,057,458 rows  (528,729 unique × 2 directions)
2026-06-17 12:10:41,634 [INFO] 1057458 out of 1057458 rows loaded.
2026-06-17 12:10:41,634 [INFO]   → BigQuery: scope_drift_raw.cit_links_raw_20260617_120742
