2026-06-18 11:09:33,639 [INFO] ============================================================
2026-06-18 11:09:33,639 [INFO] Configuration
2026-06-18 11:09:33,640 [INFO] ============================================================
2026-06-18 11:09:33,640 [INFO]   BQ_PROJECT              : ocean-tech-adv-analytics-p-usr
2026-06-18 11:09:33,640 [INFO]   AIRAK_DATASET           : ocean-breeze-tier-1.airak
2026-06-18 11:09:33,640 [INFO]   NETWORK_MODE            : ego
2026-06-18 11:09:33,640 [INFO]   START_YEAR              : 2025
2026-06-18 11:09:33,640 [INFO]   END_YEAR                : 2026
2026-06-18 11:09:33,640 [INFO]   TOP_N_JOURNALS          : 5
2026-06-18 11:09:33,640 [INFO]   JOURNAL_IDS_OVERRIDE    : (none)
2026-06-18 11:09:33,641 [INFO]   ENABLE_EDGE_WEIGHTS     : True
2026-06-18 11:09:33,641 [INFO]   TEMPORAL_DECAY_TAU      : 5.0
2026-06-18 11:09:33,641 [INFO]   SELF_CITE_JOURNAL_WEIGHT: 0.5
2026-06-18 11:09:33,641 [INFO]   ENABLE_BC_EDGES         : True
2026-06-18 11:09:33,641 [INFO]   BC_MIN_SHARED_REFS      : 3
2026-06-18 11:09:33,641 [INFO]   MAX_EXTERNAL_PAPERS     : 50000
2026-06-18 11:09:33,641 [INFO]   OUTPUT_DIR              : cwts_output
2026-06-18 11:09:33,641 [INFO] ============================================================
2026-06-18 11:09:33,641 [INFO] ============================================================
2026-06-18 11:09:33,641 [INFO] CWTS Export — Edge Weight Builder
2026-06-18 11:09:33,641 [INFO]   Mode: EGO  |  Years: 2025-2026
2026-06-18 11:09:33,641 [INFO]   Edge weights: ON
2026-06-18 11:09:33,641 [INFO] ============================================================
2026-06-18 11:09:33,641 [INFO] Fetching top 5 Frontiers journals by publication count...
2026-06-18 11:09:38,067 [INFO]   Journal IDs: [3315714752512, 2379411881984, 2826088480769, 2972117368834, 2405181685761]
2026-06-18 11:09:38,067 [INFO] Fetching Frontiers publication IDs...
2026-06-18 11:09:42,511 [INFO]   43,136 Frontiers publications
2026-06-18 11:09:42,512 [INFO] Building ego network (top 50,000 external papers)...
2026-06-18 11:09:42,530 [INFO]   Ego batch 1/1...
2026-06-18 11:10:52,241 [INFO]   Raw edges: 1,646,984
2026-06-18 11:10:55,629 [INFO]   Filtered: 326,142 edges, 77,629 nodes
2026-06-18 11:10:55,734 [INFO] Fetching metadata for 77,629 nodes...
2026-06-18 11:10:55,743 [INFO]   Metadata batch 1/4...
2026-06-18 11:11:06,327 [INFO]   Metadata batch 2/4...
2026-06-18 11:11:15,858 [INFO]   Metadata batch 3/4...
2026-06-18 11:11:24,409 [INFO]   Metadata batch 4/4...
2026-06-18 11:11:32,358 [INFO]   77,629 nodes (30,353 Frontiers core)
2026-06-18 11:11:32,369 [INFO] Applying edge weights (temporal decay + self-citation discount)...
2026-06-18 11:11:33,212 [INFO]   Decay mean=0.297  |  Self-citations: 14,304
2026-06-18 11:11:33,213 [INFO]   Combined weight mean=0.286
2026-06-18 11:11:33,225 [INFO] Computing bibliographic coupling (min shared refs=3)...
2026-06-18 11:11:33,230 [INFO]   BC batch 1/3...
2026-06-18 11:11:48,980 [INFO]     95,631 BC edges
2026-06-18 11:11:48,983 [INFO]   BC batch 2/3...
2026-06-18 11:12:03,669 [INFO]     103,263 BC edges
2026-06-18 11:12:03,670 [INFO]   BC batch 3/3...
2026-06-18 11:12:10,127 [INFO]     14,754 BC edges
2026-06-18 11:12:10,151 [INFO]   Total BC edges: 213,648
2026-06-18 11:12:10,154 [INFO] Merging direct citation and BC edges...
2026-06-18 11:12:10,461 [INFO]   Merged: 431,476 edges (mean weight=0.245)
2026-06-18 11:12:10,489 [INFO] Writing CWTS files to cwts_output/  (77,629 nodes)...
2026-06-18 11:12:11,886 [INFO]   pubs.txt        : 77,629 rows  (0 Frontiers)
2026-06-18 11:12:18,491 [INFO] 77629 out of 77629 rows loaded.
2026-06-18 11:12:18,492 [INFO]   → BigQuery: scope_drift_raw.pubs_raw_20260618_110930
