2026-06-17 21:51:25,048 [INFO] ============================================================
2026-06-17 21:51:25,049 [INFO] Configuration
2026-06-17 21:51:25,049 [INFO] ============================================================
2026-06-17 21:51:25,050 [INFO]   BQ_PROJECT              : ocean-tech-adv-analytics-p-usr
2026-06-17 21:51:25,050 [INFO]   AIRAK_DATASET           : ocean-breeze-tier-1.airak
2026-06-17 21:51:25,050 [INFO]   NETWORK_MODE            : full
2026-06-17 21:51:25,051 [INFO]   START_YEAR              : 2023
2026-06-17 21:51:25,051 [INFO]   END_YEAR                : 2026
2026-06-17 21:51:25,051 [INFO]   TOP_N_JOURNALS          : 5
2026-06-17 21:51:25,051 [INFO]   JOURNAL_IDS_OVERRIDE    : (none)
2026-06-17 21:51:25,052 [INFO]   ENABLE_EDGE_WEIGHTS     : True
2026-06-17 21:51:25,053 [INFO]   TEMPORAL_DECAY_TAU      : 5.0
2026-06-17 21:51:25,053 [INFO]   SELF_CITE_JOURNAL_WEIGHT: 0.5
2026-06-17 21:51:25,053 [INFO]   ENABLE_BC_EDGES         : True
2026-06-17 21:51:25,053 [INFO]   BC_MIN_SHARED_REFS      : 3
2026-06-17 21:51:25,054 [INFO]   MAX_EXTERNAL_PAPERS     : 50000
2026-06-17 21:51:25,054 [INFO]   OUTPUT_DIR              : cwts_output
2026-06-17 21:51:25,054 [INFO] ============================================================
2026-06-17 21:51:25,054 [INFO] ============================================================
2026-06-17 21:51:25,055 [INFO] CWTS Export — Edge Weight Builder
2026-06-17 21:51:25,055 [INFO]   Mode: FULL  |  Years: 2023-2026
2026-06-17 21:51:25,055 [INFO]   Edge weights: ON
2026-06-17 21:51:25,055 [INFO] ============================================================
2026-06-17 21:51:25,055 [INFO] Fetching top 5 Frontiers journals by publication count...
2026-06-17 21:51:30,009 [INFO]   Journal IDs: [3315714752512, 2379411881984, 2972117368834, 2405181685761, 2826088480769]
2026-06-17 21:51:30,010 [INFO] Fetching Frontiers publication IDs...
2026-06-17 21:51:34,694 [INFO]   86,790 Frontiers publications
2026-06-17 21:51:34,694 [INFO] Building full network (Frontiers + related journals)...
2026-06-17 21:51:34,694 [INFO]   Finding journals citing Frontiers...
2026-06-17 21:51:37,269 [INFO]   Finding journals cited by Frontiers...
2026-06-17 21:51:39,966 [INFO]   1821 journals in network (1816 related + 5 Frontiers)
2026-06-17 21:53:37,744 [INFO]   6,699,373 publications
2026-06-17 21:53:38,177 [INFO]   Citation batch 1/134...
2026-06-17 21:53:50,049 [INFO]   Citation batch 2/134...
2026-06-17 21:53:59,259 [INFO]   Citation batch 3/134...
2026-06-17 21:54:09,282 [INFO]   Citation batch 4/134...
2026-06-17 21:54:19,537 [INFO]   Citation batch 5/134...
2026-06-17 21:54:28,748 [INFO]   Citation batch 6/134...
2026-06-17 21:54:40,389 [INFO]   Citation batch 7/134...
2026-06-17 21:54:53,687 [INFO]   Citation batch 8/134...
2026-06-17 21:55:04,102 [INFO]   Citation batch 9/134...
2026-06-17 21:55:17,813 [INFO]   Citation batch 10/134...
2026-06-17 21:55:32,172 [INFO]   Citation batch 11/134...
2026-06-17 21:55:48,572 [INFO]   Citation batch 12/134...
2026-06-17 21:56:01,596 [INFO]   Citation batch 13/134...
2026-06-17 21:56:16,196 [INFO]   Citation batch 14/134...
2026-06-17 21:56:28,461 [INFO]   Citation batch 15/134...
2026-06-17 21:56:37,114 [INFO]   Citation batch 16/134...
2026-06-17 21:56:45,442 [INFO]   Citation batch 17/134...
2026-06-17 21:56:53,232 [INFO]   Citation batch 18/134...
