2026-06-16 13:18:52,986 [INFO] ============================================================
2026-06-16 13:18:52,986 [INFO] Configuration
2026-06-16 13:18:52,986 [INFO] ============================================================
2026-06-16 13:18:52,986 [INFO]   BQ_PROJECT              : ocean-tech-adv-analytics-p-usr
2026-06-16 13:18:52,986 [INFO]   AIRAK_DATASET           : ocean-breeze-tier-1.airak
2026-06-16 13:18:52,986 [INFO]   NETWORK_MODE            : ego
2026-06-16 13:18:52,987 [INFO]   START_YEAR              : 2026
2026-06-16 13:18:52,987 [INFO]   END_YEAR                : 2026
2026-06-16 13:18:52,987 [INFO]   TOP_N_JOURNALS          : 5
2026-06-16 13:18:52,987 [INFO]   JOURNAL_IDS_OVERRIDE    : (none)
2026-06-16 13:18:52,988 [INFO]   ENABLE_EDGE_WEIGHTS     : True
2026-06-16 13:18:52,988 [INFO]   TEMPORAL_DECAY_TAU      : 5.0
2026-06-16 13:18:52,988 [INFO]   SELF_CITE_JOURNAL_WEIGHT: 0.5
2026-06-16 13:18:52,988 [INFO]   ENABLE_BC_EDGES         : True
2026-06-16 13:18:52,989 [INFO]   BC_MIN_SHARED_REFS      : 3
2026-06-16 13:18:52,989 [INFO]   MAX_EXTERNAL_PAPERS     : 50000
2026-06-16 13:18:52,989 [INFO]   OUTPUT_DIR              : cwts_output
2026-06-16 13:18:52,989 [INFO] ============================================================
2026-06-16 13:18:52,989 [INFO] ============================================================
2026-06-16 13:18:52,989 [INFO] CWTS Export — Edge Weight Builder
2026-06-16 13:18:52,990 [INFO]   Mode: EGO  |  Years: 2026-2026
2026-06-16 13:18:52,990 [INFO]   Edge weights: ON
2026-06-16 13:18:52,990 [INFO] ============================================================
2026-06-16 13:18:52,990 [INFO] Fetching top 5 Frontiers journals by publication count...
2026-06-16 13:18:56,047 [INFO]   Journal IDs: [3315714752512, 2826088480769, 2379411881984, 2405181685761, 2972117368834]
2026-06-16 13:18:56,049 [INFO] Fetching Frontiers publication IDs...
2026-06-16 13:18:59,365 [INFO]   16,999 Frontiers publications
2026-06-16 13:18:59,365 [INFO] Building ego network (top 50,000 external papers)...
2026-06-16 13:18:59,370 [INFO]   Ego batch 1/1...
2026-06-16 13:19:15,558 [INFO]   Raw edges: 368,100
2026-06-16 13:19:16,224 [INFO]   Filtered: 98,769 edges, 57,141 nodes
2026-06-16 13:19:16,250 [INFO] Fetching metadata for 57,141 nodes...
2026-06-16 13:19:16,258 [INFO]   Metadata batch 1/3...
2026-06-16 13:19:22,771 [INFO]   Metadata batch 2/3...
2026-06-16 13:19:29,483 [INFO]   Metadata batch 3/3...
2026-06-16 13:19:35,490 [INFO]   57,141 nodes (9,776 Frontiers core)
2026-06-16 13:19:35,532 [INFO] Applying edge weights (temporal decay + self-citation discount)...
2026-06-16 13:19:37,554 [INFO]   Decay mean=0.303  |  Self-citations: 3,614
2026-06-16 13:19:37,556 [INFO]   Combined weight mean=0.295
2026-06-16 13:19:37,571 [INFO] Computing bibliographic coupling (min shared refs=3)...
2026-06-16 13:19:37,583 [INFO]   BC batch 1/1...
2026-06-16 13:19:42,860 [INFO]     10,614 BC edges
2026-06-16 13:19:42,865 [INFO]   Total BC edges: 10,614
2026-06-16 13:19:42,867 [INFO] Merging direct citation and BC edges...
2026-06-16 13:19:43,089 [INFO]   Merged: 104,055 edges (mean weight=0.286)
2026-06-16 13:19:43,157 [INFO] Writing CWTS files to cwts_output/  (57,141 nodes)...
2026-06-16 13:19:47,396 [INFO]   pubs.txt        : 57,141 rows  (0 Frontiers)
2026-06-16 13:19:57,787 [INFO] 57141 out of 57141 rows loaded.
2026-06-16 13:19:57,787 [INFO]   → BigQuery: scope_drift_raw.pubs_raw_20260616_131943
2026-06-16 13:20:02,975 [INFO]   pub_metadata.txt: 57,141 rows
2026-06-16 13:20:08,660 [INFO] 57141 out of 57141 rows loaded.
2026-06-16 13:20:08,661 [INFO]   → BigQuery: scope_drift_raw.pub_metadata_raw_20260616_131943
2026-06-16 13:20:11,033 [INFO]   cit_links.txt   : 208,110 rows  (104,055 unique × 2 directions)
2026-06-16 13:20:17,005 [INFO] 208110 out of 208110 rows loaded.
2026-06-16 13:20:17,006 [INFO]   → BigQuery: scope_drift_raw.cit_links_raw_20260616_131943
