2026-08-18 12:01:28,309 [INFO] ============================================================
2026-08-18 12:01:28,309 [INFO] Configuration
2026-08-18 12:01:28,309 [INFO] ============================================================
2026-08-18 12:01:28,309 [INFO]   BQ_PROJECT              : ocean-tech-adv-analytics-p-usr
2026-08-18 12:01:28,309 [INFO]   AIRAK_DATASET           : ocean-breeze-tier-1.airak
2026-08-18 12:01:28,309 [INFO]   NETWORK_MODE            : ego
2026-08-18 12:01:28,309 [INFO]   START_YEAR              : 2023
2026-08-18 12:01:28,309 [INFO]   END_YEAR                : 2026
2026-08-18 12:01:28,309 [INFO]   TOP_N_JOURNALS          : 5
2026-08-18 12:01:28,309 [INFO]   JOURNAL_IDS_OVERRIDE    : 8589934592,17179869184,34359738368,42949672960,42949672961,51539607552,68719476736,103079215104,103079215105,120259084288,188978561024,188978561025,223338299392,231928233984,283467841536,300647710720,326417514496,343597383680,352187318272,386547056640,446676598784,446676598785,455266533376,463856467968,481036337152,489626271744,498216206336,532575944704,541165879296,549755813888,549755814587,558345748480,558345748481,601295421440,609885356032,618475290624,618475290625,635655159808,644245094400,695784701952,695784701953,704374636544,704374636545,764504178688,781684047872,781684047873,790273982464,798863917056,807453851648,807453851649,816043786240,824633720832,841813590016,876173328385,901943132724,910533066752,910533066753,936302870528,936302870529,944892805120,953482739712,979252543489,987842478080,987842478081,996432412673,1005022347264,1005022347265,1013612281856,1039382085632,1108101562368,1108101562369,1125281431552,1151051235328,1151051236101,1159641169920,1159641169921,1185410973696,1185410973697,1211180777472,1279900254208,1279900254209,1288490189606,1305670057984,1305670057985,1314259992576,1314259992577,1314259992578,1340029796352,1340029796353,1348619730944,1357209665536,1391569403904,1400159338496,1417339207680,1425929142272,1434519076864,1443109011456,1443109011457,1443109011458,1477468749824,1503238553600,1503238553601,1511828488192,1511828488193,1511828488196,1520418422784,1529008357376,1537598291968,1537598291969,1546188226560,1546188226561,1554778161152,1580547964928,1589137899520,1623497637888,1623497637889,1632087572480,1649267441665,1675037245440,1709396983808,1735166787584,1769526525952,1769526525953,1786706395136,1803886264320,1821066133504,1821066133505,1829656068096,1829656068097,1838246002688,1846835937280,1855425871872,1864015806464,1924145348608,1941325217792,1967095021568,1967095021569,1975684956160,1984274890752,2061584302080,2078764171264,2113123909632,2121713844224,2121713844225,2156073582592,2156073582593,2190433320960,2199023255552,2216203124736,2224793059328,2233382993920,2233382993921,2302102470656,2319282339840,2336462209024,2336462209025,2345052143616,2379411881984,2388001816576,2405181685760,2405181685761,2439541424128,2499670966272,2516850835456,2568390443008,2568390443009,2594160246784,2628519985152,2731599200256,2748779069440,2757369004032,2774548873216,2774548873217,2826088480769,2834678415360,2843268349952,2843268349953,2843268349954,2860448219136,2869038153728,2869038153729,2877628088320,2877628088321,2886218022912,2886218022913,2929167695872,2929167695873,2963527434240,2963527434241,2963527434242,2963527434243,2972117368832,2972117368834,3006477107200,3075196583936,3083786518528,3118146256896,3135326126080,3143916060672,3178275799040,3204045602816,3212635537408,3246995275776,3255585210368,3255585210369,3264175144960,3272765079552,3281355014144,3307124817920,3315714752512,3341484556288,3384434229248,3393024163840,3401614098432,3410204033024
2026-08-18 12:01:28,309 [INFO]   ENABLE_EDGE_WEIGHTS     : True
2026-08-18 12:01:28,309 [INFO]   TEMPORAL_DECAY_TAU      : 5.0
2026-08-18 12:01:28,309 [INFO]   SELF_CITE_JOURNAL_WEIGHT: 0.5
2026-08-18 12:01:28,309 [INFO]   ENABLE_BC_EDGES         : True
2026-08-18 12:01:28,309 [INFO]   BC_MIN_SHARED_REFS      : 3
2026-08-18 12:01:28,309 [INFO]   MAX_EXTERNAL_PAPERS     : 50000
2026-08-18 12:01:28,309 [INFO]   OUTPUT_DIR              : ../cwts_output
2026-08-18 12:01:28,309 [INFO]   RUN_CLASSIFICATION      : True
2026-08-18 12:01:28,310 [INFO]   CWTS_JAR_PATH           : publicationclassification.jar
2026-08-18 12:01:28,310 [INFO]   JAVA_HEAP_SIZE          : 
2026-08-18 12:01:28,310 [INFO] ============================================================
2026-08-18 12:01:28,310 [INFO] ============================================================
2026-08-18 12:01:28,310 [INFO] CWTS Export — Edge Weight Builder
2026-08-18 12:01:28,310 [INFO]   Mode: EGO  |  Years: 2023-2026
2026-08-18 12:01:28,310 [INFO]   Edge weights: ON
2026-08-18 12:01:28,310 [INFO] ============================================================
2026-08-18 12:01:28,310 [INFO] Using specified journal IDs: [8589934592, 17179869184, 34359738368, 42949672960, 42949672961, 51539607552, 68719476736, 103079215104, 103079215105, 120259084288, 188978561024, 188978561025, 223338299392, 231928233984, 283467841536, 300647710720, 326417514496, 343597383680, 352187318272, 386547056640, 446676598784, 446676598785, 455266533376, 463856467968, 481036337152, 489626271744, 498216206336, 532575944704, 541165879296, 549755813888, 549755814587, 558345748480, 558345748481, 601295421440, 609885356032, 618475290624, 618475290625, 635655159808, 644245094400, 695784701952, 695784701953, 704374636544, 704374636545, 764504178688, 781684047872, 781684047873, 790273982464, 798863917056, 807453851648, 807453851649, 816043786240, 824633720832, 841813590016, 876173328385, 901943132724, 910533066752, 910533066753, 936302870528, 936302870529, 944892805120, 953482739712, 979252543489, 987842478080, 987842478081, 996432412673, 1005022347264, 1005022347265, 1013612281856, 1039382085632, 1108101562368, 1108101562369, 1125281431552, 1151051235328, 1151051236101, 1159641169920, 1159641169921, 1185410973696, 1185410973697, 1211180777472, 1279900254208, 1279900254209, 1288490189606, 1305670057984, 1305670057985, 1314259992576, 1314259992577, 1314259992578, 1340029796352, 1340029796353, 1348619730944, 1357209665536, 1391569403904, 1400159338496, 1417339207680, 1425929142272, 1434519076864, 1443109011456, 1443109011457, 1443109011458, 1477468749824, 1503238553600, 1503238553601, 1511828488192, 1511828488193, 1511828488196, 1520418422784, 1529008357376, 1537598291968, 1537598291969, 1546188226560, 1546188226561, 1554778161152, 1580547964928, 1589137899520, 1623497637888, 1623497637889, 1632087572480, 1649267441665, 1675037245440, 1709396983808, 1735166787584, 1769526525952, 1769526525953, 1786706395136, 1803886264320, 1821066133504, 1821066133505, 1829656068096, 1829656068097, 1838246002688, 1846835937280, 1855425871872, 1864015806464, 1924145348608, 1941325217792, 1967095021568, 1967095021569, 1975684956160, 1984274890752, 2061584302080, 2078764171264, 2113123909632, 2121713844224, 2121713844225, 2156073582592, 2156073582593, 2190433320960, 2199023255552, 2216203124736, 2224793059328, 2233382993920, 2233382993921, 2302102470656, 2319282339840, 2336462209024, 2336462209025, 2345052143616, 2379411881984, 2388001816576, 2405181685760, 2405181685761, 2439541424128, 2499670966272, 2516850835456, 2568390443008, 2568390443009, 2594160246784, 2628519985152, 2731599200256, 2748779069440, 2757369004032, 2774548873216, 2774548873217, 2826088480769, 2834678415360, 2843268349952, 2843268349953, 2843268349954, 2860448219136, 2869038153728, 2869038153729, 2877628088320, 2877628088321, 2886218022912, 2886218022913, 2929167695872, 2929167695873, 2963527434240, 2963527434241, 2963527434242, 2963527434243, 2972117368832, 2972117368834, 3006477107200, 3075196583936, 3083786518528, 3118146256896, 3135326126080, 3143916060672, 3178275799040, 3204045602816, 3212635537408, 3246995275776, 3255585210368, 3255585210369, 3264175144960, 3272765079552, 3281355014144, 3307124817920, 3315714752512, 3341484556288, 3384434229248, 3393024163840, 3401614098432, 3410204033024]
2026-08-18 12:01:28,310 [INFO] Fetching Frontiers publication IDs...
2026-08-18 12:01:31,167 [INFO]   319,329 Frontiers publications
2026-08-18 12:01:31,167 [INFO] Building ego network (top 50,000 external papers)...
2026-08-18 12:01:31,184 [INFO]   Ego batch 1/7...
2026-08-18 12:01:40,277 [INFO]   Ego batch 2/7...
2026-08-18 12:01:49,459 [INFO]   Ego batch 3/7...
2026-08-18 12:01:58,526 [INFO]   Ego batch 4/7...
2026-08-18 12:02:07,576 [INFO]   Ego batch 5/7...
2026-08-18 12:02:17,026 [INFO]   Ego batch 6/7...
2026-08-18 12:02:26,366 [INFO]   Ego batch 7/7...
2026-08-18 12:02:38,181 [INFO]   Raw edges: 17,396,439
2026-08-18 12:03:07,928 [INFO]   Filtered: 2,009,134 edges, 305,622 nodes
2026-08-18 12:03:08,645 [INFO] Fetching metadata for 305,622 nodes...
2026-08-18 12:03:08,661 [INFO]   Metadata batch 1/16...
2026-08-18 12:03:13,737 [INFO]   Metadata batch 2/16...
2026-08-18 12:03:18,333 [INFO]   Metadata batch 3/16...
2026-08-18 12:03:23,788 [INFO]   Metadata batch 4/16...
2026-08-18 12:03:28,913 [INFO]   Metadata batch 5/16...
2026-08-18 12:03:33,649 [INFO]   Metadata batch 6/16...
2026-08-18 12:03:38,224 [INFO]   Metadata batch 7/16...
2026-08-18 12:03:43,023 [INFO]   Metadata batch 8/16...
2026-08-18 12:03:48,223 [INFO]   Metadata batch 9/16...
2026-08-18 12:03:53,707 [INFO]   Metadata batch 10/16...
2026-08-18 12:03:58,991 [INFO]   Metadata batch 11/16...
2026-08-18 12:04:04,189 [INFO]   Metadata batch 12/16...
2026-08-18 12:04:09,332 [INFO]   Metadata batch 13/16...
2026-08-18 12:04:14,737 [INFO]   Metadata batch 14/16...
2026-08-18 12:04:21,716 [INFO]   Metadata batch 15/16...
2026-08-18 12:04:27,298 [INFO]   Metadata batch 16/16...
2026-08-18 12:04:31,137 [INFO]   305,622 nodes (257,569 Frontiers core)
2026-08-18 12:04:31,197 [INFO] Applying edge weights (temporal decay + self-citation discount)...
2026-08-18 12:04:33,450 [INFO]   Decay mean=0.244  |  Self-citations: 105,403
2026-08-18 12:04:33,454 [INFO]   Combined weight mean=0.229
2026-08-18 12:04:33,480 [INFO] Computing bibliographic coupling (min shared refs=3)...
2026-08-18 12:04:33,495 [INFO]   BC batch 1/16...
2026-08-18 12:04:37,852 [INFO]     594,376 BC edges
2026-08-18 12:04:37,859 [INFO]   BC batch 2/16...
2026-08-18 12:04:41,752 [INFO]     557,455 BC edges
2026-08-18 12:04:41,756 [INFO]   BC batch 3/16...
2026-08-18 12:04:48,249 [INFO]     594,897 BC edges
2026-08-18 12:04:48,253 [INFO]   BC batch 4/16...
2026-08-18 12:04:52,533 [INFO]     546,371 BC edges
2026-08-18 12:04:52,538 [INFO]   BC batch 5/16...
2026-08-18 12:04:57,061 [INFO]     552,072 BC edges
2026-08-18 12:04:57,065 [INFO]   BC batch 6/16...
2026-08-18 12:05:01,440 [INFO]     594,538 BC edges
2026-08-18 12:05:01,445 [INFO]   BC batch 7/16...
2026-08-18 12:05:05,542 [INFO]     595,342 BC edges
2026-08-18 12:05:05,546 [INFO]   BC batch 8/16...
2026-08-18 12:05:09,488 [INFO]     483,221 BC edges
2026-08-18 12:05:09,493 [INFO]   BC batch 9/16...
2026-08-18 12:05:14,742 [INFO]     440,135 BC edges
2026-08-18 12:05:14,747 [INFO]   BC batch 10/16...
2026-08-18 12:05:19,591 [INFO]     466,609 BC edges
2026-08-18 12:05:19,596 [INFO]   BC batch 11/16...
2026-08-18 12:05:23,905 [INFO]     502,624 BC edges
2026-08-18 12:05:23,909 [INFO]   BC batch 12/16...
2026-08-18 12:05:28,383 [INFO]     482,482 BC edges
2026-08-18 12:05:28,388 [INFO]   BC batch 13/16...
2026-08-18 12:05:32,725 [INFO]     452,513 BC edges
2026-08-18 12:05:32,729 [INFO]   BC batch 14/16...
2026-08-18 12:05:37,114 [INFO]     453,205 BC edges
2026-08-18 12:05:37,119 [INFO]   BC batch 15/16...
2026-08-18 12:05:41,239 [INFO]     492,832 BC edges
2026-08-18 12:05:41,243 [INFO]   BC batch 16/16...
2026-08-18 12:05:45,878 [INFO]     524,846 BC edges
2026-08-18 12:05:47,289 [INFO]   Total BC edges: 8,333,518
2026-08-18 12:05:47,350 [INFO] Merging direct citation and BC edges...
2026-08-18 12:05:52,537 [INFO]   Merged: 6,111,603 edges (mean weight=0.154)
2026-08-18 12:05:52,786 [INFO] Writing CWTS files to ../cwts_output/  (305,622 nodes)...
2026-08-18 12:05:55,361 [INFO]   pubs.txt        : 305,622 rows  (257,569 Frontiers)
2026-08-18 12:06:00,555 [INFO] 305622 out of 305622 rows loaded.
2026-08-18 12:06:00,555 [INFO]   → BigQuery: raw_citation_network_data.pubs_raw_20260818_120128
2026-08-18 12:06:03,339 [INFO]   pub_metadata.txt: 305,622 rows
2026-08-18 12:06:11,582 [INFO] 305622 out of 305622 rows loaded.
2026-08-18 12:06:11,582 [INFO]   → BigQuery: raw_citation_network_data.pub_metadata_raw_20260818_120128
2026-08-18 12:06:34,590 [INFO]   cit_links.txt   : 12,161,208 rows  (6,080,604 unique × 2 directions)
2026-08-18 12:06:47,780 [INFO] 12161208 out of 12161208 rows loaded.
2026-08-18 12:06:47,780 [INFO]   → BigQuery: raw_citation_network_data.cit_links_raw_20260818_120128
2026-08-18 12:06:47,780 [INFO] ============================================================
2026-08-18 12:06:47,780 [INFO] Running CWTS Classification
2026-08-18 12:06:47,780 [INFO] ============================================================
2026-08-18 12:06:47,780 [INFO]   JAR: publicationclassification.jar
2026-08-18 12:06:47,780 [INFO]   Parameters:
2026-08-18 12:06:47,780 [INFO]     largest_component_only: false
2026-08-18 12:06:47,780 [INFO]     iterations: 100
2026-08-18 12:06:47,780 [INFO]     micro_resolution: 5e-3
2026-08-18 12:06:47,780 [INFO]     micro_min_cluster_size: 1000
2026-08-18 12:06:47,781 [INFO]     meso_resolution: 5e-5
2026-08-18 12:06:47,781 [INFO]     meso_min_cluster_size: 5000
2026-08-18 12:06:47,781 [INFO]     macro_resolution: 1e-5
2026-08-18 12:06:47,781 [INFO]     macro_min_cluster_size: 2000
2026-08-18 12:06:47,781 [INFO]   Running command...
2026-08-18 12:08:59,346 [INFO]   Log written to: ../cwts_logs/cwts_classification_20260818_120128.log
2026-08-18 12:08:59,346 [INFO]   STDOUT: PublicationClassificationCreator version 1.1.0
By Nees Jan van Eck
Centre for Science and Technology Studies (CWTS), Leiden University

Reading citation network from file... Finished!
Reading citation...
2026-08-18 12:08:59,346 [INFO]   Classification complete: ../cwts_output/classification.txt
2026-08-18 12:08:59,346 [INFO] Uploading classification to BigQuery...
2026-08-18 12:08:59,391 [INFO]   Loaded 305,622 rows
2026-08-18 12:08:59,392 [INFO]   Micro clusters: 725
2026-08-18 12:08:59,394 [INFO]   Meso clusters:  597
2026-08-18 12:08:59,395 [INFO]   Macro clusters: 576
2026-08-18 12:09:04,151 [INFO] 305622 out of 305622 rows loaded.
2026-08-18 12:09:04,151 [INFO]   → BigQuery: raw_citation_network_data.classification_raw_20260818_120128
2026-08-18 12:09:08,012 [INFO] 1 out of 1 rows loaded.
2026-08-18 12:09:08,012 [INFO]   → BigQuery: raw_citation_network_data.run_metadata_20260818_120128
2026-08-18 12:09:08,012 [INFO] Done!!!!
