2026-06-18 10:28:50,620 [INFO] ============================================================
2026-06-18 10:28:50,621 [INFO] Configuration
2026-06-18 10:28:50,621 [INFO] ============================================================
2026-06-18 10:28:50,621 [INFO]   BQ_PROJECT              : ocean-tech-adv-analytics-p-usr
2026-06-18 10:28:50,621 [INFO]   AIRAK_DATASET           : ocean-breeze-tier-1.airak
2026-06-18 10:28:50,621 [INFO]   NETWORK_MODE            : ego
2026-06-18 10:28:50,621 [INFO]   START_YEAR              : 2020
2026-06-18 10:28:50,621 [INFO]   END_YEAR                : 2026
2026-06-18 10:28:50,622 [INFO]   TOP_N_JOURNALS          : 5
2026-06-18 10:28:50,622 [INFO]   JOURNAL_IDS_OVERRIDE    : (none)
2026-06-18 10:28:50,622 [INFO]   ENABLE_EDGE_WEIGHTS     : True
2026-06-18 10:28:50,622 [INFO]   TEMPORAL_DECAY_TAU      : 5.0
2026-06-18 10:28:50,622 [INFO]   SELF_CITE_JOURNAL_WEIGHT: 0.5
2026-06-18 10:28:50,622 [INFO]   ENABLE_BC_EDGES         : True
2026-06-18 10:28:50,622 [INFO]   BC_MIN_SHARED_REFS      : 3
2026-06-18 10:28:50,622 [INFO]   MAX_EXTERNAL_PAPERS     : 50000
2026-06-18 10:28:50,622 [INFO]   OUTPUT_DIR              : cwts_output
2026-06-18 10:28:50,622 [INFO] ============================================================
2026-06-18 10:28:50,622 [INFO] ============================================================
2026-06-18 10:28:50,622 [INFO] CWTS Export — Edge Weight Builder
2026-06-18 10:28:50,622 [INFO]   Mode: EGO  |  Years: 2020-2026
2026-06-18 10:28:50,622 [INFO]   Edge weights: ON
2026-06-18 10:28:50,622 [INFO] ============================================================
2026-06-18 10:28:50,622 [INFO] Fetching top 5 Frontiers journals by publication count...
2026-06-18 10:28:55,049 [INFO]   Journal IDs: [3315714752512, 2405181685761, 2972117368834, 2379411881984, 1013612281856]
2026-06-18 10:28:55,050 [INFO] Fetching Frontiers publication IDs...
2026-06-18 10:29:01,511 [INFO]   160,424 Frontiers publications
2026-06-18 10:29:01,512 [INFO] Building ego network (top 50,000 external papers)...
2026-06-18 10:29:01,532 [INFO]   Ego batch 1/4...
2026-06-18 10:30:57,280 [INFO]   Ego batch 2/4...
2026-06-18 10:32:49,148 [INFO]   Ego batch 3/4...
2026-06-18 10:34:31,269 [INFO]   Ego batch 4/4...
2026-06-18 10:35:04,743 [INFO]   Raw edges: 10,872,154
2026-06-18 10:35:25,143 [INFO]   Filtered: 1,695,996 edges, 188,156 nodes
2026-06-18 10:35:25,538 [INFO] Fetching metadata for 188,156 nodes...
2026-06-18 10:35:25,549 [INFO]   Metadata batch 1/10...
2026-06-18 10:35:34,326 [INFO]   Metadata batch 2/10...
2026-06-18 10:35:42,054 [INFO]   Metadata batch 3/10...
2026-06-18 10:35:49,855 [INFO]   Metadata batch 4/10...
2026-06-18 10:35:58,080 [INFO]   Metadata batch 5/10...
2026-06-18 10:36:05,892 [INFO]   Metadata batch 6/10...
2026-06-18 10:36:13,331 [INFO]   Metadata batch 7/10...
2026-06-18 10:36:21,442 [INFO]   Metadata batch 8/10...
2026-06-18 10:36:29,536 [INFO]   Metadata batch 9/10...
2026-06-18 10:36:37,907 [INFO]   Metadata batch 10/10...
2026-06-18 10:36:43,851 [INFO]   188,156 nodes (139,259 Frontiers core)
2026-06-18 10:36:43,880 [INFO] Applying edge weights (temporal decay + self-citation discount)...
2026-06-18 10:36:46,063 [INFO]   Decay mean=0.191  |  Self-citations: 149,087
2026-06-18 10:36:46,068 [INFO]   Combined weight mean=0.174
2026-06-18 10:36:46,124 [INFO] Computing bibliographic coupling (min shared refs=3)...
2026-06-18 10:36:46,141 [INFO]   BC batch 1/9...
2026-06-18 10:37:25,801 [INFO]     967,046 BC edges
2026-06-18 10:37:25,807 [INFO]   BC batch 2/9...
2026-06-18 10:38:01,647 [INFO]     942,574 BC edges
2026-06-18 10:38:01,651 [INFO]   BC batch 3/9...
2026-06-18 10:38:43,268 [INFO]     998,037 BC edges
2026-06-18 10:38:43,273 [INFO]   BC batch 4/9...
2026-06-18 10:39:21,433 [INFO]     915,312 BC edges
2026-06-18 10:39:21,438 [INFO]   BC batch 5/9...
2026-06-18 10:39:56,664 [INFO]     832,758 BC edges
2026-06-18 10:39:56,668 [INFO]   BC batch 6/9...
2026-06-18 10:40:29,127 [INFO]     717,726 BC edges
2026-06-18 10:40:29,132 [INFO]   BC batch 7/9...
2026-06-18 10:41:05,491 [INFO]     901,869 BC edges
2026-06-18 10:41:05,496 [INFO]   BC batch 8/9...
2026-06-18 10:41:44,694 [INFO]     973,015 BC edges
2026-06-18 10:41:44,695 [INFO]   BC batch 9/9...
2026-06-18 10:41:48,348 [INFO]     23,831 BC edges
2026-06-18 10:41:49,741 [INFO]   Total BC edges: 7,272,168
2026-06-18 10:41:49,840 [INFO] Merging direct citation and BC edges...
2026-06-18 10:41:55,462 [INFO]   Merged: 5,267,853 edges (mean weight=0.132)
2026-06-18 10:41:55,719 [INFO] Writing CWTS files to cwts_output/  (188,156 nodes)...
2026-06-18 10:42:01,998 [INFO]   pubs.txt        : 188,156 rows  (0 Frontiers)
2026-06-18 10:42:09,745 [INFO] 188156 out of 188156 rows loaded.
2026-06-18 10:42:09,745 [INFO]   → BigQuery: scope_drift_raw.pubs_raw_20260618_102847
