2026-06-16 14:34:28,262 [INFO] ============================================================
2026-06-16 14:34:28,262 [INFO] Configuration
2026-06-16 14:34:28,262 [INFO] ============================================================
2026-06-16 14:34:28,263 [INFO]   BQ_PROJECT              : ocean-tech-adv-analytics-p-usr
2026-06-16 14:34:28,263 [INFO]   AIRAK_DATASET           : ocean-breeze-tier-1.airak
2026-06-16 14:34:28,263 [INFO]   NETWORK_MODE            : global
2026-06-16 14:34:28,263 [INFO]   START_YEAR              : 2026
2026-06-16 14:34:28,263 [INFO]   END_YEAR                : 2026
2026-06-16 14:34:28,264 [INFO]   TOP_N_JOURNALS          : 5
2026-06-16 14:34:28,264 [INFO]   JOURNAL_IDS_OVERRIDE    : (none)
2026-06-16 14:34:28,264 [INFO]   ENABLE_EDGE_WEIGHTS     : True
2026-06-16 14:34:28,264 [INFO]   TEMPORAL_DECAY_TAU      : 5.0
2026-06-16 14:34:28,265 [INFO]   SELF_CITE_JOURNAL_WEIGHT: 0.5
2026-06-16 14:34:28,265 [INFO]   ENABLE_BC_EDGES         : True
2026-06-16 14:34:28,265 [INFO]   BC_MIN_SHARED_REFS      : 3
2026-06-16 14:34:28,265 [INFO]   MAX_EXTERNAL_PAPERS     : 50000
2026-06-16 14:34:28,265 [INFO]   OUTPUT_DIR              : cwts_output
2026-06-16 14:34:28,265 [INFO] ============================================================
2026-06-16 14:34:28,266 [INFO] ============================================================
2026-06-16 14:34:28,266 [INFO] CWTS Export — Edge Weight Builder
2026-06-16 14:34:28,266 [INFO]   Mode: GLOBAL  |  Years: 2026-2026
2026-06-16 14:34:28,266 [INFO]   Edge weights: ON
2026-06-16 14:34:28,266 [INFO] ============================================================
2026-06-16 14:34:28,267 [INFO] Fetching top 5 Frontiers journals by publication count...
2026-06-16 14:34:32,070 [INFO]   Journal IDs: [3315714752512, 2826088480769, 2379411881984, 2405181685761, 2972117368834]
2026-06-16 14:34:32,072 [INFO] Fetching Frontiers publication IDs...
2026-06-16 14:34:36,948 [INFO]   16,999 Frontiers publications
2026-06-16 14:34:36,948 [INFO] Building GLOBAL network for 2026-2026 (every publication, no journal filter)...
2026-06-16 14:34:57,994 [INFO]   530,777 edges, 549,424 nodes (1,751 Frontiers core)
2026-06-16 14:34:57,994 [WARNING] Global mode: disabling bibliographic-coupling edges (no journal scope; query would be unbounded).
2026-06-16 14:34:57,994 [INFO] Fetching metadata for 549,424 nodes...
2026-06-16 14:34:58,030 [INFO]   Metadata batch 1/28...
2026-06-16 14:35:05,250 [INFO]   Metadata batch 2/28...
2026-06-16 14:35:13,017 [INFO]   Metadata batch 3/28...
2026-06-16 14:35:19,553 [INFO]   Metadata batch 4/28...
2026-06-16 14:35:26,516 [INFO]   Metadata batch 5/28...
2026-06-16 14:35:33,914 [INFO]   Metadata batch 6/28...
2026-06-16 14:35:40,609 [INFO]   Metadata batch 7/28...
2026-06-16 14:35:46,847 [INFO]   Metadata batch 8/28...
2026-06-16 14:35:52,785 [INFO]   Metadata batch 9/28...
2026-06-16 14:35:59,154 [INFO]   Metadata batch 10/28...
2026-06-16 14:36:05,291 [INFO]   Metadata batch 11/28...
2026-06-16 14:36:11,459 [INFO]   Metadata batch 12/28...
2026-06-16 14:36:17,524 [INFO]   Metadata batch 13/28...
2026-06-16 14:36:23,346 [INFO]   Metadata batch 14/28...
2026-06-16 14:36:29,272 [INFO]   Metadata batch 15/28...
2026-06-16 14:36:35,532 [INFO]   Metadata batch 16/28...
2026-06-16 14:36:41,813 [INFO]   Metadata batch 17/28...
2026-06-16 14:36:47,980 [INFO]   Metadata batch 18/28...
2026-06-16 14:36:54,132 [INFO]   Metadata batch 19/28...
2026-06-16 14:36:59,953 [INFO]   Metadata batch 20/28...
2026-06-16 14:37:06,260 [INFO]   Metadata batch 21/28...
2026-06-16 14:37:12,605 [INFO]   Metadata batch 22/28...
2026-06-16 14:37:18,830 [INFO]   Metadata batch 23/28...
2026-06-16 14:37:25,232 [INFO]   Metadata batch 24/28...
2026-06-16 14:37:31,420 [INFO]   Metadata batch 25/28...
2026-06-16 14:37:37,118 [INFO]   Metadata batch 26/28...
2026-06-16 14:37:42,792 [INFO]   Metadata batch 27/28...
2026-06-16 14:37:48,897 [INFO]   Metadata batch 28/28...
2026-06-16 14:37:53,054 [INFO]   549,424 nodes (1,751 Frontiers core)
2026-06-16 14:37:53,235 [INFO] Applying edge weights (temporal decay + self-citation discount)...
2026-06-16 14:38:10,554 [INFO]   Decay mean=1.000  |  Self-citations: 37,374
2026-06-16 14:38:10,557 [INFO]   Combined weight mean=0.965
2026-06-16 14:38:10,614 [INFO] BC edges disabled (ENABLE_BC_EDGES=false)
2026-06-16 14:38:11,431 [INFO] Writing CWTS files to cwts_output/  (549,424 nodes)...
2026-06-16 14:38:51,547 [INFO]   pubs.txt        : 549,424 rows  (0 Frontiers)
2026-06-16 14:39:03,435 [INFO] 549424 out of 549424 rows loaded.
2026-06-16 14:39:03,436 [INFO]   → BigQuery: scope_drift_raw.pubs_raw_20260616_143424
2026-06-16 14:39:53,467 [INFO]   pub_metadata.txt: 549,424 rows
2026-06-16 14:40:05,210 [INFO] 549424 out of 549424 rows loaded.
2026-06-16 14:40:05,211 [INFO]   → BigQuery: scope_drift_raw.pub_metadata_raw_20260616_143424
2026-06-16 14:40:21,792 [INFO]   cit_links.txt   : 1,057,458 rows  (528,729 unique × 2 directions)
2026-06-16 14:40:37,164 [INFO] 1057458 out of 1057458 rows loaded.
2026-06-16 14:40:37,165 [INFO]   → BigQuery: scope_drift_raw.cit_links_raw_20260616_143424
