2026-06-17 18:38:20,366 [INFO] ============================================================
2026-06-17 18:38:20,367 [INFO] Configuration
2026-06-17 18:38:20,367 [INFO] ============================================================
2026-06-17 18:38:20,367 [INFO]   BQ_PROJECT              : ocean-tech-adv-analytics-p-usr
2026-06-17 18:38:20,367 [INFO]   AIRAK_DATASET           : ocean-breeze-tier-1.airak
2026-06-17 18:38:20,367 [INFO]   NETWORK_MODE            : full
2026-06-17 18:38:20,367 [INFO]   START_YEAR              : 2020
2026-06-17 18:38:20,367 [INFO]   END_YEAR                : 2026
2026-06-17 18:38:20,368 [INFO]   TOP_N_JOURNALS          : 5
2026-06-17 18:38:20,368 [INFO]   JOURNAL_IDS_OVERRIDE    : (none)
2026-06-17 18:38:20,368 [INFO]   ENABLE_EDGE_WEIGHTS     : True
2026-06-17 18:38:20,368 [INFO]   TEMPORAL_DECAY_TAU      : 5.0
2026-06-17 18:38:20,368 [INFO]   SELF_CITE_JOURNAL_WEIGHT: 0.5
2026-06-17 18:38:20,368 [INFO]   ENABLE_BC_EDGES         : True
2026-06-17 18:38:20,368 [INFO]   BC_MIN_SHARED_REFS      : 3
2026-06-17 18:38:20,368 [INFO]   MAX_EXTERNAL_PAPERS     : 50000
2026-06-17 18:38:20,369 [INFO]   OUTPUT_DIR              : cwts_output
2026-06-17 18:38:20,369 [INFO] ============================================================
2026-06-17 18:38:20,369 [INFO] ============================================================
2026-06-17 18:38:20,369 [INFO] CWTS Export — Edge Weight Builder
2026-06-17 18:38:20,369 [INFO]   Mode: FULL  |  Years: 2020-2026
2026-06-17 18:38:20,369 [INFO]   Edge weights: ON
2026-06-17 18:38:20,369 [INFO] ============================================================
2026-06-17 18:38:20,369 [INFO] Fetching top 5 Frontiers journals by publication count...
2026-06-17 18:38:25,609 [INFO]   Journal IDs: [3315714752512, 2405181685761, 2972117368834, 2379411881984, 1013612281856]
2026-06-17 18:38:25,610 [INFO] Fetching Frontiers publication IDs...
2026-06-17 18:38:31,041 [INFO]   160,424 Frontiers publications
2026-06-17 18:38:31,042 [INFO] Building full network (Frontiers + related journals)...
2026-06-17 18:38:31,042 [INFO]   Finding journals citing Frontiers...
2026-06-17 18:38:36,166 [INFO]   Finding journals cited by Frontiers...
2026-06-17 18:38:40,217 [INFO]   6279 journals in network (6274 related + 5 Frontiers)
