2026-06-17 08:19:04,051 [INFO] ============================================================
2026-06-17 08:19:04,051 [INFO] Configuration
2026-06-17 08:19:04,051 [INFO] ============================================================
2026-06-17 08:19:04,051 [INFO]   BQ_PROJECT              : ocean-tech-adv-analytics-p-usr
2026-06-17 08:19:04,051 [INFO]   AIRAK_DATASET           : ocean-breeze-tier-1.airak
2026-06-17 08:19:04,051 [INFO]   NETWORK_MODE            : ego
2026-06-17 08:19:04,051 [INFO]   START_YEAR              : 2026
2026-06-17 08:19:04,051 [INFO]   END_YEAR                : 2026
2026-06-17 08:19:04,051 [INFO]   TOP_N_JOURNALS          : 5
2026-06-17 08:19:04,051 [INFO]   JOURNAL_IDS_OVERRIDE    : (none)
2026-06-17 08:19:04,051 [INFO]   ENABLE_EDGE_WEIGHTS     : True
2026-06-17 08:19:04,051 [INFO]   TEMPORAL_DECAY_TAU      : 5.0
2026-06-17 08:19:04,051 [INFO]   SELF_CITE_JOURNAL_WEIGHT: 0.5
2026-06-17 08:19:04,051 [INFO]   ENABLE_BC_EDGES         : True
2026-06-17 08:19:04,051 [INFO]   BC_MIN_SHARED_REFS      : 3
2026-06-17 08:19:04,051 [INFO]   MAX_EXTERNAL_PAPERS     : 50000
2026-06-17 08:19:04,051 [INFO]   OUTPUT_DIR              : cwts_output
2026-06-17 08:19:04,051 [INFO] ============================================================
2026-06-17 08:19:04,051 [INFO] ============================================================
2026-06-17 08:19:04,051 [INFO] CWTS Export — Edge Weight Builder
2026-06-17 08:19:04,051 [INFO]   Mode: EGO  |  Years: 2026-2026
2026-06-17 08:19:04,051 [INFO]   Edge weights: ON
2026-06-17 08:19:04,051 [INFO] ============================================================
2026-06-17 08:19:04,051 [INFO] Fetching top 5 Frontiers journals by publication count...
2026-06-17 08:19:05,863 [INFO]   Journal IDs: [3315714752512, 2826088480769, 2379411881984, 2405181685761, 2972117368834]
2026-06-17 08:19:05,864 [INFO] Fetching Frontiers publication IDs...
2026-06-17 08:19:07,894 [INFO]   16,999 Frontiers publications
2026-06-17 08:19:07,894 [INFO] Building ego network (top 50,000 external papers)...
2026-06-17 08:19:07,896 [INFO]   Ego batch 1/1...
2026-06-17 08:19:21,228 [INFO]   Raw edges: 368,100
2026-06-17 08:19:21,685 [INFO]   Filtered: 98,769 edges, 57,141 nodes
2026-06-17 08:19:21,704 [INFO] Fetching metadata for 57,141 nodes...
2026-06-17 08:19:21,708 [INFO]   Metadata batch 1/3...
2026-06-17 08:19:25,577 [INFO]   Metadata batch 2/3...
2026-06-17 08:19:29,147 [INFO]   Metadata batch 3/3...
2026-06-17 08:19:33,635 [INFO]   57,141 nodes (9,776 Frontiers core)
2026-06-17 08:19:33,637 [INFO] Applying edge weights (temporal decay + self-citation discount)...
2026-06-17 08:19:33,765 [INFO]   Decay mean=0.303  |  Self-citations: 3,614
2026-06-17 08:19:33,765 [INFO]   Combined weight mean=0.295
2026-06-17 08:19:33,767 [INFO] Computing bibliographic coupling (min shared refs=3)...
2026-06-17 08:19:33,769 [INFO]   BC batch 1/1...
2026-06-17 08:19:36,710 [INFO]     10,614 BC edges
2026-06-17 08:19:36,712 [INFO]   Total BC edges: 10,614
2026-06-17 08:19:36,713 [INFO] Merging direct citation and BC edges...
2026-06-17 08:19:36,760 [INFO]   Merged: 104,055 edges (mean weight=0.286)
2026-06-17 08:19:36,783 [INFO] Writing CWTS files to cwts_output/  (57,141 nodes)...
2026-06-17 08:19:37,722 [INFO]   pubs.txt        : 57,141 rows  (9,776 Frontiers)
2026-06-17 08:19:43,878 [INFO] 57141 out of 57141 rows loaded.
2026-06-17 08:19:43,878 [INFO]   → BigQuery: scope_drift_raw.pubs_raw_20260617_081904
2026-06-17 08:19:44,357 [INFO]   pub_metadata.txt: 57,141 rows
2026-06-17 08:19:49,640 [INFO] 57141 out of 57141 rows loaded.
2026-06-17 08:19:49,640 [INFO]   → BigQuery: scope_drift_raw.pub_metadata_raw_20260617_081904
2026-06-17 08:19:50,916 [INFO]   cit_links.txt   : 208,110 rows  (104,055 unique × 2 directions)
2026-06-17 08:19:55,904 [INFO] 208110 out of 208110 rows loaded.
2026-06-17 08:19:55,904 [INFO]   → BigQuery: scope_drift_raw.cit_links_raw_20260617_081904
