2026-06-16 15:11:54,580 [INFO] ============================================================
2026-06-16 15:11:54,580 [INFO] Configuration
2026-06-16 15:11:54,580 [INFO] ============================================================
2026-06-16 15:11:54,580 [INFO]   BQ_PROJECT              : ocean-tech-adv-analytics-p-usr
2026-06-16 15:11:54,580 [INFO]   AIRAK_DATASET           : ocean-breeze-tier-1.airak
2026-06-16 15:11:54,580 [INFO]   NETWORK_MODE            : global
2026-06-16 15:11:54,580 [INFO]   START_YEAR              : 2020
2026-06-16 15:11:54,580 [INFO]   END_YEAR                : 2026
2026-06-16 15:11:54,580 [INFO]   TOP_N_JOURNALS          : 5
2026-06-16 15:11:54,580 [INFO]   JOURNAL_IDS_OVERRIDE    : (none)
2026-06-16 15:11:54,580 [INFO]   ENABLE_EDGE_WEIGHTS     : True
2026-06-16 15:11:54,580 [INFO]   TEMPORAL_DECAY_TAU      : 5.0
2026-06-16 15:11:54,580 [INFO]   SELF_CITE_JOURNAL_WEIGHT: 0.5
2026-06-16 15:11:54,580 [INFO]   ENABLE_BC_EDGES         : True
2026-06-16 15:11:54,580 [INFO]   BC_MIN_SHARED_REFS      : 3
2026-06-16 15:11:54,580 [INFO]   MAX_EXTERNAL_PAPERS     : 50000
2026-06-16 15:11:54,580 [INFO]   OUTPUT_DIR              : cwts_output
2026-06-16 15:11:54,580 [INFO] ============================================================
2026-06-16 15:11:54,580 [INFO] ============================================================
2026-06-16 15:11:54,580 [INFO] CWTS Export — Edge Weight Builder
2026-06-16 15:11:54,580 [INFO]   Mode: GLOBAL  |  Years: 2020-2026
2026-06-16 15:11:54,580 [INFO]   Edge weights: ON
2026-06-16 15:11:54,580 [INFO] ============================================================
2026-06-16 15:11:54,580 [INFO] Fetching top 5 Frontiers journals by publication count...
2026-06-16 15:11:56,104 [INFO]   Journal IDs: [3315714752512, 2405181685761, 2972117368834, 2379411881984, 1013612281856]
2026-06-16 15:11:56,104 [INFO] Fetching Frontiers publication IDs...
2026-06-16 15:12:00,871 [INFO]   160,424 Frontiers publications
2026-06-16 15:12:00,872 [INFO] Building GLOBAL network for 2020-2026 (every publication, no journal filter)...
2026-06-16 17:10:42,453 [INFO]   294,741,048 edges, 31,144,717 nodes (145,993 Frontiers core)
2026-06-16 17:10:42,453 [WARNING] Global mode: disabling bibliographic-coupling edges (no journal scope; query would be unbounded).
2026-06-16 17:10:42,454 [INFO] Fetching metadata for 31,144,717 nodes...
2026-06-16 17:10:43,674 [INFO]   Metadata batch 1/1558...
2026-06-16 17:10:52,899 [INFO]   Metadata batch 2/1558...
2026-06-16 17:10:58,810 [INFO]   Metadata batch 3/1558...
2026-06-16 17:11:05,068 [INFO]   Metadata batch 4/1558...
2026-06-16 17:11:11,350 [INFO]   Metadata batch 5/1558...
2026-06-16 17:11:17,420 [INFO]   Metadata batch 6/1558...
2026-06-16 17:11:23,133 [INFO]   Metadata batch 7/1558...
2026-06-16 17:11:29,896 [INFO]   Metadata batch 8/1558...
2026-06-16 17:11:35,501 [INFO]   Metadata batch 9/1558...
2026-06-16 17:11:44,651 [INFO]   Metadata batch 10/1558...
2026-06-16 17:11:50,897 [INFO]   Metadata batch 11/1558...
2026-06-16 17:11:56,914 [INFO]   Metadata batch 12/1558...
2026-06-16 17:12:02,311 [INFO]   Metadata batch 13/1558...
2026-06-16 17:12:07,977 [INFO]   Metadata batch 14/1558...
2026-06-16 17:12:14,062 [INFO]   Metadata batch 15/1558...
2026-06-16 17:12:19,933 [INFO]   Metadata batch 16/1558...
2026-06-16 17:12:25,767 [INFO]   Metadata batch 17/1558...
2026-06-16 17:12:32,755 [INFO]   Metadata batch 18/1558...
2026-06-16 17:12:38,928 [INFO]   Metadata batch 19/1558...
2026-06-16 17:12:44,884 [INFO]   Metadata batch 20/1558...
2026-06-16 17:12:50,997 [INFO]   Metadata batch 21/1558...
2026-06-16 17:12:57,491 [INFO]   Metadata batch 22/1558...
2026-06-16 17:13:03,886 [INFO]   Metadata batch 23/1558...
2026-06-16 17:13:09,983 [INFO]   Metadata batch 24/1558...
2026-06-16 17:13:15,920 [INFO]   Metadata batch 25/1558...
2026-06-16 17:13:21,981 [INFO]   Metadata batch 26/1558...
2026-06-16 17:13:27,882 [INFO]   Metadata batch 27/1558...
2026-06-16 17:13:34,189 [INFO]   Metadata batch 28/1558...
2026-06-16 17:13:40,305 [INFO]   Metadata batch 29/1558...
2026-06-16 17:13:46,161 [INFO]   Metadata batch 30/1558...
2026-06-16 17:13:51,494 [INFO]   Metadata batch 31/1558...
2026-06-16 17:13:57,218 [INFO]   Metadata batch 32/1558...
2026-06-16 17:14:03,052 [INFO]   Metadata batch 33/1558...
2026-06-16 17:14:08,887 [INFO]   Metadata batch 34/1558...
2026-06-16 17:14:14,884 [INFO]   Metadata batch 35/1558...
2026-06-16 17:14:20,413 [INFO]   Metadata batch 36/1558...
2026-06-16 17:14:25,886 [INFO]   Metadata batch 37/1558...
2026-06-16 17:14:31,520 [INFO]   Metadata batch 38/1558...
2026-06-16 17:14:37,013 [INFO]   Metadata batch 39/1558...
2026-06-16 17:14:42,726 [INFO]   Metadata batch 40/1558...
2026-06-16 17:14:48,682 [INFO]   Metadata batch 41/1558...
2026-06-16 17:14:54,523 [INFO]   Metadata batch 42/1558...
2026-06-16 17:15:00,102 [INFO]   Metadata batch 43/1558...
2026-06-16 17:15:05,982 [INFO]   Metadata batch 44/1558...
2026-06-16 17:15:12,010 [INFO]   Metadata batch 45/1558...
2026-06-16 17:15:17,725 [INFO]   Metadata batch 46/1558...
2026-06-16 17:15:23,419 [INFO]   Metadata batch 47/1558...
2026-06-16 17:15:29,957 [INFO]   Metadata batch 48/1558...
2026-06-16 17:15:36,417 [INFO]   Metadata batch 49/1558...
2026-06-16 17:15:42,704 [INFO]   Metadata batch 50/1558...
2026-06-16 17:15:48,813 [INFO]   Metadata batch 51/1558...
2026-06-16 17:15:54,637 [INFO]   Metadata batch 52/1558...
2026-06-16 17:16:00,866 [INFO]   Metadata batch 53/1558...
2026-06-16 17:16:07,410 [INFO]   Metadata batch 54/1558...
2026-06-16 17:16:14,076 [INFO]   Metadata batch 55/1558...
2026-06-16 17:16:20,162 [INFO]   Metadata batch 56/1558...
2026-06-16 17:16:26,008 [INFO]   Metadata batch 57/1558...
2026-06-16 17:16:31,883 [INFO]   Metadata batch 58/1558...
2026-06-16 17:16:38,098 [INFO]   Metadata batch 59/1558...
2026-06-16 17:16:43,949 [INFO]   Metadata batch 60/1558...
2026-06-16 17:16:49,711 [INFO]   Metadata batch 61/1558...
2026-06-16 17:16:55,323 [INFO]   Metadata batch 62/1558...
2026-06-16 17:17:00,828 [INFO]   Metadata batch 63/1558...
2026-06-16 17:17:07,006 [INFO]   Metadata batch 64/1558...
2026-06-16 17:17:12,856 [INFO]   Metadata batch 65/1558...
2026-06-16 17:17:18,984 [INFO]   Metadata batch 66/1558...
2026-06-16 17:17:24,954 [INFO]   Metadata batch 67/1558...
2026-06-16 17:17:32,161 [INFO]   Metadata batch 68/1558...
2026-06-16 17:17:37,738 [INFO]   Metadata batch 69/1558...
2026-06-16 17:17:44,053 [INFO]   Metadata batch 70/1558...
2026-06-16 17:17:49,980 [INFO]   Metadata batch 71/1558...
2026-06-16 17:17:56,367 [INFO]   Metadata batch 72/1558...
2026-06-16 17:18:02,497 [INFO]   Metadata batch 73/1558...
2026-06-16 17:18:08,313 [INFO]   Metadata batch 74/1558...
2026-06-16 17:18:14,945 [INFO]   Metadata batch 75/1558...
2026-06-16 17:18:20,162 [INFO]   Metadata batch 76/1558...
2026-06-16 17:18:26,059 [INFO]   Metadata batch 77/1558...
2026-06-16 17:18:31,710 [INFO]   Metadata batch 78/1558...
2026-06-16 17:18:37,888 [INFO]   Metadata batch 79/1558...
2026-06-16 17:18:43,392 [INFO]   Metadata batch 80/1558...
2026-06-16 17:18:48,953 [INFO]   Metadata batch 81/1558...
2026-06-16 17:18:54,945 [INFO]   Metadata batch 82/1558...
2026-06-16 17:19:01,026 [INFO]   Metadata batch 83/1558...
2026-06-16 17:19:06,552 [INFO]   Metadata batch 84/1558...
2026-06-16 17:19:12,468 [INFO]   Metadata batch 85/1558...
2026-06-16 17:19:18,603 [INFO]   Metadata batch 86/1558...
2026-06-16 17:19:24,056 [INFO]   Metadata batch 87/1558...
2026-06-16 17:19:30,976 [INFO]   Metadata batch 88/1558...
2026-06-16 17:19:37,551 [INFO]   Metadata batch 89/1558...
2026-06-16 17:19:43,096 [INFO]   Metadata batch 90/1558...
2026-06-16 17:19:48,485 [INFO]   Metadata batch 91/1558...
2026-06-16 17:19:54,642 [INFO]   Metadata batch 92/1558...
2026-06-16 17:20:01,383 [INFO]   Metadata batch 93/1558...
2026-06-16 17:20:08,102 [INFO]   Metadata batch 94/1558...
2026-06-16 17:20:13,954 [INFO]   Metadata batch 95/1558...
2026-06-16 17:20:19,747 [INFO]   Metadata batch 96/1558...
2026-06-16 17:20:25,668 [INFO]   Metadata batch 97/1558...
2026-06-16 17:20:31,919 [INFO]   Metadata batch 98/1558...
2026-06-16 17:20:37,775 [INFO]   Metadata batch 99/1558...
2026-06-16 17:20:44,127 [INFO]   Metadata batch 100/1558...
2026-06-16 17:20:50,335 [INFO]   Metadata batch 101/1558...
2026-06-16 17:20:56,066 [INFO]   Metadata batch 102/1558...
2026-06-16 17:21:02,413 [INFO]   Metadata batch 103/1558...
2026-06-16 17:21:09,334 [INFO]   Metadata batch 104/1558...
2026-06-16 17:21:16,306 [INFO]   Metadata batch 105/1558...
2026-06-16 17:21:22,742 [INFO]   Metadata batch 106/1558...
2026-06-16 17:21:32,301 [INFO]   Metadata batch 107/1558...
2026-06-16 17:21:38,682 [INFO]   Metadata batch 108/1558...
2026-06-16 17:21:44,811 [INFO]   Metadata batch 109/1558...
2026-06-16 17:21:51,308 [INFO]   Metadata batch 110/1558...
2026-06-16 17:21:57,636 [INFO]   Metadata batch 111/1558...
2026-06-16 17:22:04,107 [INFO]   Metadata batch 112/1558...
2026-06-16 17:22:11,489 [INFO]   Metadata batch 113/1558...
2026-06-16 17:22:18,236 [INFO]   Metadata batch 114/1558...
2026-06-16 17:22:24,357 [INFO]   Metadata batch 115/1558...
2026-06-16 17:22:30,381 [INFO]   Metadata batch 116/1558...
2026-06-16 17:22:36,356 [INFO]   Metadata batch 117/1558...
2026-06-16 17:22:42,675 [INFO]   Metadata batch 118/1558...
2026-06-16 17:22:48,334 [INFO]   Metadata batch 119/1558...
2026-06-16 17:22:54,352 [INFO]   Metadata batch 120/1558...
2026-06-16 17:22:59,889 [INFO]   Metadata batch 121/1558...
2026-06-16 17:23:06,700 [INFO]   Metadata batch 122/1558...
2026-06-16 17:23:13,286 [INFO]   Metadata batch 123/1558...
2026-06-16 17:23:19,363 [INFO]   Metadata batch 124/1558...
2026-06-16 17:23:24,909 [INFO]   Metadata batch 125/1558...
2026-06-16 17:23:31,195 [INFO]   Metadata batch 126/1558...
2026-06-16 17:23:37,278 [INFO]   Metadata batch 127/1558...
2026-06-16 17:23:44,120 [INFO]   Metadata batch 128/1558...
2026-06-16 17:23:50,379 [INFO]   Metadata batch 129/1558...
2026-06-16 17:23:56,275 [INFO]   Metadata batch 130/1558...
2026-06-16 17:24:02,596 [INFO]   Metadata batch 131/1558...
2026-06-16 17:24:08,595 [INFO]   Metadata batch 132/1558...
2026-06-16 17:24:15,297 [INFO]   Metadata batch 133/1558...
2026-06-16 17:24:21,641 [INFO]   Metadata batch 134/1558...
2026-06-16 17:24:27,070 [INFO]   Metadata batch 135/1558...
2026-06-16 17:24:32,855 [INFO]   Metadata batch 136/1558...
2026-06-16 17:24:39,077 [INFO]   Metadata batch 137/1558...
2026-06-16 17:24:44,809 [INFO]   Metadata batch 138/1558...
2026-06-16 17:24:50,823 [INFO]   Metadata batch 139/1558...
2026-06-16 17:24:56,466 [INFO]   Metadata batch 140/1558...
2026-06-16 17:25:02,521 [INFO]   Metadata batch 141/1558...
2026-06-16 17:25:08,591 [INFO]   Metadata batch 142/1558...
2026-06-16 17:25:14,397 [INFO]   Metadata batch 143/1558...
2026-06-16 17:25:20,320 [INFO]   Metadata batch 144/1558...
2026-06-16 17:25:25,938 [INFO]   Metadata batch 145/1558...
2026-06-16 17:25:31,505 [INFO]   Metadata batch 146/1558...
2026-06-16 17:25:37,327 [INFO]   Metadata batch 147/1558...
2026-06-16 17:25:43,236 [INFO]   Metadata batch 148/1558...
2026-06-16 17:25:50,094 [INFO]   Metadata batch 149/1558...
2026-06-16 17:25:56,203 [INFO]   Metadata batch 150/1558...
2026-06-16 17:26:02,034 [INFO]   Metadata batch 151/1558...
2026-06-16 17:26:07,849 [INFO]   Metadata batch 152/1558...
2026-06-16 17:26:18,369 [INFO]   Metadata batch 153/1558...
2026-06-16 17:26:24,539 [INFO]   Metadata batch 154/1558...
2026-06-16 17:26:29,948 [INFO]   Metadata batch 155/1558...
2026-06-16 17:26:35,641 [INFO]   Metadata batch 156/1558...
2026-06-16 17:26:41,983 [INFO]   Metadata batch 157/1558...
2026-06-16 17:26:47,705 [INFO]   Metadata batch 158/1558...
2026-06-16 17:26:53,359 [INFO]   Metadata batch 159/1558...
2026-06-16 17:26:59,472 [INFO]   Metadata batch 160/1558...
2026-06-16 17:27:05,442 [INFO]   Metadata batch 161/1558...
2026-06-16 17:27:11,679 [INFO]   Metadata batch 162/1558...
2026-06-16 17:27:17,312 [INFO]   Metadata batch 163/1558...
2026-06-16 17:27:23,717 [INFO]   Metadata batch 164/1558...
2026-06-16 17:27:30,101 [INFO]   Metadata batch 165/1558...
2026-06-16 17:27:37,002 [INFO]   Metadata batch 166/1558...
2026-06-16 17:27:43,209 [INFO]   Metadata batch 167/1558...
2026-06-16 17:27:49,129 [INFO]   Metadata batch 168/1558...
2026-06-16 17:27:55,528 [INFO]   Metadata batch 169/1558...
2026-06-16 17:28:02,449 [INFO]   Metadata batch 170/1558...
2026-06-16 17:28:09,865 [INFO]   Metadata batch 171/1558...
2026-06-16 17:28:17,596 [INFO]   Metadata batch 172/1558...
2026-06-16 17:28:24,880 [INFO]   Metadata batch 173/1558...
2026-06-16 17:28:32,676 [INFO]   Metadata batch 174/1558...
2026-06-16 17:28:38,751 [INFO]   Metadata batch 175/1558...
2026-06-16 17:28:45,204 [INFO]   Metadata batch 176/1558...
2026-06-16 17:28:51,113 [INFO]   Metadata batch 177/1558...
2026-06-16 17:28:57,562 [INFO]   Metadata batch 178/1558...
2026-06-16 17:29:03,411 [INFO]   Metadata batch 179/1558...
2026-06-16 17:29:08,984 [INFO]   Metadata batch 180/1558...
2026-06-16 17:29:15,179 [INFO]   Metadata batch 181/1558...
2026-06-16 17:29:21,970 [INFO]   Metadata batch 182/1558...
2026-06-16 17:29:28,311 [INFO]   Metadata batch 183/1558...
2026-06-16 17:29:35,067 [INFO]   Metadata batch 184/1558...
2026-06-16 17:29:40,914 [INFO]   Metadata batch 185/1558...
2026-06-16 17:29:46,779 [INFO]   Metadata batch 186/1558...
2026-06-16 17:29:52,743 [INFO]   Metadata batch 187/1558...
2026-06-16 17:29:59,179 [INFO]   Metadata batch 188/1558...
2026-06-16 17:30:05,129 [INFO]   Metadata batch 189/1558...
2026-06-16 17:30:11,712 [INFO]   Metadata batch 190/1558...
2026-06-16 17:30:17,661 [INFO]   Metadata batch 191/1558...
2026-06-16 17:30:24,184 [INFO]   Metadata batch 192/1558...
2026-06-16 17:30:31,219 [INFO]   Metadata batch 193/1558...
2026-06-16 17:30:38,401 [INFO]   Metadata batch 194/1558...
2026-06-16 17:30:44,536 [INFO]   Metadata batch 195/1558...
2026-06-16 17:30:50,346 [INFO]   Metadata batch 196/1558...
2026-06-16 17:30:57,125 [INFO]   Metadata batch 197/1558...
2026-06-16 17:31:03,280 [INFO]   Metadata batch 198/1558...
2026-06-16 17:31:09,462 [INFO]   Metadata batch 199/1558...
2026-06-16 17:31:15,362 [INFO]   Metadata batch 200/1558...
2026-06-16 17:31:21,965 [INFO]   Metadata batch 201/1558...
2026-06-16 17:31:28,089 [INFO]   Metadata batch 202/1558...
2026-06-16 17:31:34,273 [INFO]   Metadata batch 203/1558...
2026-06-16 17:31:40,174 [INFO]   Metadata batch 204/1558...
2026-06-16 17:31:47,765 [INFO]   Metadata batch 205/1558...
2026-06-16 17:31:54,140 [INFO]   Metadata batch 206/1558...
2026-06-16 17:32:00,221 [INFO]   Metadata batch 207/1558...
2026-06-16 17:32:06,182 [INFO]   Metadata batch 208/1558...
2026-06-16 17:32:12,850 [INFO]   Metadata batch 209/1558...
2026-06-16 17:32:18,933 [INFO]   Metadata batch 210/1558...
2026-06-16 17:32:24,701 [INFO]   Metadata batch 211/1558...
2026-06-16 17:32:32,004 [INFO]   Metadata batch 212/1558...
2026-06-16 17:32:38,380 [INFO]   Metadata batch 213/1558...
2026-06-16 17:32:44,687 [INFO]   Metadata batch 214/1558...
2026-06-16 17:32:51,960 [INFO]   Metadata batch 215/1558...
2026-06-16 17:32:57,736 [INFO]   Metadata batch 216/1558...
2026-06-16 17:33:03,265 [INFO]   Metadata batch 217/1558...
2026-06-16 17:33:10,271 [INFO]   Metadata batch 218/1558...
2026-06-16 17:33:16,225 [INFO]   Metadata batch 219/1558...
2026-06-16 17:33:21,643 [INFO]   Metadata batch 220/1558...
2026-06-16 17:33:27,593 [INFO]   Metadata batch 221/1558...
2026-06-16 17:33:34,285 [INFO]   Metadata batch 222/1558...
2026-06-16 17:33:40,615 [INFO]   Metadata batch 223/1558...
2026-06-16 17:33:46,846 [INFO]   Metadata batch 224/1558...
2026-06-16 17:33:53,261 [INFO]   Metadata batch 225/1558...
2026-06-16 17:33:59,485 [INFO]   Metadata batch 226/1558...
2026-06-16 17:34:05,336 [INFO]   Metadata batch 227/1558...
2026-06-16 17:34:11,031 [INFO]   Metadata batch 228/1558...
2026-06-16 17:34:16,782 [INFO]   Metadata batch 229/1558...
2026-06-16 17:34:23,042 [INFO]   Metadata batch 230/1558...
2026-06-16 17:34:29,008 [INFO]   Metadata batch 231/1558...
2026-06-16 17:34:35,656 [INFO]   Metadata batch 232/1558...
2026-06-16 17:34:41,986 [INFO]   Metadata batch 233/1558...
2026-06-16 17:34:47,919 [INFO]   Metadata batch 234/1558...
2026-06-16 17:34:53,707 [INFO]   Metadata batch 235/1558...
2026-06-16 17:34:59,946 [INFO]   Metadata batch 236/1558...
2026-06-16 17:35:06,268 [INFO]   Metadata batch 237/1558...
2026-06-16 17:35:12,609 [INFO]   Metadata batch 238/1558...
2026-06-16 17:35:18,749 [INFO]   Metadata batch 239/1558...
2026-06-16 17:35:28,210 [INFO]   Metadata batch 240/1558...
2026-06-16 17:35:34,714 [INFO]   Metadata batch 241/1558...
2026-06-16 17:35:40,019 [INFO]   Metadata batch 242/1558...
2026-06-16 17:35:46,151 [INFO]   Metadata batch 243/1558...
2026-06-16 17:35:52,148 [INFO]   Metadata batch 244/1558...
2026-06-16 17:35:58,627 [INFO]   Metadata batch 245/1558...
2026-06-16 17:36:04,438 [INFO]   Metadata batch 246/1558...
2026-06-16 17:36:09,824 [INFO]   Metadata batch 247/1558...
2026-06-16 17:36:15,502 [INFO]   Metadata batch 248/1558...
2026-06-16 17:36:21,650 [INFO]   Metadata batch 249/1558...
2026-06-16 17:36:27,294 [INFO]   Metadata batch 250/1558...
2026-06-16 17:36:32,709 [INFO]   Metadata batch 251/1558...
2026-06-16 17:36:38,778 [INFO]   Metadata batch 252/1558...
2026-06-16 17:36:44,714 [INFO]   Metadata batch 253/1558...
2026-06-16 17:36:50,171 [INFO]   Metadata batch 254/1558...
2026-06-16 17:36:56,236 [INFO]   Metadata batch 255/1558...
2026-06-16 17:37:02,468 [INFO]   Metadata batch 256/1558...
2026-06-16 17:37:08,146 [INFO]   Metadata batch 257/1558...
2026-06-16 17:37:14,600 [INFO]   Metadata batch 258/1558...
2026-06-16 17:37:20,296 [INFO]   Metadata batch 259/1558...
2026-06-16 17:37:26,412 [INFO]   Metadata batch 260/1558...
2026-06-16 17:37:32,792 [INFO]   Metadata batch 261/1558...
2026-06-16 17:37:38,134 [INFO]   Metadata batch 262/1558...
2026-06-16 17:37:43,734 [INFO]   Metadata batch 263/1558...
2026-06-16 17:37:49,389 [INFO]   Metadata batch 264/1558...
2026-06-16 17:37:55,418 [INFO]   Metadata batch 265/1558...
2026-06-16 17:38:01,004 [INFO]   Metadata batch 266/1558...
2026-06-16 17:38:07,703 [INFO]   Metadata batch 267/1558...
2026-06-16 17:38:13,700 [INFO]   Metadata batch 268/1558...
2026-06-16 17:38:19,822 [INFO]   Metadata batch 269/1558...
2026-06-16 17:38:25,976 [INFO]   Metadata batch 270/1558...
2026-06-16 17:38:31,836 [INFO]   Metadata batch 271/1558...
2026-06-16 17:38:39,096 [INFO]   Metadata batch 272/1558...
2026-06-16 17:38:44,795 [INFO]   Metadata batch 273/1558...
2026-06-16 17:38:51,525 [INFO]   Metadata batch 274/1558...
2026-06-16 17:38:57,090 [INFO]   Metadata batch 275/1558...
2026-06-16 17:39:02,822 [INFO]   Metadata batch 276/1558...
2026-06-16 17:39:08,824 [INFO]   Metadata batch 277/1558...
2026-06-16 17:39:14,684 [INFO]   Metadata batch 278/1558...
2026-06-16 17:39:21,440 [INFO]   Metadata batch 279/1558...
2026-06-16 17:39:27,691 [INFO]   Metadata batch 280/1558...
2026-06-16 17:39:34,578 [INFO]   Metadata batch 281/1558...
2026-06-16 17:39:40,770 [INFO]   Metadata batch 282/1558...
2026-06-16 17:39:46,458 [INFO]   Metadata batch 283/1558...
2026-06-16 17:39:51,989 [INFO]   Metadata batch 284/1558...
2026-06-16 17:39:57,680 [INFO]   Metadata batch 285/1558...
2026-06-16 17:40:03,794 [INFO]   Metadata batch 286/1558...
2026-06-16 17:40:09,710 [INFO]   Metadata batch 287/1558...
2026-06-16 17:40:16,333 [INFO]   Metadata batch 288/1558...
2026-06-16 17:40:23,099 [INFO]   Metadata batch 289/1558...
2026-06-16 17:40:29,707 [INFO]   Metadata batch 290/1558...
2026-06-16 17:40:37,331 [INFO]   Metadata batch 291/1558...
2026-06-16 17:40:43,686 [INFO]   Metadata batch 292/1558...
2026-06-16 17:40:50,499 [INFO]   Metadata batch 293/1558...
2026-06-16 17:40:57,268 [INFO]   Metadata batch 294/1558...
2026-06-16 17:41:03,240 [INFO]   Metadata batch 295/1558...
2026-06-16 17:41:09,358 [INFO]   Metadata batch 296/1558...
2026-06-16 17:41:15,658 [INFO]   Metadata batch 297/1558...
2026-06-16 17:41:22,657 [INFO]   Metadata batch 298/1558...
2026-06-16 17:41:28,783 [INFO]   Metadata batch 299/1558...
2026-06-16 17:41:34,729 [INFO]   Metadata batch 300/1558...
2026-06-16 17:41:40,513 [INFO]   Metadata batch 301/1558...
2026-06-16 17:41:46,576 [INFO]   Metadata batch 302/1558...
2026-06-16 17:41:52,153 [INFO]   Metadata batch 303/1558...
2026-06-16 17:41:57,814 [INFO]   Metadata batch 304/1558...
2026-06-16 17:42:03,502 [INFO]   Metadata batch 305/1558...
2026-06-16 17:42:09,705 [INFO]   Metadata batch 306/1558...
2026-06-16 17:42:15,780 [INFO]   Metadata batch 307/1558...
2026-06-16 17:42:21,451 [INFO]   Metadata batch 308/1558...
2026-06-16 17:42:27,756 [INFO]   Metadata batch 309/1558...
2026-06-16 17:42:33,852 [INFO]   Metadata batch 310/1558...
2026-06-16 17:42:39,565 [INFO]   Metadata batch 311/1558...
2026-06-16 17:42:45,126 [INFO]   Metadata batch 312/1558...
2026-06-16 17:42:51,151 [INFO]   Metadata batch 313/1558...
2026-06-16 17:42:56,669 [INFO]   Metadata batch 314/1558...
2026-06-16 17:43:03,123 [INFO]   Metadata batch 315/1558...
2026-06-16 17:43:08,744 [INFO]   Metadata batch 316/1558...
2026-06-16 17:43:14,542 [INFO]   Metadata batch 317/1558...
2026-06-16 17:43:20,172 [INFO]   Metadata batch 318/1558...
2026-06-16 17:43:26,512 [INFO]   Metadata batch 319/1558...
2026-06-16 17:43:32,561 [INFO]   Metadata batch 320/1558...
2026-06-16 17:43:38,528 [INFO]   Metadata batch 321/1558...
2026-06-16 17:43:44,457 [INFO]   Metadata batch 322/1558...
2026-06-16 17:43:50,725 [INFO]   Metadata batch 323/1558...
2026-06-16 17:43:56,849 [INFO]   Metadata batch 324/1558...
2026-06-16 17:44:03,255 [INFO]   Metadata batch 325/1558...
2026-06-16 17:44:09,617 [INFO]   Metadata batch 326/1558...
2026-06-16 17:44:15,657 [INFO]   Metadata batch 327/1558...
2026-06-16 17:44:21,992 [INFO]   Metadata batch 328/1558...
2026-06-16 17:44:27,494 [INFO]   Metadata batch 329/1558...
2026-06-16 17:44:33,783 [INFO]   Metadata batch 330/1558...
2026-06-16 17:44:39,767 [INFO]   Metadata batch 331/1558...
2026-06-16 17:44:45,351 [INFO]   Metadata batch 332/1558...
2026-06-16 17:44:51,192 [INFO]   Metadata batch 333/1558...
2026-06-16 17:44:56,979 [INFO]   Metadata batch 334/1558...
2026-06-16 17:45:03,432 [INFO]   Metadata batch 335/1558...
2026-06-16 17:45:09,401 [INFO]   Metadata batch 336/1558...
2026-06-16 17:45:14,828 [INFO]   Metadata batch 337/1558...
2026-06-16 17:45:20,857 [INFO]   Metadata batch 338/1558...
2026-06-16 17:45:26,797 [INFO]   Metadata batch 339/1558...
2026-06-16 17:45:32,785 [INFO]   Metadata batch 340/1558...
2026-06-16 17:45:38,758 [INFO]   Metadata batch 341/1558...
2026-06-16 17:45:44,930 [INFO]   Metadata batch 342/1558...
2026-06-16 17:45:51,029 [INFO]   Metadata batch 343/1558...
2026-06-16 17:45:57,105 [INFO]   Metadata batch 344/1558...
2026-06-16 17:46:03,055 [INFO]   Metadata batch 345/1558...
2026-06-16 17:46:09,128 [INFO]   Metadata batch 346/1558...
2026-06-16 17:46:14,750 [INFO]   Metadata batch 347/1558...
2026-06-16 17:46:20,627 [INFO]   Metadata batch 348/1558...
2026-06-16 17:46:27,334 [INFO]   Metadata batch 349/1558...
2026-06-16 17:46:33,124 [INFO]   Metadata batch 350/1558...
2026-06-16 17:46:38,938 [INFO]   Metadata batch 351/1558...
2026-06-16 17:46:44,578 [INFO]   Metadata batch 352/1558...
2026-06-16 17:46:51,139 [INFO]   Metadata batch 353/1558...
2026-06-16 17:46:56,591 [INFO]   Metadata batch 354/1558...
2026-06-16 17:47:02,082 [INFO]   Metadata batch 355/1558...
2026-06-16 17:47:07,678 [INFO]   Metadata batch 356/1558...
2026-06-16 17:47:14,050 [INFO]   Metadata batch 357/1558...
2026-06-16 17:47:19,941 [INFO]   Metadata batch 358/1558...
2026-06-16 17:47:26,367 [INFO]   Metadata batch 359/1558...
2026-06-16 17:47:32,155 [INFO]   Metadata batch 360/1558...
2026-06-16 17:47:38,452 [INFO]   Metadata batch 361/1558...
2026-06-16 17:47:43,575 [INFO]   Metadata batch 362/1558...
2026-06-16 17:47:49,138 [INFO]   Metadata batch 363/1558...
2026-06-16 17:47:54,816 [INFO]   Metadata batch 364/1558...
2026-06-16 17:48:00,593 [INFO]   Metadata batch 365/1558...
2026-06-16 17:48:06,424 [INFO]   Metadata batch 366/1558...
2026-06-16 17:48:12,226 [INFO]   Metadata batch 367/1558...
2026-06-16 17:48:18,319 [INFO]   Metadata batch 368/1558...
2026-06-16 17:48:24,010 [INFO]   Metadata batch 369/1558...
2026-06-16 17:48:29,727 [INFO]   Metadata batch 370/1558...
2026-06-16 17:48:35,789 [INFO]   Metadata batch 371/1558...
2026-06-16 17:48:41,677 [INFO]   Metadata batch 372/1558...
2026-06-16 17:48:50,831 [INFO]   Metadata batch 373/1558...
2026-06-16 17:48:56,781 [INFO]   Metadata batch 374/1558...
2026-06-16 17:49:02,841 [INFO]   Metadata batch 375/1558...
2026-06-16 17:49:08,329 [INFO]   Metadata batch 376/1558...
2026-06-16 17:49:14,353 [INFO]   Metadata batch 377/1558...
2026-06-16 17:49:19,809 [INFO]   Metadata batch 378/1558...
2026-06-16 17:49:25,332 [INFO]   Metadata batch 379/1558...
2026-06-16 17:49:31,182 [INFO]   Metadata batch 380/1558...
2026-06-16 17:49:37,041 [INFO]   Metadata batch 381/1558...
2026-06-16 17:49:42,675 [INFO]   Metadata batch 382/1558...
2026-06-16 17:49:49,195 [INFO]   Metadata batch 383/1558...
2026-06-16 17:49:55,135 [INFO]   Metadata batch 384/1558...
2026-06-16 17:50:01,317 [INFO]   Metadata batch 385/1558...
2026-06-16 17:50:06,899 [INFO]   Metadata batch 386/1558...
2026-06-16 17:50:12,761 [INFO]   Metadata batch 387/1558...
2026-06-16 17:50:19,366 [INFO]   Metadata batch 388/1558...
2026-06-16 17:50:25,388 [INFO]   Metadata batch 389/1558...
2026-06-16 17:50:31,214 [INFO]   Metadata batch 390/1558...
2026-06-16 17:50:36,977 [INFO]   Metadata batch 391/1558...
2026-06-16 17:50:43,202 [INFO]   Metadata batch 392/1558...
2026-06-16 17:50:49,364 [INFO]   Metadata batch 393/1558...
2026-06-16 17:50:54,769 [INFO]   Metadata batch 394/1558...
2026-06-16 17:51:00,439 [INFO]   Metadata batch 395/1558...
2026-06-16 17:51:06,518 [INFO]   Metadata batch 396/1558...
2026-06-16 17:51:12,240 [INFO]   Metadata batch 397/1558...
2026-06-16 17:51:18,101 [INFO]   Metadata batch 398/1558...
2026-06-16 17:51:23,791 [INFO]   Metadata batch 399/1558...
2026-06-16 17:51:29,818 [INFO]   Metadata batch 400/1558...
2026-06-16 17:51:35,978 [INFO]   Metadata batch 401/1558...
2026-06-16 17:51:41,362 [INFO]   Metadata batch 402/1558...
2026-06-16 17:51:47,723 [INFO]   Metadata batch 403/1558...
2026-06-16 17:51:53,890 [INFO]   Metadata batch 404/1558...
2026-06-16 17:51:59,169 [INFO]   Metadata batch 405/1558...
2026-06-16 17:52:05,143 [INFO]   Metadata batch 406/1558...
2026-06-16 17:52:12,492 [INFO]   Metadata batch 407/1558...
2026-06-16 17:52:18,590 [INFO]   Metadata batch 408/1558...
2026-06-16 17:52:24,165 [INFO]   Metadata batch 409/1558...
2026-06-16 17:52:29,569 [INFO]   Metadata batch 410/1558...
2026-06-16 17:52:35,559 [INFO]   Metadata batch 411/1558...
2026-06-16 17:52:40,822 [INFO]   Metadata batch 412/1558...
2026-06-16 17:52:46,541 [INFO]   Metadata batch 413/1558...
2026-06-16 17:52:52,531 [INFO]   Metadata batch 414/1558...
2026-06-16 17:52:58,894 [INFO]   Metadata batch 415/1558...
2026-06-16 17:53:04,968 [INFO]   Metadata batch 416/1558...
2026-06-16 17:53:10,888 [INFO]   Metadata batch 417/1558...
2026-06-16 17:53:17,019 [INFO]   Metadata batch 418/1558...
2026-06-16 17:53:22,754 [INFO]   Metadata batch 419/1558...
2026-06-16 17:53:28,294 [INFO]   Metadata batch 420/1558...
2026-06-16 17:53:33,855 [INFO]   Metadata batch 421/1558...
2026-06-16 17:53:39,605 [INFO]   Metadata batch 422/1558...
2026-06-16 17:53:44,710 [INFO]   Metadata batch 423/1558...
2026-06-16 17:53:50,480 [INFO]   Metadata batch 424/1558...
2026-06-16 17:53:56,025 [INFO]   Metadata batch 425/1558...
2026-06-16 17:54:01,718 [INFO]   Metadata batch 426/1558...
2026-06-16 17:54:07,643 [INFO]   Metadata batch 427/1558...
2026-06-16 17:54:13,598 [INFO]   Metadata batch 428/1558...
2026-06-16 17:54:19,203 [INFO]   Metadata batch 429/1558...
2026-06-16 17:54:24,898 [INFO]   Metadata batch 430/1558...
2026-06-16 17:54:30,477 [INFO]   Metadata batch 431/1558...
2026-06-16 17:54:36,380 [INFO]   Metadata batch 432/1558...
2026-06-16 17:54:42,594 [INFO]   Metadata batch 433/1558...
2026-06-16 17:54:48,478 [INFO]   Metadata batch 434/1558...
2026-06-16 17:54:54,193 [INFO]   Metadata batch 435/1558...
2026-06-16 17:55:00,055 [INFO]   Metadata batch 436/1558...
2026-06-16 17:55:05,888 [INFO]   Metadata batch 437/1558...
2026-06-16 17:55:11,484 [INFO]   Metadata batch 438/1558...
2026-06-16 17:55:17,684 [INFO]   Metadata batch 439/1558...
2026-06-16 17:55:23,655 [INFO]   Metadata batch 440/1558...
2026-06-16 17:55:29,768 [INFO]   Metadata batch 441/1558...
2026-06-16 17:55:35,598 [INFO]   Metadata batch 442/1558...
2026-06-16 17:55:41,566 [INFO]   Metadata batch 443/1558...
2026-06-16 17:55:47,286 [INFO]   Metadata batch 444/1558...
2026-06-16 17:55:53,462 [INFO]   Metadata batch 445/1558...
2026-06-16 17:55:59,517 [INFO]   Metadata batch 446/1558...
2026-06-16 17:56:05,123 [INFO]   Metadata batch 447/1558...
2026-06-16 17:56:10,820 [INFO]   Metadata batch 448/1558...
2026-06-16 17:56:16,564 [INFO]   Metadata batch 449/1558...
2026-06-16 17:56:22,163 [INFO]   Metadata batch 450/1558...
2026-06-16 17:56:28,537 [INFO]   Metadata batch 451/1558...
2026-06-16 17:56:34,207 [INFO]   Metadata batch 452/1558...
2026-06-16 17:56:40,123 [INFO]   Metadata batch 453/1558...
2026-06-16 17:56:46,413 [INFO]   Metadata batch 454/1558...
2026-06-16 17:56:52,039 [INFO]   Metadata batch 455/1558...
2026-06-16 17:56:58,369 [INFO]   Metadata batch 456/1558...
2026-06-16 17:57:03,738 [INFO]   Metadata batch 457/1558...
2026-06-16 17:57:09,805 [INFO]   Metadata batch 458/1558...
2026-06-16 17:57:16,483 [INFO]   Metadata batch 459/1558...
2026-06-16 17:57:22,222 [INFO]   Metadata batch 460/1558...
2026-06-16 17:57:31,977 [INFO]   Metadata batch 461/1558...
2026-06-16 17:57:38,800 [INFO]   Metadata batch 462/1558...
2026-06-16 17:57:44,767 [INFO]   Metadata batch 463/1558...
2026-06-16 17:57:50,684 [INFO]   Metadata batch 464/1558...
2026-06-16 17:57:57,062 [INFO]   Metadata batch 465/1558...
2026-06-16 17:58:02,880 [INFO]   Metadata batch 466/1558...
2026-06-16 17:58:08,810 [INFO]   Metadata batch 467/1558...
2026-06-16 17:58:14,676 [INFO]   Metadata batch 468/1558...
2026-06-16 17:58:20,576 [INFO]   Metadata batch 469/1558...
2026-06-16 17:58:26,753 [INFO]   Metadata batch 470/1558...
2026-06-16 17:58:32,764 [INFO]   Metadata batch 471/1558...
2026-06-16 17:58:38,826 [INFO]   Metadata batch 472/1558...
2026-06-16 17:58:44,788 [INFO]   Metadata batch 473/1558...
2026-06-16 17:58:51,213 [INFO]   Metadata batch 474/1558...
2026-06-16 17:58:58,119 [INFO]   Metadata batch 475/1558...
2026-06-16 17:59:03,536 [INFO]   Metadata batch 476/1558...
2026-06-16 17:59:09,929 [INFO]   Metadata batch 477/1558...
2026-06-16 17:59:16,632 [INFO]   Metadata batch 478/1558...
2026-06-16 17:59:23,132 [INFO]   Metadata batch 479/1558...
2026-06-16 17:59:29,662 [INFO]   Metadata batch 480/1558...
2026-06-16 17:59:36,014 [INFO]   Metadata batch 481/1558...
2026-06-16 17:59:42,362 [INFO]   Metadata batch 482/1558...
2026-06-16 17:59:48,799 [INFO]   Metadata batch 483/1558...
2026-06-16 17:59:55,050 [INFO]   Metadata batch 484/1558...
2026-06-16 18:00:01,646 [INFO]   Metadata batch 485/1558...
2026-06-16 18:00:08,370 [INFO]   Metadata batch 486/1558...
2026-06-16 18:00:17,036 [INFO]   Metadata batch 487/1558...
2026-06-16 18:00:24,480 [INFO]   Metadata batch 488/1558...
2026-06-16 18:00:32,554 [INFO]   Metadata batch 489/1558...
2026-06-16 18:00:39,915 [INFO]   Metadata batch 490/1558...
2026-06-16 18:00:47,196 [INFO]   Metadata batch 491/1558...
2026-06-16 18:00:54,218 [INFO]   Metadata batch 492/1558...
2026-06-16 18:01:01,607 [INFO]   Metadata batch 493/1558...
2026-06-16 18:01:09,259 [INFO]   Metadata batch 494/1558...
2026-06-16 18:01:16,422 [INFO]   Metadata batch 495/1558...
2026-06-16 18:01:24,199 [INFO]   Metadata batch 496/1558...
2026-06-16 18:01:30,978 [INFO]   Metadata batch 497/1558...
2026-06-16 18:01:38,104 [INFO]   Metadata batch 498/1558...
2026-06-16 18:01:46,214 [INFO]   Metadata batch 499/1558...
2026-06-16 18:01:52,786 [INFO]   Metadata batch 500/1558...
2026-06-16 18:01:59,869 [INFO]   Metadata batch 501/1558...
2026-06-16 18:02:06,828 [INFO]   Metadata batch 502/1558...
2026-06-16 18:02:13,546 [INFO]   Metadata batch 503/1558...
2026-06-16 18:02:19,723 [INFO]   Metadata batch 504/1558...
2026-06-16 18:02:26,486 [INFO]   Metadata batch 505/1558...
2026-06-16 18:02:36,633 [INFO]   Metadata batch 506/1558...
2026-06-16 18:02:43,390 [INFO]   Metadata batch 507/1558...
2026-06-16 18:02:51,867 [INFO]   Metadata batch 508/1558...
2026-06-16 18:02:57,831 [INFO]   Metadata batch 509/1558...
2026-06-16 18:03:04,183 [INFO]   Metadata batch 510/1558...
2026-06-16 18:03:11,180 [INFO]   Metadata batch 511/1558...
2026-06-16 18:03:17,433 [INFO]   Metadata batch 512/1558...
2026-06-16 18:03:23,948 [INFO]   Metadata batch 513/1558...
2026-06-16 18:03:29,700 [INFO]   Metadata batch 514/1558...
2026-06-16 18:03:36,034 [INFO]   Metadata batch 515/1558...
2026-06-16 18:03:42,897 [INFO]   Metadata batch 516/1558...
2026-06-16 18:03:49,316 [INFO]   Metadata batch 517/1558...
2026-06-16 18:03:57,186 [INFO]   Metadata batch 518/1558...
2026-06-16 18:04:04,204 [INFO]   Metadata batch 519/1558...
2026-06-16 18:04:12,476 [INFO]   Metadata batch 520/1558...
2026-06-16 18:04:19,277 [INFO]   Metadata batch 521/1558...
2026-06-16 18:04:26,293 [INFO]   Metadata batch 522/1558...
2026-06-16 18:04:32,776 [INFO]   Metadata batch 523/1558...
2026-06-16 18:04:40,308 [INFO]   Metadata batch 524/1558...
2026-06-16 18:04:46,765 [INFO]   Metadata batch 525/1558...
2026-06-16 18:04:53,802 [INFO]   Metadata batch 526/1558...
2026-06-16 18:05:00,913 [INFO]   Metadata batch 527/1558...
2026-06-16 18:05:09,189 [INFO]   Metadata batch 528/1558...
2026-06-16 18:05:15,710 [INFO]   Metadata batch 529/1558...
2026-06-16 18:05:22,192 [INFO]   Metadata batch 530/1558...
2026-06-16 18:05:29,314 [INFO]   Metadata batch 531/1558...
2026-06-16 18:05:35,858 [INFO]   Metadata batch 532/1558...
2026-06-16 18:05:42,886 [INFO]   Metadata batch 533/1558...
2026-06-16 18:05:49,039 [INFO]   Metadata batch 534/1558...
2026-06-16 18:05:55,139 [INFO]   Metadata batch 535/1558...
2026-06-16 18:06:01,366 [INFO]   Metadata batch 536/1558...
2026-06-16 18:06:07,525 [INFO]   Metadata batch 537/1558...
2026-06-16 18:06:14,137 [INFO]   Metadata batch 538/1558...
2026-06-16 18:06:20,303 [INFO]   Metadata batch 539/1558...
2026-06-16 18:06:27,741 [INFO]   Metadata batch 540/1558...
2026-06-16 18:06:34,285 [INFO]   Metadata batch 541/1558...
2026-06-16 18:06:41,214 [INFO]   Metadata batch 542/1558...
2026-06-16 18:06:47,785 [INFO]   Metadata batch 543/1558...
2026-06-16 18:06:54,734 [INFO]   Metadata batch 544/1558...
2026-06-16 18:07:01,200 [INFO]   Metadata batch 545/1558...
2026-06-16 18:07:07,990 [INFO]   Metadata batch 546/1558...
2026-06-16 18:07:14,693 [INFO]   Metadata batch 547/1558...
2026-06-16 18:07:21,987 [INFO]   Metadata batch 548/1558...
2026-06-16 18:07:28,745 [INFO]   Metadata batch 549/1558...
2026-06-16 18:07:35,198 [INFO]   Metadata batch 550/1558...
2026-06-16 18:07:41,750 [INFO]   Metadata batch 551/1558...
2026-06-16 18:07:47,573 [INFO]   Metadata batch 552/1558...
2026-06-16 18:07:53,088 [INFO]   Metadata batch 553/1558...
2026-06-16 18:07:59,077 [INFO]   Metadata batch 554/1558...
2026-06-16 18:08:05,712 [INFO]   Metadata batch 555/1558...
2026-06-16 18:08:12,623 [INFO]   Metadata batch 556/1558...
2026-06-16 18:08:19,155 [INFO]   Metadata batch 557/1558...
2026-06-16 18:08:25,174 [INFO]   Metadata batch 558/1558...
2026-06-16 18:08:31,709 [INFO]   Metadata batch 559/1558...
2026-06-16 18:08:37,274 [INFO]   Metadata batch 560/1558...
2026-06-16 18:08:42,933 [INFO]   Metadata batch 561/1558...
2026-06-16 18:08:49,171 [INFO]   Metadata batch 562/1558...
2026-06-16 18:08:55,645 [INFO]   Metadata batch 563/1558...
2026-06-16 18:09:01,161 [INFO]   Metadata batch 564/1558...
2026-06-16 18:09:07,477 [INFO]   Metadata batch 565/1558...
2026-06-16 18:09:13,796 [INFO]   Metadata batch 566/1558...
2026-06-16 18:09:20,299 [INFO]   Metadata batch 567/1558...
2026-06-16 18:09:26,121 [INFO]   Metadata batch 568/1558...
2026-06-16 18:09:32,396 [INFO]   Metadata batch 569/1558...
2026-06-16 18:09:37,952 [INFO]   Metadata batch 570/1558...
2026-06-16 18:09:44,474 [INFO]   Metadata batch 571/1558...
2026-06-16 18:09:50,589 [INFO]   Metadata batch 572/1558...
2026-06-16 18:09:56,198 [INFO]   Metadata batch 573/1558...
2026-06-16 18:10:02,144 [INFO]   Metadata batch 574/1558...
2026-06-16 18:10:08,573 [INFO]   Metadata batch 575/1558...
2026-06-16 18:10:15,334 [INFO]   Metadata batch 576/1558...
2026-06-16 18:10:21,268 [INFO]   Metadata batch 577/1558...
2026-06-16 18:10:27,225 [INFO]   Metadata batch 578/1558...
2026-06-16 18:10:34,419 [INFO]   Metadata batch 579/1558...
2026-06-16 18:10:40,324 [INFO]   Metadata batch 580/1558...
2026-06-16 18:10:46,832 [INFO]   Metadata batch 581/1558...
2026-06-16 18:10:52,337 [INFO]   Metadata batch 582/1558...
2026-06-16 18:10:57,765 [INFO]   Metadata batch 583/1558...
2026-06-16 18:11:03,653 [INFO]   Metadata batch 584/1558...
2026-06-16 18:11:09,675 [INFO]   Metadata batch 585/1558...
2026-06-16 18:11:16,268 [INFO]   Metadata batch 586/1558...
2026-06-16 18:11:22,753 [INFO]   Metadata batch 587/1558...
2026-06-16 18:11:28,770 [INFO]   Metadata batch 588/1558...
2026-06-16 18:11:34,965 [INFO]   Metadata batch 589/1558...
2026-06-16 18:11:41,719 [INFO]   Metadata batch 590/1558...
2026-06-16 18:11:47,316 [INFO]   Metadata batch 591/1558...
2026-06-16 18:11:53,348 [INFO]   Metadata batch 592/1558...
2026-06-16 18:11:59,854 [INFO]   Metadata batch 593/1558...
2026-06-16 18:12:05,765 [INFO]   Metadata batch 594/1558...
2026-06-16 18:12:12,013 [INFO]   Metadata batch 595/1558...
2026-06-16 18:12:18,245 [INFO]   Metadata batch 596/1558...
2026-06-16 18:12:24,393 [INFO]   Metadata batch 597/1558...
2026-06-16 18:12:31,591 [INFO]   Metadata batch 598/1558...
2026-06-16 18:12:37,738 [INFO]   Metadata batch 599/1558...
2026-06-16 18:12:43,730 [INFO]   Metadata batch 600/1558...
2026-06-16 18:12:49,379 [INFO]   Metadata batch 601/1558...
2026-06-16 18:12:56,062 [INFO]   Metadata batch 602/1558...
2026-06-16 18:13:02,152 [INFO]   Metadata batch 603/1558...
2026-06-16 18:13:08,612 [INFO]   Metadata batch 604/1558...
2026-06-16 18:13:14,660 [INFO]   Metadata batch 605/1558...
2026-06-16 18:13:20,861 [INFO]   Metadata batch 606/1558...
2026-06-16 18:13:27,012 [INFO]   Metadata batch 607/1558...
2026-06-16 18:13:33,739 [INFO]   Metadata batch 608/1558...
2026-06-16 18:13:40,014 [INFO]   Metadata batch 609/1558...
2026-06-16 18:13:46,697 [INFO]   Metadata batch 610/1558...
2026-06-16 18:13:52,176 [INFO]   Metadata batch 611/1558...
2026-06-16 18:13:57,844 [INFO]   Metadata batch 612/1558...
2026-06-16 18:14:03,718 [INFO]   Metadata batch 613/1558...
2026-06-16 18:14:09,724 [INFO]   Metadata batch 614/1558...
2026-06-16 18:14:15,478 [INFO]   Metadata batch 615/1558...
2026-06-16 18:14:22,275 [INFO]   Metadata batch 616/1558...
2026-06-16 18:14:27,753 [INFO]   Metadata batch 617/1558...
2026-06-16 18:14:33,253 [INFO]   Metadata batch 618/1558...
2026-06-16 18:14:38,657 [INFO]   Metadata batch 619/1558...
2026-06-16 18:14:44,674 [INFO]   Metadata batch 620/1558...
2026-06-16 18:14:51,073 [INFO]   Metadata batch 621/1558...
2026-06-16 18:14:56,571 [INFO]   Metadata batch 622/1558...
2026-06-16 18:15:02,613 [INFO]   Metadata batch 623/1558...
2026-06-16 18:15:08,734 [INFO]   Metadata batch 624/1558...
2026-06-16 18:15:14,830 [INFO]   Metadata batch 625/1558...
2026-06-16 18:15:21,192 [INFO]   Metadata batch 626/1558...
2026-06-16 18:15:27,302 [INFO]   Metadata batch 627/1558...
2026-06-16 18:15:33,196 [INFO]   Metadata batch 628/1558...
2026-06-16 18:15:39,228 [INFO]   Metadata batch 629/1558...
2026-06-16 18:15:45,671 [INFO]   Metadata batch 630/1558...
2026-06-16 18:15:51,908 [INFO]   Metadata batch 631/1558...
2026-06-16 18:15:57,999 [INFO]   Metadata batch 632/1558...
2026-06-16 18:16:03,841 [INFO]   Metadata batch 633/1558...
2026-06-16 18:16:09,973 [INFO]   Metadata batch 634/1558...
2026-06-16 18:16:15,645 [INFO]   Metadata batch 635/1558...
2026-06-16 18:16:21,652 [INFO]   Metadata batch 636/1558...
2026-06-16 18:16:27,619 [INFO]   Metadata batch 637/1558...
2026-06-16 18:16:33,335 [INFO]   Metadata batch 638/1558...
2026-06-16 18:16:42,490 [INFO]   Metadata batch 639/1558...
2026-06-16 18:16:48,343 [INFO]   Metadata batch 640/1558...
2026-06-16 18:16:53,961 [INFO]   Metadata batch 641/1558...
2026-06-16 18:17:00,103 [INFO]   Metadata batch 642/1558...
2026-06-16 18:17:06,085 [INFO]   Metadata batch 643/1558...
2026-06-16 18:17:11,961 [INFO]   Metadata batch 644/1558...
2026-06-16 18:17:17,354 [INFO]   Metadata batch 645/1558...
2026-06-16 18:17:23,519 [INFO]   Metadata batch 646/1558...
2026-06-16 18:17:29,869 [INFO]   Metadata batch 647/1558...
2026-06-16 18:17:36,046 [INFO]   Metadata batch 648/1558...
2026-06-16 18:17:42,394 [INFO]   Metadata batch 649/1558...
2026-06-16 18:17:48,648 [INFO]   Metadata batch 650/1558...
2026-06-16 18:17:54,930 [INFO]   Metadata batch 651/1558...
2026-06-16 18:18:00,753 [INFO]   Metadata batch 652/1558...
2026-06-16 18:18:07,429 [INFO]   Metadata batch 653/1558...
2026-06-16 18:18:13,280 [INFO]   Metadata batch 654/1558...
2026-06-16 18:18:19,503 [INFO]   Metadata batch 655/1558...
2026-06-16 18:18:24,856 [INFO]   Metadata batch 656/1558...
2026-06-16 18:18:31,422 [INFO]   Metadata batch 657/1558...
2026-06-16 18:18:37,560 [INFO]   Metadata batch 658/1558...
2026-06-16 18:18:43,832 [INFO]   Metadata batch 659/1558...
2026-06-16 18:18:49,834 [INFO]   Metadata batch 660/1558...
2026-06-16 18:18:56,071 [INFO]   Metadata batch 661/1558...
2026-06-16 18:19:01,792 [INFO]   Metadata batch 662/1558...
2026-06-16 18:19:07,856 [INFO]   Metadata batch 663/1558...
2026-06-16 18:19:14,019 [INFO]   Metadata batch 664/1558...
2026-06-16 18:19:20,040 [INFO]   Metadata batch 665/1558...
2026-06-16 18:19:26,338 [INFO]   Metadata batch 666/1558...
2026-06-16 18:19:32,595 [INFO]   Metadata batch 667/1558...
2026-06-16 18:19:38,225 [INFO]   Metadata batch 668/1558...
2026-06-16 18:19:44,012 [INFO]   Metadata batch 669/1558...
2026-06-16 18:19:49,843 [INFO]   Metadata batch 670/1558...
2026-06-16 18:19:56,100 [INFO]   Metadata batch 671/1558...
2026-06-16 18:20:02,329 [INFO]   Metadata batch 672/1558...
2026-06-16 18:20:08,723 [INFO]   Metadata batch 673/1558...
2026-06-16 18:20:15,245 [INFO]   Metadata batch 674/1558...
2026-06-16 18:20:20,842 [INFO]   Metadata batch 675/1558...
2026-06-16 18:20:27,043 [INFO]   Metadata batch 676/1558...
2026-06-16 18:20:33,198 [INFO]   Metadata batch 677/1558...
2026-06-16 18:20:39,325 [INFO]   Metadata batch 678/1558...
2026-06-16 18:20:45,218 [INFO]   Metadata batch 679/1558...
2026-06-16 18:20:50,786 [INFO]   Metadata batch 680/1558...
2026-06-16 18:20:56,691 [INFO]   Metadata batch 681/1558...
2026-06-16 18:21:02,802 [INFO]   Metadata batch 682/1558...
2026-06-16 18:21:09,276 [INFO]   Metadata batch 683/1558...
2026-06-16 18:21:15,340 [INFO]   Metadata batch 684/1558...
2026-06-16 18:21:20,822 [INFO]   Metadata batch 685/1558...
2026-06-16 18:21:27,758 [INFO]   Metadata batch 686/1558...
2026-06-16 18:21:34,636 [INFO]   Metadata batch 687/1558...
2026-06-16 18:21:41,074 [INFO]   Metadata batch 688/1558...
2026-06-16 18:21:47,531 [INFO]   Metadata batch 689/1558...
2026-06-16 18:21:53,949 [INFO]   Metadata batch 690/1558...
2026-06-16 18:21:59,860 [INFO]   Metadata batch 691/1558...
2026-06-16 18:22:07,497 [INFO]   Metadata batch 692/1558...
2026-06-16 18:22:13,990 [INFO]   Metadata batch 693/1558...
2026-06-16 18:22:19,937 [INFO]   Metadata batch 694/1558...
2026-06-16 18:22:26,112 [INFO]   Metadata batch 695/1558...
2026-06-16 18:22:31,719 [INFO]   Metadata batch 696/1558...
2026-06-16 18:22:37,592 [INFO]   Metadata batch 697/1558...
2026-06-16 18:22:43,663 [INFO]   Metadata batch 698/1558...
2026-06-16 18:22:49,587 [INFO]   Metadata batch 699/1558...
2026-06-16 18:22:56,005 [INFO]   Metadata batch 700/1558...
2026-06-16 18:23:02,362 [INFO]   Metadata batch 701/1558...
2026-06-16 18:23:08,461 [INFO]   Metadata batch 702/1558...
2026-06-16 18:23:14,353 [INFO]   Metadata batch 703/1558...
2026-06-16 18:23:20,268 [INFO]   Metadata batch 704/1558...
2026-06-16 18:23:26,303 [INFO]   Metadata batch 705/1558...
2026-06-16 18:23:32,864 [INFO]   Metadata batch 706/1558...
2026-06-16 18:23:39,369 [INFO]   Metadata batch 707/1558...
2026-06-16 18:23:45,555 [INFO]   Metadata batch 708/1558...
2026-06-16 18:23:51,906 [INFO]   Metadata batch 709/1558...
2026-06-16 18:23:57,853 [INFO]   Metadata batch 710/1558...
2026-06-16 18:24:04,340 [INFO]   Metadata batch 711/1558...
2026-06-16 18:24:10,482 [INFO]   Metadata batch 712/1558...
2026-06-16 18:24:16,390 [INFO]   Metadata batch 713/1558...
2026-06-16 18:24:21,916 [INFO]   Metadata batch 714/1558...
2026-06-16 18:24:27,713 [INFO]   Metadata batch 715/1558...
2026-06-16 18:24:33,480 [INFO]   Metadata batch 716/1558...
2026-06-16 18:24:39,645 [INFO]   Metadata batch 717/1558...
2026-06-16 18:24:46,055 [INFO]   Metadata batch 718/1558...
2026-06-16 18:24:51,881 [INFO]   Metadata batch 719/1558...
2026-06-16 18:24:58,148 [INFO]   Metadata batch 720/1558...
2026-06-16 18:25:03,731 [INFO]   Metadata batch 721/1558...
2026-06-16 18:25:09,471 [INFO]   Metadata batch 722/1558...
2026-06-16 18:25:14,869 [INFO]   Metadata batch 723/1558...
2026-06-16 18:25:21,305 [INFO]   Metadata batch 724/1558...
2026-06-16 18:25:27,257 [INFO]   Metadata batch 725/1558...
2026-06-16 18:25:33,152 [INFO]   Metadata batch 726/1558...
2026-06-16 18:25:39,213 [INFO]   Metadata batch 727/1558...
2026-06-16 18:25:45,114 [INFO]   Metadata batch 728/1558...
2026-06-16 18:25:51,615 [INFO]   Metadata batch 729/1558...
2026-06-16 18:25:57,802 [INFO]   Metadata batch 730/1558...
2026-06-16 18:26:03,890 [INFO]   Metadata batch 731/1558...
2026-06-16 18:26:10,238 [INFO]   Metadata batch 732/1558...
2026-06-16 18:26:16,776 [INFO]   Metadata batch 733/1558...
2026-06-16 18:26:23,082 [INFO]   Metadata batch 734/1558...
2026-06-16 18:26:29,480 [INFO]   Metadata batch 735/1558...
2026-06-16 18:26:34,985 [INFO]   Metadata batch 736/1558...
2026-06-16 18:26:40,274 [INFO]   Metadata batch 737/1558...
2026-06-16 18:26:45,994 [INFO]   Metadata batch 738/1558...
2026-06-16 18:26:52,242 [INFO]   Metadata batch 739/1558...
2026-06-16 18:26:58,266 [INFO]   Metadata batch 740/1558...
2026-06-16 18:27:04,454 [INFO]   Metadata batch 741/1558...
2026-06-16 18:27:10,561 [INFO]   Metadata batch 742/1558...
2026-06-16 18:27:16,880 [INFO]   Metadata batch 743/1558...
2026-06-16 18:27:25,867 [INFO]   Metadata batch 744/1558...
2026-06-16 18:27:31,576 [INFO]   Metadata batch 745/1558...
2026-06-16 18:27:38,096 [INFO]   Metadata batch 746/1558...
2026-06-16 18:27:43,833 [INFO]   Metadata batch 747/1558...
2026-06-16 18:27:49,889 [INFO]   Metadata batch 748/1558...
2026-06-16 18:27:55,444 [INFO]   Metadata batch 749/1558...
2026-06-16 18:28:01,229 [INFO]   Metadata batch 750/1558...
2026-06-16 18:28:08,329 [INFO]   Metadata batch 751/1558...
2026-06-16 18:28:19,563 [INFO]   Metadata batch 752/1558...
2026-06-16 18:28:25,819 [INFO]   Metadata batch 753/1558...
2026-06-16 18:28:32,049 [INFO]   Metadata batch 754/1558...
2026-06-16 18:28:38,548 [INFO]   Metadata batch 755/1558...
2026-06-16 18:28:44,630 [INFO]   Metadata batch 756/1558...
2026-06-16 18:28:51,040 [INFO]   Metadata batch 757/1558...
2026-06-16 18:28:57,199 [INFO]   Metadata batch 758/1558...
2026-06-16 18:29:03,456 [INFO]   Metadata batch 759/1558...
2026-06-16 18:29:10,321 [INFO]   Metadata batch 760/1558...
2026-06-16 18:29:16,605 [INFO]   Metadata batch 761/1558...
2026-06-16 18:29:23,524 [INFO]   Metadata batch 762/1558...
2026-06-16 18:29:30,100 [INFO]   Metadata batch 763/1558...
2026-06-16 18:29:36,675 [INFO]   Metadata batch 764/1558...
2026-06-16 18:29:42,759 [INFO]   Metadata batch 765/1558...
2026-06-16 18:29:48,639 [INFO]   Metadata batch 766/1558...
2026-06-16 18:29:55,306 [INFO]   Metadata batch 767/1558...
2026-06-16 18:30:01,851 [INFO]   Metadata batch 768/1558...
2026-06-16 18:30:08,801 [INFO]   Metadata batch 769/1558...
2026-06-16 18:30:15,223 [INFO]   Metadata batch 770/1558...
2026-06-16 18:30:21,634 [INFO]   Metadata batch 771/1558...
2026-06-16 18:30:31,476 [INFO]   Metadata batch 772/1558...
2026-06-16 18:30:38,632 [INFO]   Metadata batch 773/1558...
2026-06-16 18:30:44,851 [INFO]   Metadata batch 774/1558...
2026-06-16 18:30:51,685 [INFO]   Metadata batch 775/1558...
2026-06-16 18:30:58,359 [INFO]   Metadata batch 776/1558...
2026-06-16 18:31:04,512 [INFO]   Metadata batch 777/1558...
2026-06-16 18:31:11,448 [INFO]   Metadata batch 778/1558...
2026-06-16 18:31:17,777 [INFO]   Metadata batch 779/1558...
2026-06-16 18:31:24,059 [INFO]   Metadata batch 780/1558...
2026-06-16 18:31:30,608 [INFO]   Metadata batch 781/1558...
2026-06-16 18:31:36,765 [INFO]   Metadata batch 782/1558...
2026-06-16 18:31:43,862 [INFO]   Metadata batch 783/1558...
2026-06-16 18:31:50,538 [INFO]   Metadata batch 784/1558...
2026-06-16 18:31:57,093 [INFO]   Metadata batch 785/1558...
2026-06-16 18:32:02,862 [INFO]   Metadata batch 786/1558...
2026-06-16 18:32:10,158 [INFO]   Metadata batch 787/1558...
2026-06-16 18:32:16,567 [INFO]   Metadata batch 788/1558...
2026-06-16 18:32:22,002 [INFO]   Metadata batch 789/1558...
2026-06-16 18:32:28,067 [INFO]   Metadata batch 790/1558...
2026-06-16 18:32:33,813 [INFO]   Metadata batch 791/1558...
2026-06-16 18:32:39,783 [INFO]   Metadata batch 792/1558...
2026-06-16 18:32:46,032 [INFO]   Metadata batch 793/1558...
2026-06-16 18:32:52,122 [INFO]   Metadata batch 794/1558...
2026-06-16 18:32:58,187 [INFO]   Metadata batch 795/1558...
2026-06-16 18:33:04,754 [INFO]   Metadata batch 796/1558...
2026-06-16 18:33:11,787 [INFO]   Metadata batch 797/1558...
2026-06-16 18:33:17,938 [INFO]   Metadata batch 798/1558...
2026-06-16 18:33:25,991 [INFO]   Metadata batch 799/1558...
2026-06-16 18:33:32,538 [INFO]   Metadata batch 800/1558...
2026-06-16 18:33:38,662 [INFO]   Metadata batch 801/1558...
2026-06-16 18:33:44,653 [INFO]   Metadata batch 802/1558...
2026-06-16 18:33:50,664 [INFO]   Metadata batch 803/1558...
2026-06-16 18:33:56,632 [INFO]   Metadata batch 804/1558...
2026-06-16 18:34:02,673 [INFO]   Metadata batch 805/1558...
2026-06-16 18:34:08,475 [INFO]   Metadata batch 806/1558...
2026-06-16 18:34:14,827 [INFO]   Metadata batch 807/1558...
2026-06-16 18:34:22,555 [INFO]   Metadata batch 808/1558...
2026-06-16 18:34:29,187 [INFO]   Metadata batch 809/1558...
2026-06-16 18:34:35,454 [INFO]   Metadata batch 810/1558...
2026-06-16 18:34:42,203 [INFO]   Metadata batch 811/1558...
2026-06-16 18:34:48,369 [INFO]   Metadata batch 812/1558...
2026-06-16 18:34:55,695 [INFO]   Metadata batch 813/1558...
2026-06-16 18:35:02,108 [INFO]   Metadata batch 814/1558...
2026-06-16 18:35:09,163 [INFO]   Metadata batch 815/1558...
2026-06-16 18:35:15,196 [INFO]   Metadata batch 816/1558...
2026-06-16 18:35:21,792 [INFO]   Metadata batch 817/1558...
2026-06-16 18:35:28,051 [INFO]   Metadata batch 818/1558...
2026-06-16 18:35:34,196 [INFO]   Metadata batch 819/1558...
2026-06-16 18:35:40,003 [INFO]   Metadata batch 820/1558...
2026-06-16 18:35:46,110 [INFO]   Metadata batch 821/1558...
2026-06-16 18:35:52,285 [INFO]   Metadata batch 822/1558...
2026-06-16 18:35:59,110 [INFO]   Metadata batch 823/1558...
2026-06-16 18:36:05,060 [INFO]   Metadata batch 824/1558...
2026-06-16 18:36:11,315 [INFO]   Metadata batch 825/1558...
2026-06-16 18:36:17,234 [INFO]   Metadata batch 826/1558...
2026-06-16 18:36:24,056 [INFO]   Metadata batch 827/1558...
2026-06-16 18:36:30,591 [INFO]   Metadata batch 828/1558...
2026-06-16 18:36:36,558 [INFO]   Metadata batch 829/1558...
2026-06-16 18:36:42,901 [INFO]   Metadata batch 830/1558...
2026-06-16 18:36:49,161 [INFO]   Metadata batch 831/1558...
2026-06-16 18:36:55,207 [INFO]   Metadata batch 832/1558...
2026-06-16 18:37:01,442 [INFO]   Metadata batch 833/1558...
2026-06-16 18:37:08,085 [INFO]   Metadata batch 834/1558...
2026-06-16 18:37:14,632 [INFO]   Metadata batch 835/1558...
2026-06-16 18:37:20,690 [INFO]   Metadata batch 836/1558...
2026-06-16 18:37:26,679 [INFO]   Metadata batch 837/1558...
2026-06-16 18:37:32,773 [INFO]   Metadata batch 838/1558...
2026-06-16 18:37:38,752 [INFO]   Metadata batch 839/1558...
2026-06-16 18:37:45,091 [INFO]   Metadata batch 840/1558...
2026-06-16 18:37:50,733 [INFO]   Metadata batch 841/1558...
2026-06-16 18:37:56,410 [INFO]   Metadata batch 842/1558...
2026-06-16 18:38:03,166 [INFO]   Metadata batch 843/1558...
2026-06-16 18:38:09,303 [INFO]   Metadata batch 844/1558...
2026-06-16 18:38:15,154 [INFO]   Metadata batch 845/1558...
2026-06-16 18:38:21,245 [INFO]   Metadata batch 846/1558...
2026-06-16 18:38:27,176 [INFO]   Metadata batch 847/1558...
2026-06-16 18:38:33,926 [INFO]   Metadata batch 848/1558...
2026-06-16 18:38:40,418 [INFO]   Metadata batch 849/1558...
2026-06-16 18:38:45,977 [INFO]   Metadata batch 850/1558...
2026-06-16 18:38:52,232 [INFO]   Metadata batch 851/1558...
2026-06-16 18:38:58,204 [INFO]   Metadata batch 852/1558...
2026-06-16 18:39:03,552 [INFO]   Metadata batch 853/1558...
2026-06-16 18:39:09,733 [INFO]   Metadata batch 854/1558...
2026-06-16 18:39:16,460 [INFO]   Metadata batch 855/1558...
2026-06-16 18:39:22,506 [INFO]   Metadata batch 856/1558...
2026-06-16 18:39:28,849 [INFO]   Metadata batch 857/1558...
2026-06-16 18:39:34,730 [INFO]   Metadata batch 858/1558...
2026-06-16 18:39:40,385 [INFO]   Metadata batch 859/1558...
2026-06-16 18:39:46,344 [INFO]   Metadata batch 860/1558...
2026-06-16 18:39:51,984 [INFO]   Metadata batch 861/1558...
2026-06-16 18:39:57,826 [INFO]   Metadata batch 862/1558...
2026-06-16 18:40:04,205 [INFO]   Metadata batch 863/1558...
2026-06-16 18:40:10,677 [INFO]   Metadata batch 864/1558...
2026-06-16 18:40:16,501 [INFO]   Metadata batch 865/1558...
2026-06-16 18:40:22,402 [INFO]   Metadata batch 866/1558...
2026-06-16 18:40:28,758 [INFO]   Metadata batch 867/1558...
2026-06-16 18:40:35,104 [INFO]   Metadata batch 868/1558...
2026-06-16 18:40:40,832 [INFO]   Metadata batch 869/1558...
2026-06-16 18:40:46,511 [INFO]   Metadata batch 870/1558...
2026-06-16 18:40:52,079 [INFO]   Metadata batch 871/1558...
2026-06-16 18:40:58,398 [INFO]   Metadata batch 872/1558...
2026-06-16 18:41:04,462 [INFO]   Metadata batch 873/1558...
2026-06-16 18:41:10,497 [INFO]   Metadata batch 874/1558...
2026-06-16 18:41:16,845 [INFO]   Metadata batch 875/1558...
2026-06-16 18:41:22,538 [INFO]   Metadata batch 876/1558...
2026-06-16 18:41:28,568 [INFO]   Metadata batch 877/1558...
2026-06-16 18:41:34,869 [INFO]   Metadata batch 878/1558...
2026-06-16 18:41:40,547 [INFO]   Metadata batch 879/1558...
2026-06-16 18:41:46,824 [INFO]   Metadata batch 880/1558...
2026-06-16 18:41:53,809 [INFO]   Metadata batch 881/1558...
2026-06-16 18:42:00,233 [INFO]   Metadata batch 882/1558...
2026-06-16 18:42:05,903 [INFO]   Metadata batch 883/1558...
2026-06-16 18:42:12,183 [INFO]   Metadata batch 884/1558...
2026-06-16 18:42:17,809 [INFO]   Metadata batch 885/1558...
2026-06-16 18:42:23,751 [INFO]   Metadata batch 886/1558...
2026-06-16 18:42:29,697 [INFO]   Metadata batch 887/1558...
2026-06-16 18:42:35,697 [INFO]   Metadata batch 888/1558...
2026-06-16 18:42:42,240 [INFO]   Metadata batch 889/1558...
2026-06-16 18:42:48,331 [INFO]   Metadata batch 890/1558...
2026-06-16 18:42:54,792 [INFO]   Metadata batch 891/1558...
2026-06-16 18:43:00,726 [INFO]   Metadata batch 892/1558...
2026-06-16 18:43:06,607 [INFO]   Metadata batch 893/1558...
2026-06-16 18:43:13,479 [INFO]   Metadata batch 894/1558...
2026-06-16 18:43:19,910 [INFO]   Metadata batch 895/1558...
2026-06-16 18:43:26,696 [INFO]   Metadata batch 896/1558...
2026-06-16 18:43:32,841 [INFO]   Metadata batch 897/1558...
2026-06-16 18:43:38,670 [INFO]   Metadata batch 898/1558...
2026-06-16 18:43:45,422 [INFO]   Metadata batch 899/1558...
2026-06-16 18:43:51,170 [INFO]   Metadata batch 900/1558...
2026-06-16 18:43:56,937 [INFO]   Metadata batch 901/1558...
2026-06-16 18:44:02,925 [INFO]   Metadata batch 902/1558...
2026-06-16 18:44:09,513 [INFO]   Metadata batch 903/1558...
2026-06-16 18:44:15,565 [INFO]   Metadata batch 904/1558...
2026-06-16 18:44:25,081 [INFO]   Metadata batch 905/1558...
2026-06-16 18:44:30,662 [INFO]   Metadata batch 906/1558...
2026-06-16 18:44:36,410 [INFO]   Metadata batch 907/1558...
2026-06-16 18:44:42,896 [INFO]   Metadata batch 908/1558...
2026-06-16 18:44:48,911 [INFO]   Metadata batch 909/1558...
2026-06-16 18:44:55,117 [INFO]   Metadata batch 910/1558...
2026-06-16 18:45:00,701 [INFO]   Metadata batch 911/1558...
2026-06-16 18:45:06,888 [INFO]   Metadata batch 912/1558...
2026-06-16 18:45:12,568 [INFO]   Metadata batch 913/1558...
2026-06-16 18:45:18,756 [INFO]   Metadata batch 914/1558...
2026-06-16 18:45:24,918 [INFO]   Metadata batch 915/1558...
2026-06-16 18:45:31,077 [INFO]   Metadata batch 916/1558...
2026-06-16 18:45:37,465 [INFO]   Metadata batch 917/1558...
2026-06-16 18:45:43,402 [INFO]   Metadata batch 918/1558...
2026-06-16 18:45:49,429 [INFO]   Metadata batch 919/1558...
2026-06-16 18:45:55,245 [INFO]   Metadata batch 920/1558...
2026-06-16 18:46:01,914 [INFO]   Metadata batch 921/1558...
2026-06-16 18:46:07,626 [INFO]   Metadata batch 922/1558...
2026-06-16 18:46:13,634 [INFO]   Metadata batch 923/1558...
2026-06-16 18:46:18,986 [INFO]   Metadata batch 924/1558...
2026-06-16 18:46:25,440 [INFO]   Metadata batch 925/1558...
2026-06-16 18:46:31,307 [INFO]   Metadata batch 926/1558...
2026-06-16 18:46:36,992 [INFO]   Metadata batch 927/1558...
2026-06-16 18:46:42,725 [INFO]   Metadata batch 928/1558...
2026-06-16 18:46:48,921 [INFO]   Metadata batch 929/1558...
2026-06-16 18:46:55,240 [INFO]   Metadata batch 930/1558...
2026-06-16 18:47:01,443 [INFO]   Metadata batch 931/1558...
2026-06-16 18:47:07,635 [INFO]   Metadata batch 932/1558...
2026-06-16 18:47:14,415 [INFO]   Metadata batch 933/1558...
2026-06-16 18:47:20,439 [INFO]   Metadata batch 934/1558...
2026-06-16 18:47:26,367 [INFO]   Metadata batch 935/1558...
2026-06-16 18:47:31,911 [INFO]   Metadata batch 936/1558...
2026-06-16 18:47:37,271 [INFO]   Metadata batch 937/1558...
2026-06-16 18:47:43,348 [INFO]   Metadata batch 938/1558...
2026-06-16 18:47:50,855 [INFO]   Metadata batch 939/1558...
2026-06-16 18:47:56,668 [INFO]   Metadata batch 940/1558...
2026-06-16 18:48:02,799 [INFO]   Metadata batch 941/1558...
2026-06-16 18:48:08,537 [INFO]   Metadata batch 942/1558...
2026-06-16 18:48:14,556 [INFO]   Metadata batch 943/1558...
2026-06-16 18:48:20,360 [INFO]   Metadata batch 944/1558...
2026-06-16 18:48:26,870 [INFO]   Metadata batch 945/1558...
2026-06-16 18:48:33,130 [INFO]   Metadata batch 946/1558...
2026-06-16 18:48:39,058 [INFO]   Metadata batch 947/1558...
2026-06-16 18:48:44,990 [INFO]   Metadata batch 948/1558...
2026-06-16 18:48:50,724 [INFO]   Metadata batch 949/1558...
2026-06-16 18:48:56,527 [INFO]   Metadata batch 950/1558...
2026-06-16 18:49:02,007 [INFO]   Metadata batch 951/1558...
2026-06-16 18:49:07,964 [INFO]   Metadata batch 952/1558...
2026-06-16 18:49:13,261 [INFO]   Metadata batch 953/1558...
2026-06-16 18:49:19,578 [INFO]   Metadata batch 954/1558...
2026-06-16 18:49:25,693 [INFO]   Metadata batch 955/1558...
2026-06-16 18:49:31,421 [INFO]   Metadata batch 956/1558...
2026-06-16 18:49:36,870 [INFO]   Metadata batch 957/1558...
2026-06-16 18:49:42,619 [INFO]   Metadata batch 958/1558...
2026-06-16 18:49:48,615 [INFO]   Metadata batch 959/1558...
2026-06-16 18:49:54,669 [INFO]   Metadata batch 960/1558...
2026-06-16 18:50:01,139 [INFO]   Metadata batch 961/1558...
2026-06-16 18:50:06,972 [INFO]   Metadata batch 962/1558...
2026-06-16 18:50:13,575 [INFO]   Metadata batch 963/1558...
2026-06-16 18:50:20,161 [INFO]   Metadata batch 964/1558...
2026-06-16 18:50:26,221 [INFO]   Metadata batch 965/1558...
2026-06-16 18:50:32,197 [INFO]   Metadata batch 966/1558...
2026-06-16 18:50:38,620 [INFO]   Metadata batch 967/1558...
2026-06-16 18:50:45,443 [INFO]   Metadata batch 968/1558...
2026-06-16 18:50:51,422 [INFO]   Metadata batch 969/1558...
2026-06-16 18:50:57,233 [INFO]   Metadata batch 970/1558...
2026-06-16 18:51:03,353 [INFO]   Metadata batch 971/1558...
2026-06-16 18:51:09,589 [INFO]   Metadata batch 972/1558...
2026-06-16 18:51:16,066 [INFO]   Metadata batch 973/1558...
2026-06-16 18:51:22,103 [INFO]   Metadata batch 974/1558...
2026-06-16 18:51:27,876 [INFO]   Metadata batch 975/1558...
2026-06-16 18:51:34,067 [INFO]   Metadata batch 976/1558...
2026-06-16 18:51:40,331 [INFO]   Metadata batch 977/1558...
2026-06-16 18:51:46,853 [INFO]   Metadata batch 978/1558...
2026-06-16 18:51:52,999 [INFO]   Metadata batch 979/1558...
2026-06-16 18:51:59,476 [INFO]   Metadata batch 980/1558...
2026-06-16 18:52:05,781 [INFO]   Metadata batch 981/1558...
2026-06-16 18:52:11,672 [INFO]   Metadata batch 982/1558...
2026-06-16 18:52:17,950 [INFO]   Metadata batch 983/1558...
2026-06-16 18:52:24,624 [INFO]   Metadata batch 984/1558...
2026-06-16 18:52:30,780 [INFO]   Metadata batch 985/1558...
2026-06-16 18:52:36,921 [INFO]   Metadata batch 986/1558...
2026-06-16 18:52:43,406 [INFO]   Metadata batch 987/1558...
2026-06-16 18:52:49,313 [INFO]   Metadata batch 988/1558...
2026-06-16 18:52:55,819 [INFO]   Metadata batch 989/1558...
2026-06-16 18:53:01,874 [INFO]   Metadata batch 990/1558...
2026-06-16 18:53:07,699 [INFO]   Metadata batch 991/1558...
2026-06-16 18:53:13,349 [INFO]   Metadata batch 992/1558...
2026-06-16 18:53:19,147 [INFO]   Metadata batch 993/1558...
2026-06-16 18:53:24,718 [INFO]   Metadata batch 994/1558...
2026-06-16 18:53:30,454 [INFO]   Metadata batch 995/1558...
2026-06-16 18:53:35,574 [INFO]   Metadata batch 996/1558...
2026-06-16 18:53:41,095 [INFO]   Metadata batch 997/1558...
2026-06-16 18:53:47,623 [INFO]   Metadata batch 998/1558...
2026-06-16 18:53:53,308 [INFO]   Metadata batch 999/1558...
2026-06-16 18:53:58,657 [INFO]   Metadata batch 1000/1558...
2026-06-16 18:54:04,826 [INFO]   Metadata batch 1001/1558...
2026-06-16 18:54:10,374 [INFO]   Metadata batch 1002/1558...
2026-06-16 18:54:15,876 [INFO]   Metadata batch 1003/1558...
2026-06-16 18:54:21,495 [INFO]   Metadata batch 1004/1558...
2026-06-16 18:54:26,900 [INFO]   Metadata batch 1005/1558...
2026-06-16 18:54:32,451 [INFO]   Metadata batch 1006/1558...
2026-06-16 18:54:38,507 [INFO]   Metadata batch 1007/1558...
2026-06-16 18:54:44,283 [INFO]   Metadata batch 1008/1558...
2026-06-16 18:54:50,695 [INFO]   Metadata batch 1009/1558...
2026-06-16 18:54:56,752 [INFO]   Metadata batch 1010/1558...
2026-06-16 18:55:03,226 [INFO]   Metadata batch 1011/1558...
2026-06-16 18:55:09,291 [INFO]   Metadata batch 1012/1558...
2026-06-16 18:55:15,596 [INFO]   Metadata batch 1013/1558...
2026-06-16 18:55:22,378 [INFO]   Metadata batch 1014/1558...
2026-06-16 18:55:28,387 [INFO]   Metadata batch 1015/1558...
2026-06-16 18:55:33,800 [INFO]   Metadata batch 1016/1558...
2026-06-16 18:55:40,008 [INFO]   Metadata batch 1017/1558...
2026-06-16 18:55:48,033 [INFO]   Metadata batch 1018/1558...
2026-06-16 18:55:54,576 [INFO]   Metadata batch 1019/1558...
2026-06-16 18:56:00,025 [INFO]   Metadata batch 1020/1558...
2026-06-16 18:56:05,776 [INFO]   Metadata batch 1021/1558...
2026-06-16 18:56:12,223 [INFO]   Metadata batch 1022/1558...
2026-06-16 18:56:17,650 [INFO]   Metadata batch 1023/1558...
2026-06-16 18:56:23,567 [INFO]   Metadata batch 1024/1558...
2026-06-16 18:56:28,924 [INFO]   Metadata batch 1025/1558...
2026-06-16 18:56:34,670 [INFO]   Metadata batch 1026/1558...
2026-06-16 18:56:40,571 [INFO]   Metadata batch 1027/1558...
2026-06-16 18:56:46,937 [INFO]   Metadata batch 1028/1558...
2026-06-16 18:56:53,382 [INFO]   Metadata batch 1029/1558...
2026-06-16 18:56:59,082 [INFO]   Metadata batch 1030/1558...
2026-06-16 18:57:04,517 [INFO]   Metadata batch 1031/1558...
2026-06-16 18:57:10,170 [INFO]   Metadata batch 1032/1558...
2026-06-16 18:57:15,779 [INFO]   Metadata batch 1033/1558...
2026-06-16 18:57:22,388 [INFO]   Metadata batch 1034/1558...
2026-06-16 18:57:28,037 [INFO]   Metadata batch 1035/1558...
2026-06-16 18:57:33,840 [INFO]   Metadata batch 1036/1558...
2026-06-16 18:57:39,771 [INFO]   Metadata batch 1037/1558...
2026-06-16 18:57:48,128 [INFO]   Metadata batch 1038/1558...
2026-06-16 18:57:54,107 [INFO]   Metadata batch 1039/1558...
2026-06-16 18:58:00,219 [INFO]   Metadata batch 1040/1558...
2026-06-16 18:58:06,008 [INFO]   Metadata batch 1041/1558...
2026-06-16 18:58:13,026 [INFO]   Metadata batch 1042/1558...
2026-06-16 18:58:18,680 [INFO]   Metadata batch 1043/1558...
2026-06-16 18:58:25,022 [INFO]   Metadata batch 1044/1558...
2026-06-16 18:58:30,807 [INFO]   Metadata batch 1045/1558...
2026-06-16 18:58:36,585 [INFO]   Metadata batch 1046/1558...
2026-06-16 18:58:41,844 [INFO]   Metadata batch 1047/1558...
2026-06-16 18:58:48,204 [INFO]   Metadata batch 1048/1558...
2026-06-16 18:58:54,352 [INFO]   Metadata batch 1049/1558...
2026-06-16 18:58:59,964 [INFO]   Metadata batch 1050/1558...
2026-06-16 18:59:05,564 [INFO]   Metadata batch 1051/1558...
2026-06-16 18:59:10,858 [INFO]   Metadata batch 1052/1558...
2026-06-16 18:59:16,900 [INFO]   Metadata batch 1053/1558...
2026-06-16 18:59:23,047 [INFO]   Metadata batch 1054/1558...
2026-06-16 18:59:29,136 [INFO]   Metadata batch 1055/1558...
2026-06-16 18:59:35,178 [INFO]   Metadata batch 1056/1558...
2026-06-16 18:59:41,179 [INFO]   Metadata batch 1057/1558...
2026-06-16 18:59:46,923 [INFO]   Metadata batch 1058/1558...
2026-06-16 18:59:52,840 [INFO]   Metadata batch 1059/1558...
2026-06-16 18:59:58,595 [INFO]   Metadata batch 1060/1558...
2026-06-16 19:00:04,805 [INFO]   Metadata batch 1061/1558...
2026-06-16 19:00:12,183 [INFO]   Metadata batch 1062/1558...
2026-06-16 19:00:19,075 [INFO]   Metadata batch 1063/1558...
2026-06-16 19:00:25,902 [INFO]   Metadata batch 1064/1558...
2026-06-16 19:00:32,816 [INFO]   Metadata batch 1065/1558...
2026-06-16 19:00:39,230 [INFO]   Metadata batch 1066/1558...
2026-06-16 19:00:45,423 [INFO]   Metadata batch 1067/1558...
2026-06-16 19:00:51,695 [INFO]   Metadata batch 1068/1558...
2026-06-16 19:00:58,921 [INFO]   Metadata batch 1069/1558...
2026-06-16 19:01:04,940 [INFO]   Metadata batch 1070/1558...
2026-06-16 19:01:11,019 [INFO]   Metadata batch 1071/1558...
2026-06-16 19:01:17,031 [INFO]   Metadata batch 1072/1558...
2026-06-16 19:01:22,978 [INFO]   Metadata batch 1073/1558...
2026-06-16 19:01:29,374 [INFO]   Metadata batch 1074/1558...
2026-06-16 19:01:35,210 [INFO]   Metadata batch 1075/1558...
2026-06-16 19:01:41,199 [INFO]   Metadata batch 1076/1558...
2026-06-16 19:01:46,657 [INFO]   Metadata batch 1077/1558...
2026-06-16 19:01:53,693 [INFO]   Metadata batch 1078/1558...
2026-06-16 19:02:00,261 [INFO]   Metadata batch 1079/1558...
2026-06-16 19:02:07,039 [INFO]   Metadata batch 1080/1558...
2026-06-16 19:02:12,804 [INFO]   Metadata batch 1081/1558...
2026-06-16 19:02:19,219 [INFO]   Metadata batch 1082/1558...
2026-06-16 19:02:25,507 [INFO]   Metadata batch 1083/1558...
2026-06-16 19:02:31,694 [INFO]   Metadata batch 1084/1558...
2026-06-16 19:02:39,545 [INFO]   Metadata batch 1085/1558...
2026-06-16 19:02:46,077 [INFO]   Metadata batch 1086/1558...
2026-06-16 19:02:52,179 [INFO]   Metadata batch 1087/1558...
2026-06-16 19:02:58,087 [INFO]   Metadata batch 1088/1558...
2026-06-16 19:03:04,808 [INFO]   Metadata batch 1089/1558...
2026-06-16 19:03:11,060 [INFO]   Metadata batch 1090/1558...
2026-06-16 19:03:18,009 [INFO]   Metadata batch 1091/1558...
2026-06-16 19:03:24,847 [INFO]   Metadata batch 1092/1558...
2026-06-16 19:03:31,253 [INFO]   Metadata batch 1093/1558...
2026-06-16 19:03:37,891 [INFO]   Metadata batch 1094/1558...
2026-06-16 19:03:44,123 [INFO]   Metadata batch 1095/1558...
2026-06-16 19:03:50,018 [INFO]   Metadata batch 1096/1558...
2026-06-16 19:03:56,066 [INFO]   Metadata batch 1097/1558...
2026-06-16 19:04:02,026 [INFO]   Metadata batch 1098/1558...
2026-06-16 19:04:08,954 [INFO]   Metadata batch 1099/1558...
2026-06-16 19:04:15,226 [INFO]   Metadata batch 1100/1558...
2026-06-16 19:04:22,390 [INFO]   Metadata batch 1101/1558...
2026-06-16 19:04:28,846 [INFO]   Metadata batch 1102/1558...
2026-06-16 19:04:35,277 [INFO]   Metadata batch 1103/1558...
2026-06-16 19:04:41,123 [INFO]   Metadata batch 1104/1558...
2026-06-16 19:04:46,986 [INFO]   Metadata batch 1105/1558...
2026-06-16 19:04:52,899 [INFO]   Metadata batch 1106/1558...
2026-06-16 19:04:59,231 [INFO]   Metadata batch 1107/1558...
2026-06-16 19:05:04,815 [INFO]   Metadata batch 1108/1558...
2026-06-16 19:05:11,258 [INFO]   Metadata batch 1109/1558...
2026-06-16 19:05:17,626 [INFO]   Metadata batch 1110/1558...
2026-06-16 19:05:23,948 [INFO]   Metadata batch 1111/1558...
2026-06-16 19:05:31,122 [INFO]   Metadata batch 1112/1558...
2026-06-16 19:05:37,288 [INFO]   Metadata batch 1113/1558...
2026-06-16 19:05:44,154 [INFO]   Metadata batch 1114/1558...
2026-06-16 19:05:51,033 [INFO]   Metadata batch 1115/1558...
2026-06-16 19:05:57,743 [INFO]   Metadata batch 1116/1558...
2026-06-16 19:06:03,651 [INFO]   Metadata batch 1117/1558...
2026-06-16 19:06:09,879 [INFO]   Metadata batch 1118/1558...
2026-06-16 19:06:15,827 [INFO]   Metadata batch 1119/1558...
2026-06-16 19:06:21,856 [INFO]   Metadata batch 1120/1558...
2026-06-16 19:06:27,606 [INFO]   Metadata batch 1121/1558...
2026-06-16 19:06:34,022 [INFO]   Metadata batch 1122/1558...
2026-06-16 19:06:40,050 [INFO]   Metadata batch 1123/1558...
2026-06-16 19:06:46,938 [INFO]   Metadata batch 1124/1558...
2026-06-16 19:06:56,454 [INFO]   Metadata batch 1125/1558...
2026-06-16 19:07:01,728 [INFO]   Metadata batch 1126/1558...
2026-06-16 19:07:07,198 [INFO]   Metadata batch 1127/1558...
2026-06-16 19:07:13,188 [INFO]   Metadata batch 1128/1558...
2026-06-16 19:07:19,563 [INFO]   Metadata batch 1129/1558...
2026-06-16 19:07:25,680 [INFO]   Metadata batch 1130/1558...
2026-06-16 19:07:31,924 [INFO]   Metadata batch 1131/1558...
2026-06-16 19:07:37,852 [INFO]   Metadata batch 1132/1558...
2026-06-16 19:07:43,486 [INFO]   Metadata batch 1133/1558...
2026-06-16 19:07:50,304 [INFO]   Metadata batch 1134/1558...
2026-06-16 19:07:56,647 [INFO]   Metadata batch 1135/1558...
2026-06-16 19:08:03,146 [INFO]   Metadata batch 1136/1558...
2026-06-16 19:08:09,311 [INFO]   Metadata batch 1137/1558...
2026-06-16 19:08:15,447 [INFO]   Metadata batch 1138/1558...
2026-06-16 19:08:33,432 [INFO]   Metadata batch 1139/1558...
2026-06-16 19:08:39,973 [INFO]   Metadata batch 1140/1558...
2026-06-16 19:08:46,353 [INFO]   Metadata batch 1141/1558...
2026-06-16 19:08:52,945 [INFO]   Metadata batch 1142/1558...
2026-06-16 19:08:58,627 [INFO]   Metadata batch 1143/1558...
2026-06-16 19:09:04,549 [INFO]   Metadata batch 1144/1558...
2026-06-16 19:09:10,390 [INFO]   Metadata batch 1145/1558...
2026-06-16 19:09:16,741 [INFO]   Metadata batch 1146/1558...
2026-06-16 19:09:22,787 [INFO]   Metadata batch 1147/1558...
2026-06-16 19:09:28,193 [INFO]   Metadata batch 1148/1558...
2026-06-16 19:09:34,828 [INFO]   Metadata batch 1149/1558...
2026-06-16 19:09:40,762 [INFO]   Metadata batch 1150/1558...
2026-06-16 19:09:47,352 [INFO]   Metadata batch 1151/1558...
2026-06-16 19:09:53,867 [INFO]   Metadata batch 1152/1558...
2026-06-16 19:10:00,100 [INFO]   Metadata batch 1153/1558...
2026-06-16 19:10:06,436 [INFO]   Metadata batch 1154/1558...
2026-06-16 19:10:12,290 [INFO]   Metadata batch 1155/1558...
2026-06-16 19:10:18,251 [INFO]   Metadata batch 1156/1558...
2026-06-16 19:10:24,802 [INFO]   Metadata batch 1157/1558...
2026-06-16 19:10:30,614 [INFO]   Metadata batch 1158/1558...
2026-06-16 19:10:37,269 [INFO]   Metadata batch 1159/1558...
2026-06-16 19:10:43,433 [INFO]   Metadata batch 1160/1558...
2026-06-16 19:10:49,561 [INFO]   Metadata batch 1161/1558...
2026-06-16 19:10:57,316 [INFO]   Metadata batch 1162/1558...
2026-06-16 19:11:06,235 [INFO]   Metadata batch 1163/1558...
2026-06-16 19:11:12,087 [INFO]   Metadata batch 1164/1558...
2026-06-16 19:11:18,173 [INFO]   Metadata batch 1165/1558...
2026-06-16 19:11:24,249 [INFO]   Metadata batch 1166/1558...
2026-06-16 19:11:30,500 [INFO]   Metadata batch 1167/1558...
2026-06-16 19:11:35,901 [INFO]   Metadata batch 1168/1558...
2026-06-16 19:11:41,699 [INFO]   Metadata batch 1169/1558...
2026-06-16 19:11:47,747 [INFO]   Metadata batch 1170/1558...
2026-06-16 19:11:56,704 [INFO]   Metadata batch 1171/1558...
2026-06-16 19:12:02,706 [INFO]   Metadata batch 1172/1558...
2026-06-16 19:12:08,987 [INFO]   Metadata batch 1173/1558...
2026-06-16 19:12:14,715 [INFO]   Metadata batch 1174/1558...
2026-06-16 19:12:22,671 [INFO]   Metadata batch 1175/1558...
2026-06-16 19:12:28,216 [INFO]   Metadata batch 1176/1558...
2026-06-16 19:12:34,182 [INFO]   Metadata batch 1177/1558...
2026-06-16 19:12:39,908 [INFO]   Metadata batch 1178/1558...
2026-06-16 19:12:46,306 [INFO]   Metadata batch 1179/1558...
2026-06-16 19:12:52,209 [INFO]   Metadata batch 1180/1558...
2026-06-16 19:12:58,476 [INFO]   Metadata batch 1181/1558...
2026-06-16 19:13:04,433 [INFO]   Metadata batch 1182/1558...
2026-06-16 19:13:10,393 [INFO]   Metadata batch 1183/1558...
2026-06-16 19:13:17,477 [INFO]   Metadata batch 1184/1558...
2026-06-16 19:13:23,597 [INFO]   Metadata batch 1185/1558...
2026-06-16 19:13:29,205 [INFO]   Metadata batch 1186/1558...
2026-06-16 19:13:36,014 [INFO]   Metadata batch 1187/1558...
2026-06-16 19:13:42,043 [INFO]   Metadata batch 1188/1558...
2026-06-16 19:13:47,577 [INFO]   Metadata batch 1189/1558...
2026-06-16 19:13:53,886 [INFO]   Metadata batch 1190/1558...
2026-06-16 19:14:00,212 [INFO]   Metadata batch 1191/1558...
2026-06-16 19:14:05,791 [INFO]   Metadata batch 1192/1558...
2026-06-16 19:14:11,407 [INFO]   Metadata batch 1193/1558...
2026-06-16 19:14:17,587 [INFO]   Metadata batch 1194/1558...
2026-06-16 19:14:24,125 [INFO]   Metadata batch 1195/1558...
2026-06-16 19:14:29,840 [INFO]   Metadata batch 1196/1558...
2026-06-16 19:14:36,739 [INFO]   Metadata batch 1197/1558...
2026-06-16 19:14:43,321 [INFO]   Metadata batch 1198/1558...
2026-06-16 19:14:48,974 [INFO]   Metadata batch 1199/1558...
2026-06-16 19:14:55,618 [INFO]   Metadata batch 1200/1558...
2026-06-16 19:15:01,371 [INFO]   Metadata batch 1201/1558...
2026-06-16 19:15:07,610 [INFO]   Metadata batch 1202/1558...
2026-06-16 19:15:13,493 [INFO]   Metadata batch 1203/1558...
2026-06-16 19:15:19,938 [INFO]   Metadata batch 1204/1558...
2026-06-16 19:15:26,268 [INFO]   Metadata batch 1205/1558...
2026-06-16 19:15:32,384 [INFO]   Metadata batch 1206/1558...
2026-06-16 19:15:38,754 [INFO]   Metadata batch 1207/1558...
2026-06-16 19:15:44,718 [INFO]   Metadata batch 1208/1558...
2026-06-16 19:15:50,597 [INFO]   Metadata batch 1209/1558...
2026-06-16 19:15:56,222 [INFO]   Metadata batch 1210/1558...
2026-06-16 19:16:02,664 [INFO]   Metadata batch 1211/1558...
2026-06-16 19:16:08,529 [INFO]   Metadata batch 1212/1558...
2026-06-16 19:16:14,738 [INFO]   Metadata batch 1213/1558...
2026-06-16 19:16:22,447 [INFO]   Metadata batch 1214/1558...
2026-06-16 19:16:28,594 [INFO]   Metadata batch 1215/1558...
2026-06-16 19:16:37,288 [INFO]   Metadata batch 1216/1558...
2026-06-16 19:16:43,105 [INFO]   Metadata batch 1217/1558...
2026-06-16 19:16:49,762 [INFO]   Metadata batch 1218/1558...
2026-06-16 19:16:56,145 [INFO]   Metadata batch 1219/1558...
2026-06-16 19:17:02,541 [INFO]   Metadata batch 1220/1558...
2026-06-16 19:17:08,442 [INFO]   Metadata batch 1221/1558...
2026-06-16 19:17:14,299 [INFO]   Metadata batch 1222/1558...
2026-06-16 19:17:21,130 [INFO]   Metadata batch 1223/1558...
2026-06-16 19:17:27,025 [INFO]   Metadata batch 1224/1558...
2026-06-16 19:17:32,832 [INFO]   Metadata batch 1225/1558...
2026-06-16 19:17:38,964 [INFO]   Metadata batch 1226/1558...
2026-06-16 19:17:44,381 [INFO]   Metadata batch 1227/1558...
2026-06-16 19:17:50,402 [INFO]   Metadata batch 1228/1558...
2026-06-16 19:17:55,874 [INFO]   Metadata batch 1229/1558...
2026-06-16 19:18:01,873 [INFO]   Metadata batch 1230/1558...
2026-06-16 19:18:08,154 [INFO]   Metadata batch 1231/1558...
2026-06-16 19:18:13,732 [INFO]   Metadata batch 1232/1558...
2026-06-16 19:18:19,614 [INFO]   Metadata batch 1233/1558...
2026-06-16 19:18:25,108 [INFO]   Metadata batch 1234/1558...
2026-06-16 19:18:31,692 [INFO]   Metadata batch 1235/1558...
2026-06-16 19:18:37,370 [INFO]   Metadata batch 1236/1558...
2026-06-16 19:18:43,372 [INFO]   Metadata batch 1237/1558...
2026-06-16 19:18:49,808 [INFO]   Metadata batch 1238/1558...
2026-06-16 19:18:55,147 [INFO]   Metadata batch 1239/1558...
2026-06-16 19:19:01,002 [INFO]   Metadata batch 1240/1558...
2026-06-16 19:19:06,739 [INFO]   Metadata batch 1241/1558...
2026-06-16 19:19:11,921 [INFO]   Metadata batch 1242/1558...
2026-06-16 19:19:17,413 [INFO]   Metadata batch 1243/1558...
2026-06-16 19:19:23,170 [INFO]   Metadata batch 1244/1558...
2026-06-16 19:19:28,999 [INFO]   Metadata batch 1245/1558...
2026-06-16 19:19:35,731 [INFO]   Metadata batch 1246/1558...
2026-06-16 19:19:41,410 [INFO]   Metadata batch 1247/1558...
2026-06-16 19:19:47,592 [INFO]   Metadata batch 1248/1558...
2026-06-16 19:19:52,812 [INFO]   Metadata batch 1249/1558...
2026-06-16 19:19:58,881 [INFO]   Metadata batch 1250/1558...
2026-06-16 19:20:05,615 [INFO]   Metadata batch 1251/1558...
2026-06-16 19:20:11,785 [INFO]   Metadata batch 1252/1558...
2026-06-16 19:20:17,814 [INFO]   Metadata batch 1253/1558...
2026-06-16 19:20:24,333 [INFO]   Metadata batch 1254/1558...
2026-06-16 19:20:32,613 [INFO]   Metadata batch 1255/1558...
2026-06-16 19:20:38,344 [INFO]   Metadata batch 1256/1558...
2026-06-16 19:20:43,617 [INFO]   Metadata batch 1257/1558...
2026-06-16 19:20:49,636 [INFO]   Metadata batch 1258/1558...
2026-06-16 19:20:56,266 [INFO]   Metadata batch 1259/1558...
2026-06-16 19:21:03,188 [INFO]   Metadata batch 1260/1558...
2026-06-16 19:21:09,318 [INFO]   Metadata batch 1261/1558...
2026-06-16 19:21:14,787 [INFO]   Metadata batch 1262/1558...
2026-06-16 19:21:20,501 [INFO]   Metadata batch 1263/1558...
2026-06-16 19:21:26,451 [INFO]   Metadata batch 1264/1558...
2026-06-16 19:21:32,078 [INFO]   Metadata batch 1265/1558...
2026-06-16 19:21:37,656 [INFO]   Metadata batch 1266/1558...
2026-06-16 19:21:43,148 [INFO]   Metadata batch 1267/1558...
2026-06-16 19:21:48,799 [INFO]   Metadata batch 1268/1558...
2026-06-16 19:21:54,734 [INFO]   Metadata batch 1269/1558...
2026-06-16 19:22:01,559 [INFO]   Metadata batch 1270/1558...
2026-06-16 19:22:07,514 [INFO]   Metadata batch 1271/1558...
2026-06-16 19:22:13,270 [INFO]   Metadata batch 1272/1558...
2026-06-16 19:22:19,275 [INFO]   Metadata batch 1273/1558...
2026-06-16 19:22:26,732 [INFO]   Metadata batch 1274/1558...
2026-06-16 19:22:33,197 [INFO]   Metadata batch 1275/1558...
2026-06-16 19:22:40,075 [INFO]   Metadata batch 1276/1558...
2026-06-16 19:22:46,156 [INFO]   Metadata batch 1277/1558...
2026-06-16 19:22:52,914 [INFO]   Metadata batch 1278/1558...
2026-06-16 19:22:58,728 [INFO]   Metadata batch 1279/1558...
2026-06-16 19:23:05,347 [INFO]   Metadata batch 1280/1558...
2026-06-16 19:23:10,937 [INFO]   Metadata batch 1281/1558...
2026-06-16 19:23:17,158 [INFO]   Metadata batch 1282/1558...
2026-06-16 19:23:23,197 [INFO]   Metadata batch 1283/1558...
2026-06-16 19:23:29,830 [INFO]   Metadata batch 1284/1558...
2026-06-16 19:23:36,339 [INFO]   Metadata batch 1285/1558...
2026-06-16 19:23:42,856 [INFO]   Metadata batch 1286/1558...
2026-06-16 19:23:48,631 [INFO]   Metadata batch 1287/1558...
2026-06-16 19:23:54,754 [INFO]   Metadata batch 1288/1558...
2026-06-16 19:24:01,029 [INFO]   Metadata batch 1289/1558...
2026-06-16 19:24:07,908 [INFO]   Metadata batch 1290/1558...
2026-06-16 19:24:14,181 [INFO]   Metadata batch 1291/1558...
2026-06-16 19:24:19,700 [INFO]   Metadata batch 1292/1558...
2026-06-16 19:24:26,069 [INFO]   Metadata batch 1293/1558...
2026-06-16 19:24:31,918 [INFO]   Metadata batch 1294/1558...
2026-06-16 19:24:38,325 [INFO]   Metadata batch 1295/1558...
2026-06-16 19:24:45,196 [INFO]   Metadata batch 1296/1558...
2026-06-16 19:24:50,791 [INFO]   Metadata batch 1297/1558...
2026-06-16 19:24:57,457 [INFO]   Metadata batch 1298/1558...
2026-06-16 19:25:03,873 [INFO]   Metadata batch 1299/1558...
2026-06-16 19:25:10,657 [INFO]   Metadata batch 1300/1558...
2026-06-16 19:25:16,513 [INFO]   Metadata batch 1301/1558...
2026-06-16 19:25:22,333 [INFO]   Metadata batch 1302/1558...
2026-06-16 19:25:28,299 [INFO]   Metadata batch 1303/1558...
2026-06-16 19:25:43,452 [INFO]   Metadata batch 1304/1558...
2026-06-16 19:25:49,345 [INFO]   Metadata batch 1305/1558...
2026-06-16 19:25:55,334 [INFO]   Metadata batch 1306/1558...
2026-06-16 19:26:01,431 [INFO]   Metadata batch 1307/1558...
2026-06-16 19:26:08,357 [INFO]   Metadata batch 1308/1558...
2026-06-16 19:26:14,204 [INFO]   Metadata batch 1309/1558...
2026-06-16 19:26:20,383 [INFO]   Metadata batch 1310/1558...
2026-06-16 19:26:27,303 [INFO]   Metadata batch 1311/1558...
2026-06-16 19:26:33,714 [INFO]   Metadata batch 1312/1558...
2026-06-16 19:26:39,695 [INFO]   Metadata batch 1313/1558...
2026-06-16 19:26:45,747 [INFO]   Metadata batch 1314/1558...
2026-06-16 19:26:51,723 [INFO]   Metadata batch 1315/1558...
2026-06-16 19:26:57,406 [INFO]   Metadata batch 1316/1558...
2026-06-16 19:27:03,271 [INFO]   Metadata batch 1317/1558...
2026-06-16 19:27:09,702 [INFO]   Metadata batch 1318/1558...
2026-06-16 19:27:16,719 [INFO]   Metadata batch 1319/1558...
2026-06-16 19:27:22,742 [INFO]   Metadata batch 1320/1558...
2026-06-16 19:27:29,436 [INFO]   Metadata batch 1321/1558...
2026-06-16 19:27:36,113 [INFO]   Metadata batch 1322/1558...
2026-06-16 19:27:42,147 [INFO]   Metadata batch 1323/1558...
2026-06-16 19:27:48,111 [INFO]   Metadata batch 1324/1558...
2026-06-16 19:27:53,994 [INFO]   Metadata batch 1325/1558...
2026-06-16 19:28:00,227 [INFO]   Metadata batch 1326/1558...
2026-06-16 19:28:05,962 [INFO]   Metadata batch 1327/1558...
2026-06-16 19:28:12,340 [INFO]   Metadata batch 1328/1558...
2026-06-16 19:28:18,014 [INFO]   Metadata batch 1329/1558...
2026-06-16 19:28:24,138 [INFO]   Metadata batch 1330/1558...
2026-06-16 19:28:30,113 [INFO]   Metadata batch 1331/1558...
2026-06-16 19:28:36,040 [INFO]   Metadata batch 1332/1558...
2026-06-16 19:28:41,566 [INFO]   Metadata batch 1333/1558...
2026-06-16 19:28:47,662 [INFO]   Metadata batch 1334/1558...
2026-06-16 19:28:54,050 [INFO]   Metadata batch 1335/1558...
2026-06-16 19:29:00,491 [INFO]   Metadata batch 1336/1558...
2026-06-16 19:29:05,906 [INFO]   Metadata batch 1337/1558...
2026-06-16 19:29:12,420 [INFO]   Metadata batch 1338/1558...
2026-06-16 19:29:18,400 [INFO]   Metadata batch 1339/1558...
2026-06-16 19:29:24,379 [INFO]   Metadata batch 1340/1558...
2026-06-16 19:29:30,477 [INFO]   Metadata batch 1341/1558...
2026-06-16 19:29:37,612 [INFO]   Metadata batch 1342/1558...
2026-06-16 19:29:43,860 [INFO]   Metadata batch 1343/1558...
2026-06-16 19:29:49,809 [INFO]   Metadata batch 1344/1558...
2026-06-16 19:29:56,197 [INFO]   Metadata batch 1345/1558...
2026-06-16 19:30:02,308 [INFO]   Metadata batch 1346/1558...
2026-06-16 19:30:09,358 [INFO]   Metadata batch 1347/1558...
2026-06-16 19:30:16,018 [INFO]   Metadata batch 1348/1558...
2026-06-16 19:30:23,392 [INFO]   Metadata batch 1349/1558...
2026-06-16 19:30:30,378 [INFO]   Metadata batch 1350/1558...
2026-06-16 19:30:36,678 [INFO]   Metadata batch 1351/1558...
2026-06-16 19:30:43,150 [INFO]   Metadata batch 1352/1558...
2026-06-16 19:30:49,630 [INFO]   Metadata batch 1353/1558...
2026-06-16 19:31:03,560 [INFO]   Metadata batch 1354/1558...
2026-06-16 19:31:09,718 [INFO]   Metadata batch 1355/1558...
2026-06-16 19:31:15,448 [INFO]   Metadata batch 1356/1558...
2026-06-16 19:31:21,947 [INFO]   Metadata batch 1357/1558...
2026-06-16 19:31:27,905 [INFO]   Metadata batch 1358/1558...
2026-06-16 19:31:33,945 [INFO]   Metadata batch 1359/1558...
2026-06-16 19:31:40,081 [INFO]   Metadata batch 1360/1558...
2026-06-16 19:31:46,407 [INFO]   Metadata batch 1361/1558...
2026-06-16 19:31:52,588 [INFO]   Metadata batch 1362/1558...
2026-06-16 19:31:58,688 [INFO]   Metadata batch 1363/1558...
2026-06-16 19:32:05,199 [INFO]   Metadata batch 1364/1558...
2026-06-16 19:32:12,231 [INFO]   Metadata batch 1365/1558...
2026-06-16 19:32:18,929 [INFO]   Metadata batch 1366/1558...
2026-06-16 19:32:25,298 [INFO]   Metadata batch 1367/1558...
2026-06-16 19:32:33,290 [INFO]   Metadata batch 1368/1558...
2026-06-16 19:32:40,001 [INFO]   Metadata batch 1369/1558...
2026-06-16 19:32:46,385 [INFO]   Metadata batch 1370/1558...
2026-06-16 19:32:52,214 [INFO]   Metadata batch 1371/1558...
2026-06-16 19:32:58,650 [INFO]   Metadata batch 1372/1558...
2026-06-16 19:33:04,934 [INFO]   Metadata batch 1373/1558...
2026-06-16 19:33:10,580 [INFO]   Metadata batch 1374/1558...
2026-06-16 19:33:18,622 [INFO]   Metadata batch 1375/1558...
2026-06-16 19:33:24,516 [INFO]   Metadata batch 1376/1558...
2026-06-16 19:33:30,677 [INFO]   Metadata batch 1377/1558...
2026-06-16 19:33:36,263 [INFO]   Metadata batch 1378/1558...
2026-06-16 19:33:42,310 [INFO]   Metadata batch 1379/1558...
2026-06-16 19:33:48,433 [INFO]   Metadata batch 1380/1558...
2026-06-16 19:33:54,376 [INFO]   Metadata batch 1381/1558...
2026-06-16 19:34:00,126 [INFO]   Metadata batch 1382/1558...
2026-06-16 19:34:06,364 [INFO]   Metadata batch 1383/1558...
2026-06-16 19:34:12,245 [INFO]   Metadata batch 1384/1558...
2026-06-16 19:34:17,793 [INFO]   Metadata batch 1385/1558...
2026-06-16 19:34:23,654 [INFO]   Metadata batch 1386/1558...
2026-06-16 19:34:29,627 [INFO]   Metadata batch 1387/1558...
2026-06-16 19:34:35,585 [INFO]   Metadata batch 1388/1558...
2026-06-16 19:34:41,994 [INFO]   Metadata batch 1389/1558...
2026-06-16 19:34:48,265 [INFO]   Metadata batch 1390/1558...
2026-06-16 19:34:54,300 [INFO]   Metadata batch 1391/1558...
2026-06-16 19:35:00,401 [INFO]   Metadata batch 1392/1558...
2026-06-16 19:35:05,910 [INFO]   Metadata batch 1393/1558...
2026-06-16 19:35:12,320 [INFO]   Metadata batch 1394/1558...
2026-06-16 19:35:18,588 [INFO]   Metadata batch 1395/1558...
2026-06-16 19:35:24,665 [INFO]   Metadata batch 1396/1558...
2026-06-16 19:35:30,626 [INFO]   Metadata batch 1397/1558...
2026-06-16 19:35:36,290 [INFO]   Metadata batch 1398/1558...
2026-06-16 19:35:41,611 [INFO]   Metadata batch 1399/1558...
2026-06-16 19:35:47,343 [INFO]   Metadata batch 1400/1558...
2026-06-16 19:35:53,653 [INFO]   Metadata batch 1401/1558...
2026-06-16 19:35:59,699 [INFO]   Metadata batch 1402/1558...
2026-06-16 19:36:05,231 [INFO]   Metadata batch 1403/1558...
2026-06-16 19:36:10,847 [INFO]   Metadata batch 1404/1558...
2026-06-16 19:36:16,283 [INFO]   Metadata batch 1405/1558...
2026-06-16 19:36:22,431 [INFO]   Metadata batch 1406/1558...
2026-06-16 19:36:28,581 [INFO]   Metadata batch 1407/1558...
2026-06-16 19:36:35,103 [INFO]   Metadata batch 1408/1558...
2026-06-16 19:36:40,901 [INFO]   Metadata batch 1409/1558...
2026-06-16 19:36:46,172 [INFO]   Metadata batch 1410/1558...
2026-06-16 19:36:51,856 [INFO]   Metadata batch 1411/1558...
2026-06-16 19:36:57,703 [INFO]   Metadata batch 1412/1558...
2026-06-16 19:37:03,546 [INFO]   Metadata batch 1413/1558...
2026-06-16 19:37:09,049 [INFO]   Metadata batch 1414/1558...
2026-06-16 19:37:14,349 [INFO]   Metadata batch 1415/1558...
2026-06-16 19:37:22,882 [INFO]   Metadata batch 1416/1558...
2026-06-16 19:37:28,960 [INFO]   Metadata batch 1417/1558...
2026-06-16 19:37:34,598 [INFO]   Metadata batch 1418/1558...
2026-06-16 19:37:40,977 [INFO]   Metadata batch 1419/1558...
2026-06-16 19:37:46,276 [INFO]   Metadata batch 1420/1558...
2026-06-16 19:37:52,361 [INFO]   Metadata batch 1421/1558...
2026-06-16 19:37:57,864 [INFO]   Metadata batch 1422/1558...
2026-06-16 19:38:04,436 [INFO]   Metadata batch 1423/1558...
2026-06-16 19:38:10,419 [INFO]   Metadata batch 1424/1558...
2026-06-16 19:38:16,059 [INFO]   Metadata batch 1425/1558...
2026-06-16 19:38:22,197 [INFO]   Metadata batch 1426/1558...
2026-06-16 19:38:28,274 [INFO]   Metadata batch 1427/1558...
2026-06-16 19:38:40,942 [INFO]   Metadata batch 1428/1558...
2026-06-16 19:38:46,517 [INFO]   Metadata batch 1429/1558...
2026-06-16 19:38:52,243 [INFO]   Metadata batch 1430/1558...
2026-06-16 19:38:57,716 [INFO]   Metadata batch 1431/1558...
2026-06-16 19:39:03,608 [INFO]   Metadata batch 1432/1558...
2026-06-16 19:39:09,628 [INFO]   Metadata batch 1433/1558...
2026-06-16 19:39:15,424 [INFO]   Metadata batch 1434/1558...
2026-06-16 19:39:23,174 [INFO]   Metadata batch 1435/1558...
2026-06-16 19:39:29,390 [INFO]   Metadata batch 1436/1558...
2026-06-16 19:39:37,953 [INFO]   Metadata batch 1437/1558...
2026-06-16 19:39:44,363 [INFO]   Metadata batch 1438/1558...
2026-06-16 19:39:50,057 [INFO]   Metadata batch 1439/1558...
2026-06-16 19:39:56,180 [INFO]   Metadata batch 1440/1558...
2026-06-16 19:40:02,659 [INFO]   Metadata batch 1441/1558...
2026-06-16 19:40:08,509 [INFO]   Metadata batch 1442/1558...
2026-06-16 19:40:14,642 [INFO]   Metadata batch 1443/1558...
2026-06-16 19:40:21,162 [INFO]   Metadata batch 1444/1558...
2026-06-16 19:40:27,990 [INFO]   Metadata batch 1445/1558...
2026-06-16 19:40:34,287 [INFO]   Metadata batch 1446/1558...
2026-06-16 19:40:40,373 [INFO]   Metadata batch 1447/1558...
2026-06-16 19:40:46,725 [INFO]   Metadata batch 1448/1558...
2026-06-16 19:40:52,967 [INFO]   Metadata batch 1449/1558...
2026-06-16 19:40:58,624 [INFO]   Metadata batch 1450/1558...
2026-06-16 19:41:04,269 [INFO]   Metadata batch 1451/1558...
2026-06-16 19:41:10,679 [INFO]   Metadata batch 1452/1558...
2026-06-16 19:41:16,708 [INFO]   Metadata batch 1453/1558...
2026-06-16 19:41:22,544 [INFO]   Metadata batch 1454/1558...
2026-06-16 19:41:28,634 [INFO]   Metadata batch 1455/1558...
2026-06-16 19:41:34,441 [INFO]   Metadata batch 1456/1558...
2026-06-16 19:41:40,356 [INFO]   Metadata batch 1457/1558...
2026-06-16 19:41:46,046 [INFO]   Metadata batch 1458/1558...
2026-06-16 19:41:52,365 [INFO]   Metadata batch 1459/1558...
2026-06-16 19:41:58,264 [INFO]   Metadata batch 1460/1558...
2026-06-16 19:42:04,449 [INFO]   Metadata batch 1461/1558...
2026-06-16 19:42:10,186 [INFO]   Metadata batch 1462/1558...
2026-06-16 19:42:16,165 [INFO]   Metadata batch 1463/1558...
2026-06-16 19:42:22,031 [INFO]   Metadata batch 1464/1558...
2026-06-16 19:42:28,390 [INFO]   Metadata batch 1465/1558...
2026-06-16 19:42:34,556 [INFO]   Metadata batch 1466/1558...
2026-06-16 19:42:40,648 [INFO]   Metadata batch 1467/1558...
2026-06-16 19:42:46,704 [INFO]   Metadata batch 1468/1558...
2026-06-16 19:42:52,297 [INFO]   Metadata batch 1469/1558...
2026-06-16 19:42:57,890 [INFO]   Metadata batch 1470/1558...
2026-06-16 19:43:03,941 [INFO]   Metadata batch 1471/1558...
2026-06-16 19:43:09,252 [INFO]   Metadata batch 1472/1558...
2026-06-16 19:43:16,349 [INFO]   Metadata batch 1473/1558...
2026-06-16 19:43:21,723 [INFO]   Metadata batch 1474/1558...
2026-06-16 19:43:27,146 [INFO]   Metadata batch 1475/1558...
2026-06-16 19:43:32,556 [INFO]   Metadata batch 1476/1558...
2026-06-16 19:43:39,060 [INFO]   Metadata batch 1477/1558...
2026-06-16 19:43:45,461 [INFO]   Metadata batch 1478/1558...
2026-06-16 19:43:51,542 [INFO]   Metadata batch 1479/1558...
2026-06-16 19:43:57,536 [INFO]   Metadata batch 1480/1558...
2026-06-16 19:44:03,595 [INFO]   Metadata batch 1481/1558...
2026-06-16 19:44:09,715 [INFO]   Metadata batch 1482/1558...
2026-06-16 19:44:15,492 [INFO]   Metadata batch 1483/1558...
2026-06-16 19:44:21,554 [INFO]   Metadata batch 1484/1558...
2026-06-16 19:44:27,775 [INFO]   Metadata batch 1485/1558...
2026-06-16 19:44:33,571 [INFO]   Metadata batch 1486/1558...
2026-06-16 19:44:39,232 [INFO]   Metadata batch 1487/1558...
2026-06-16 19:44:45,099 [INFO]   Metadata batch 1488/1558...
2026-06-16 19:44:51,336 [INFO]   Metadata batch 1489/1558...
2026-06-16 19:44:56,932 [INFO]   Metadata batch 1490/1558...
2026-06-16 19:45:02,774 [INFO]   Metadata batch 1491/1558...
2026-06-16 19:45:09,271 [INFO]   Metadata batch 1492/1558...
2026-06-16 19:45:15,822 [INFO]   Metadata batch 1493/1558...
2026-06-16 19:45:21,839 [INFO]   Metadata batch 1494/1558...
2026-06-16 19:45:28,604 [INFO]   Metadata batch 1495/1558...
2026-06-16 19:45:35,657 [INFO]   Metadata batch 1496/1558...
2026-06-16 19:45:41,590 [INFO]   Metadata batch 1497/1558...
2026-06-16 19:45:47,539 [INFO]   Metadata batch 1498/1558...
2026-06-16 19:45:52,977 [INFO]   Metadata batch 1499/1558...
2026-06-16 19:45:59,077 [INFO]   Metadata batch 1500/1558...
2026-06-16 19:46:05,886 [INFO]   Metadata batch 1501/1558...
2026-06-16 19:46:12,483 [INFO]   Metadata batch 1502/1558...
2026-06-16 19:46:18,555 [INFO]   Metadata batch 1503/1558...
2026-06-16 19:46:24,989 [INFO]   Metadata batch 1504/1558...
2026-06-16 19:46:30,918 [INFO]   Metadata batch 1505/1558...
2026-06-16 19:46:36,528 [INFO]   Metadata batch 1506/1558...
2026-06-16 19:46:42,440 [INFO]   Metadata batch 1507/1558...
2026-06-16 19:46:48,573 [INFO]   Metadata batch 1508/1558...
2026-06-16 19:46:54,472 [INFO]   Metadata batch 1509/1558...
2026-06-16 19:47:00,744 [INFO]   Metadata batch 1510/1558...
2026-06-16 19:47:06,719 [INFO]   Metadata batch 1511/1558...
2026-06-16 19:47:12,774 [INFO]   Metadata batch 1512/1558...
2026-06-16 19:47:18,137 [INFO]   Metadata batch 1513/1558...
2026-06-16 19:47:24,482 [INFO]   Metadata batch 1514/1558...
2026-06-16 19:47:30,159 [INFO]   Metadata batch 1515/1558...
2026-06-16 19:47:35,841 [INFO]   Metadata batch 1516/1558...
2026-06-16 19:47:49,060 [INFO]   Metadata batch 1517/1558...
2026-06-16 19:47:55,355 [INFO]   Metadata batch 1518/1558...
2026-06-16 19:48:01,720 [INFO]   Metadata batch 1519/1558...
2026-06-16 19:48:07,694 [INFO]   Metadata batch 1520/1558...
2026-06-16 19:48:13,165 [INFO]   Metadata batch 1521/1558...
2026-06-16 19:48:18,580 [INFO]   Metadata batch 1522/1558...
2026-06-16 19:48:26,549 [INFO]   Metadata batch 1523/1558...
2026-06-16 19:48:32,942 [INFO]   Metadata batch 1524/1558...
2026-06-16 19:48:38,828 [INFO]   Metadata batch 1525/1558...
2026-06-16 19:48:45,777 [INFO]   Metadata batch 1526/1558...
2026-06-16 19:48:51,228 [INFO]   Metadata batch 1527/1558...
2026-06-16 19:48:57,167 [INFO]   Metadata batch 1528/1558...
2026-06-16 19:49:02,756 [INFO]   Metadata batch 1529/1558...
2026-06-16 19:49:08,571 [INFO]   Metadata batch 1530/1558...
2026-06-16 19:49:14,266 [INFO]   Metadata batch 1531/1558...
2026-06-16 19:49:21,015 [INFO]   Metadata batch 1532/1558...
2026-06-16 19:49:27,852 [INFO]   Metadata batch 1533/1558...
2026-06-16 19:49:33,851 [INFO]   Metadata batch 1534/1558...
2026-06-16 19:49:40,042 [INFO]   Metadata batch 1535/1558...
2026-06-16 19:49:46,406 [INFO]   Metadata batch 1536/1558...
2026-06-16 19:49:52,839 [INFO]   Metadata batch 1537/1558...
2026-06-16 19:49:58,484 [INFO]   Metadata batch 1538/1558...
2026-06-16 19:50:05,372 [INFO]   Metadata batch 1539/1558...
2026-06-16 19:50:11,740 [INFO]   Metadata batch 1540/1558...
2026-06-16 19:50:18,041 [INFO]   Metadata batch 1541/1558...
2026-06-16 19:50:24,370 [INFO]   Metadata batch 1542/1558...
2026-06-16 19:50:29,668 [INFO]   Metadata batch 1543/1558...
2026-06-16 19:50:35,292 [INFO]   Metadata batch 1544/1558...
2026-06-16 19:50:41,242 [INFO]   Metadata batch 1545/1558...
2026-06-16 19:50:48,091 [INFO]   Metadata batch 1546/1558...
2026-06-16 19:50:53,942 [INFO]   Metadata batch 1547/1558...
2026-06-16 19:51:00,286 [INFO]   Metadata batch 1548/1558...
2026-06-16 19:51:06,094 [INFO]   Metadata batch 1549/1558...
2026-06-16 19:51:12,047 [INFO]   Metadata batch 1550/1558...
2026-06-16 19:51:17,855 [INFO]   Metadata batch 1551/1558...
2026-06-16 19:51:23,783 [INFO]   Metadata batch 1552/1558...
2026-06-16 19:51:29,554 [INFO]   Metadata batch 1553/1558...
2026-06-16 19:51:35,011 [INFO]   Metadata batch 1554/1558...
2026-06-16 19:51:41,077 [INFO]   Metadata batch 1555/1558...
2026-06-16 19:51:46,968 [INFO]   Metadata batch 1556/1558...
2026-06-16 19:51:53,568 [INFO]   Metadata batch 1557/1558...
2026-06-16 19:52:00,448 [INFO]   Metadata batch 1558/1558...
2026-06-16 19:52:06,518 [INFO]   31,144,717 nodes (145,993 Frontiers core)
2026-06-16 19:52:06,914 [INFO] Applying edge weights (temporal decay + self-citation discount)...
2026-06-16 19:54:55,968 [INFO]   Decay mean=0.438  |  Self-citations: 16,824,810
2026-06-16 19:54:56,524 [INFO]   Combined weight mean=0.426
2026-06-16 19:54:58,102 [INFO] BC edges disabled (ENABLE_BC_EDGES=false)
2026-06-16 19:55:21,457 [INFO] Writing CWTS files to cwts_output/  (31,144,717 nodes)...
2026-06-16 19:59:00,226 [INFO]   pubs.txt        : 31,144,717 rows  (0 Frontiers)
