2026-06-18 11:09:09,935 [INFO] ============================================================
2026-06-18 11:09:09,935 [INFO] Configuration
2026-06-18 11:09:09,935 [INFO] ============================================================
2026-06-18 11:09:09,935 [INFO]   BQ_PROJECT              : ocean-tech-adv-analytics-p-usr
2026-06-18 11:09:09,935 [INFO]   AIRAK_DATASET           : ocean-breeze-tier-1.airak
2026-06-18 11:09:09,935 [INFO]   NETWORK_MODE            : ego
2026-06-18 11:09:09,935 [INFO]   START_YEAR              : 2020
2026-06-18 11:09:09,935 [INFO]   END_YEAR                : 2026
2026-06-18 11:09:09,936 [INFO]   TOP_N_JOURNALS          : 5
2026-06-18 11:09:09,936 [INFO]   JOURNAL_IDS_OVERRIDE    : (none)
2026-06-18 11:09:09,936 [INFO]   ENABLE_EDGE_WEIGHTS     : True
2026-06-18 11:09:09,936 [INFO]   TEMPORAL_DECAY_TAU      : 5.0
2026-06-18 11:09:09,936 [INFO]   SELF_CITE_JOURNAL_WEIGHT: 0.5
2026-06-18 11:09:09,936 [INFO]   ENABLE_BC_EDGES         : True
2026-06-18 11:09:09,936 [INFO]   BC_MIN_SHARED_REFS      : 3
2026-06-18 11:09:09,936 [INFO]   MAX_EXTERNAL_PAPERS     : 50000
2026-06-18 11:09:09,936 [INFO]   OUTPUT_DIR              : cwts_output
2026-06-18 11:09:09,936 [INFO] ============================================================
2026-06-18 11:09:09,936 [INFO] ============================================================
2026-06-18 11:09:09,936 [INFO] CWTS Export — Edge Weight Builder
2026-06-18 11:09:09,936 [INFO]   Mode: EGO  |  Years: 2020-2026
2026-06-18 11:09:09,936 [INFO]   Edge weights: ON
2026-06-18 11:09:09,936 [INFO] ============================================================
2026-06-18 11:09:09,936 [INFO] Fetching top 5 Frontiers journals by publication count...
2026-06-18 11:09:13,716 [INFO]   Journal IDs: [3315714752512, 2405181685761, 2972117368834, 2379411881984, 1013612281856]
2026-06-18 11:09:13,718 [INFO] Fetching Frontiers publication IDs...
2026-06-18 11:09:20,888 [INFO]   160,424 Frontiers publications
2026-06-18 11:09:20,889 [INFO] Building ego network (top 50,000 external papers)...
2026-06-18 11:09:20,911 [INFO]   Ego batch 1/4...
