2026-06-17 08:10:31,543 [INFO] ============================================================
2026-06-17 08:10:31,543 [INFO] Configuration
2026-06-17 08:10:31,543 [INFO] ============================================================
2026-06-17 08:10:31,543 [INFO]   BQ_PROJECT              : ocean-tech-adv-analytics-p-usr
2026-06-17 08:10:31,543 [INFO]   AIRAK_DATASET           : ocean-breeze-tier-1.airak
2026-06-17 08:10:31,543 [INFO]   NETWORK_MODE            : ego
2026-06-17 08:10:31,543 [INFO]   START_YEAR              : 2026
2026-06-17 08:10:31,543 [INFO]   END_YEAR                : 2026
2026-06-17 08:10:31,543 [INFO]   TOP_N_JOURNALS          : 5
2026-06-17 08:10:31,543 [INFO]   JOURNAL_IDS_OVERRIDE    : (none)
2026-06-17 08:10:31,543 [INFO]   ENABLE_EDGE_WEIGHTS     : True
2026-06-17 08:10:31,543 [INFO]   TEMPORAL_DECAY_TAU      : 5.0
2026-06-17 08:10:31,543 [INFO]   SELF_CITE_JOURNAL_WEIGHT: 0.5
2026-06-17 08:10:31,543 [INFO]   ENABLE_BC_EDGES         : True
2026-06-17 08:10:31,543 [INFO]   BC_MIN_SHARED_REFS      : 3
2026-06-17 08:10:31,543 [INFO]   MAX_EXTERNAL_PAPERS     : 50000
2026-06-17 08:10:31,543 [INFO]   OUTPUT_DIR              : cwts_output
2026-06-17 08:10:31,543 [INFO] ============================================================
2026-06-17 08:10:31,544 [INFO] ============================================================
2026-06-17 08:10:31,544 [INFO] CWTS Export — Edge Weight Builder
2026-06-17 08:10:31,544 [INFO]   Mode: EGO  |  Years: 2026-2026
2026-06-17 08:10:31,544 [INFO]   Edge weights: ON
2026-06-17 08:10:31,544 [INFO] ============================================================
2026-06-17 08:10:31,544 [INFO] Fetching top 5 Frontiers journals by publication count...
2026-06-17 08:10:33,227 [INFO]   Journal IDs: [3315714752512, 2826088480769, 2379411881984, 2405181685761, 2972117368834]
2026-06-17 08:10:33,227 [INFO] Fetching Frontiers publication IDs...
2026-06-17 08:10:34,892 [INFO]   16,999 Frontiers publications
2026-06-17 08:10:34,892 [INFO] Building ego network (top 50,000 external papers)...
2026-06-17 08:10:34,894 [INFO]   Ego batch 1/1...
2026-06-17 08:10:48,251 [INFO]   Raw edges: 368,100
2026-06-17 08:10:48,777 [INFO]   Filtered: 98,769 edges, 57,141 nodes
2026-06-17 08:10:48,795 [INFO] Fetching metadata for 57,141 nodes...
2026-06-17 08:10:48,800 [INFO]   Metadata batch 1/3...
2026-06-17 08:10:52,458 [INFO]   Metadata batch 2/3...
2026-06-17 08:10:56,547 [INFO]   Metadata batch 3/3...
2026-06-17 08:10:59,901 [INFO]   57,141 nodes (9,776 Frontiers core)
2026-06-17 08:10:59,902 [INFO] Applying edge weights (temporal decay + self-citation discount)...
2026-06-17 08:11:00,034 [INFO]   Decay mean=0.303  |  Self-citations: 3,614
2026-06-17 08:11:00,034 [INFO]   Combined weight mean=0.295
2026-06-17 08:11:00,036 [INFO] Computing bibliographic coupling (min shared refs=3)...
2026-06-17 08:11:00,039 [INFO]   BC batch 1/1...
2026-06-17 08:11:03,829 [INFO]     10,614 BC edges
2026-06-17 08:11:03,831 [INFO]   Total BC edges: 10,614
2026-06-17 08:11:03,832 [INFO] Merging direct citation and BC edges...
2026-06-17 08:11:03,893 [INFO]   Merged: 104,055 edges (mean weight=0.286)
2026-06-17 08:11:03,915 [INFO] Writing CWTS files to cwts_output/  (57,141 nodes)...
2026-06-17 08:11:04,865 [INFO]   pubs.txt        : 57,141 rows  (9,776 Frontiers)
2026-06-17 08:11:04,865 [ERROR] An error occurred during execution of the CWTS export:
Traceback (most recent call last):
  File "/home/jupyter/scope-drift-model/cwts_export.py", line 719, in main
    write_cwts_files(df_edges, final_nodes, node_lookup)
  File "/home/jupyter/scope-drift-model/cwts_export.py", line 568, in write_cwts_files
    pubs_df.to_gbq(
    ^^^^^^^^^^^^^^
  File "/opt/micromamba/envs/jupyterlab/lib/python3.12/site-packages/pandas/core/generic.py", line 6206, in __getattr__
    return object.__getattribute__(self, name)
           ^^^^^^^^^^^^^^^^^^^^^^^^^^^^^^^^^^^
AttributeError: 'DataFrame' object has no attribute 'to_gbq'
