2026-06-18 13:03:11,853 [INFO] ============================================================
2026-06-18 13:03:11,853 [INFO] Configuration
2026-06-18 13:03:11,853 [INFO] ============================================================
2026-06-18 13:03:11,853 [INFO]   BQ_PROJECT              : ocean-tech-adv-analytics-p-usr
2026-06-18 13:03:11,853 [INFO]   AIRAK_DATASET           : ocean-breeze-tier-1.airak
2026-06-18 13:03:11,853 [INFO]   NETWORK_MODE            : full
2026-06-18 13:03:11,854 [INFO]   START_YEAR              : 2023
2026-06-18 13:03:11,854 [INFO]   END_YEAR                : 2026
2026-06-18 13:03:11,854 [INFO]   TOP_N_JOURNALS          : 5
2026-06-18 13:03:11,855 [INFO]   JOURNAL_IDS_OVERRIDE    : (none)
2026-06-18 13:03:11,855 [INFO]   ENABLE_EDGE_WEIGHTS     : True
2026-06-18 13:03:11,855 [INFO]   TEMPORAL_DECAY_TAU      : 5.0
2026-06-18 13:03:11,855 [INFO]   SELF_CITE_JOURNAL_WEIGHT: 0.5
2026-06-18 13:03:11,855 [INFO]   ENABLE_BC_EDGES         : True
2026-06-18 13:03:11,855 [INFO]   BC_MIN_SHARED_REFS      : 3
2026-06-18 13:03:11,855 [INFO]   MAX_EXTERNAL_PAPERS     : 50000
2026-06-18 13:03:11,855 [INFO]   OUTPUT_DIR              : cwts_output
2026-06-18 13:03:11,855 [INFO] ============================================================
2026-06-18 13:03:11,855 [INFO] ============================================================
2026-06-18 13:03:11,855 [INFO] CWTS Export — Edge Weight Builder
2026-06-18 13:03:11,855 [INFO]   Mode: FULL  |  Years: 2023-2026
2026-06-18 13:03:11,855 [INFO]   Edge weights: ON
2026-06-18 13:03:11,855 [INFO] ============================================================
2026-06-18 13:03:11,855 [INFO] Fetching top 5 Frontiers journals by publication count...
2026-06-18 13:03:17,769 [INFO]   Journal IDs: [3315714752512, 2379411881984, 2972117368834, 2405181685761, 2826088480769]
2026-06-18 13:03:17,770 [INFO] Fetching Frontiers publication IDs...
2026-06-18 13:03:23,291 [INFO]   86,790 Frontiers publications
2026-06-18 13:03:23,291 [INFO] Building full network (Frontiers + related journals)...
2026-06-18 13:03:23,292 [INFO]   Finding journals citing Frontiers...
2026-06-18 13:03:27,028 [INFO]   Finding journals cited by Frontiers...
2026-06-18 13:03:30,668 [INFO]   1821 journals in network (1816 related + 5 Frontiers)
2026-06-18 13:05:26,235 [INFO]   6,699,373 publications
2026-06-18 13:05:26,439 [INFO]   Citation batch 1/134...
2026-06-18 13:05:38,886 [INFO]   Citation batch 2/134...
2026-06-18 13:05:50,691 [INFO]   Citation batch 3/134...
2026-06-18 13:06:01,586 [INFO]   Citation batch 4/134...
2026-06-18 13:06:12,694 [INFO]   Citation batch 5/134...
2026-06-18 13:06:23,212 [INFO]   Citation batch 6/134...
2026-06-18 13:06:35,449 [INFO]   Citation batch 7/134...
2026-06-18 13:06:47,086 [INFO]   Citation batch 8/134...
2026-06-18 13:06:57,031 [INFO]   Citation batch 9/134...
2026-06-18 13:07:10,100 [INFO]   Citation batch 10/134...
2026-06-18 13:07:23,647 [INFO]   Citation batch 11/134...
2026-06-18 13:07:38,894 [INFO]   Citation batch 12/134...
2026-06-18 13:07:52,896 [INFO]   Citation batch 13/134...
2026-06-18 13:08:07,813 [INFO]   Citation batch 14/134...
2026-06-18 13:08:25,364 [INFO]   Citation batch 15/134...
2026-06-18 13:08:37,459 [INFO]   Citation batch 16/134...
2026-06-18 13:08:49,107 [INFO]   Citation batch 17/134...
2026-06-18 13:08:57,421 [INFO]   Citation batch 18/134...
2026-06-18 13:09:06,729 [INFO]   Citation batch 19/134...
2026-06-18 13:09:15,836 [INFO]   Citation batch 20/134...
2026-06-18 13:09:25,155 [INFO]   Citation batch 21/134...
2026-06-18 13:09:33,449 [INFO]   Citation batch 22/134...
2026-06-18 13:09:41,245 [INFO]   Citation batch 23/134...
2026-06-18 13:09:50,418 [INFO]   Citation batch 24/134...
2026-06-18 13:09:59,445 [INFO]   Citation batch 25/134...
2026-06-18 13:10:08,205 [INFO]   Citation batch 26/134...
2026-06-18 13:10:22,345 [INFO]   Citation batch 27/134...
2026-06-18 13:10:31,145 [INFO]   Citation batch 28/134...
2026-06-18 13:10:37,565 [INFO]   Citation batch 29/134...
2026-06-18 13:10:45,333 [INFO]   Citation batch 30/134...
2026-06-18 13:10:54,836 [INFO]   Citation batch 31/134...
2026-06-18 13:11:04,354 [INFO]   Citation batch 32/134...
2026-06-18 13:11:13,679 [INFO]   Citation batch 33/134...
2026-06-18 13:11:24,189 [INFO]   Citation batch 34/134...
2026-06-18 13:11:32,771 [INFO]   Citation batch 35/134...
2026-06-18 13:11:42,231 [INFO]   Citation batch 36/134...
2026-06-18 13:11:52,841 [INFO]   Citation batch 37/134...
2026-06-18 13:12:03,523 [INFO]   Citation batch 38/134...
2026-06-18 13:12:14,055 [INFO]   Citation batch 39/134...
2026-06-18 13:12:22,947 [INFO]   Citation batch 40/134...
2026-06-18 13:12:32,727 [INFO]   Citation batch 41/134...
2026-06-18 13:12:45,740 [INFO]   Citation batch 42/134...
2026-06-18 13:12:58,380 [INFO]   Citation batch 43/134...
2026-06-18 13:13:10,185 [INFO]   Citation batch 44/134...
2026-06-18 13:13:22,694 [INFO]   Citation batch 45/134...
2026-06-18 13:13:36,024 [INFO]   Citation batch 46/134...
2026-06-18 13:13:45,920 [INFO]   Citation batch 47/134...
2026-06-18 13:13:56,455 [INFO]   Citation batch 48/134...
2026-06-18 13:14:06,197 [INFO]   Citation batch 49/134...
2026-06-18 13:14:16,901 [INFO]   Citation batch 50/134...
2026-06-18 13:14:26,436 [INFO]   Citation batch 51/134...
2026-06-18 13:14:36,876 [INFO]   Citation batch 52/134...
2026-06-18 13:14:45,582 [INFO]   Citation batch 53/134...
2026-06-18 13:14:55,748 [INFO]   Citation batch 54/134...
2026-06-18 13:15:01,436 [INFO]   Citation batch 55/134...
2026-06-18 13:15:09,340 [INFO]   Citation batch 56/134...
2026-06-18 13:15:16,909 [INFO]   Citation batch 57/134...
2026-06-18 13:15:25,528 [INFO]   Citation batch 58/134...
2026-06-18 13:15:35,108 [INFO]   Citation batch 59/134...
2026-06-18 13:15:46,483 [INFO]   Citation batch 60/134...
2026-06-18 13:15:58,232 [INFO]   Citation batch 61/134...
2026-06-18 13:16:09,583 [INFO]   Citation batch 62/134...
2026-06-18 13:16:20,880 [INFO]   Citation batch 63/134...
2026-06-18 13:16:30,263 [INFO]   Citation batch 64/134...
2026-06-18 13:16:40,540 [INFO]   Citation batch 65/134...
2026-06-18 13:16:49,936 [INFO]   Citation batch 66/134...
2026-06-18 13:16:59,364 [INFO]   Citation batch 67/134...
2026-06-18 13:17:07,744 [INFO]   Citation batch 68/134...
2026-06-18 13:17:18,109 [INFO]   Citation batch 69/134...
2026-06-18 13:17:27,468 [INFO]   Citation batch 70/134...
2026-06-18 13:17:38,190 [INFO]   Citation batch 71/134...
2026-06-18 13:17:47,694 [INFO]   Citation batch 72/134...
2026-06-18 13:17:59,085 [INFO]   Citation batch 73/134...
2026-06-18 13:18:10,097 [INFO]   Citation batch 74/134...
2026-06-18 13:18:19,776 [INFO]   Citation batch 75/134...
2026-06-18 13:18:30,065 [INFO]   Citation batch 76/134...
2026-06-18 13:18:40,344 [INFO]   Citation batch 77/134...
2026-06-18 13:18:50,817 [INFO]   Citation batch 78/134...
2026-06-18 13:19:00,736 [INFO]   Citation batch 79/134...
2026-06-18 13:19:11,600 [INFO]   Citation batch 80/134...
2026-06-18 13:19:21,356 [INFO]   Citation batch 81/134...
2026-06-18 13:19:30,864 [INFO]   Citation batch 82/134...
2026-06-18 13:19:41,973 [INFO]   Citation batch 83/134...
2026-06-18 13:19:53,540 [INFO]   Citation batch 84/134...
2026-06-18 13:20:04,841 [INFO]   Citation batch 85/134...
2026-06-18 13:20:16,003 [INFO]   Citation batch 86/134...
2026-06-18 13:20:29,046 [INFO]   Citation batch 87/134...
2026-06-18 13:20:41,682 [INFO]   Citation batch 88/134...
2026-06-18 13:20:53,794 [INFO]   Citation batch 89/134...
2026-06-18 13:21:03,741 [INFO]   Citation batch 90/134...
2026-06-18 13:21:13,215 [INFO]   Citation batch 91/134...
2026-06-18 13:21:21,502 [INFO]   Citation batch 92/134...
2026-06-18 13:21:30,393 [INFO]   Citation batch 93/134...
2026-06-18 13:21:40,914 [INFO]   Citation batch 94/134...
2026-06-18 13:21:51,337 [INFO]   Citation batch 95/134...
2026-06-18 13:22:01,257 [INFO]   Citation batch 96/134...
2026-06-18 13:22:11,171 [INFO]   Citation batch 97/134...
2026-06-18 13:22:21,626 [INFO]   Citation batch 98/134...
2026-06-18 13:22:35,001 [INFO]   Citation batch 99/134...
2026-06-18 13:22:47,557 [INFO]   Citation batch 100/134...
2026-06-18 13:22:58,821 [INFO]   Citation batch 101/134...
2026-06-18 13:23:07,833 [INFO]   Citation batch 102/134...
2026-06-18 13:23:17,657 [INFO]   Citation batch 103/134...
2026-06-18 13:23:26,386 [INFO]   Citation batch 104/134...
2026-06-18 13:23:35,985 [INFO]   Citation batch 105/134...
2026-06-18 13:23:45,856 [INFO]   Citation batch 106/134...
2026-06-18 13:23:56,280 [INFO]   Citation batch 107/134...
2026-06-18 13:24:05,379 [INFO]   Citation batch 108/134...
2026-06-18 13:24:14,598 [INFO]   Citation batch 109/134...
2026-06-18 13:24:23,424 [INFO]   Citation batch 110/134...
2026-06-18 13:24:34,436 [INFO]   Citation batch 111/134...
2026-06-18 13:24:42,570 [INFO]   Citation batch 112/134...
2026-06-18 13:24:51,320 [INFO]   Citation batch 113/134...
2026-06-18 13:24:59,454 [INFO]   Citation batch 114/134...
2026-06-18 13:25:09,238 [INFO]   Citation batch 115/134...
2026-06-18 13:25:19,064 [INFO]   Citation batch 116/134...
2026-06-18 13:25:28,771 [INFO]   Citation batch 117/134...
2026-06-18 13:25:33,925 [INFO]   Citation batch 118/134...
2026-06-18 13:25:39,391 [INFO]   Citation batch 119/134...
2026-06-18 13:25:44,042 [INFO]   Citation batch 120/134...
2026-06-18 13:25:49,542 [INFO]   Citation batch 121/134...
2026-06-18 13:25:58,388 [INFO]   Citation batch 122/134...
2026-06-18 13:26:06,274 [INFO]   Citation batch 123/134...
2026-06-18 13:26:14,826 [INFO]   Citation batch 124/134...
2026-06-18 13:26:23,102 [INFO]   Citation batch 125/134...
2026-06-18 13:26:32,365 [INFO]   Citation batch 126/134...
2026-06-18 13:26:41,609 [INFO]   Citation batch 127/134...
2026-06-18 13:26:52,375 [INFO]   Citation batch 128/134...
2026-06-18 13:27:01,042 [INFO]   Citation batch 129/134...
2026-06-18 13:27:08,674 [INFO]   Citation batch 130/134...
2026-06-18 13:27:16,938 [INFO]   Citation batch 131/134...
2026-06-18 13:27:25,280 [INFO]   Citation batch 132/134...
2026-06-18 13:27:33,838 [INFO]   Citation batch 133/134...
2026-06-18 13:27:42,738 [INFO]   Citation batch 134/134...
2026-06-18 13:28:09,085 [INFO]   16,626,555 edges, 3,943,071 nodes
2026-06-18 13:28:09,544 [INFO] Fetching metadata for 3,943,071 nodes...
2026-06-18 13:28:09,677 [INFO]   Metadata batch 1/198...
2026-06-18 13:28:16,380 [INFO]   Metadata batch 2/198...
2026-06-18 13:28:22,220 [INFO]   Metadata batch 3/198...
2026-06-18 13:28:28,119 [INFO]   Metadata batch 4/198...
2026-06-18 13:28:34,967 [INFO]   Metadata batch 5/198...
2026-06-18 13:28:40,182 [INFO]   Metadata batch 6/198...
2026-06-18 13:28:45,719 [INFO]   Metadata batch 7/198...
2026-06-18 13:28:51,651 [INFO]   Metadata batch 8/198...
2026-06-18 13:28:56,513 [INFO]   Metadata batch 9/198...
2026-06-18 13:29:02,771 [INFO]   Metadata batch 10/198...
2026-06-18 13:29:09,024 [INFO]   Metadata batch 11/198...
2026-06-18 13:29:14,528 [INFO]   Metadata batch 12/198...
2026-06-18 13:29:21,563 [INFO]   Metadata batch 13/198...
2026-06-18 13:29:27,385 [INFO]   Metadata batch 14/198...
2026-06-18 13:29:32,158 [INFO]   Metadata batch 15/198...
2026-06-18 13:29:37,341 [INFO]   Metadata batch 16/198...
2026-06-18 13:29:43,717 [INFO]   Metadata batch 17/198...
2026-06-18 13:29:48,962 [INFO]   Metadata batch 18/198...
2026-06-18 13:29:54,401 [INFO]   Metadata batch 19/198...
2026-06-18 13:30:01,019 [INFO]   Metadata batch 20/198...
2026-06-18 13:30:07,273 [INFO]   Metadata batch 21/198...
2026-06-18 13:30:13,180 [INFO]   Metadata batch 22/198...
2026-06-18 13:30:19,478 [INFO]   Metadata batch 23/198...
2026-06-18 13:30:25,350 [INFO]   Metadata batch 24/198...
2026-06-18 13:30:31,023 [INFO]   Metadata batch 25/198...
2026-06-18 13:30:37,146 [INFO]   Metadata batch 26/198...
2026-06-18 13:30:42,312 [INFO]   Metadata batch 27/198...
2026-06-18 13:30:48,276 [INFO]   Metadata batch 28/198...
2026-06-18 13:30:53,641 [INFO]   Metadata batch 29/198...
2026-06-18 13:30:58,966 [INFO]   Metadata batch 30/198...
2026-06-18 13:31:04,520 [INFO]   Metadata batch 31/198...
2026-06-18 13:31:12,058 [INFO]   Metadata batch 32/198...
2026-06-18 13:31:18,616 [INFO]   Metadata batch 33/198...
2026-06-18 13:31:24,227 [INFO]   Metadata batch 34/198...
2026-06-18 13:31:30,519 [INFO]   Metadata batch 35/198...
2026-06-18 13:31:36,855 [INFO]   Metadata batch 36/198...
2026-06-18 13:31:42,397 [INFO]   Metadata batch 37/198...
2026-06-18 13:31:48,559 [INFO]   Metadata batch 38/198...
2026-06-18 13:31:53,592 [INFO]   Metadata batch 39/198...
2026-06-18 13:31:59,180 [INFO]   Metadata batch 40/198...
2026-06-18 13:32:05,277 [INFO]   Metadata batch 41/198...
2026-06-18 13:32:10,790 [INFO]   Metadata batch 42/198...
2026-06-18 13:32:16,039 [INFO]   Metadata batch 43/198...
2026-06-18 13:32:21,228 [INFO]   Metadata batch 44/198...
2026-06-18 13:32:26,911 [INFO]   Metadata batch 45/198...
2026-06-18 13:32:32,527 [INFO]   Metadata batch 46/198...
2026-06-18 13:32:38,658 [INFO]   Metadata batch 47/198...
2026-06-18 13:32:44,536 [INFO]   Metadata batch 48/198...
2026-06-18 13:32:49,706 [INFO]   Metadata batch 49/198...
2026-06-18 13:32:55,583 [INFO]   Metadata batch 50/198...
2026-06-18 13:33:01,418 [INFO]   Metadata batch 51/198...
2026-06-18 13:33:06,660 [INFO]   Metadata batch 52/198...
2026-06-18 13:33:12,574 [INFO]   Metadata batch 53/198...
2026-06-18 13:33:17,846 [INFO]   Metadata batch 54/198...
2026-06-18 13:33:23,654 [INFO]   Metadata batch 55/198...
2026-06-18 13:33:29,284 [INFO]   Metadata batch 56/198...
2026-06-18 13:33:34,260 [INFO]   Metadata batch 57/198...
2026-06-18 13:33:40,336 [INFO]   Metadata batch 58/198...
2026-06-18 13:33:45,590 [INFO]   Metadata batch 59/198...
2026-06-18 13:33:51,004 [INFO]   Metadata batch 60/198...
2026-06-18 13:33:56,111 [INFO]   Metadata batch 61/198...
2026-06-18 13:34:02,444 [INFO]   Metadata batch 62/198...
2026-06-18 13:34:07,600 [INFO]   Metadata batch 63/198...
2026-06-18 13:34:12,616 [INFO]   Metadata batch 64/198...
2026-06-18 13:34:18,631 [INFO]   Metadata batch 65/198...
2026-06-18 13:34:23,770 [INFO]   Metadata batch 66/198...
2026-06-18 13:34:28,783 [INFO]   Metadata batch 67/198...
2026-06-18 13:34:34,776 [INFO]   Metadata batch 68/198...
2026-06-18 13:34:40,019 [INFO]   Metadata batch 69/198...
2026-06-18 13:34:45,672 [INFO]   Metadata batch 70/198...
2026-06-18 13:34:51,785 [INFO]   Metadata batch 71/198...
2026-06-18 13:34:57,796 [INFO]   Metadata batch 72/198...
2026-06-18 13:35:03,356 [INFO]   Metadata batch 73/198...
2026-06-18 13:35:09,300 [INFO]   Metadata batch 74/198...
2026-06-18 13:35:14,838 [INFO]   Metadata batch 75/198...
2026-06-18 13:35:20,170 [INFO]   Metadata batch 76/198...
2026-06-18 13:35:26,032 [INFO]   Metadata batch 77/198...
2026-06-18 13:35:30,930 [INFO]   Metadata batch 78/198...
2026-06-18 13:35:36,601 [INFO]   Metadata batch 79/198...
2026-06-18 13:35:42,130 [INFO]   Metadata batch 80/198...
2026-06-18 13:35:47,703 [INFO]   Metadata batch 81/198...
2026-06-18 13:35:53,357 [INFO]   Metadata batch 82/198...
2026-06-18 13:35:58,499 [INFO]   Metadata batch 83/198...
2026-06-18 13:36:03,991 [INFO]   Metadata batch 84/198...
2026-06-18 13:36:10,037 [INFO]   Metadata batch 85/198...
2026-06-18 13:36:15,206 [INFO]   Metadata batch 86/198...
2026-06-18 13:36:20,894 [INFO]   Metadata batch 87/198...
2026-06-18 13:36:26,766 [INFO]   Metadata batch 88/198...
2026-06-18 13:36:32,877 [INFO]   Metadata batch 89/198...
2026-06-18 13:36:38,335 [INFO]   Metadata batch 90/198...
2026-06-18 13:36:44,530 [INFO]   Metadata batch 91/198...
2026-06-18 13:36:50,195 [INFO]   Metadata batch 92/198...
2026-06-18 13:36:56,325 [INFO]   Metadata batch 93/198...
2026-06-18 13:37:02,294 [INFO]   Metadata batch 94/198...
2026-06-18 13:37:07,650 [INFO]   Metadata batch 95/198...
2026-06-18 13:37:13,371 [INFO]   Metadata batch 96/198...
2026-06-18 13:37:18,902 [INFO]   Metadata batch 97/198...
2026-06-18 13:37:25,438 [INFO]   Metadata batch 98/198...
2026-06-18 13:37:31,680 [INFO]   Metadata batch 99/198...
2026-06-18 13:37:37,223 [INFO]   Metadata batch 100/198...
2026-06-18 13:37:42,860 [INFO]   Metadata batch 101/198...
2026-06-18 13:37:48,251 [INFO]   Metadata batch 102/198...
2026-06-18 13:37:53,947 [INFO]   Metadata batch 103/198...
2026-06-18 13:38:00,542 [INFO]   Metadata batch 104/198...
2026-06-18 13:38:06,005 [INFO]   Metadata batch 105/198...
2026-06-18 13:38:11,572 [INFO]   Metadata batch 106/198...
2026-06-18 13:38:17,338 [INFO]   Metadata batch 107/198...
2026-06-18 13:38:23,175 [INFO]   Metadata batch 108/198...
2026-06-18 13:38:28,705 [INFO]   Metadata batch 109/198...
2026-06-18 13:38:33,975 [INFO]   Metadata batch 110/198...
2026-06-18 13:38:39,649 [INFO]   Metadata batch 111/198...
2026-06-18 13:38:45,061 [INFO]   Metadata batch 112/198...
2026-06-18 13:38:50,378 [INFO]   Metadata batch 113/198...
2026-06-18 13:38:56,186 [INFO]   Metadata batch 114/198...
2026-06-18 13:39:02,920 [INFO]   Metadata batch 115/198...
2026-06-18 13:39:08,669 [INFO]   Metadata batch 116/198...
2026-06-18 13:39:13,689 [INFO]   Metadata batch 117/198...
2026-06-18 13:39:19,195 [INFO]   Metadata batch 118/198...
2026-06-18 13:39:24,768 [INFO]   Metadata batch 119/198...
2026-06-18 13:39:30,072 [INFO]   Metadata batch 120/198...
2026-06-18 13:39:36,259 [INFO]   Metadata batch 121/198...
2026-06-18 13:39:41,315 [INFO]   Metadata batch 122/198...
2026-06-18 13:39:46,796 [INFO]   Metadata batch 123/198...
2026-06-18 13:39:51,938 [INFO]   Metadata batch 124/198...
2026-06-18 13:39:57,363 [INFO]   Metadata batch 125/198...
2026-06-18 13:40:02,495 [INFO]   Metadata batch 126/198...
2026-06-18 13:40:08,548 [INFO]   Metadata batch 127/198...
2026-06-18 13:40:13,887 [INFO]   Metadata batch 128/198...
2026-06-18 13:40:19,467 [INFO]   Metadata batch 129/198...
2026-06-18 13:40:25,254 [INFO]   Metadata batch 130/198...
2026-06-18 13:40:30,526 [INFO]   Metadata batch 131/198...
2026-06-18 13:40:36,369 [INFO]   Metadata batch 132/198...
2026-06-18 13:40:42,719 [INFO]   Metadata batch 133/198...
2026-06-18 13:40:48,763 [INFO]   Metadata batch 134/198...
2026-06-18 13:40:54,095 [INFO]   Metadata batch 135/198...
2026-06-18 13:40:59,709 [INFO]   Metadata batch 136/198...
2026-06-18 13:41:05,042 [INFO]   Metadata batch 137/198...
2026-06-18 13:41:10,672 [INFO]   Metadata batch 138/198...
2026-06-18 13:41:16,717 [INFO]   Metadata batch 139/198...
2026-06-18 13:41:22,104 [INFO]   Metadata batch 140/198...
2026-06-18 13:41:28,221 [INFO]   Metadata batch 141/198...
2026-06-18 13:41:34,094 [INFO]   Metadata batch 142/198...
2026-06-18 13:41:40,313 [INFO]   Metadata batch 143/198...
2026-06-18 13:41:45,728 [INFO]   Metadata batch 144/198...
2026-06-18 13:41:51,034 [INFO]   Metadata batch 145/198...
2026-06-18 13:41:56,551 [INFO]   Metadata batch 146/198...
2026-06-18 13:42:01,806 [INFO]   Metadata batch 147/198...
2026-06-18 13:42:07,380 [INFO]   Metadata batch 148/198...
2026-06-18 13:42:13,150 [INFO]   Metadata batch 149/198...
2026-06-18 13:42:18,837 [INFO]   Metadata batch 150/198...
2026-06-18 13:42:25,009 [INFO]   Metadata batch 151/198...
2026-06-18 13:42:30,800 [INFO]   Metadata batch 152/198...
2026-06-18 13:42:36,052 [INFO]   Metadata batch 153/198...
2026-06-18 13:42:41,425 [INFO]   Metadata batch 154/198...
2026-06-18 13:42:47,267 [INFO]   Metadata batch 155/198...
2026-06-18 13:42:53,349 [INFO]   Metadata batch 156/198...
2026-06-18 13:42:59,376 [INFO]   Metadata batch 157/198...
2026-06-18 13:43:05,481 [INFO]   Metadata batch 158/198...
2026-06-18 13:43:11,416 [INFO]   Metadata batch 159/198...
2026-06-18 13:43:17,086 [INFO]   Metadata batch 160/198...
2026-06-18 13:43:22,447 [INFO]   Metadata batch 161/198...
2026-06-18 13:43:28,307 [INFO]   Metadata batch 162/198...
2026-06-18 13:43:33,924 [INFO]   Metadata batch 163/198...
2026-06-18 13:43:39,775 [INFO]   Metadata batch 164/198...
2026-06-18 13:43:44,985 [INFO]   Metadata batch 165/198...
2026-06-18 13:43:50,989 [INFO]   Metadata batch 166/198...
2026-06-18 13:43:56,219 [INFO]   Metadata batch 167/198...
2026-06-18 13:44:00,980 [INFO]   Metadata batch 168/198...
2026-06-18 13:44:05,971 [INFO]   Metadata batch 169/198...
2026-06-18 13:44:11,879 [INFO]   Metadata batch 170/198...
2026-06-18 13:44:18,026 [INFO]   Metadata batch 171/198...
2026-06-18 13:44:23,849 [INFO]   Metadata batch 172/198...
2026-06-18 13:44:29,282 [INFO]   Metadata batch 173/198...
2026-06-18 13:44:35,328 [INFO]   Metadata batch 174/198...
2026-06-18 13:44:41,235 [INFO]   Metadata batch 175/198...
2026-06-18 13:44:46,479 [INFO]   Metadata batch 176/198...
2026-06-18 13:44:51,730 [INFO]   Metadata batch 177/198...
2026-06-18 13:44:56,891 [INFO]   Metadata batch 178/198...
2026-06-18 13:45:02,952 [INFO]   Metadata batch 179/198...
2026-06-18 13:45:08,228 [INFO]   Metadata batch 180/198...
2026-06-18 13:45:14,667 [INFO]   Metadata batch 181/198...
2026-06-18 13:45:19,872 [INFO]   Metadata batch 182/198...
2026-06-18 13:45:26,452 [INFO]   Metadata batch 183/198...
2026-06-18 13:45:35,480 [INFO]   Metadata batch 184/198...
2026-06-18 13:45:44,111 [INFO]   Metadata batch 185/198...
2026-06-18 13:45:53,301 [INFO]   Metadata batch 186/198...
2026-06-18 13:46:03,121 [INFO]   Metadata batch 187/198...
2026-06-18 13:46:10,229 [INFO]   Metadata batch 188/198...
2026-06-18 13:46:16,369 [INFO]   Metadata batch 189/198...
2026-06-18 13:46:22,744 [INFO]   Metadata batch 190/198...
2026-06-18 13:46:29,537 [INFO]   Metadata batch 191/198...
2026-06-18 13:46:36,784 [INFO]   Metadata batch 192/198...
2026-06-18 13:46:43,184 [INFO]   Metadata batch 193/198...
2026-06-18 13:46:49,190 [INFO]   Metadata batch 194/198...
2026-06-18 13:46:57,948 [INFO]   Metadata batch 195/198...
2026-06-18 13:47:06,228 [INFO]   Metadata batch 196/198...
2026-06-18 13:47:13,463 [INFO]   Metadata batch 197/198...
2026-06-18 13:47:20,432 [INFO]   Metadata batch 198/198...
2026-06-18 13:47:35,295 [INFO]   3,943,071 nodes (67,894 Frontiers core)
2026-06-18 13:47:36,075 [INFO] Applying edge weights (temporal decay + self-citation discount)...
2026-06-18 13:49:15,204 [INFO]   Decay mean=0.623  |  Self-citations: 1,796,577
2026-06-18 13:49:15,247 [INFO]   Combined weight mean=0.589
2026-06-18 13:49:16,477 [INFO] Computing bibliographic coupling (min shared refs=3)...
2026-06-18 13:49:16,698 [INFO]   BC batch 1/5...
2026-06-18 13:52:31,908 [INFO]     4,524,691 BC edges
2026-06-18 13:52:31,914 [INFO]   BC batch 2/5...
2026-06-18 13:56:18,931 [INFO]     5,236,472 BC edges
2026-06-18 13:56:18,938 [INFO]   BC batch 3/5...
2026-06-18 14:00:15,350 [INFO]     4,707,239 BC edges
2026-06-18 14:00:15,357 [INFO]   BC batch 4/5...
2026-06-18 14:04:58,363 [INFO]     5,632,914 BC edges
2026-06-18 14:04:58,368 [INFO]   BC batch 5/5...
2026-06-18 14:06:21,907 [INFO]     1,785,605 BC edges
2026-06-18 14:06:30,954 [INFO]   Total BC edges: 21,886,921
2026-06-18 14:06:31,474 [INFO] Merging direct citation and BC edges...
2026-06-18 14:07:38,357 [INFO]   Merged: 37,641,306 edges (mean weight=0.293)
2026-06-18 14:07:43,722 [INFO] Writing CWTS files to cwts_output/  (3,943,071 nodes)...
2026-06-18 14:09:18,903 [INFO]   pubs.txt        : 3,943,071 rows  (67,894 Frontiers)
2026-06-18 14:09:49,204 [INFO] 3943071 out of 3943071 rows loaded.
2026-06-18 14:09:49,206 [INFO]   → BigQuery: scope_drift_raw.pubs_raw_20260618_130306
2026-06-18 14:11:01,984 [INFO]   pub_metadata.txt: 3,943,071 rows
2026-06-18 14:18:28,610 [INFO] 3943071 out of 3943071 rows loaded.
2026-06-18 14:18:28,633 [INFO]   → BigQuery: scope_drift_raw.pub_metadata_raw_20260618_130306
2026-06-18 14:26:01,909 [INFO]   cit_links.txt   : 73,074,240 rows  (36,537,120 unique × 2 directions)
2026-06-18 14:37:40,299 [INFO] 73074240 out of 73074240 rows loaded.
2026-06-18 14:37:40,315 [INFO]   → BigQuery: scope_drift_raw.cit_links_raw_20260618_130306
2026-06-18 14:37:40,318 [INFO] Done!!!!
