2026-06-17 13:50:05,266 [INFO] ============================================================
2026-06-17 13:50:05,266 [INFO] Configuration
2026-06-17 13:50:05,266 [INFO] ============================================================
2026-06-17 13:50:05,266 [INFO]   BQ_PROJECT              : ocean-tech-adv-analytics-p-usr
2026-06-17 13:50:05,266 [INFO]   AIRAK_DATASET           : ocean-breeze-tier-1.airak
2026-06-17 13:50:05,266 [INFO]   NETWORK_MODE            : ego
2026-06-17 13:50:05,266 [INFO]   START_YEAR              : 2020
2026-06-17 13:50:05,266 [INFO]   END_YEAR                : 2026
2026-06-17 13:50:05,266 [INFO]   TOP_N_JOURNALS          : 5
2026-06-17 13:50:05,266 [INFO]   JOURNAL_IDS_OVERRIDE    : (none)
2026-06-17 13:50:05,266 [INFO]   ENABLE_EDGE_WEIGHTS     : True
2026-06-17 13:50:05,266 [INFO]   TEMPORAL_DECAY_TAU      : 5.0
2026-06-17 13:50:05,266 [INFO]   SELF_CITE_JOURNAL_WEIGHT: 0.5
2026-06-17 13:50:05,266 [INFO]   ENABLE_BC_EDGES         : True
2026-06-17 13:50:05,266 [INFO]   BC_MIN_SHARED_REFS      : 3
2026-06-17 13:50:05,266 [INFO]   MAX_EXTERNAL_PAPERS     : 50000
2026-06-17 13:50:05,266 [INFO]   OUTPUT_DIR              : cwts_output
2026-06-17 13:50:05,266 [INFO] ============================================================
2026-06-17 13:50:05,266 [INFO] ============================================================
2026-06-17 13:50:05,266 [INFO] CWTS Export — Edge Weight Builder
2026-06-17 13:50:05,266 [INFO]   Mode: EGO  |  Years: 2020-2026
2026-06-17 13:50:05,266 [INFO]   Edge weights: ON
2026-06-17 13:50:05,266 [INFO] ============================================================
2026-06-17 13:50:05,266 [INFO] Fetching top 5 Frontiers journals by publication count...
2026-06-17 13:50:07,340 [INFO]   Journal IDs: [3315714752512, 2405181685761, 2972117368834, 2379411881984, 1013612281856]
2026-06-17 13:50:07,340 [INFO] Fetching Frontiers publication IDs...
2026-06-17 13:50:09,506 [INFO]   160,424 Frontiers publications
2026-06-17 13:50:09,506 [INFO] Building ego network (top 50,000 external papers)...
2026-06-17 13:50:09,521 [INFO]   Ego batch 1/4...
2026-06-17 13:51:00,896 [INFO]   Ego batch 2/4...
2026-06-17 13:51:19,771 [INFO]   Ego batch 3/4...
2026-06-17 13:51:38,410 [INFO]   Ego batch 4/4...
2026-06-17 13:51:50,871 [INFO]   Raw edges: 10,872,154
2026-06-17 13:52:08,868 [INFO]   Filtered: 1,695,996 edges, 188,156 nodes
2026-06-17 13:52:09,272 [INFO] Fetching metadata for 188,156 nodes...
2026-06-17 13:52:09,283 [INFO]   Metadata batch 1/10...
2026-06-17 13:52:14,798 [INFO]   Metadata batch 2/10...
2026-06-17 13:52:19,793 [INFO]   Metadata batch 3/10...
2026-06-17 13:52:25,713 [INFO]   Metadata batch 4/10...
2026-06-17 13:52:31,370 [INFO]   Metadata batch 5/10...
2026-06-17 13:52:36,826 [INFO]   Metadata batch 6/10...
2026-06-17 13:52:42,362 [INFO]   Metadata batch 7/10...
2026-06-17 13:52:47,640 [INFO]   Metadata batch 8/10...
2026-06-17 13:52:52,850 [INFO]   Metadata batch 9/10...
2026-06-17 13:52:58,132 [INFO]   Metadata batch 10/10...
2026-06-17 13:53:02,467 [INFO]   188,156 nodes (139,259 Frontiers core)
2026-06-17 13:53:02,492 [INFO] Applying edge weights (temporal decay + self-citation discount)...
2026-06-17 13:53:03,987 [INFO]   Decay mean=0.191  |  Self-citations: 149,087
2026-06-17 13:53:03,994 [INFO]   Combined weight mean=0.174
2026-06-17 13:53:04,019 [INFO] Computing bibliographic coupling (min shared refs=3)...
2026-06-17 13:53:04,030 [INFO]   BC batch 1/9...
2026-06-17 13:53:17,343 [INFO]     967,046 BC edges
2026-06-17 13:53:17,348 [INFO]   BC batch 2/9...
2026-06-17 13:53:29,073 [INFO]     942,574 BC edges
2026-06-17 13:53:29,077 [INFO]   BC batch 3/9...
2026-06-17 13:53:39,551 [INFO]     998,037 BC edges
2026-06-17 13:53:39,555 [INFO]   BC batch 4/9...
2026-06-17 13:53:49,417 [INFO]     915,312 BC edges
2026-06-17 13:53:49,421 [INFO]   BC batch 5/9...
2026-06-17 13:54:00,042 [INFO]     832,758 BC edges
2026-06-17 13:54:00,046 [INFO]   BC batch 6/9...
2026-06-17 13:54:11,669 [INFO]     717,726 BC edges
2026-06-17 13:54:11,675 [INFO]   BC batch 7/9...
2026-06-17 13:54:23,531 [INFO]     901,869 BC edges
2026-06-17 13:54:23,536 [INFO]   BC batch 8/9...
2026-06-17 13:55:14,814 [INFO]     973,015 BC edges
2026-06-17 13:55:14,814 [INFO]   BC batch 9/9...
2026-06-17 13:55:20,165 [INFO]     23,831 BC edges
2026-06-17 13:55:21,495 [INFO]   Total BC edges: 7,272,168
2026-06-17 13:55:21,532 [INFO] Merging direct citation and BC edges...
2026-06-17 13:55:26,127 [INFO]   Merged: 5,267,853 edges (mean weight=0.132)
2026-06-17 13:55:26,263 [INFO] Writing CWTS files to cwts_output/  (188,156 nodes)...
2026-06-17 13:55:27,805 [INFO]   pubs.txt        : 188,156 rows  (139,259 Frontiers)
2026-06-17 13:55:33,253 [INFO] 188156 out of 188156 rows loaded.
2026-06-17 13:55:33,253 [INFO]   → BigQuery: scope_drift_raw.pubs_raw_20260617_135005
2026-06-17 13:55:34,915 [INFO]   pub_metadata.txt: 188,156 rows
2026-06-17 13:55:41,528 [INFO] 188156 out of 188156 rows loaded.
2026-06-17 13:55:41,529 [INFO]   → BigQuery: scope_drift_raw.pub_metadata_raw_20260617_135005
2026-06-17 13:56:02,931 [INFO]   cit_links.txt   : 10,522,464 rows  (5,261,232 unique × 2 directions)
2026-06-17 13:56:18,667 [INFO] 10522464 out of 10522464 rows loaded.
2026-06-17 13:56:18,667 [INFO]   → BigQuery: scope_drift_raw.cit_links_raw_20260617_135005
2026-06-17 13:56:18,667 [INFO] Done!!!!
