2026-06-16 13:16:11,453 [INFO] ============================================================
2026-06-16 13:16:11,453 [INFO] Configuration
2026-06-16 13:16:11,453 [INFO] ============================================================
2026-06-16 13:16:11,453 [INFO]   BQ_PROJECT              : ocean-tech-adv-analytics-p-usr
2026-06-16 13:16:11,453 [INFO]   AIRAK_DATASET           : ocean-breeze-tier-1.airak
2026-06-16 13:16:11,453 [INFO]   NETWORK_MODE            : ego
2026-06-16 13:16:11,453 [INFO]   START_YEAR              : 2026
2026-06-16 13:16:11,453 [INFO]   END_YEAR                : 2026
2026-06-16 13:16:11,453 [INFO]   TOP_N_JOURNALS          : 5
2026-06-16 13:16:11,453 [INFO]   JOURNAL_IDS_OVERRIDE    : (none)
2026-06-16 13:16:11,454 [INFO]   ENABLE_EDGE_WEIGHTS     : True
2026-06-16 13:16:11,454 [INFO]   TEMPORAL_DECAY_TAU      : 5.0
2026-06-16 13:16:11,454 [INFO]   SELF_CITE_JOURNAL_WEIGHT: 0.5
2026-06-16 13:16:11,454 [INFO]   ENABLE_BC_EDGES         : True
2026-06-16 13:16:11,454 [INFO]   BC_MIN_SHARED_REFS      : 3
2026-06-16 13:16:11,454 [INFO]   MAX_EXTERNAL_PAPERS     : 50000
2026-06-16 13:16:11,454 [INFO]   OUTPUT_DIR              : cwts_output
2026-06-16 13:16:11,454 [INFO] ============================================================
2026-06-16 13:16:11,454 [INFO] ============================================================
2026-06-16 13:16:11,455 [INFO] CWTS Export — Edge Weight Builder
2026-06-16 13:16:11,455 [INFO]   Mode: EGO  |  Years: 2026-2026
2026-06-16 13:16:11,455 [INFO]   Edge weights: ON
2026-06-16 13:16:11,455 [INFO] ============================================================
2026-06-16 13:16:11,455 [INFO] Fetching top 5 Frontiers journals by publication count...
2026-06-16 13:16:15,356 [INFO]   Journal IDs: [3315714752512, 2826088480769, 2379411881984, 2405181685761, 2972117368834]
2026-06-16 13:16:15,357 [INFO] Fetching Frontiers publication IDs...
2026-06-16 13:16:18,672 [INFO]   16,999 Frontiers publications
2026-06-16 13:16:18,672 [INFO] Building ego network (top 50,000 external papers)...
2026-06-16 13:16:18,683 [INFO]   Ego batch 1/1...
2026-06-16 13:16:36,862 [INFO]   Raw edges: 368,100
2026-06-16 13:16:37,521 [INFO]   Filtered: 98,769 edges, 57,141 nodes
2026-06-16 13:16:37,544 [INFO] Fetching metadata for 57,141 nodes...
2026-06-16 13:16:37,549 [INFO]   Metadata batch 1/3...
2026-06-16 13:16:44,343 [INFO]   Metadata batch 2/3...
2026-06-16 13:16:50,016 [INFO]   Metadata batch 3/3...
2026-06-16 13:16:55,311 [INFO]   57,141 nodes (9,776 Frontiers core)
2026-06-16 13:16:55,322 [INFO] Applying edge weights (temporal decay + self-citation discount)...
2026-06-16 13:16:55,948 [INFO]   Decay mean=0.303  |  Self-citations: 3,614
2026-06-16 13:16:55,948 [INFO]   Combined weight mean=0.295
2026-06-16 13:16:55,953 [INFO] Computing bibliographic coupling (min shared refs=3)...
2026-06-16 13:16:55,957 [INFO]   BC batch 1/1...
2026-06-16 13:17:01,611 [INFO]     10,614 BC edges
2026-06-16 13:17:01,613 [INFO]   Total BC edges: 10,614
2026-06-16 13:17:01,615 [INFO] Merging direct citation and BC edges...
2026-06-16 13:17:01,705 [INFO]   Merged: 104,055 edges (mean weight=0.286)
2026-06-16 13:17:01,728 [INFO] Writing CWTS files to cwts_output/  (57,141 nodes)...
2026-06-16 13:17:02,923 [INFO]   pubs.txt        : 57,141 rows  (0 Frontiers)
2026-06-16 13:17:10,617 [INFO] 57141 out of 57141 rows loaded.
2026-06-16 13:17:10,618 [INFO]   → BigQuery: scope_drift_raw.pubs_raw_20260616_131701
2026-06-16 13:17:14,416 [INFO]   pub_metadata.txt: 57,141 rows
2026-06-16 13:17:19,946 [INFO] 57141 out of 57141 rows loaded.
2026-06-16 13:17:19,947 [INFO]   → BigQuery: scope_drift_raw.pub_metadata_raw_20260616_131701
2026-06-16 13:17:21,389 [INFO]   cit_links.txt   : 208,110 rows  (104,055 unique × 2 directions)
2026-06-16 13:17:26,926 [INFO] 208110 out of 208110 rows loaded.
2026-06-16 13:17:26,926 [INFO]   → BigQuery: scope_drift_raw.cit_links_raw_20260616_131701
