2026-07-08 14:41:31,103 [INFO] ============================================================
2026-07-08 14:41:31,103 [INFO] Configuration
2026-07-08 14:41:31,103 [INFO] ============================================================
2026-07-08 14:41:31,103 [INFO]   BQ_PROJECT              : ocean-tech-adv-analytics-p-usr
2026-07-08 14:41:31,103 [INFO]   AIRAK_DATASET           : ocean-breeze-tier-1.airak
2026-07-08 14:41:31,103 [INFO]   NETWORK_MODE            : full
2026-07-08 14:41:31,103 [INFO]   START_YEAR              : 2023
2026-07-08 14:41:31,103 [INFO]   END_YEAR                : 2026
2026-07-08 14:41:31,104 [INFO]   TOP_N_JOURNALS          : 5
2026-07-08 14:41:31,104 [INFO]   JOURNAL_IDS_OVERRIDE    : (none)
2026-07-08 14:41:31,104 [INFO]   ENABLE_EDGE_WEIGHTS     : True
2026-07-08 14:41:31,104 [INFO]   TEMPORAL_DECAY_TAU      : 5.0
2026-07-08 14:41:31,104 [INFO]   SELF_CITE_JOURNAL_WEIGHT: 0.5
2026-07-08 14:41:31,104 [INFO]   ENABLE_BC_EDGES         : True
2026-07-08 14:41:31,104 [INFO]   BC_MIN_SHARED_REFS      : 3
2026-07-08 14:41:31,104 [INFO]   MAX_EXTERNAL_PAPERS     : 50000
2026-07-08 14:41:31,104 [INFO]   OUTPUT_DIR              : cwts_output
2026-07-08 14:41:31,104 [INFO] ============================================================
2026-07-08 14:41:31,104 [INFO] ============================================================
2026-07-08 14:41:31,104 [INFO] CWTS Export — Edge Weight Builder
2026-07-08 14:41:31,104 [INFO]   Mode: FULL  |  Years: 2023-2026
2026-07-08 14:41:31,104 [INFO]   Edge weights: ON
2026-07-08 14:41:31,104 [INFO] ============================================================
2026-07-08 14:41:31,104 [INFO] Fetching top 5 Frontiers journals by publication count...
2026-07-08 14:41:36,292 [INFO]   Journal IDs: [3315714752512, 2379411881984, 2972117368834, 2405181685761, 2826088480769]
2026-07-08 14:41:36,292 [INFO] Fetching Frontiers publication IDs...
2026-07-08 14:41:42,073 [INFO]   89,151 Frontiers publications
2026-07-08 14:41:42,074 [INFO] Building full network (Frontiers + related journals)...
2026-07-08 14:41:42,074 [INFO]   Finding journals citing Frontiers...
2026-07-08 14:41:46,116 [INFO]   Finding journals cited by Frontiers...
2026-07-08 14:41:51,094 [INFO]   2048 journals in network (2043 related + 5 Frontiers)
2026-07-08 14:44:17,866 [INFO]   6,914,673 publications
2026-07-08 14:44:18,474 [INFO]   Citation batch 1/139...
2026-07-08 14:44:38,926 [INFO]   Citation batch 2/139...
2026-07-08 14:45:02,492 [INFO]   Citation batch 3/139...
2026-07-08 14:45:31,362 [INFO]   Citation batch 4/139...
2026-07-08 14:45:53,791 [INFO]   Citation batch 5/139...
2026-07-08 14:46:19,622 [INFO]   Citation batch 6/139...
2026-07-08 14:46:46,220 [INFO]   Citation batch 7/139...
2026-07-08 14:47:10,905 [INFO]   Citation batch 8/139...
2026-07-08 14:47:31,642 [INFO]   Citation batch 9/139...
2026-07-08 14:47:58,295 [INFO]   Citation batch 10/139...
2026-07-08 14:48:30,447 [INFO]   Citation batch 11/139...
2026-07-08 14:49:04,360 [INFO]   Citation batch 12/139...
2026-07-08 14:49:35,033 [INFO]   Citation batch 13/139...
2026-07-08 14:50:09,946 [INFO]   Citation batch 14/139...
2026-07-08 14:50:45,339 [INFO]   Citation batch 15/139...
2026-07-08 14:51:06,764 [INFO]   Citation batch 16/139...
2026-07-08 14:51:33,128 [INFO]   Citation batch 17/139...
2026-07-08 14:51:52,611 [INFO]   Citation batch 18/139...
2026-07-08 14:52:10,373 [INFO]   Citation batch 19/139...
2026-07-08 14:52:26,987 [INFO]   Citation batch 20/139...
2026-07-08 14:52:44,364 [INFO]   Citation batch 21/139...
2026-07-08 14:53:03,866 [INFO]   Citation batch 22/139...
2026-07-08 14:53:21,740 [INFO]   Citation batch 23/139...
2026-07-08 14:53:40,074 [INFO]   Citation batch 24/139...
2026-07-08 14:54:00,542 [INFO]   Citation batch 25/139...
2026-07-08 14:54:23,301 [INFO]   Citation batch 26/139...
2026-07-08 14:54:39,104 [INFO]   Citation batch 27/139...
2026-07-08 14:55:03,768 [INFO]   Citation batch 28/139...
2026-07-08 14:55:23,952 [INFO]   Citation batch 29/139...
2026-07-08 14:55:38,569 [INFO]   Citation batch 30/139...
2026-07-08 14:55:58,200 [INFO]   Citation batch 31/139...
2026-07-08 14:56:21,053 [INFO]   Citation batch 32/139...
2026-07-08 14:56:37,996 [INFO]   Citation batch 33/139...
2026-07-08 14:56:59,747 [INFO]   Citation batch 34/139...
2026-07-08 14:57:26,453 [INFO]   Citation batch 35/139...
2026-07-08 14:57:46,648 [INFO]   Citation batch 36/139...
2026-07-08 14:58:04,141 [INFO]   Citation batch 37/139...
2026-07-08 14:58:25,856 [INFO]   Citation batch 38/139...
2026-07-08 14:58:50,339 [INFO]   Citation batch 39/139...
2026-07-08 14:59:15,575 [INFO]   Citation batch 40/139...
2026-07-08 14:59:39,006 [INFO]   Citation batch 41/139...
2026-07-08 15:00:02,937 [INFO]   Citation batch 42/139...
2026-07-08 15:00:34,855 [INFO]   Citation batch 43/139...
2026-07-08 15:01:07,649 [INFO]   Citation batch 44/139...
2026-07-08 15:01:38,475 [INFO]   Citation batch 45/139...
2026-07-08 15:02:11,857 [INFO]   Citation batch 46/139...
2026-07-08 15:02:41,726 [INFO]   Citation batch 47/139...
2026-07-08 15:03:07,140 [INFO]   Citation batch 48/139...
2026-07-08 15:03:33,267 [INFO]   Citation batch 49/139...
2026-07-08 15:03:55,875 [INFO]   Citation batch 50/139...
2026-07-08 15:04:22,631 [INFO]   Citation batch 51/139...
2026-07-08 15:04:47,666 [INFO]   Citation batch 52/139...
2026-07-08 15:05:09,438 [INFO]   Citation batch 53/139...
2026-07-08 15:05:37,385 [INFO]   Citation batch 54/139...
2026-07-08 15:06:00,150 [INFO]   Citation batch 55/139...
2026-07-08 15:06:24,368 [INFO]   Citation batch 56/139...
2026-07-08 15:06:39,533 [INFO]   Citation batch 57/139...
2026-07-08 15:06:55,280 [INFO]   Citation batch 58/139...
2026-07-08 15:07:14,045 [INFO]   Citation batch 59/139...
2026-07-08 15:07:37,631 [INFO]   Citation batch 60/139...
2026-07-08 15:08:02,249 [INFO]   Citation batch 61/139...
2026-07-08 15:08:28,968 [INFO]   Citation batch 62/139...
2026-07-08 15:08:57,527 [INFO]   Citation batch 63/139...
2026-07-08 15:09:24,650 [INFO]   Citation batch 64/139...
2026-07-08 15:09:47,356 [INFO]   Citation batch 65/139...
2026-07-08 15:10:32,614 [INFO]   Citation batch 66/139...
2026-07-08 15:10:54,911 [INFO]   Citation batch 67/139...
2026-07-08 15:11:17,841 [INFO]   Citation batch 68/139...
2026-07-08 15:11:40,078 [INFO]   Citation batch 69/139...
2026-07-08 15:12:06,017 [INFO]   Citation batch 70/139...
2026-07-08 15:12:28,199 [INFO]   Citation batch 71/139...
2026-07-08 15:12:54,000 [INFO]   Citation batch 72/139...
2026-07-08 15:13:16,832 [INFO]   Citation batch 73/139...
2026-07-08 15:13:41,963 [INFO]   Citation batch 74/139...
2026-07-08 15:14:05,486 [INFO]   Citation batch 75/139...
2026-07-08 15:14:32,320 [INFO]   Citation batch 76/139...
2026-07-08 15:14:56,513 [INFO]   Citation batch 77/139...
2026-07-08 15:15:23,782 [INFO]   Citation batch 78/139...
2026-07-08 15:15:48,381 [INFO]   Citation batch 79/139...
2026-07-08 15:16:14,845 [INFO]   Citation batch 80/139...
2026-07-08 15:16:39,306 [INFO]   Citation batch 81/139...
2026-07-08 15:17:01,832 [INFO]   Citation batch 82/139...
2026-07-08 15:17:27,428 [INFO]   Citation batch 83/139...
2026-07-08 15:17:51,716 [INFO]   Citation batch 84/139...
2026-07-08 15:18:16,159 [INFO]   Citation batch 85/139...
2026-07-08 15:18:39,524 [INFO]   Citation batch 86/139...
2026-07-08 15:19:07,451 [INFO]   Citation batch 87/139...
2026-07-08 15:19:36,737 [INFO]   Citation batch 88/139...
2026-07-08 15:19:55,034 [INFO]   Citation batch 89/139...
2026-07-08 15:20:21,674 [INFO]   Citation batch 90/139...
2026-07-08 15:20:47,227 [INFO]   Citation batch 91/139...
2026-07-08 15:21:10,488 [INFO]   Citation batch 92/139...
2026-07-08 15:21:37,661 [INFO]   Citation batch 93/139...
2026-07-08 15:22:02,353 [INFO]   Citation batch 94/139...
2026-07-08 15:22:22,042 [INFO]   Citation batch 95/139...
2026-07-08 15:22:47,067 [INFO]   Citation batch 96/139...
2026-07-08 15:23:11,676 [INFO]   Citation batch 97/139...
2026-07-08 15:23:34,483 [INFO]   Citation batch 98/139...
2026-07-08 15:24:02,011 [INFO]   Citation batch 99/139...
2026-07-08 15:24:32,466 [INFO]   Citation batch 100/139...
2026-07-08 15:24:56,957 [INFO]   Citation batch 101/139...
2026-07-08 15:25:30,712 [INFO]   Citation batch 102/139...
2026-07-08 15:26:01,252 [INFO]   Citation batch 103/139...
2026-07-08 15:26:26,084 [INFO]   Citation batch 104/139...
2026-07-08 15:26:50,660 [INFO]   Citation batch 105/139...
2026-07-08 15:27:08,936 [INFO]   Citation batch 106/139...
2026-07-08 15:27:29,754 [INFO]   Citation batch 107/139...
2026-07-08 15:27:52,599 [INFO]   Citation batch 108/139...
2026-07-08 15:28:12,056 [INFO]   Citation batch 109/139...
2026-07-08 15:28:36,233 [INFO]   Citation batch 110/139...
2026-07-08 15:28:55,685 [INFO]   Citation batch 111/139...
2026-07-08 15:29:16,224 [INFO]   Citation batch 112/139...
2026-07-08 15:29:36,474 [INFO]   Citation batch 113/139...
2026-07-08 15:29:59,140 [INFO]   Citation batch 114/139...
2026-07-08 15:30:18,396 [INFO]   Citation batch 115/139...
2026-07-08 15:30:37,887 [INFO]   Citation batch 116/139...
2026-07-08 15:31:00,248 [INFO]   Citation batch 117/139...
2026-07-08 15:31:21,029 [INFO]   Citation batch 118/139...
2026-07-08 15:31:42,427 [INFO]   Citation batch 119/139...
2026-07-08 15:32:04,647 [INFO]   Citation batch 120/139...
2026-07-08 15:32:28,908 [INFO]   Citation batch 121/139...
2026-07-08 15:32:41,430 [INFO]   Citation batch 122/139...
2026-07-08 15:32:55,413 [INFO]   Citation batch 123/139...
2026-07-08 15:33:10,597 [INFO]   Citation batch 124/139...
2026-07-08 15:33:24,564 [INFO]   Citation batch 125/139...
2026-07-08 15:33:44,695 [INFO]   Citation batch 126/139...
2026-07-08 15:34:02,616 [INFO]   Citation batch 127/139...
2026-07-08 15:34:21,405 [INFO]   Citation batch 128/139...
2026-07-08 15:34:44,232 [INFO]   Citation batch 129/139...
2026-07-08 15:35:04,351 [INFO]   Citation batch 130/139...
2026-07-08 15:35:22,969 [INFO]   Citation batch 131/139...
2026-07-08 15:35:43,265 [INFO]   Citation batch 132/139...
2026-07-08 15:36:05,705 [INFO]   Citation batch 133/139...
2026-07-08 15:36:25,456 [INFO]   Citation batch 134/139...
2026-07-08 15:36:47,261 [INFO]   Citation batch 135/139...
2026-07-08 15:37:07,024 [INFO]   Citation batch 136/139...
2026-07-08 15:37:27,083 [INFO]   Citation batch 137/139...
2026-07-08 15:37:47,104 [INFO]   Citation batch 138/139...
2026-07-08 15:38:08,404 [INFO]   Citation batch 139/139...
2026-07-08 15:38:51,112 [INFO]   17,882,757 edges, 4,136,183 nodes
2026-07-08 15:38:52,418 [INFO] Fetching metadata for 4,136,183 nodes...
2026-07-08 15:38:52,715 [INFO]   Metadata batch 1/207...
2026-07-08 15:39:02,796 [INFO]   Metadata batch 2/207...
2026-07-08 15:39:13,127 [INFO]   Metadata batch 3/207...
2026-07-08 15:39:22,520 [INFO]   Metadata batch 4/207...
2026-07-08 15:39:31,833 [INFO]   Metadata batch 5/207...
2026-07-08 15:39:40,956 [INFO]   Metadata batch 6/207...
2026-07-08 15:39:50,282 [INFO]   Metadata batch 7/207...
2026-07-08 15:40:00,047 [INFO]   Metadata batch 8/207...
2026-07-08 15:40:08,573 [INFO]   Metadata batch 9/207...
2026-07-08 15:40:18,208 [INFO]   Metadata batch 10/207...
2026-07-08 15:40:28,091 [INFO]   Metadata batch 11/207...
2026-07-08 15:40:36,879 [INFO]   Metadata batch 12/207...
2026-07-08 15:40:47,782 [INFO]   Metadata batch 13/207...
2026-07-08 15:40:57,281 [INFO]   Metadata batch 14/207...
2026-07-08 15:41:06,796 [INFO]   Metadata batch 15/207...
2026-07-08 15:41:16,929 [INFO]   Metadata batch 16/207...
2026-07-08 15:41:25,834 [INFO]   Metadata batch 17/207...
2026-07-08 15:41:35,369 [INFO]   Metadata batch 18/207...
2026-07-08 15:41:45,066 [INFO]   Metadata batch 19/207...
2026-07-08 15:41:53,591 [INFO]   Metadata batch 20/207...
2026-07-08 15:42:04,043 [INFO]   Metadata batch 21/207...
2026-07-08 15:42:14,523 [INFO]   Metadata batch 22/207...
2026-07-08 15:42:23,497 [INFO]   Metadata batch 23/207...
2026-07-08 15:42:32,448 [INFO]   Metadata batch 24/207...
2026-07-08 15:42:43,627 [INFO]   Metadata batch 25/207...
2026-07-08 15:42:52,402 [INFO]   Metadata batch 26/207...
2026-07-08 15:43:02,004 [INFO]   Metadata batch 27/207...
2026-07-08 15:43:12,022 [INFO]   Metadata batch 28/207...
2026-07-08 15:43:21,484 [INFO]   Metadata batch 29/207...
2026-07-08 15:43:31,058 [INFO]   Metadata batch 30/207...
2026-07-08 15:43:41,833 [INFO]   Metadata batch 31/207...
2026-07-08 15:43:50,224 [INFO]   Metadata batch 32/207...
2026-07-08 15:43:58,474 [INFO]   Metadata batch 33/207...
2026-07-08 15:44:07,758 [INFO]   Metadata batch 34/207...
2026-07-08 15:44:16,576 [INFO]   Metadata batch 35/207...
2026-07-08 15:44:25,266 [INFO]   Metadata batch 36/207...
2026-07-08 15:44:34,816 [INFO]   Metadata batch 37/207...
2026-07-08 15:44:42,795 [INFO]   Metadata batch 38/207...
2026-07-08 15:44:51,989 [INFO]   Metadata batch 39/207...
2026-07-08 15:45:01,678 [INFO]   Metadata batch 40/207...
2026-07-08 15:45:10,397 [INFO]   Metadata batch 41/207...
2026-07-08 15:45:20,384 [INFO]   Metadata batch 42/207...
2026-07-08 15:45:30,466 [INFO]   Metadata batch 43/207...
2026-07-08 15:45:39,371 [INFO]   Metadata batch 44/207...
2026-07-08 15:45:49,194 [INFO]   Metadata batch 45/207...
2026-07-08 15:45:58,864 [INFO]   Metadata batch 46/207...
2026-07-08 15:46:07,581 [INFO]   Metadata batch 47/207...
2026-07-08 15:46:17,601 [INFO]   Metadata batch 48/207...
2026-07-08 15:46:26,788 [INFO]   Metadata batch 49/207...
2026-07-08 15:46:37,230 [INFO]   Metadata batch 50/207...
2026-07-08 15:46:45,558 [INFO]   Metadata batch 51/207...
2026-07-08 15:46:56,411 [INFO]   Metadata batch 52/207...
2026-07-08 15:47:05,888 [INFO]   Metadata batch 53/207...
2026-07-08 15:47:16,665 [INFO]   Metadata batch 54/207...
2026-07-08 15:47:26,392 [INFO]   Metadata batch 55/207...
2026-07-08 15:47:35,036 [INFO]   Metadata batch 56/207...
2026-07-08 15:47:44,240 [INFO]   Metadata batch 57/207...
2026-07-08 15:47:54,643 [INFO]   Metadata batch 58/207...
2026-07-08 15:48:03,605 [INFO]   Metadata batch 59/207...
2026-07-08 15:48:13,626 [INFO]   Metadata batch 60/207...
2026-07-08 15:48:26,055 [INFO]   Metadata batch 61/207...
2026-07-08 15:48:34,904 [INFO]   Metadata batch 62/207...
2026-07-08 15:48:44,743 [INFO]   Metadata batch 63/207...
2026-07-08 15:48:55,004 [INFO]   Metadata batch 64/207...
2026-07-08 15:49:02,750 [INFO]   Metadata batch 65/207...
2026-07-08 15:49:12,353 [INFO]   Metadata batch 66/207...
2026-07-08 15:49:22,559 [INFO]   Metadata batch 67/207...
2026-07-08 15:49:30,682 [INFO]   Metadata batch 68/207...
2026-07-08 15:49:39,286 [INFO]   Metadata batch 69/207...
2026-07-08 15:49:49,325 [INFO]   Metadata batch 70/207...
2026-07-08 15:49:57,609 [INFO]   Metadata batch 71/207...
2026-07-08 15:50:06,795 [INFO]   Metadata batch 72/207...
2026-07-08 15:50:17,293 [INFO]   Metadata batch 73/207...
2026-07-08 15:50:25,842 [INFO]   Metadata batch 74/207...
2026-07-08 15:50:35,120 [INFO]   Metadata batch 75/207...
2026-07-08 15:50:45,860 [INFO]   Metadata batch 76/207...
2026-07-08 15:50:55,657 [INFO]   Metadata batch 77/207...
2026-07-08 15:51:04,351 [INFO]   Metadata batch 78/207...
2026-07-08 15:51:14,544 [INFO]   Metadata batch 79/207...
2026-07-08 15:51:23,490 [INFO]   Metadata batch 80/207...
2026-07-08 15:51:33,501 [INFO]   Metadata batch 81/207...
2026-07-08 15:51:42,149 [INFO]   Metadata batch 82/207...
2026-07-08 15:51:51,176 [INFO]   Metadata batch 83/207...
2026-07-08 15:51:59,420 [INFO]   Metadata batch 84/207...
2026-07-08 15:52:08,942 [INFO]   Metadata batch 85/207...
2026-07-08 15:52:17,682 [INFO]   Metadata batch 86/207...
2026-07-08 15:52:27,367 [INFO]   Metadata batch 87/207...
2026-07-08 15:52:35,523 [INFO]   Metadata batch 88/207...
2026-07-08 15:52:44,825 [INFO]   Metadata batch 89/207...
2026-07-08 15:52:53,737 [INFO]   Metadata batch 90/207...
2026-07-08 15:53:02,595 [INFO]   Metadata batch 91/207...
2026-07-08 15:53:11,597 [INFO]   Metadata batch 92/207...
2026-07-08 15:53:20,273 [INFO]   Metadata batch 93/207...
2026-07-08 15:53:29,903 [INFO]   Metadata batch 94/207...
2026-07-08 15:53:38,078 [INFO]   Metadata batch 95/207...
2026-07-08 15:53:47,513 [INFO]   Metadata batch 96/207...
2026-07-08 15:53:56,435 [INFO]   Metadata batch 97/207...
2026-07-08 15:54:05,423 [INFO]   Metadata batch 98/207...
2026-07-08 15:54:14,934 [INFO]   Metadata batch 99/207...
2026-07-08 15:54:23,706 [INFO]   Metadata batch 100/207...
2026-07-08 15:54:32,410 [INFO]   Metadata batch 101/207...
2026-07-08 15:54:41,574 [INFO]   Metadata batch 102/207...
2026-07-08 15:54:50,906 [INFO]   Metadata batch 103/207...
2026-07-08 15:55:01,370 [INFO]   Metadata batch 104/207...
2026-07-08 15:55:10,612 [INFO]   Metadata batch 105/207...
2026-07-08 15:55:20,037 [INFO]   Metadata batch 106/207...
2026-07-08 15:55:27,702 [INFO]   Metadata batch 107/207...
2026-07-08 15:55:36,663 [INFO]   Metadata batch 108/207...
2026-07-08 15:55:46,259 [INFO]   Metadata batch 109/207...
2026-07-08 15:55:55,253 [INFO]   Metadata batch 110/207...
2026-07-08 15:56:04,720 [INFO]   Metadata batch 111/207...
2026-07-08 15:56:13,153 [INFO]   Metadata batch 112/207...
2026-07-08 15:56:22,241 [INFO]   Metadata batch 113/207...
2026-07-08 15:56:31,069 [INFO]   Metadata batch 114/207...
2026-07-08 15:56:39,449 [INFO]   Metadata batch 115/207...
2026-07-08 15:56:48,823 [INFO]   Metadata batch 116/207...
2026-07-08 15:56:57,828 [INFO]   Metadata batch 117/207...
2026-07-08 15:57:06,989 [INFO]   Metadata batch 118/207...
2026-07-08 15:57:15,880 [INFO]   Metadata batch 119/207...
2026-07-08 15:57:25,155 [INFO]   Metadata batch 120/207...
2026-07-08 15:57:33,232 [INFO]   Metadata batch 121/207...
2026-07-08 15:57:42,352 [INFO]   Metadata batch 122/207...
2026-07-08 15:57:51,404 [INFO]   Metadata batch 123/207...
2026-07-08 15:58:00,774 [INFO]   Metadata batch 124/207...
2026-07-08 15:58:10,343 [INFO]   Metadata batch 125/207...
2026-07-08 15:58:19,601 [INFO]   Metadata batch 126/207...
2026-07-08 15:58:28,426 [INFO]   Metadata batch 127/207...
2026-07-08 15:58:37,751 [INFO]   Metadata batch 128/207...
2026-07-08 15:58:47,640 [INFO]   Metadata batch 129/207...
2026-07-08 15:58:56,553 [INFO]   Metadata batch 130/207...
2026-07-08 15:59:06,462 [INFO]   Metadata batch 131/207...
2026-07-08 15:59:15,351 [INFO]   Metadata batch 132/207...
2026-07-08 15:59:24,842 [INFO]   Metadata batch 133/207...
2026-07-08 15:59:34,864 [INFO]   Metadata batch 134/207...
2026-07-08 15:59:43,449 [INFO]   Metadata batch 135/207...
2026-07-08 15:59:52,826 [INFO]   Metadata batch 136/207...
2026-07-08 16:00:02,288 [INFO]   Metadata batch 137/207...
2026-07-08 16:00:11,542 [INFO]   Metadata batch 138/207...
2026-07-08 16:00:21,181 [INFO]   Metadata batch 139/207...
2026-07-08 16:00:32,341 [INFO]   Metadata batch 140/207...
2026-07-08 16:00:41,608 [INFO]   Metadata batch 141/207...
2026-07-08 16:00:51,248 [INFO]   Metadata batch 142/207...
2026-07-08 16:01:01,836 [INFO]   Metadata batch 143/207...
2026-07-08 16:01:11,454 [INFO]   Metadata batch 144/207...
2026-07-08 16:01:21,460 [INFO]   Metadata batch 145/207...
2026-07-08 16:01:32,158 [INFO]   Metadata batch 146/207...
2026-07-08 16:01:42,859 [INFO]   Metadata batch 147/207...
2026-07-08 16:01:54,063 [INFO]   Metadata batch 148/207...
2026-07-08 16:02:03,789 [INFO]   Metadata batch 149/207...
2026-07-08 16:02:13,993 [INFO]   Metadata batch 150/207...
2026-07-08 16:02:25,093 [INFO]   Metadata batch 151/207...
2026-07-08 16:02:35,724 [INFO]   Metadata batch 152/207...
2026-07-08 16:02:46,034 [INFO]   Metadata batch 153/207...
2026-07-08 16:02:55,405 [INFO]   Metadata batch 154/207...
2026-07-08 16:03:05,002 [INFO]   Metadata batch 155/207...
2026-07-08 16:03:14,146 [INFO]   Metadata batch 156/207...
2026-07-08 16:03:23,654 [INFO]   Metadata batch 157/207...
2026-07-08 16:03:32,979 [INFO]   Metadata batch 158/207...
2026-07-08 16:03:43,557 [INFO]   Metadata batch 159/207...
2026-07-08 16:03:53,141 [INFO]   Metadata batch 160/207...
2026-07-08 16:04:02,966 [INFO]   Metadata batch 161/207...
2026-07-08 16:04:12,626 [INFO]   Metadata batch 162/207...
2026-07-08 16:04:22,034 [INFO]   Metadata batch 163/207...
2026-07-08 16:04:30,899 [INFO]   Metadata batch 164/207...
2026-07-08 16:04:40,835 [INFO]   Metadata batch 165/207...
2026-07-08 16:04:50,445 [INFO]   Metadata batch 166/207...
2026-07-08 16:05:00,187 [INFO]   Metadata batch 167/207...
2026-07-08 16:05:10,444 [INFO]   Metadata batch 168/207...
2026-07-08 16:05:19,333 [INFO]   Metadata batch 169/207...
2026-07-08 16:05:27,391 [INFO]   Metadata batch 170/207...
2026-07-08 16:05:37,190 [INFO]   Metadata batch 171/207...
2026-07-08 16:05:46,152 [INFO]   Metadata batch 172/207...
2026-07-08 16:05:56,379 [INFO]   Metadata batch 173/207...
2026-07-08 16:06:05,867 [INFO]   Metadata batch 174/207...
2026-07-08 16:06:16,754 [INFO]   Metadata batch 175/207...
2026-07-08 16:06:26,460 [INFO]   Metadata batch 176/207...
2026-07-08 16:06:37,125 [INFO]   Metadata batch 177/207...
2026-07-08 16:06:48,635 [INFO]   Metadata batch 178/207...
2026-07-08 16:06:57,391 [INFO]   Metadata batch 179/207...
2026-07-08 16:07:07,180 [INFO]   Metadata batch 180/207...
2026-07-08 16:07:16,898 [INFO]   Metadata batch 181/207...
2026-07-08 16:07:25,818 [INFO]   Metadata batch 182/207...
2026-07-08 16:07:35,323 [INFO]   Metadata batch 183/207...
2026-07-08 16:07:44,940 [INFO]   Metadata batch 184/207...
2026-07-08 16:07:54,373 [INFO]   Metadata batch 185/207...
2026-07-08 16:08:03,510 [INFO]   Metadata batch 186/207...
2026-07-08 16:08:12,628 [INFO]   Metadata batch 187/207...
2026-07-08 16:08:23,317 [INFO]   Metadata batch 188/207...
2026-07-08 16:08:32,797 [INFO]   Metadata batch 189/207...
2026-07-08 16:08:42,220 [INFO]   Metadata batch 190/207...
2026-07-08 16:08:52,305 [INFO]   Metadata batch 191/207...
2026-07-08 16:09:02,331 [INFO]   Metadata batch 192/207...
2026-07-08 16:09:10,765 [INFO]   Metadata batch 193/207...
2026-07-08 16:09:21,509 [INFO]   Metadata batch 194/207...
2026-07-08 16:09:30,650 [INFO]   Metadata batch 195/207...
2026-07-08 16:09:39,991 [INFO]   Metadata batch 196/207...
2026-07-08 16:09:49,102 [INFO]   Metadata batch 197/207...
2026-07-08 16:09:59,457 [INFO]   Metadata batch 198/207...
2026-07-08 16:10:08,726 [INFO]   Metadata batch 199/207...
2026-07-08 16:10:18,653 [INFO]   Metadata batch 200/207...
2026-07-08 16:10:28,068 [INFO]   Metadata batch 201/207...
2026-07-08 16:10:37,688 [INFO]   Metadata batch 202/207...
2026-07-08 16:10:46,780 [INFO]   Metadata batch 203/207...
2026-07-08 16:10:56,105 [INFO]   Metadata batch 204/207...
2026-07-08 16:11:05,230 [INFO]   Metadata batch 205/207...
2026-07-08 16:11:14,409 [INFO]   Metadata batch 206/207...
2026-07-08 16:11:23,794 [INFO]   Metadata batch 207/207...
2026-07-08 16:11:33,715 [INFO]   4,136,183 nodes (75,576 Frontiers core)
2026-07-08 16:11:34,973 [INFO] Applying edge weights (temporal decay + self-citation discount)...
2026-07-08 16:13:57,665 [INFO]   Decay mean=0.624  |  Self-citations: 1,879,552
2026-07-08 16:13:57,752 [INFO]   Combined weight mean=0.590
2026-07-08 16:13:58,867 [INFO] Computing bibliographic coupling (min shared refs=3)...
2026-07-08 16:13:58,892 [INFO]   BC batch 1/5...
2026-07-08 16:18:57,517 [INFO]     4,932,993 BC edges
2026-07-08 16:18:57,529 [INFO]   BC batch 2/5...
2026-07-08 16:24:32,424 [INFO]     5,623,664 BC edges
2026-07-08 16:24:32,434 [INFO]   BC batch 3/5...
2026-07-08 16:29:56,337 [INFO]     5,576,273 BC edges
2026-07-08 16:29:56,349 [INFO]   BC batch 4/5...
2026-07-08 16:35:54,413 [INFO]     5,931,771 BC edges
2026-07-08 16:35:54,420 [INFO]   BC batch 5/5...
2026-07-08 16:38:38,702 [INFO]     2,574,242 BC edges
2026-07-08 16:38:52,336 [INFO]   Total BC edges: 24,638,943
2026-07-08 16:38:52,879 [INFO] Merging direct citation and BC edges...
2026-07-08 16:40:53,932 [INFO]   Merged: 41,502,348 edges (mean weight=0.288)
2026-07-08 16:41:03,784 [INFO] Writing CWTS files to cwts_output/  (4,136,183 nodes)...
2026-07-08 16:43:29,063 [INFO]   pubs.txt        : 4,136,183 rows  (75,576 Frontiers)
2026-07-08 16:44:06,913 [INFO] 4136183 out of 4136183 rows loaded.
2026-07-08 16:44:06,915 [INFO]   → BigQuery: scope_drift_raw.pubs_raw_20260708_144127
2026-07-08 16:45:58,266 [INFO]   pub_metadata.txt: 4,136,183 rows
2026-07-08 16:53:51,516 [INFO] 4136183 out of 4136183 rows loaded.
2026-07-08 16:53:51,538 [INFO]   → BigQuery: scope_drift_raw.pub_metadata_raw_20260708_144127
2026-07-08 17:06:31,213 [INFO]   cit_links.txt   : 80,655,718 rows  (40,327,859 unique × 2 directions)
2026-07-08 18:26:14,437 [ERROR] An error occurred during execution of the CWTS export:
Traceback (most recent call last):
  File "c:\Users\sophie.wilson\AppData\Local\miniconda3\envs\scope_drift\lib\site-packages\urllib3\connectionpool.py", line 703, in urlopen
    httplib_response = self._make_request(
  File "c:\Users\sophie.wilson\AppData\Local\miniconda3\envs\scope_drift\lib\site-packages\urllib3\connectionpool.py", line 386, in _make_request
    self._validate_conn(conn)
  File "c:\Users\sophie.wilson\AppData\Local\miniconda3\envs\scope_drift\lib\site-packages\urllib3\connectionpool.py", line 1042, in _validate_conn
    conn.connect()
  File "c:\Users\sophie.wilson\AppData\Local\miniconda3\envs\scope_drift\lib\site-packages\urllib3\connection.py", line 414, in connect
    self.sock = ssl_wrap_socket(
  File "c:\Users\sophie.wilson\AppData\Local\miniconda3\envs\scope_drift\lib\site-packages\urllib3\util\ssl_.py", line 449, in ssl_wrap_socket
    ssl_sock = _ssl_wrap_socket_impl(
  File "c:\Users\sophie.wilson\AppData\Local\miniconda3\envs\scope_drift\lib\site-packages\urllib3\util\ssl_.py", line 493, in _ssl_wrap_socket_impl
    return ssl_context.wrap_socket(sock, server_hostname=server_hostname)
  File "c:\Users\sophie.wilson\AppData\Local\miniconda3\envs\scope_drift\lib\ssl.py", line 513, in wrap_socket
    return self.sslsocket_class._create(
  File "c:\Users\sophie.wilson\AppData\Local\miniconda3\envs\scope_drift\lib\ssl.py", line 1071, in _create
    self.do_handshake()
  File "c:\Users\sophie.wilson\AppData\Local\miniconda3\envs\scope_drift\lib\ssl.py", line 1342, in do_handshake
    self._sslobj.do_handshake()
ConnectionResetError: [WinError 10054] An existing connection was forcibly closed by the remote host

During handling of the above exception, another exception occurred:

Traceback (most recent call last):
  File "c:\Users\sophie.wilson\AppData\Local\miniconda3\envs\scope_drift\lib\site-packages\requests\adapters.py", line 489, in send
    resp = conn.urlopen(
  File "c:\Users\sophie.wilson\AppData\Local\miniconda3\envs\scope_drift\lib\site-packages\urllib3\connectionpool.py", line 787, in urlopen
    retries = retries.increment(
  File "c:\Users\sophie.wilson\AppData\Local\miniconda3\envs\scope_drift\lib\site-packages\urllib3\util\retry.py", line 550, in increment
    raise six.reraise(type(error), error, _stacktrace)
  File "c:\Users\sophie.wilson\AppData\Local\miniconda3\envs\scope_drift\lib\site-packages\urllib3\packages\six.py", line 769, in reraise
    raise value.with_traceback(tb)
  File "c:\Users\sophie.wilson\AppData\Local\miniconda3\envs\scope_drift\lib\site-packages\urllib3\connectionpool.py", line 703, in urlopen
    httplib_response = self._make_request(
  File "c:\Users\sophie.wilson\AppData\Local\miniconda3\envs\scope_drift\lib\site-packages\urllib3\connectionpool.py", line 386, in _make_request
    self._validate_conn(conn)
  File "c:\Users\sophie.wilson\AppData\Local\miniconda3\envs\scope_drift\lib\site-packages\urllib3\connectionpool.py", line 1042, in _validate_conn
    conn.connect()
  File "c:\Users\sophie.wilson\AppData\Local\miniconda3\envs\scope_drift\lib\site-packages\urllib3\connection.py", line 414, in connect
    self.sock = ssl_wrap_socket(
  File "c:\Users\sophie.wilson\AppData\Local\miniconda3\envs\scope_drift\lib\site-packages\urllib3\util\ssl_.py", line 449, in ssl_wrap_socket
    ssl_sock = _ssl_wrap_socket_impl(
  File "c:\Users\sophie.wilson\AppData\Local\miniconda3\envs\scope_drift\lib\site-packages\urllib3\util\ssl_.py", line 493, in _ssl_wrap_socket_impl
    return ssl_context.wrap_socket(sock, server_hostname=server_hostname)
  File "c:\Users\sophie.wilson\AppData\Local\miniconda3\envs\scope_drift\lib\ssl.py", line 513, in wrap_socket
    return self.sslsocket_class._create(
  File "c:\Users\sophie.wilson\AppData\Local\miniconda3\envs\scope_drift\lib\ssl.py", line 1071, in _create
    self.do_handshake()
  File "c:\Users\sophie.wilson\AppData\Local\miniconda3\envs\scope_drift\lib\ssl.py", line 1342, in do_handshake
    self._sslobj.do_handshake()
urllib3.exceptions.ProtocolError: ('Connection aborted.', ConnectionResetError(10054, 'An existing connection was forcibly closed by the remote host', None, 10054, None))

During handling of the above exception, another exception occurred:

Traceback (most recent call last):
  File "c:\Users\sophie.wilson\AppData\Local\miniconda3\envs\scope_drift\lib\site-packages\google\auth\transport\requests.py", line 187, in __call__
    response = self.session.request(
  File "c:\Users\sophie.wilson\AppData\Local\miniconda3\envs\scope_drift\lib\site-packages\requests\sessions.py", line 587, in request
    resp = self.send(prep, **send_kwargs)
  File "c:\Users\sophie.wilson\AppData\Local\miniconda3\envs\scope_drift\lib\site-packages\requests\sessions.py", line 701, in send
    r = adapter.send(request, **kwargs)
  File "c:\Users\sophie.wilson\AppData\Local\miniconda3\envs\scope_drift\lib\site-packages\requests\adapters.py", line 547, in send
    raise ConnectionError(err, request=request)
requests.exceptions.ConnectionError: ('Connection aborted.', ConnectionResetError(10054, 'An existing connection was forcibly closed by the remote host', None, 10054, None))

The above exception was the direct cause of the following exception:

Traceback (most recent call last):
  File "c:\Users\sophie.wilson\Documents\scope-drift-model\cwts_export.py", line 727, in main
    write_cwts_files(df_edges, final_nodes, node_lookup)
  File "c:\Users\sophie.wilson\Documents\scope-drift-model\cwts_export.py", line 660, in write_cwts_files
    pandas_gbq.to_gbq(
  File "c:\Users\sophie.wilson\AppData\Local\miniconda3\envs\scope_drift\lib\site-packages\pandas_gbq\gbq.py", line 664, in to_gbq
    connector.load_data(
  File "c:\Users\sophie.wilson\AppData\Local\miniconda3\envs\scope_drift\lib\site-packages\pandas_gbq\gbq_connector.py", line 291, in load_data
    chunks = load.load_chunks(
  File "c:\Users\sophie.wilson\AppData\Local\miniconda3\envs\scope_drift\lib\site-packages\pandas_gbq\load\core.py", line 298, in load_chunks
    load_parquet(
  File "c:\Users\sophie.wilson\AppData\Local\miniconda3\envs\scope_drift\lib\site-packages\pandas_gbq\load\core.py", line 185, in load_parquet
    client.load_table_from_dataframe(
  File "c:\Users\sophie.wilson\AppData\Local\miniconda3\envs\scope_drift\lib\site-packages\google\cloud\bigquery\client.py", line 2920, in load_table_from_dataframe
    return self.load_table_from_file(
  File "c:\Users\sophie.wilson\AppData\Local\miniconda3\envs\scope_drift\lib\site-packages\google\cloud\bigquery\client.py", line 2676, in load_table_from_file
    response = self._do_resumable_upload(
  File "c:\Users\sophie.wilson\AppData\Local\miniconda3\envs\scope_drift\lib\site-packages\google\cloud\bigquery\client.py", line 3101, in _do_resumable_upload
    response = upload.transmit_next_chunk(transport, timeout=timeout)
  File "c:\Users\sophie.wilson\AppData\Local\miniconda3\envs\scope_drift\lib\site-packages\google\resumable_media\requests\upload.py", line 515, in transmit_next_chunk
    return _request_helpers.wait_and_retry(
  File "c:\Users\sophie.wilson\AppData\Local\miniconda3\envs\scope_drift\lib\site-packages\google\resumable_media\requests\_request_helpers.py", line 155, in wait_and_retry
    response = func()
  File "c:\Users\sophie.wilson\AppData\Local\miniconda3\envs\scope_drift\lib\site-packages\google\resumable_media\requests\upload.py", line 507, in retriable_request
    result = transport.request(
  File "c:\Users\sophie.wilson\AppData\Local\miniconda3\envs\scope_drift\lib\site-packages\google\auth\transport\requests.py", line 535, in request
    self.credentials.before_request(auth_request, method, url, request_headers)
  File "c:\Users\sophie.wilson\AppData\Local\miniconda3\envs\scope_drift\lib\site-packages\google\auth\credentials.py", line 239, in before_request
    self._blocking_refresh(request)
  File "c:\Users\sophie.wilson\AppData\Local\miniconda3\envs\scope_drift\lib\site-packages\google\auth\credentials.py", line 202, in _blocking_refresh
    self.refresh(request)
  File "c:\Users\sophie.wilson\AppData\Local\miniconda3\envs\scope_drift\lib\site-packages\google\oauth2\credentials.py", line 409, in refresh
    ) = reauth.refresh_grant(
  File "c:\Users\sophie.wilson\AppData\Local\miniconda3\envs\scope_drift\lib\site-packages\google\oauth2\reauth.py", line 333, in refresh_grant
    response_status_ok, response_data, retryable_error = _client._token_endpoint_request_no_throw(
  File "c:\Users\sophie.wilson\AppData\Local\miniconda3\envs\scope_drift\lib\site-packages\google\oauth2\_client.py", line 192, in _token_endpoint_request_no_throw
    response = request(
  File "c:\Users\sophie.wilson\AppData\Local\miniconda3\envs\scope_drift\lib\site-packages\google\auth\transport\requests.py", line 194, in __call__
    raise new_exc from caught_exc
google.auth.exceptions.TransportError: ('Connection aborted.', ConnectionResetError(10054, 'An existing connection was forcibly closed by the remote host', None, 10054, None))
