2026-06-18 10:50:44,328 [INFO] ============================================================
2026-06-18 10:50:44,328 [INFO] Configuration
2026-06-18 10:50:44,329 [INFO] ============================================================
2026-06-18 10:50:44,329 [INFO]   BQ_PROJECT              : ocean-tech-adv-analytics-p-usr
2026-06-18 10:50:44,329 [INFO]   AIRAK_DATASET           : ocean-breeze-tier-1.airak
2026-06-18 10:50:44,329 [INFO]   NETWORK_MODE            : ego
2026-06-18 10:50:44,329 [INFO]   START_YEAR              : 2020
2026-06-18 10:50:44,329 [INFO]   END_YEAR                : 2026
2026-06-18 10:50:44,329 [INFO]   TOP_N_JOURNALS          : 5
2026-06-18 10:50:44,329 [INFO]   JOURNAL_IDS_OVERRIDE    : (none)
2026-06-18 10:50:44,329 [INFO]   ENABLE_EDGE_WEIGHTS     : True
2026-06-18 10:50:44,330 [INFO]   TEMPORAL_DECAY_TAU      : 5.0
2026-06-18 10:50:44,330 [INFO]   SELF_CITE_JOURNAL_WEIGHT: 0.5
2026-06-18 10:50:44,330 [INFO]   ENABLE_BC_EDGES         : True
2026-06-18 10:50:44,330 [INFO]   BC_MIN_SHARED_REFS      : 3
2026-06-18 10:50:44,330 [INFO]   MAX_EXTERNAL_PAPERS     : 50000
2026-06-18 10:50:44,330 [INFO]   OUTPUT_DIR              : cwts_output
2026-06-18 10:50:44,330 [INFO] ============================================================
2026-06-18 10:50:44,330 [INFO] ============================================================
2026-06-18 10:50:44,330 [INFO] CWTS Export — Edge Weight Builder
2026-06-18 10:50:44,330 [INFO]   Mode: EGO  |  Years: 2020-2026
2026-06-18 10:50:44,330 [INFO]   Edge weights: ON
2026-06-18 10:50:44,330 [INFO] ============================================================
2026-06-18 10:50:44,330 [INFO] Fetching top 5 Frontiers journals by publication count...
2026-06-18 10:50:48,452 [INFO]   Journal IDs: [3315714752512, 2405181685761, 2972117368834, 2379411881984, 1013612281856]
2026-06-18 10:50:48,453 [INFO] Fetching Frontiers publication IDs...
2026-06-18 10:50:54,708 [INFO]   160,424 Frontiers publications
2026-06-18 10:50:54,708 [INFO] Building ego network (top 50,000 external papers)...
2026-06-18 10:50:54,720 [INFO]   Ego batch 1/4...
2026-06-18 10:52:35,711 [INFO]   Ego batch 2/4...
2026-06-18 10:54:07,563 [INFO]   Ego batch 3/4...
2026-06-18 10:55:40,258 [INFO]   Ego batch 4/4...
2026-06-18 10:56:19,357 [INFO]   Raw edges: 10,872,154
2026-06-18 10:56:41,860 [INFO]   Filtered: 1,695,996 edges, 188,156 nodes
2026-06-18 10:56:42,303 [INFO] Fetching metadata for 188,156 nodes...
2026-06-18 10:56:42,320 [INFO]   Metadata batch 1/10...
2026-06-18 10:56:48,077 [INFO]   Metadata batch 2/10...
2026-06-18 10:56:53,336 [INFO]   Metadata batch 3/10...
2026-06-18 10:56:58,946 [INFO]   Metadata batch 4/10...
2026-06-18 10:57:05,358 [INFO]   Metadata batch 5/10...
2026-06-18 10:57:11,538 [INFO]   Metadata batch 6/10...
2026-06-18 10:57:17,316 [INFO]   Metadata batch 7/10...
2026-06-18 10:57:22,312 [INFO]   Metadata batch 8/10...
2026-06-18 10:57:27,503 [INFO]   Metadata batch 9/10...
2026-06-18 10:57:34,165 [INFO]   Metadata batch 10/10...
2026-06-18 10:57:38,366 [INFO]   188,156 nodes (139,259 Frontiers core)
2026-06-18 10:57:38,393 [INFO] Applying edge weights (temporal decay + self-citation discount)...
2026-06-18 10:57:41,129 [INFO]   Decay mean=0.191  |  Self-citations: 149,087
2026-06-18 10:57:41,134 [INFO]   Combined weight mean=0.174
2026-06-18 10:57:41,184 [INFO] Computing bibliographic coupling (min shared refs=3)...
2026-06-18 10:57:41,196 [INFO]   BC batch 1/9...
2026-06-18 10:58:23,184 [INFO]     967,046 BC edges
2026-06-18 10:58:23,191 [INFO]   BC batch 2/9...
2026-06-18 10:59:02,094 [INFO]     942,574 BC edges
2026-06-18 10:59:02,099 [INFO]   BC batch 3/9...
2026-06-18 10:59:43,207 [INFO]     998,037 BC edges
2026-06-18 10:59:43,212 [INFO]   BC batch 4/9...
2026-06-18 11:00:23,276 [INFO]     915,312 BC edges
2026-06-18 11:00:23,282 [INFO]   BC batch 5/9...
2026-06-18 11:01:02,561 [INFO]     832,758 BC edges
2026-06-18 11:01:02,569 [INFO]   BC batch 6/9...
2026-06-18 11:01:40,380 [INFO]     717,726 BC edges
2026-06-18 11:01:40,386 [INFO]   BC batch 7/9...
2026-06-18 11:02:23,981 [INFO]     901,869 BC edges
2026-06-18 11:02:23,988 [INFO]   BC batch 8/9...
2026-06-18 11:03:07,484 [INFO]     973,015 BC edges
2026-06-18 11:03:07,485 [INFO]   BC batch 9/9...
2026-06-18 11:03:12,660 [INFO]     23,831 BC edges
2026-06-18 11:03:14,477 [INFO]   Total BC edges: 7,272,168
2026-06-18 11:03:14,598 [INFO] Merging direct citation and BC edges...
2026-06-18 11:03:21,438 [INFO]   Merged: 5,267,853 edges (mean weight=0.132)
2026-06-18 11:03:21,598 [INFO] Writing CWTS files to cwts_output/  (188,156 nodes)...
2026-06-18 11:03:26,540 [INFO]   pubs.txt        : 188,156 rows  (0 Frontiers)
2026-06-18 11:03:34,077 [INFO] 188156 out of 188156 rows loaded.
2026-06-18 11:03:34,078 [INFO]   → BigQuery: scope_drift_raw.pubs_raw_20260618_105042
