2026-06-17 21:57:08,258 [INFO] ============================================================
2026-06-17 21:57:08,258 [INFO] Configuration
2026-06-17 21:57:08,258 [INFO] ============================================================
2026-06-17 21:57:08,258 [INFO]   BQ_PROJECT              : ocean-tech-adv-analytics-p-usr
2026-06-17 21:57:08,258 [INFO]   AIRAK_DATASET           : ocean-breeze-tier-1.airak
2026-06-17 21:57:08,258 [INFO]   NETWORK_MODE            : full
2026-06-17 21:57:08,259 [INFO]   START_YEAR              : 2023
2026-06-17 21:57:08,259 [INFO]   END_YEAR                : 2026
2026-06-17 21:57:08,259 [INFO]   TOP_N_JOURNALS          : 5
2026-06-17 21:57:08,259 [INFO]   JOURNAL_IDS_OVERRIDE    : (none)
2026-06-17 21:57:08,259 [INFO]   ENABLE_EDGE_WEIGHTS     : True
2026-06-17 21:57:08,259 [INFO]   TEMPORAL_DECAY_TAU      : 5.0
2026-06-17 21:57:08,259 [INFO]   SELF_CITE_JOURNAL_WEIGHT: 0.5
2026-06-17 21:57:08,259 [INFO]   ENABLE_BC_EDGES         : True
2026-06-17 21:57:08,259 [INFO]   BC_MIN_SHARED_REFS      : 3
2026-06-17 21:57:08,259 [INFO]   MAX_EXTERNAL_PAPERS     : 50000
2026-06-17 21:57:08,259 [INFO]   OUTPUT_DIR              : cwts_output
2026-06-17 21:57:08,259 [INFO] ============================================================
2026-06-17 21:57:08,259 [INFO] ============================================================
2026-06-17 21:57:08,260 [INFO] CWTS Export — Edge Weight Builder
2026-06-17 21:57:08,260 [INFO]   Mode: FULL  |  Years: 2023-2026
2026-06-17 21:57:08,260 [INFO]   Edge weights: ON
2026-06-17 21:57:08,260 [INFO] ============================================================
2026-06-17 21:57:08,260 [INFO] Fetching top 5 Frontiers journals by publication count...
2026-06-17 21:57:11,434 [INFO]   Journal IDs: [3315714752512, 2379411881984, 2972117368834, 2405181685761, 2826088480769]
2026-06-17 21:57:11,436 [INFO] Fetching Frontiers publication IDs...
2026-06-17 21:57:15,237 [INFO]   86,790 Frontiers publications
2026-06-17 21:57:15,237 [INFO] Building full network (Frontiers + related journals)...
2026-06-17 21:57:15,237 [INFO]   Finding journals citing Frontiers...
2026-06-17 21:57:17,533 [INFO]   Finding journals cited by Frontiers...
2026-06-17 21:57:19,913 [INFO]   1821 journals in network (1816 related + 5 Frontiers)
2026-06-17 21:59:27,113 [INFO]   6,699,373 publications
2026-06-17 21:59:27,589 [INFO]   Citation batch 1/134...
2026-06-17 21:59:48,008 [INFO]   Citation batch 2/134...
2026-06-17 22:00:00,938 [INFO]   Citation batch 3/134...
2026-06-17 22:00:17,415 [INFO]   Citation batch 4/134...
2026-06-17 22:00:32,487 [INFO]   Citation batch 5/134...
2026-06-17 22:00:47,691 [INFO]   Citation batch 6/134...
2026-06-17 22:01:00,189 [INFO]   Citation batch 7/134...
2026-06-17 22:01:17,092 [INFO]   Citation batch 8/134...
2026-06-17 22:01:30,251 [INFO]   Citation batch 9/134...
2026-06-17 22:01:47,976 [INFO]   Citation batch 10/134...
2026-06-17 22:02:08,003 [INFO]   Citation batch 11/134...
2026-06-17 22:02:26,578 [INFO]   Citation batch 12/134...
2026-06-17 22:02:47,199 [INFO]   Citation batch 13/134...
2026-06-17 22:03:09,216 [INFO]   Citation batch 14/134...
2026-06-17 22:03:25,967 [INFO]   Citation batch 15/134...
2026-06-17 22:03:38,722 [INFO]   Citation batch 16/134...
2026-06-17 22:03:50,539 [INFO]   Citation batch 17/134...
2026-06-17 22:04:01,853 [INFO]   Citation batch 18/134...
2026-06-17 22:04:12,742 [INFO]   Citation batch 19/134...
2026-06-17 22:04:22,320 [INFO]   Citation batch 20/134...
2026-06-17 22:04:30,005 [INFO]   Citation batch 21/134...
2026-06-17 22:04:37,753 [INFO]   Citation batch 22/134...
2026-06-17 22:04:45,142 [INFO]   Citation batch 23/134...
2026-06-17 22:04:53,621 [INFO]   Citation batch 24/134...
2026-06-17 22:05:02,670 [INFO]   Citation batch 25/134...
2026-06-17 22:05:11,370 [INFO]   Citation batch 26/134...
2026-06-17 22:05:22,447 [INFO]   Citation batch 27/134...
2026-06-17 22:05:30,569 [INFO]   Citation batch 28/134...
2026-06-17 22:05:36,455 [INFO]   Citation batch 29/134...
2026-06-17 22:05:43,617 [INFO]   Citation batch 30/134...
2026-06-17 22:05:52,413 [INFO]   Citation batch 31/134...
2026-06-17 22:06:00,862 [INFO]   Citation batch 32/134...
2026-06-17 22:06:10,047 [INFO]   Citation batch 33/134...
2026-06-17 22:06:20,495 [INFO]   Citation batch 34/134...
2026-06-17 22:06:28,251 [INFO]   Citation batch 35/134...
2026-06-17 22:06:36,456 [INFO]   Citation batch 36/134...
2026-06-17 22:06:46,705 [INFO]   Citation batch 37/134...
2026-06-17 22:06:56,900 [INFO]   Citation batch 38/134...
2026-06-17 22:07:13,162 [INFO]   Citation batch 39/134...
2026-06-17 22:07:21,558 [INFO]   Citation batch 40/134...
2026-06-17 22:07:29,796 [INFO]   Citation batch 41/134...
2026-06-17 22:07:43,056 [INFO]   Citation batch 42/134...
2026-06-17 22:07:56,409 [INFO]   Citation batch 43/134...
2026-06-17 22:08:07,036 [INFO]   Citation batch 44/134...
2026-06-17 22:08:21,339 [INFO]   Citation batch 45/134...
2026-06-17 22:08:31,299 [INFO]   Citation batch 46/134...
2026-06-17 22:08:40,919 [INFO]   Citation batch 47/134...
2026-06-17 22:08:51,107 [INFO]   Citation batch 48/134...
2026-06-17 22:09:01,369 [INFO]   Citation batch 49/134...
2026-06-17 22:09:11,471 [INFO]   Citation batch 50/134...
2026-06-17 22:09:21,328 [INFO]   Citation batch 51/134...
2026-06-17 22:09:31,419 [INFO]   Citation batch 52/134...
2026-06-17 22:09:39,329 [INFO]   Citation batch 53/134...
2026-06-17 22:09:47,749 [INFO]   Citation batch 54/134...
2026-06-17 22:09:53,484 [INFO]   Citation batch 55/134...
2026-06-17 22:10:00,140 [INFO]   Citation batch 56/134...
2026-06-17 22:10:08,580 [INFO]   Citation batch 57/134...
2026-06-17 22:10:17,757 [INFO]   Citation batch 58/134...
2026-06-17 22:10:27,237 [INFO]   Citation batch 59/134...
2026-06-17 22:10:37,244 [INFO]   Citation batch 60/134...
2026-06-17 22:10:48,489 [INFO]   Citation batch 61/134...
2026-06-17 22:10:59,173 [INFO]   Citation batch 62/134...
2026-06-17 22:11:07,912 [INFO]   Citation batch 63/134...
2026-06-17 22:11:17,370 [INFO]   Citation batch 64/134...
2026-06-17 22:11:26,196 [INFO]   Citation batch 65/134...
2026-06-17 22:11:34,876 [INFO]   Citation batch 66/134...
2026-06-17 22:11:44,628 [INFO]   Citation batch 67/134...
2026-06-17 22:11:53,303 [INFO]   Citation batch 68/134...
2026-06-17 22:12:02,529 [INFO]   Citation batch 69/134...
2026-06-17 22:12:11,841 [INFO]   Citation batch 70/134...
2026-06-17 22:12:20,743 [INFO]   Citation batch 71/134...
2026-06-17 22:12:29,517 [INFO]   Citation batch 72/134...
2026-06-17 22:12:38,708 [INFO]   Citation batch 73/134...
2026-06-17 22:12:49,332 [INFO]   Citation batch 74/134...
2026-06-17 22:12:58,565 [INFO]   Citation batch 75/134...
2026-06-17 22:13:07,418 [INFO]   Citation batch 76/134...
2026-06-17 22:13:18,693 [INFO]   Citation batch 77/134...
2026-06-17 22:13:28,838 [INFO]   Citation batch 78/134...
2026-06-17 22:13:41,608 [INFO]   Citation batch 79/134...
2026-06-17 22:14:14,448 [INFO]   Citation batch 80/134...
2026-06-17 22:14:29,795 [INFO]   Citation batch 81/134...
2026-06-17 22:14:44,833 [INFO]   Citation batch 82/134...
2026-06-17 22:14:57,567 [INFO]   Citation batch 83/134...
2026-06-17 22:15:14,259 [INFO]   Citation batch 84/134...
2026-06-17 22:15:33,060 [INFO]   Citation batch 85/134...
2026-06-17 22:15:47,255 [INFO]   Citation batch 86/134...
2026-06-17 22:16:05,786 [INFO]   Citation batch 87/134...
2026-06-17 22:16:18,257 [INFO]   Citation batch 88/134...
2026-06-17 22:16:33,114 [INFO]   Citation batch 89/134...
2026-06-17 22:16:56,381 [INFO]   Citation batch 90/134...
2026-06-17 22:17:05,196 [INFO]   Citation batch 91/134...
2026-06-17 22:17:13,220 [INFO]   Citation batch 92/134...
2026-06-17 22:17:22,174 [INFO]   Citation batch 93/134...
2026-06-17 22:17:32,150 [INFO]   Citation batch 94/134...
2026-06-17 22:17:42,811 [INFO]   Citation batch 95/134...
2026-06-17 22:17:53,062 [INFO]   Citation batch 96/134...
2026-06-17 22:18:03,025 [INFO]   Citation batch 97/134...
2026-06-17 22:18:13,442 [INFO]   Citation batch 98/134...
2026-06-17 22:18:26,744 [INFO]   Citation batch 99/134...
2026-06-17 22:18:38,008 [INFO]   Citation batch 100/134...
2026-06-17 22:18:48,946 [INFO]   Citation batch 101/134...
2026-06-17 22:18:58,257 [INFO]   Citation batch 102/134...
2026-06-17 22:19:09,457 [INFO]   Citation batch 103/134...
2026-06-17 22:19:19,194 [INFO]   Citation batch 104/134...
2026-06-17 22:19:27,952 [INFO]   Citation batch 105/134...
2026-06-17 22:19:37,245 [INFO]   Citation batch 106/134...
2026-06-17 22:19:48,129 [INFO]   Citation batch 107/134...
2026-06-17 22:19:56,763 [INFO]   Citation batch 108/134...
2026-06-17 22:20:05,645 [INFO]   Citation batch 109/134...
2026-06-17 22:20:14,855 [INFO]   Citation batch 110/134...
2026-06-17 22:20:23,164 [INFO]   Citation batch 111/134...
2026-06-17 22:20:31,111 [INFO]   Citation batch 112/134...
2026-06-17 22:20:38,958 [INFO]   Citation batch 113/134...
2026-06-17 22:20:48,597 [INFO]   Citation batch 114/134...
2026-06-17 22:20:57,519 [INFO]   Citation batch 115/134...
2026-06-17 22:21:07,049 [INFO]   Citation batch 116/134...
2026-06-17 22:21:15,169 [INFO]   Citation batch 117/134...
2026-06-17 22:21:19,768 [INFO]   Citation batch 118/134...
2026-06-17 22:21:25,133 [INFO]   Citation batch 119/134...
2026-06-17 22:21:30,500 [INFO]   Citation batch 120/134...
2026-06-17 22:21:37,124 [INFO]   Citation batch 121/134...
2026-06-17 22:21:45,656 [INFO]   Citation batch 122/134...
2026-06-17 22:21:52,947 [INFO]   Citation batch 123/134...
2026-06-17 22:22:01,184 [INFO]   Citation batch 124/134...
2026-06-17 22:22:08,483 [INFO]   Citation batch 125/134...
2026-06-17 22:22:16,329 [INFO]   Citation batch 126/134...
2026-06-17 22:22:23,751 [INFO]   Citation batch 127/134...
2026-06-17 22:22:31,090 [INFO]   Citation batch 128/134...
2026-06-17 22:22:37,641 [INFO]   Citation batch 129/134...
2026-06-17 22:22:45,217 [INFO]   Citation batch 130/134...
2026-06-17 22:22:53,017 [INFO]   Citation batch 131/134...
2026-06-17 22:23:01,222 [INFO]   Citation batch 132/134...
2026-06-17 22:23:09,279 [INFO]   Citation batch 133/134...
2026-06-17 22:23:17,089 [INFO]   Citation batch 134/134...
2026-06-17 22:23:46,682 [INFO]   16,626,555 edges, 3,943,071 nodes
2026-06-17 22:23:49,786 [INFO] Fetching metadata for 3,943,071 nodes...
2026-06-17 22:23:49,919 [INFO]   Metadata batch 1/198...
2026-06-17 22:23:57,213 [INFO]   Metadata batch 2/198...
2026-06-17 22:24:02,499 [INFO]   Metadata batch 3/198...
2026-06-17 22:24:07,630 [INFO]   Metadata batch 4/198...
2026-06-17 22:24:15,011 [INFO]   Metadata batch 5/198...
2026-06-17 22:24:20,574 [INFO]   Metadata batch 6/198...
2026-06-17 22:24:26,540 [INFO]   Metadata batch 7/198...
2026-06-17 22:24:31,868 [INFO]   Metadata batch 8/198...
2026-06-17 22:24:36,902 [INFO]   Metadata batch 9/198...
2026-06-17 22:24:42,219 [INFO]   Metadata batch 10/198...
2026-06-17 22:24:47,841 [INFO]   Metadata batch 11/198...
2026-06-17 22:24:52,849 [INFO]   Metadata batch 12/198...
2026-06-17 22:24:57,864 [INFO]   Metadata batch 13/198...
2026-06-17 22:25:42,348 [INFO]   Metadata batch 14/198...
2026-06-17 22:26:05,091 [INFO]   Metadata batch 15/198...
2026-06-17 22:26:17,754 [INFO]   Metadata batch 16/198...
2026-06-17 22:26:51,434 [INFO]   Metadata batch 17/198...
2026-06-17 22:27:00,005 [INFO]   Metadata batch 18/198...
2026-06-17 22:27:21,625 [INFO]   Metadata batch 19/198...
2026-06-17 22:27:31,029 [INFO]   Metadata batch 20/198...
2026-06-17 22:27:47,720 [INFO]   Metadata batch 21/198...
2026-06-17 22:28:00,489 [INFO]   Metadata batch 22/198...
2026-06-17 22:28:13,437 [INFO]   Metadata batch 23/198...
2026-06-17 22:28:18,249 [INFO]   Metadata batch 24/198...
2026-06-17 22:28:23,151 [INFO]   Metadata batch 25/198...
2026-06-17 22:28:28,950 [INFO]   Metadata batch 26/198...
2026-06-17 22:28:34,562 [INFO]   Metadata batch 27/198...
2026-06-17 22:28:39,774 [INFO]   Metadata batch 28/198...
2026-06-17 22:28:45,355 [INFO]   Metadata batch 29/198...
2026-06-17 22:28:50,342 [INFO]   Metadata batch 30/198...
2026-06-17 22:28:56,098 [INFO]   Metadata batch 31/198...
2026-06-17 22:29:03,337 [INFO]   Metadata batch 32/198...
2026-06-17 22:29:09,547 [INFO]   Metadata batch 33/198...
2026-06-17 22:29:15,454 [INFO]   Metadata batch 34/198...
2026-06-17 22:29:21,812 [INFO]   Metadata batch 35/198...
2026-06-17 22:29:26,759 [INFO]   Metadata batch 36/198...
2026-06-17 22:29:33,014 [INFO]   Metadata batch 37/198...
2026-06-17 22:29:38,816 [INFO]   Metadata batch 38/198...
2026-06-17 22:29:44,679 [INFO]   Metadata batch 39/198...
2026-06-17 22:29:50,672 [INFO]   Metadata batch 40/198...
2026-06-17 22:29:56,043 [INFO]   Metadata batch 41/198...
2026-06-17 22:30:01,502 [INFO]   Metadata batch 42/198...
2026-06-17 22:30:07,199 [INFO]   Metadata batch 43/198...
2026-06-17 22:30:13,088 [INFO]   Metadata batch 44/198...
2026-06-17 22:30:17,938 [INFO]   Metadata batch 45/198...
2026-06-17 22:30:24,016 [INFO]   Metadata batch 46/198...
2026-06-17 22:30:30,302 [INFO]   Metadata batch 47/198...
2026-06-17 22:30:36,207 [INFO]   Metadata batch 48/198...
2026-06-17 22:30:42,096 [INFO]   Metadata batch 49/198...
2026-06-17 22:30:48,676 [INFO]   Metadata batch 50/198...
2026-06-17 22:30:55,107 [INFO]   Metadata batch 51/198...
2026-06-17 22:31:01,215 [INFO]   Metadata batch 52/198...
2026-06-17 22:31:07,006 [INFO]   Metadata batch 53/198...
2026-06-17 22:31:12,536 [INFO]   Metadata batch 54/198...
2026-06-17 22:31:18,231 [INFO]   Metadata batch 55/198...
2026-06-17 22:31:24,533 [INFO]   Metadata batch 56/198...
2026-06-17 22:31:30,289 [INFO]   Metadata batch 57/198...
2026-06-17 22:31:36,195 [INFO]   Metadata batch 58/198...
2026-06-17 22:31:42,054 [INFO]   Metadata batch 59/198...
2026-06-17 22:31:47,273 [INFO]   Metadata batch 60/198...
2026-06-17 22:31:52,600 [INFO]   Metadata batch 61/198...
2026-06-17 22:31:57,924 [INFO]   Metadata batch 62/198...
2026-06-17 22:32:02,969 [INFO]   Metadata batch 63/198...
2026-06-17 22:32:08,369 [INFO]   Metadata batch 64/198...
2026-06-17 22:32:13,791 [INFO]   Metadata batch 65/198...
2026-06-17 22:32:18,643 [INFO]   Metadata batch 66/198...
2026-06-17 22:32:23,980 [INFO]   Metadata batch 67/198...
2026-06-17 22:32:29,870 [INFO]   Metadata batch 68/198...
2026-06-17 22:32:34,729 [INFO]   Metadata batch 69/198...
2026-06-17 22:32:40,190 [INFO]   Metadata batch 70/198...
2026-06-17 22:32:45,547 [INFO]   Metadata batch 71/198...
2026-06-17 22:32:50,494 [INFO]   Metadata batch 72/198...
2026-06-17 22:32:55,644 [INFO]   Metadata batch 73/198...
2026-06-17 22:33:01,253 [INFO]   Metadata batch 74/198...
2026-06-17 22:33:05,776 [INFO]   Metadata batch 75/198...
2026-06-17 22:33:10,598 [INFO]   Metadata batch 76/198...
2026-06-17 22:33:16,251 [INFO]   Metadata batch 77/198...
2026-06-17 22:33:20,687 [INFO]   Metadata batch 78/198...
2026-06-17 22:33:25,835 [INFO]   Metadata batch 79/198...
2026-06-17 22:33:31,077 [INFO]   Metadata batch 80/198...
2026-06-17 22:33:35,802 [INFO]   Metadata batch 81/198...
2026-06-17 22:33:41,140 [INFO]   Metadata batch 82/198...
2026-06-17 22:33:45,909 [INFO]   Metadata batch 83/198...
2026-06-17 22:33:50,913 [INFO]   Metadata batch 84/198...
2026-06-17 22:33:56,159 [INFO]   Metadata batch 85/198...
2026-06-17 22:34:01,872 [INFO]   Metadata batch 86/198...
2026-06-17 22:34:07,221 [INFO]   Metadata batch 87/198...
2026-06-17 22:34:12,144 [INFO]   Metadata batch 88/198...
2026-06-17 22:34:18,105 [INFO]   Metadata batch 89/198...
2026-06-17 22:34:23,161 [INFO]   Metadata batch 90/198...
2026-06-17 22:34:28,912 [INFO]   Metadata batch 91/198...
2026-06-17 22:34:34,586 [INFO]   Metadata batch 92/198...
2026-06-17 22:34:41,917 [INFO]   Metadata batch 93/198...
2026-06-17 22:34:48,132 [INFO]   Metadata batch 94/198...
2026-06-17 22:34:52,724 [INFO]   Metadata batch 95/198...
2026-06-17 22:34:59,490 [INFO]   Metadata batch 96/198...
2026-06-17 22:35:06,251 [INFO]   Metadata batch 97/198...
2026-06-17 22:35:12,641 [INFO]   Metadata batch 98/198...
2026-06-17 22:35:17,774 [INFO]   Metadata batch 99/198...
2026-06-17 22:35:22,869 [INFO]   Metadata batch 100/198...
2026-06-17 22:35:28,571 [INFO]   Metadata batch 101/198...
2026-06-17 22:35:33,388 [INFO]   Metadata batch 102/198...
2026-06-17 22:35:38,207 [INFO]   Metadata batch 103/198...
2026-06-17 22:35:43,207 [INFO]   Metadata batch 104/198...
2026-06-17 22:35:48,370 [INFO]   Metadata batch 105/198...
2026-06-17 22:35:53,635 [INFO]   Metadata batch 106/198...
2026-06-17 22:35:58,894 [INFO]   Metadata batch 107/198...
2026-06-17 22:36:04,541 [INFO]   Metadata batch 108/198...
2026-06-17 22:36:10,146 [INFO]   Metadata batch 109/198...
2026-06-17 22:36:15,258 [INFO]   Metadata batch 110/198...
2026-06-17 22:36:20,474 [INFO]   Metadata batch 111/198...
2026-06-17 22:36:25,280 [INFO]   Metadata batch 112/198...
2026-06-17 22:36:30,667 [INFO]   Metadata batch 113/198...
2026-06-17 22:36:36,209 [INFO]   Metadata batch 114/198...
2026-06-17 22:36:41,476 [INFO]   Metadata batch 115/198...
2026-06-17 22:36:46,953 [INFO]   Metadata batch 116/198...
2026-06-17 22:36:52,009 [INFO]   Metadata batch 117/198...
2026-06-17 22:36:57,825 [INFO]   Metadata batch 118/198...
2026-06-17 22:37:02,768 [INFO]   Metadata batch 119/198...
2026-06-17 22:37:08,124 [INFO]   Metadata batch 120/198...
2026-06-17 22:37:13,105 [INFO]   Metadata batch 121/198...
2026-06-17 22:37:18,318 [INFO]   Metadata batch 122/198...
2026-06-17 22:37:23,475 [INFO]   Metadata batch 123/198...
2026-06-17 22:37:29,154 [INFO]   Metadata batch 124/198...
2026-06-17 22:37:34,591 [INFO]   Metadata batch 125/198...
2026-06-17 22:37:39,814 [INFO]   Metadata batch 126/198...
2026-06-17 22:37:44,674 [INFO]   Metadata batch 127/198...
2026-06-17 22:37:49,649 [INFO]   Metadata batch 128/198...
2026-06-17 22:37:54,925 [INFO]   Metadata batch 129/198...
2026-06-17 22:38:00,171 [INFO]   Metadata batch 130/198...
2026-06-17 22:38:05,978 [INFO]   Metadata batch 131/198...
2026-06-17 22:38:11,406 [INFO]   Metadata batch 132/198...
2026-06-17 22:38:17,939 [INFO]   Metadata batch 133/198...
2026-06-17 22:38:24,393 [INFO]   Metadata batch 134/198...
2026-06-17 22:38:30,935 [INFO]   Metadata batch 135/198...
2026-06-17 22:38:37,232 [INFO]   Metadata batch 136/198...
2026-06-17 22:38:44,021 [INFO]   Metadata batch 137/198...
2026-06-17 22:38:50,138 [INFO]   Metadata batch 138/198...
2026-06-17 22:38:56,207 [INFO]   Metadata batch 139/198...
2026-06-17 22:39:02,586 [INFO]   Metadata batch 140/198...
2026-06-17 22:39:09,278 [INFO]   Metadata batch 141/198...
2026-06-17 22:39:15,511 [INFO]   Metadata batch 142/198...
2026-06-17 22:39:21,856 [INFO]   Metadata batch 143/198...
2026-06-17 22:39:28,535 [INFO]   Metadata batch 144/198...
2026-06-17 22:39:34,987 [INFO]   Metadata batch 145/198...
2026-06-17 22:39:41,394 [INFO]   Metadata batch 146/198...
2026-06-17 22:39:47,500 [INFO]   Metadata batch 147/198...
2026-06-17 22:39:53,747 [INFO]   Metadata batch 148/198...
2026-06-17 22:40:00,467 [INFO]   Metadata batch 149/198...
2026-06-17 22:40:07,551 [INFO]   Metadata batch 150/198...
2026-06-17 22:40:13,676 [INFO]   Metadata batch 151/198...
2026-06-17 22:40:19,955 [INFO]   Metadata batch 152/198...
2026-06-17 22:40:26,663 [INFO]   Metadata batch 153/198...
2026-06-17 22:40:32,781 [INFO]   Metadata batch 154/198...
2026-06-17 22:40:39,135 [INFO]   Metadata batch 155/198...
2026-06-17 22:40:45,627 [INFO]   Metadata batch 156/198...
2026-06-17 22:40:52,541 [INFO]   Metadata batch 157/198...
2026-06-17 22:40:59,086 [INFO]   Metadata batch 158/198...
2026-06-17 22:41:05,622 [INFO]   Metadata batch 159/198...
2026-06-17 22:41:11,885 [INFO]   Metadata batch 160/198...
2026-06-17 22:41:18,218 [INFO]   Metadata batch 161/198...
2026-06-17 22:41:24,891 [INFO]   Metadata batch 162/198...
2026-06-17 22:41:31,143 [INFO]   Metadata batch 163/198...
2026-06-17 22:41:37,438 [INFO]   Metadata batch 164/198...
2026-06-17 22:41:43,996 [INFO]   Metadata batch 165/198...
2026-06-17 22:41:50,114 [INFO]   Metadata batch 166/198...
2026-06-17 22:41:56,697 [INFO]   Metadata batch 167/198...
2026-06-17 22:42:02,536 [INFO]   Metadata batch 168/198...
2026-06-17 22:42:08,055 [INFO]   Metadata batch 169/198...
2026-06-17 22:42:13,451 [INFO]   Metadata batch 170/198...
2026-06-17 22:42:18,704 [INFO]   Metadata batch 171/198...
2026-06-17 22:42:23,772 [INFO]   Metadata batch 172/198...
2026-06-17 22:42:28,623 [INFO]   Metadata batch 173/198...
2026-06-17 22:42:33,987 [INFO]   Metadata batch 174/198...
2026-06-17 22:42:40,442 [INFO]   Metadata batch 175/198...
2026-06-17 22:42:45,335 [INFO]   Metadata batch 176/198...
2026-06-17 22:42:50,769 [INFO]   Metadata batch 177/198...
2026-06-17 22:42:55,542 [INFO]   Metadata batch 178/198...
2026-06-17 22:43:00,715 [INFO]   Metadata batch 179/198...
2026-06-17 22:43:06,076 [INFO]   Metadata batch 180/198...
2026-06-17 22:43:11,225 [INFO]   Metadata batch 181/198...
2026-06-17 22:43:16,098 [INFO]   Metadata batch 182/198...
2026-06-17 22:43:21,341 [INFO]   Metadata batch 183/198...
2026-06-17 22:43:26,382 [INFO]   Metadata batch 184/198...
2026-06-17 22:43:31,578 [INFO]   Metadata batch 185/198...
2026-06-17 22:43:36,273 [INFO]   Metadata batch 186/198...
2026-06-17 22:43:41,230 [INFO]   Metadata batch 187/198...
2026-06-17 22:43:46,529 [INFO]   Metadata batch 188/198...
2026-06-17 22:43:51,641 [INFO]   Metadata batch 189/198...
2026-06-17 22:43:57,171 [INFO]   Metadata batch 190/198...
2026-06-17 22:44:02,322 [INFO]   Metadata batch 191/198...
2026-06-17 22:44:07,557 [INFO]   Metadata batch 192/198...
2026-06-17 22:44:12,811 [INFO]   Metadata batch 193/198...
2026-06-17 22:44:17,910 [INFO]   Metadata batch 194/198...
2026-06-17 22:44:22,886 [INFO]   Metadata batch 195/198...
2026-06-17 22:44:27,592 [INFO]   Metadata batch 196/198...
2026-06-17 22:44:32,843 [INFO]   Metadata batch 197/198...
2026-06-17 22:44:37,979 [INFO]   Metadata batch 198/198...
2026-06-17 22:44:45,744 [INFO]   3,943,071 nodes (67,894 Frontiers core)
2026-06-17 22:44:46,533 [INFO] Applying edge weights (temporal decay + self-citation discount)...
2026-06-17 22:45:48,618 [INFO]   Decay mean=0.623  |  Self-citations: 1,796,577
2026-06-17 22:45:48,658 [INFO]   Combined weight mean=0.589
2026-06-17 22:45:49,168 [INFO] Computing bibliographic coupling (min shared refs=3)...
2026-06-17 22:45:49,200 [INFO]   BC batch 1/5...
2026-06-17 22:48:42,926 [INFO]     4,524,691 BC edges
2026-06-17 22:48:42,931 [INFO]   BC batch 2/5...
2026-06-17 22:52:04,472 [INFO]     5,236,472 BC edges
2026-06-17 22:52:04,476 [INFO]   BC batch 3/5...
2026-06-17 22:55:14,849 [INFO]     4,707,239 BC edges
2026-06-17 22:55:14,854 [INFO]   BC batch 4/5...
2026-06-17 22:59:05,971 [INFO]     5,632,914 BC edges
2026-06-17 22:59:05,974 [INFO]   BC batch 5/5...
2026-06-17 23:00:21,024 [INFO]     1,785,605 BC edges
2026-06-17 23:00:28,524 [INFO]   Total BC edges: 21,886,921
2026-06-17 23:00:28,832 [INFO] Merging direct citation and BC edges...
2026-06-17 23:01:24,175 [INFO]   Merged: 37,641,306 edges (mean weight=0.293)
2026-06-17 23:01:29,501 [INFO] Writing CWTS files to cwts_output/  (3,943,071 nodes)...
2026-06-17 23:03:12,964 [INFO]   pubs.txt        : 3,943,071 rows  (0 Frontiers)
2026-06-17 23:03:42,581 [INFO] 3943071 out of 3943071 rows loaded.
2026-06-17 23:03:42,582 [INFO]   → BigQuery: scope_drift_raw.pubs_raw_20260617_215705
2026-06-17 23:11:23,384 [INFO]   pub_metadata.txt: 3,943,071 rows
2026-06-17 23:18:46,881 [INFO] 3943071 out of 3943071 rows loaded.
2026-06-17 23:18:46,906 [INFO]   → BigQuery: scope_drift_raw.pub_metadata_raw_20260617_215705
2026-06-17 23:28:40,387 [INFO]   cit_links.txt   : 73,074,240 rows  (36,537,120 unique × 2 directions)
2026-06-17 23:39:13,019 [INFO] 73074240 out of 73074240 rows loaded.
2026-06-17 23:39:13,053 [INFO]   → BigQuery: scope_drift_raw.cit_links_raw_20260617_215705
