2026-06-17 08:14:52,851 [INFO] ============================================================
2026-06-17 08:14:52,851 [INFO] Configuration
2026-06-17 08:14:52,851 [INFO] ============================================================
2026-06-17 08:14:52,851 [INFO]   BQ_PROJECT              : ocean-tech-adv-analytics-p-usr
2026-06-17 08:14:52,851 [INFO]   AIRAK_DATASET           : ocean-breeze-tier-1.airak
2026-06-17 08:14:52,851 [INFO]   NETWORK_MODE            : ego
2026-06-17 08:14:52,851 [INFO]   START_YEAR              : 2026
2026-06-17 08:14:52,852 [INFO]   END_YEAR                : 2026
2026-06-17 08:14:52,852 [INFO]   TOP_N_JOURNALS          : 5
2026-06-17 08:14:52,852 [INFO]   JOURNAL_IDS_OVERRIDE    : (none)
2026-06-17 08:14:52,852 [INFO]   ENABLE_EDGE_WEIGHTS     : True
2026-06-17 08:14:52,852 [INFO]   TEMPORAL_DECAY_TAU      : 5.0
2026-06-17 08:14:52,852 [INFO]   SELF_CITE_JOURNAL_WEIGHT: 0.5
2026-06-17 08:14:52,852 [INFO]   ENABLE_BC_EDGES         : True
2026-06-17 08:14:52,852 [INFO]   BC_MIN_SHARED_REFS      : 3
2026-06-17 08:14:52,852 [INFO]   MAX_EXTERNAL_PAPERS     : 50000
2026-06-17 08:14:52,852 [INFO]   OUTPUT_DIR              : cwts_output
2026-06-17 08:14:52,852 [INFO] ============================================================
2026-06-17 08:14:52,852 [INFO] ============================================================
2026-06-17 08:14:52,852 [INFO] CWTS Export — Edge Weight Builder
2026-06-17 08:14:52,852 [INFO]   Mode: EGO  |  Years: 2026-2026
2026-06-17 08:14:52,852 [INFO]   Edge weights: ON
2026-06-17 08:14:52,852 [INFO] ============================================================
2026-06-17 08:14:52,852 [INFO] Fetching top 5 Frontiers journals by publication count...
2026-06-17 08:14:54,342 [INFO]   Journal IDs: [3315714752512, 2826088480769, 2379411881984, 2405181685761, 2972117368834]
2026-06-17 08:14:54,342 [INFO] Fetching Frontiers publication IDs...
2026-06-17 08:14:55,978 [INFO]   16,999 Frontiers publications
2026-06-17 08:14:55,979 [INFO] Building ego network (top 50,000 external papers)...
2026-06-17 08:14:55,981 [INFO]   Ego batch 1/1...
2026-06-17 08:15:08,722 [INFO]   Raw edges: 368,100
2026-06-17 08:15:09,156 [INFO]   Filtered: 98,769 edges, 57,141 nodes
2026-06-17 08:15:09,174 [INFO] Fetching metadata for 57,141 nodes...
2026-06-17 08:15:09,178 [INFO]   Metadata batch 1/3...
2026-06-17 08:15:13,701 [INFO]   Metadata batch 2/3...
2026-06-17 08:15:17,750 [INFO]   Metadata batch 3/3...
2026-06-17 08:15:21,947 [INFO]   57,141 nodes (9,776 Frontiers core)
2026-06-17 08:15:21,948 [INFO] Applying edge weights (temporal decay + self-citation discount)...
2026-06-17 08:15:22,076 [INFO]   Decay mean=0.303  |  Self-citations: 3,614
2026-06-17 08:15:22,076 [INFO]   Combined weight mean=0.295
2026-06-17 08:15:22,079 [INFO] Computing bibliographic coupling (min shared refs=3)...
2026-06-17 08:15:22,081 [INFO]   BC batch 1/1...
2026-06-17 08:15:26,232 [INFO]     10,614 BC edges
2026-06-17 08:15:26,234 [INFO]   Total BC edges: 10,614
2026-06-17 08:15:26,235 [INFO] Merging direct citation and BC edges...
2026-06-17 08:15:26,280 [INFO]   Merged: 104,055 edges (mean weight=0.286)
2026-06-17 08:15:26,303 [INFO] Writing CWTS files to cwts_output/  (57,141 nodes)...
2026-06-17 08:15:27,225 [INFO]   pubs.txt        : 57,141 rows  (9,776 Frontiers)
2026-06-17 08:15:33,618 [INFO] 57141 out of 57141 rows loaded.
2026-06-17 08:15:33,618 [INFO]   → BigQuery: scope_drift_raw.pubs_raw_20260617_081452
2026-06-17 08:15:33,619 [ERROR] An error occurred during execution of the CWTS export:
Traceback (most recent call last):
  File "/home/jupyter/scope-drift-model/cwts_export.py", line 724, in main
    write_cwts_files(df_edges, final_nodes, node_lookup)
  File "/home/jupyter/scope-drift-model/cwts_export.py", line 589, in write_cwts_files
    .replace("\t", " ")
     ^^^^^^^
AttributeError: 'float' object has no attribute 'replace'
