2026-06-16 21:22:23,727 [INFO] ============================================================
2026-06-16 21:22:23,728 [INFO] Configuration
2026-06-16 21:22:23,728 [INFO] ============================================================
2026-06-16 21:22:23,728 [INFO]   BQ_PROJECT              : ocean-tech-adv-analytics-p-usr
2026-06-16 21:22:23,728 [INFO]   AIRAK_DATASET           : ocean-breeze-tier-1.airak
2026-06-16 21:22:23,728 [INFO]   NETWORK_MODE            : global
2026-06-16 21:22:23,728 [INFO]   START_YEAR              : 2020
2026-06-16 21:22:23,728 [INFO]   END_YEAR                : 2026
2026-06-16 21:22:23,728 [INFO]   TOP_N_JOURNALS          : 5
2026-06-16 21:22:23,728 [INFO]   JOURNAL_IDS_OVERRIDE    : (none)
2026-06-16 21:22:23,728 [INFO]   ENABLE_EDGE_WEIGHTS     : True
2026-06-16 21:22:23,728 [INFO]   TEMPORAL_DECAY_TAU      : 5.0
2026-06-16 21:22:23,728 [INFO]   SELF_CITE_JOURNAL_WEIGHT: 0.5
2026-06-16 21:22:23,728 [INFO]   ENABLE_BC_EDGES         : True
2026-06-16 21:22:23,728 [INFO]   BC_MIN_SHARED_REFS      : 3
2026-06-16 21:22:23,728 [INFO]   MAX_EXTERNAL_PAPERS     : 50000
2026-06-16 21:22:23,728 [INFO]   OUTPUT_DIR              : cwts_output
2026-06-16 21:22:23,728 [INFO] ============================================================
2026-06-16 21:22:23,728 [INFO] ============================================================
2026-06-16 21:22:23,728 [INFO] CWTS Export — Edge Weight Builder
2026-06-16 21:22:23,728 [INFO]   Mode: GLOBAL  |  Years: 2020-2026
2026-06-16 21:22:23,728 [INFO]   Edge weights: ON
2026-06-16 21:22:23,728 [INFO] ============================================================
2026-06-16 21:22:23,728 [INFO] Fetching top 5 Frontiers journals by publication count...
2026-06-16 21:22:25,217 [INFO]   Journal IDs: [3315714752512, 2405181685761, 2972117368834, 2379411881984, 1013612281856]
2026-06-16 21:22:25,217 [INFO] Fetching Frontiers publication IDs...
2026-06-16 21:22:28,374 [INFO]   160,424 Frontiers publications
2026-06-16 21:22:28,375 [INFO] Building GLOBAL network for 2020-2026 (every publication, no journal filter)...
2026-06-16 23:12:59,681 [INFO]   294,741,048 edges, 31,144,717 nodes (145,993 Frontiers core)
2026-06-16 23:12:59,681 [WARNING] Global mode: disabling bibliographic-coupling edges (no journal scope; query would be unbounded).
2026-06-16 23:12:59,681 [INFO] Fetching metadata for 31,144,717 nodes...
2026-06-16 23:13:01,016 [INFO]   Metadata batch 1/1558...
2026-06-16 23:13:08,569 [INFO]   Metadata batch 2/1558...
2026-06-16 23:13:12,003 [INFO]   Metadata batch 3/1558...
2026-06-16 23:13:15,448 [INFO]   Metadata batch 4/1558...
2026-06-16 23:13:22,625 [INFO]   Metadata batch 5/1558...
2026-06-16 23:13:26,039 [INFO]   Metadata batch 6/1558...
2026-06-16 23:13:29,655 [INFO]   Metadata batch 7/1558...
2026-06-16 23:13:33,018 [INFO]   Metadata batch 8/1558...
2026-06-16 23:13:36,771 [INFO]   Metadata batch 9/1558...
2026-06-16 23:13:40,343 [INFO]   Metadata batch 10/1558...
2026-06-16 23:13:43,668 [INFO]   Metadata batch 11/1558...
2026-06-16 23:13:47,219 [INFO]   Metadata batch 12/1558...
2026-06-16 23:13:50,608 [INFO]   Metadata batch 13/1558...
2026-06-16 23:13:54,190 [INFO]   Metadata batch 14/1558...
2026-06-16 23:13:57,628 [INFO]   Metadata batch 15/1558...
2026-06-16 23:14:01,309 [INFO]   Metadata batch 16/1558...
2026-06-16 23:14:04,681 [INFO]   Metadata batch 17/1558...
2026-06-16 23:14:08,084 [INFO]   Metadata batch 18/1558...
2026-06-16 23:14:11,647 [INFO]   Metadata batch 19/1558...
2026-06-16 23:14:15,430 [INFO]   Metadata batch 20/1558...
2026-06-16 23:14:18,708 [INFO]   Metadata batch 21/1558...
2026-06-16 23:14:21,774 [INFO]   Metadata batch 22/1558...
2026-06-16 23:14:25,240 [INFO]   Metadata batch 23/1558...
2026-06-16 23:14:28,490 [INFO]   Metadata batch 24/1558...
2026-06-16 23:14:32,211 [INFO]   Metadata batch 25/1558...
2026-06-16 23:14:35,675 [INFO]   Metadata batch 26/1558...
2026-06-16 23:14:39,166 [INFO]   Metadata batch 27/1558...
2026-06-16 23:14:42,406 [INFO]   Metadata batch 28/1558...
2026-06-16 23:14:45,848 [INFO]   Metadata batch 29/1558...
2026-06-16 23:14:49,028 [INFO]   Metadata batch 30/1558...
2026-06-16 23:14:52,643 [INFO]   Metadata batch 31/1558...
2026-06-16 23:14:55,883 [INFO]   Metadata batch 32/1558...
2026-06-16 23:14:58,919 [INFO]   Metadata batch 33/1558...
2026-06-16 23:15:02,184 [INFO]   Metadata batch 34/1558...
2026-06-16 23:15:05,854 [INFO]   Metadata batch 35/1558...
2026-06-16 23:15:09,209 [INFO]   Metadata batch 36/1558...
2026-06-16 23:15:12,802 [INFO]   Metadata batch 37/1558...
2026-06-16 23:15:16,330 [INFO]   Metadata batch 38/1558...
2026-06-16 23:15:19,829 [INFO]   Metadata batch 39/1558...
2026-06-16 23:15:23,431 [INFO]   Metadata batch 40/1558...
2026-06-16 23:15:26,865 [INFO]   Metadata batch 41/1558...
2026-06-16 23:15:30,136 [INFO]   Metadata batch 42/1558...
2026-06-16 23:15:33,323 [INFO]   Metadata batch 43/1558...
2026-06-16 23:15:36,754 [INFO]   Metadata batch 44/1558...
2026-06-16 23:15:40,444 [INFO]   Metadata batch 45/1558...
2026-06-16 23:15:43,932 [INFO]   Metadata batch 46/1558...
2026-06-16 23:15:47,260 [INFO]   Metadata batch 47/1558...
2026-06-16 23:15:50,590 [INFO]   Metadata batch 48/1558...
2026-06-16 23:15:54,322 [INFO]   Metadata batch 49/1558...
2026-06-16 23:15:57,855 [INFO]   Metadata batch 50/1558...
2026-06-16 23:16:01,235 [INFO]   Metadata batch 51/1558...
2026-06-16 23:16:05,142 [INFO]   Metadata batch 52/1558...
2026-06-16 23:16:09,127 [INFO]   Metadata batch 53/1558...
2026-06-16 23:16:12,736 [INFO]   Metadata batch 54/1558...
2026-06-16 23:16:16,228 [INFO]   Metadata batch 55/1558...
2026-06-16 23:16:19,555 [INFO]   Metadata batch 56/1558...
2026-06-16 23:16:23,056 [INFO]   Metadata batch 57/1558...
2026-06-16 23:16:26,788 [INFO]   Metadata batch 58/1558...
2026-06-16 23:16:30,171 [INFO]   Metadata batch 59/1558...
2026-06-16 23:16:33,482 [INFO]   Metadata batch 60/1558...
2026-06-16 23:16:37,383 [INFO]   Metadata batch 61/1558...
2026-06-16 23:16:40,808 [INFO]   Metadata batch 62/1558...
2026-06-16 23:16:43,967 [INFO]   Metadata batch 63/1558...
2026-06-16 23:16:47,596 [INFO]   Metadata batch 64/1558...
2026-06-16 23:16:50,594 [INFO]   Metadata batch 65/1558...
2026-06-16 23:16:53,934 [INFO]   Metadata batch 66/1558...
2026-06-16 23:16:57,821 [INFO]   Metadata batch 67/1558...
2026-06-16 23:17:01,172 [INFO]   Metadata batch 68/1558...
2026-06-16 23:17:04,294 [INFO]   Metadata batch 69/1558...
2026-06-16 23:17:07,553 [INFO]   Metadata batch 70/1558...
2026-06-16 23:17:11,059 [INFO]   Metadata batch 71/1558...
2026-06-16 23:17:15,153 [INFO]   Metadata batch 72/1558...
2026-06-16 23:17:18,391 [INFO]   Metadata batch 73/1558...
2026-06-16 23:17:22,445 [INFO]   Metadata batch 74/1558...
2026-06-16 23:17:26,427 [INFO]   Metadata batch 75/1558...
2026-06-16 23:17:29,757 [INFO]   Metadata batch 76/1558...
2026-06-16 23:17:33,663 [INFO]   Metadata batch 77/1558...
2026-06-16 23:17:37,234 [INFO]   Metadata batch 78/1558...
2026-06-16 23:17:41,062 [INFO]   Metadata batch 79/1558...
2026-06-16 23:17:44,533 [INFO]   Metadata batch 80/1558...
2026-06-16 23:17:48,557 [INFO]   Metadata batch 81/1558...
2026-06-16 23:17:52,618 [INFO]   Metadata batch 82/1558...
2026-06-16 23:17:55,996 [INFO]   Metadata batch 83/1558...
2026-06-16 23:17:59,052 [INFO]   Metadata batch 84/1558...
2026-06-16 23:18:02,204 [INFO]   Metadata batch 85/1558...
2026-06-16 23:18:05,559 [INFO]   Metadata batch 86/1558...
2026-06-16 23:18:08,893 [INFO]   Metadata batch 87/1558...
2026-06-16 23:18:12,143 [INFO]   Metadata batch 88/1558...
2026-06-16 23:18:16,151 [INFO]   Metadata batch 89/1558...
2026-06-16 23:18:19,108 [INFO]   Metadata batch 90/1558...
2026-06-16 23:18:22,636 [INFO]   Metadata batch 91/1558...
2026-06-16 23:18:25,790 [INFO]   Metadata batch 92/1558...
2026-06-16 23:18:29,451 [INFO]   Metadata batch 93/1558...
2026-06-16 23:18:33,078 [INFO]   Metadata batch 94/1558...
2026-06-16 23:18:36,456 [INFO]   Metadata batch 95/1558...
2026-06-16 23:18:40,019 [INFO]   Metadata batch 96/1558...
2026-06-16 23:18:43,317 [INFO]   Metadata batch 97/1558...
2026-06-16 23:18:46,799 [INFO]   Metadata batch 98/1558...
2026-06-16 23:18:50,509 [INFO]   Metadata batch 99/1558...
2026-06-16 23:18:53,976 [INFO]   Metadata batch 100/1558...
2026-06-16 23:18:57,338 [INFO]   Metadata batch 101/1558...
2026-06-16 23:19:00,433 [INFO]   Metadata batch 102/1558...
2026-06-16 23:19:03,868 [INFO]   Metadata batch 103/1558...
2026-06-16 23:19:07,058 [INFO]   Metadata batch 104/1558...
2026-06-16 23:19:10,965 [INFO]   Metadata batch 105/1558...
2026-06-16 23:19:14,817 [INFO]   Metadata batch 106/1558...
2026-06-16 23:19:18,452 [INFO]   Metadata batch 107/1558...
2026-06-16 23:19:21,674 [INFO]   Metadata batch 108/1558...
2026-06-16 23:19:24,899 [INFO]   Metadata batch 109/1558...
2026-06-16 23:19:28,458 [INFO]   Metadata batch 110/1558...
2026-06-16 23:19:31,546 [INFO]   Metadata batch 111/1558...
2026-06-16 23:19:34,968 [INFO]   Metadata batch 112/1558...
2026-06-16 23:19:38,189 [INFO]   Metadata batch 113/1558...
2026-06-16 23:19:45,083 [INFO]   Metadata batch 114/1558...
2026-06-16 23:19:48,489 [INFO]   Metadata batch 115/1558...
2026-06-16 23:19:51,694 [INFO]   Metadata batch 116/1558...
2026-06-16 23:19:55,077 [INFO]   Metadata batch 117/1558...
2026-06-16 23:19:58,267 [INFO]   Metadata batch 118/1558...
2026-06-16 23:20:01,515 [INFO]   Metadata batch 119/1558...
2026-06-16 23:20:04,639 [INFO]   Metadata batch 120/1558...
2026-06-16 23:20:08,346 [INFO]   Metadata batch 121/1558...
2026-06-16 23:20:11,874 [INFO]   Metadata batch 122/1558...
2026-06-16 23:20:15,327 [INFO]   Metadata batch 123/1558...
2026-06-16 23:20:18,871 [INFO]   Metadata batch 124/1558...
2026-06-16 23:20:22,182 [INFO]   Metadata batch 125/1558...
2026-06-16 23:20:25,579 [INFO]   Metadata batch 126/1558...
2026-06-16 23:20:29,058 [INFO]   Metadata batch 127/1558...
2026-06-16 23:20:32,403 [INFO]   Metadata batch 128/1558...
2026-06-16 23:20:35,888 [INFO]   Metadata batch 129/1558...
2026-06-16 23:20:38,854 [INFO]   Metadata batch 130/1558...
2026-06-16 23:20:42,210 [INFO]   Metadata batch 131/1558...
2026-06-16 23:20:45,224 [INFO]   Metadata batch 132/1558...
2026-06-16 23:20:48,471 [INFO]   Metadata batch 133/1558...
2026-06-16 23:20:51,686 [INFO]   Metadata batch 134/1558...
2026-06-16 23:20:54,827 [INFO]   Metadata batch 135/1558...
2026-06-16 23:20:58,129 [INFO]   Metadata batch 136/1558...
2026-06-16 23:21:01,566 [INFO]   Metadata batch 137/1558...
2026-06-16 23:21:05,324 [INFO]   Metadata batch 138/1558...
2026-06-16 23:21:08,862 [INFO]   Metadata batch 139/1558...
2026-06-16 23:21:12,484 [INFO]   Metadata batch 140/1558...
2026-06-16 23:21:15,963 [INFO]   Metadata batch 141/1558...
2026-06-16 23:21:19,282 [INFO]   Metadata batch 142/1558...
2026-06-16 23:21:22,910 [INFO]   Metadata batch 143/1558...
2026-06-16 23:21:26,353 [INFO]   Metadata batch 144/1558...
2026-06-16 23:21:29,761 [INFO]   Metadata batch 145/1558...
2026-06-16 23:21:33,487 [INFO]   Metadata batch 146/1558...
2026-06-16 23:21:36,796 [INFO]   Metadata batch 147/1558...
2026-06-16 23:21:40,151 [INFO]   Metadata batch 148/1558...
2026-06-16 23:21:43,407 [INFO]   Metadata batch 149/1558...
2026-06-16 23:21:46,870 [INFO]   Metadata batch 150/1558...
2026-06-16 23:21:50,220 [INFO]   Metadata batch 151/1558...
2026-06-16 23:21:53,798 [INFO]   Metadata batch 152/1558...
2026-06-16 23:21:56,975 [INFO]   Metadata batch 153/1558...
2026-06-16 23:22:00,562 [INFO]   Metadata batch 154/1558...
2026-06-16 23:22:04,327 [INFO]   Metadata batch 155/1558...
2026-06-16 23:22:07,764 [INFO]   Metadata batch 156/1558...
2026-06-16 23:22:11,241 [INFO]   Metadata batch 157/1558...
2026-06-16 23:22:14,500 [INFO]   Metadata batch 158/1558...
2026-06-16 23:22:18,460 [INFO]   Metadata batch 159/1558...
2026-06-16 23:22:21,543 [INFO]   Metadata batch 160/1558...
2026-06-16 23:22:24,622 [INFO]   Metadata batch 161/1558...
2026-06-16 23:22:27,870 [INFO]   Metadata batch 162/1558...
2026-06-16 23:22:31,180 [INFO]   Metadata batch 163/1558...
2026-06-16 23:22:34,284 [INFO]   Metadata batch 164/1558...
2026-06-16 23:22:38,032 [INFO]   Metadata batch 165/1558...
2026-06-16 23:22:41,615 [INFO]   Metadata batch 166/1558...
2026-06-16 23:22:45,309 [INFO]   Metadata batch 167/1558...
2026-06-16 23:22:48,933 [INFO]   Metadata batch 168/1558...
2026-06-16 23:22:52,246 [INFO]   Metadata batch 169/1558...
2026-06-16 23:22:55,574 [INFO]   Metadata batch 170/1558...
2026-06-16 23:22:59,266 [INFO]   Metadata batch 171/1558...
2026-06-16 23:23:02,782 [INFO]   Metadata batch 172/1558...
2026-06-16 23:23:06,144 [INFO]   Metadata batch 173/1558...
2026-06-16 23:23:09,787 [INFO]   Metadata batch 174/1558...
2026-06-16 23:23:13,041 [INFO]   Metadata batch 175/1558...
2026-06-16 23:23:16,296 [INFO]   Metadata batch 176/1558...
2026-06-16 23:23:19,802 [INFO]   Metadata batch 177/1558...
2026-06-16 23:23:23,172 [INFO]   Metadata batch 178/1558...
2026-06-16 23:23:26,718 [INFO]   Metadata batch 179/1558...
2026-06-16 23:23:29,920 [INFO]   Metadata batch 180/1558...
2026-06-16 23:23:33,028 [INFO]   Metadata batch 181/1558...
2026-06-16 23:23:36,515 [INFO]   Metadata batch 182/1558...
2026-06-16 23:23:39,611 [INFO]   Metadata batch 183/1558...
2026-06-16 23:23:42,872 [INFO]   Metadata batch 184/1558...
2026-06-16 23:23:45,889 [INFO]   Metadata batch 185/1558...
2026-06-16 23:23:49,080 [INFO]   Metadata batch 186/1558...
2026-06-16 23:23:52,105 [INFO]   Metadata batch 187/1558...
2026-06-16 23:23:55,313 [INFO]   Metadata batch 188/1558...
2026-06-16 23:23:58,231 [INFO]   Metadata batch 189/1558...
2026-06-16 23:24:01,858 [INFO]   Metadata batch 190/1558...
2026-06-16 23:24:05,222 [INFO]   Metadata batch 191/1558...
2026-06-16 23:24:08,404 [INFO]   Metadata batch 192/1558...
2026-06-16 23:24:11,561 [INFO]   Metadata batch 193/1558...
2026-06-16 23:24:14,766 [INFO]   Metadata batch 194/1558...
2026-06-16 23:24:18,122 [INFO]   Metadata batch 195/1558...
2026-06-16 23:24:21,557 [INFO]   Metadata batch 196/1558...
2026-06-16 23:24:25,322 [INFO]   Metadata batch 197/1558...
2026-06-16 23:24:28,341 [INFO]   Metadata batch 198/1558...
2026-06-16 23:24:31,765 [INFO]   Metadata batch 199/1558...
2026-06-16 23:24:35,170 [INFO]   Metadata batch 200/1558...
2026-06-16 23:24:38,624 [INFO]   Metadata batch 201/1558...
2026-06-16 23:24:41,882 [INFO]   Metadata batch 202/1558...
2026-06-16 23:24:45,733 [INFO]   Metadata batch 203/1558...
2026-06-16 23:24:49,354 [INFO]   Metadata batch 204/1558...
2026-06-16 23:24:52,631 [INFO]   Metadata batch 205/1558...
2026-06-16 23:24:56,356 [INFO]   Metadata batch 206/1558...
2026-06-16 23:24:59,698 [INFO]   Metadata batch 207/1558...
2026-06-16 23:25:02,953 [INFO]   Metadata batch 208/1558...
2026-06-16 23:25:06,324 [INFO]   Metadata batch 209/1558...
2026-06-16 23:25:09,935 [INFO]   Metadata batch 210/1558...
2026-06-16 23:25:13,703 [INFO]   Metadata batch 211/1558...
2026-06-16 23:25:16,924 [INFO]   Metadata batch 212/1558...
2026-06-16 23:25:20,339 [INFO]   Metadata batch 213/1558...
2026-06-16 23:25:24,044 [INFO]   Metadata batch 214/1558...
2026-06-16 23:25:27,159 [INFO]   Metadata batch 215/1558...
2026-06-16 23:25:30,280 [INFO]   Metadata batch 216/1558...
2026-06-16 23:25:33,572 [INFO]   Metadata batch 217/1558...
2026-06-16 23:25:37,267 [INFO]   Metadata batch 218/1558...
2026-06-16 23:25:40,911 [INFO]   Metadata batch 219/1558...
2026-06-16 23:25:44,223 [INFO]   Metadata batch 220/1558...
2026-06-16 23:25:47,671 [INFO]   Metadata batch 221/1558...
2026-06-16 23:25:51,109 [INFO]   Metadata batch 222/1558...
2026-06-16 23:25:55,051 [INFO]   Metadata batch 223/1558...
2026-06-16 23:25:57,981 [INFO]   Metadata batch 224/1558...
2026-06-16 23:26:01,069 [INFO]   Metadata batch 225/1558...
2026-06-16 23:26:04,040 [INFO]   Metadata batch 226/1558...
2026-06-16 23:26:07,548 [INFO]   Metadata batch 227/1558...
2026-06-16 23:26:10,829 [INFO]   Metadata batch 228/1558...
2026-06-16 23:26:14,114 [INFO]   Metadata batch 229/1558...
2026-06-16 23:26:17,279 [INFO]   Metadata batch 230/1558...
2026-06-16 23:26:20,682 [INFO]   Metadata batch 231/1558...
2026-06-16 23:26:23,870 [INFO]   Metadata batch 232/1558...
2026-06-16 23:26:27,253 [INFO]   Metadata batch 233/1558...
2026-06-16 23:26:30,624 [INFO]   Metadata batch 234/1558...
2026-06-16 23:26:34,021 [INFO]   Metadata batch 235/1558...
2026-06-16 23:26:37,106 [INFO]   Metadata batch 236/1558...
2026-06-16 23:26:40,267 [INFO]   Metadata batch 237/1558...
2026-06-16 23:26:43,672 [INFO]   Metadata batch 238/1558...
2026-06-16 23:26:47,499 [INFO]   Metadata batch 239/1558...
2026-06-16 23:26:50,622 [INFO]   Metadata batch 240/1558...
2026-06-16 23:26:54,665 [INFO]   Metadata batch 241/1558...
2026-06-16 23:26:57,741 [INFO]   Metadata batch 242/1558...
2026-06-16 23:27:01,006 [INFO]   Metadata batch 243/1558...
2026-06-16 23:27:04,048 [INFO]   Metadata batch 244/1558...
2026-06-16 23:27:07,646 [INFO]   Metadata batch 245/1558...
2026-06-16 23:27:11,091 [INFO]   Metadata batch 246/1558...
2026-06-16 23:27:17,988 [INFO]   Metadata batch 247/1558...
2026-06-16 23:27:21,478 [INFO]   Metadata batch 248/1558...
2026-06-16 23:27:24,954 [INFO]   Metadata batch 249/1558...
2026-06-16 23:27:28,274 [INFO]   Metadata batch 250/1558...
2026-06-16 23:27:31,945 [INFO]   Metadata batch 251/1558...
2026-06-16 23:27:34,970 [INFO]   Metadata batch 252/1558...
2026-06-16 23:27:38,047 [INFO]   Metadata batch 253/1558...
2026-06-16 23:27:42,022 [INFO]   Metadata batch 254/1558...
2026-06-16 23:27:45,072 [INFO]   Metadata batch 255/1558...
2026-06-16 23:27:48,697 [INFO]   Metadata batch 256/1558...
2026-06-16 23:27:51,860 [INFO]   Metadata batch 257/1558...
2026-06-16 23:27:55,122 [INFO]   Metadata batch 258/1558...
2026-06-16 23:27:58,524 [INFO]   Metadata batch 259/1558...
2026-06-16 23:28:01,741 [INFO]   Metadata batch 260/1558...
2026-06-16 23:28:05,132 [INFO]   Metadata batch 261/1558...
2026-06-16 23:28:08,589 [INFO]   Metadata batch 262/1558...
2026-06-16 23:28:12,363 [INFO]   Metadata batch 263/1558...
2026-06-16 23:28:15,720 [INFO]   Metadata batch 264/1558...
2026-06-16 23:28:19,135 [INFO]   Metadata batch 265/1558...
2026-06-16 23:28:22,401 [INFO]   Metadata batch 266/1558...
2026-06-16 23:28:25,766 [INFO]   Metadata batch 267/1558...
2026-06-16 23:28:29,303 [INFO]   Metadata batch 268/1558...
2026-06-16 23:28:33,024 [INFO]   Metadata batch 269/1558...
2026-06-16 23:28:36,477 [INFO]   Metadata batch 270/1558...
2026-06-16 23:28:39,687 [INFO]   Metadata batch 271/1558...
2026-06-16 23:28:43,251 [INFO]   Metadata batch 272/1558...
2026-06-16 23:28:46,201 [INFO]   Metadata batch 273/1558...
2026-06-16 23:28:49,362 [INFO]   Metadata batch 274/1558...
2026-06-16 23:28:52,981 [INFO]   Metadata batch 275/1558...
2026-06-16 23:28:56,922 [INFO]   Metadata batch 276/1558...
2026-06-16 23:29:00,379 [INFO]   Metadata batch 277/1558...
2026-06-16 23:29:03,809 [INFO]   Metadata batch 278/1558...
2026-06-16 23:29:06,816 [INFO]   Metadata batch 279/1558...
2026-06-16 23:29:10,066 [INFO]   Metadata batch 280/1558...
2026-06-16 23:29:13,177 [INFO]   Metadata batch 281/1558...
2026-06-16 23:29:16,387 [INFO]   Metadata batch 282/1558...
2026-06-16 23:29:19,431 [INFO]   Metadata batch 283/1558...
2026-06-16 23:29:22,634 [INFO]   Metadata batch 284/1558...
2026-06-16 23:29:25,799 [INFO]   Metadata batch 285/1558...
2026-06-16 23:29:29,170 [INFO]   Metadata batch 286/1558...
2026-06-16 23:29:32,187 [INFO]   Metadata batch 287/1558...
2026-06-16 23:29:35,396 [INFO]   Metadata batch 288/1558...
2026-06-16 23:29:38,651 [INFO]   Metadata batch 289/1558...
2026-06-16 23:29:42,560 [INFO]   Metadata batch 290/1558...
2026-06-16 23:29:46,037 [INFO]   Metadata batch 291/1558...
2026-06-16 23:29:49,844 [INFO]   Metadata batch 292/1558...
2026-06-16 23:29:53,190 [INFO]   Metadata batch 293/1558...
2026-06-16 23:29:56,689 [INFO]   Metadata batch 294/1558...
2026-06-16 23:29:59,987 [INFO]   Metadata batch 295/1558...
2026-06-16 23:30:03,215 [INFO]   Metadata batch 296/1558...
2026-06-16 23:30:06,479 [INFO]   Metadata batch 297/1558...
2026-06-16 23:30:10,221 [INFO]   Metadata batch 298/1558...
2026-06-16 23:30:13,900 [INFO]   Metadata batch 299/1558...
2026-06-16 23:30:17,681 [INFO]   Metadata batch 300/1558...
2026-06-16 23:30:21,400 [INFO]   Metadata batch 301/1558...
2026-06-16 23:30:26,149 [INFO]   Metadata batch 302/1558...
2026-06-16 23:30:29,822 [INFO]   Metadata batch 303/1558...
2026-06-16 23:30:33,001 [INFO]   Metadata batch 304/1558...
2026-06-16 23:30:36,388 [INFO]   Metadata batch 305/1558...
2026-06-16 23:30:40,142 [INFO]   Metadata batch 306/1558...
2026-06-16 23:30:43,219 [INFO]   Metadata batch 307/1558...
2026-06-16 23:30:47,201 [INFO]   Metadata batch 308/1558...
2026-06-16 23:30:50,475 [INFO]   Metadata batch 309/1558...
2026-06-16 23:30:53,750 [INFO]   Metadata batch 310/1558...
2026-06-16 23:30:57,207 [INFO]   Metadata batch 311/1558...
2026-06-16 23:31:00,525 [INFO]   Metadata batch 312/1558...
2026-06-16 23:31:03,917 [INFO]   Metadata batch 313/1558...
2026-06-16 23:31:07,299 [INFO]   Metadata batch 314/1558...
2026-06-16 23:31:10,201 [INFO]   Metadata batch 315/1558...
2026-06-16 23:31:13,852 [INFO]   Metadata batch 316/1558...
2026-06-16 23:31:17,139 [INFO]   Metadata batch 317/1558...
2026-06-16 23:31:20,629 [INFO]   Metadata batch 318/1558...
2026-06-16 23:31:24,183 [INFO]   Metadata batch 319/1558...
2026-06-16 23:31:27,601 [INFO]   Metadata batch 320/1558...
2026-06-16 23:31:30,900 [INFO]   Metadata batch 321/1558...
2026-06-16 23:31:34,643 [INFO]   Metadata batch 322/1558...
2026-06-16 23:31:38,062 [INFO]   Metadata batch 323/1558...
2026-06-16 23:31:41,707 [INFO]   Metadata batch 324/1558...
2026-06-16 23:31:45,323 [INFO]   Metadata batch 325/1558...
2026-06-16 23:31:48,568 [INFO]   Metadata batch 326/1558...
2026-06-16 23:31:51,905 [INFO]   Metadata batch 327/1558...
2026-06-16 23:31:55,184 [INFO]   Metadata batch 328/1558...
2026-06-16 23:31:58,445 [INFO]   Metadata batch 329/1558...
2026-06-16 23:32:01,493 [INFO]   Metadata batch 330/1558...
2026-06-16 23:32:05,324 [INFO]   Metadata batch 331/1558...
2026-06-16 23:32:08,650 [INFO]   Metadata batch 332/1558...
2026-06-16 23:32:12,069 [INFO]   Metadata batch 333/1558...
2026-06-16 23:32:15,499 [INFO]   Metadata batch 334/1558...
2026-06-16 23:32:19,627 [INFO]   Metadata batch 335/1558...
2026-06-16 23:32:23,346 [INFO]   Metadata batch 336/1558...
2026-06-16 23:32:27,158 [INFO]   Metadata batch 337/1558...
2026-06-16 23:32:30,885 [INFO]   Metadata batch 338/1558...
2026-06-16 23:32:34,475 [INFO]   Metadata batch 339/1558...
2026-06-16 23:32:38,413 [INFO]   Metadata batch 340/1558...
2026-06-16 23:32:41,945 [INFO]   Metadata batch 341/1558...
2026-06-16 23:32:45,333 [INFO]   Metadata batch 342/1558...
2026-06-16 23:32:48,450 [INFO]   Metadata batch 343/1558...
2026-06-16 23:32:52,075 [INFO]   Metadata batch 344/1558...
2026-06-16 23:32:55,675 [INFO]   Metadata batch 345/1558...
2026-06-16 23:32:59,301 [INFO]   Metadata batch 346/1558...
2026-06-16 23:33:02,936 [INFO]   Metadata batch 347/1558...
2026-06-16 23:33:06,629 [INFO]   Metadata batch 348/1558...
2026-06-16 23:33:10,419 [INFO]   Metadata batch 349/1558...
2026-06-16 23:33:13,718 [INFO]   Metadata batch 350/1558...
2026-06-16 23:33:17,173 [INFO]   Metadata batch 351/1558...
2026-06-16 23:33:20,867 [INFO]   Metadata batch 352/1558...
2026-06-16 23:33:24,003 [INFO]   Metadata batch 353/1558...
2026-06-16 23:33:27,781 [INFO]   Metadata batch 354/1558...
2026-06-16 23:33:31,325 [INFO]   Metadata batch 355/1558...
2026-06-16 23:33:34,649 [INFO]   Metadata batch 356/1558...
2026-06-16 23:33:38,502 [INFO]   Metadata batch 357/1558...
2026-06-16 23:33:41,788 [INFO]   Metadata batch 358/1558...
2026-06-16 23:33:44,977 [INFO]   Metadata batch 359/1558...
2026-06-16 23:33:48,794 [INFO]   Metadata batch 360/1558...
2026-06-16 23:33:52,072 [INFO]   Metadata batch 361/1558...
2026-06-16 23:33:55,344 [INFO]   Metadata batch 362/1558...
2026-06-16 23:33:58,555 [INFO]   Metadata batch 363/1558...
2026-06-16 23:34:02,031 [INFO]   Metadata batch 364/1558...
2026-06-16 23:34:05,455 [INFO]   Metadata batch 365/1558...
2026-06-16 23:34:08,950 [INFO]   Metadata batch 366/1558...
2026-06-16 23:34:12,337 [INFO]   Metadata batch 367/1558...
2026-06-16 23:34:15,801 [INFO]   Metadata batch 368/1558...
2026-06-16 23:34:18,891 [INFO]   Metadata batch 369/1558...
2026-06-16 23:34:22,155 [INFO]   Metadata batch 370/1558...
2026-06-16 23:34:25,318 [INFO]   Metadata batch 371/1558...
2026-06-16 23:34:28,900 [INFO]   Metadata batch 372/1558...
2026-06-16 23:34:32,493 [INFO]   Metadata batch 373/1558...
2026-06-16 23:34:35,699 [INFO]   Metadata batch 374/1558...
2026-06-16 23:34:39,264 [INFO]   Metadata batch 375/1558...
2026-06-16 23:34:42,851 [INFO]   Metadata batch 376/1558...
2026-06-16 23:34:46,128 [INFO]   Metadata batch 377/1558...
2026-06-16 23:34:49,741 [INFO]   Metadata batch 378/1558...
2026-06-16 23:34:53,241 [INFO]   Metadata batch 379/1558...
2026-06-16 23:35:00,320 [INFO]   Metadata batch 380/1558...
2026-06-16 23:35:03,782 [INFO]   Metadata batch 381/1558...
2026-06-16 23:35:06,903 [INFO]   Metadata batch 382/1558...
2026-06-16 23:35:09,897 [INFO]   Metadata batch 383/1558...
2026-06-16 23:35:13,464 [INFO]   Metadata batch 384/1558...
2026-06-16 23:35:16,729 [INFO]   Metadata batch 385/1558...
2026-06-16 23:35:20,093 [INFO]   Metadata batch 386/1558...
2026-06-16 23:35:23,232 [INFO]   Metadata batch 387/1558...
2026-06-16 23:35:26,674 [INFO]   Metadata batch 388/1558...
2026-06-16 23:35:29,779 [INFO]   Metadata batch 389/1558...
2026-06-16 23:35:33,271 [INFO]   Metadata batch 390/1558...
2026-06-16 23:35:36,340 [INFO]   Metadata batch 391/1558...
2026-06-16 23:35:39,721 [INFO]   Metadata batch 392/1558...
2026-06-16 23:35:42,739 [INFO]   Metadata batch 393/1558...
2026-06-16 23:35:46,061 [INFO]   Metadata batch 394/1558...
2026-06-16 23:35:49,568 [INFO]   Metadata batch 395/1558...
2026-06-16 23:35:52,518 [INFO]   Metadata batch 396/1558...
2026-06-16 23:35:56,228 [INFO]   Metadata batch 397/1558...
2026-06-16 23:35:59,553 [INFO]   Metadata batch 398/1558...
2026-06-16 23:36:02,603 [INFO]   Metadata batch 399/1558...
2026-06-16 23:36:05,997 [INFO]   Metadata batch 400/1558...
2026-06-16 23:36:09,161 [INFO]   Metadata batch 401/1558...
2026-06-16 23:36:12,654 [INFO]   Metadata batch 402/1558...
2026-06-16 23:36:16,252 [INFO]   Metadata batch 403/1558...
2026-06-16 23:36:19,928 [INFO]   Metadata batch 404/1558...
2026-06-16 23:36:23,199 [INFO]   Metadata batch 405/1558...
2026-06-16 23:36:26,510 [INFO]   Metadata batch 406/1558...
2026-06-16 23:36:29,638 [INFO]   Metadata batch 407/1558...
2026-06-16 23:36:33,147 [INFO]   Metadata batch 408/1558...
2026-06-16 23:36:36,460 [INFO]   Metadata batch 409/1558...
2026-06-16 23:36:39,513 [INFO]   Metadata batch 410/1558...
2026-06-16 23:36:43,241 [INFO]   Metadata batch 411/1558...
2026-06-16 23:36:46,607 [INFO]   Metadata batch 412/1558...
2026-06-16 23:36:49,657 [INFO]   Metadata batch 413/1558...
2026-06-16 23:36:52,884 [INFO]   Metadata batch 414/1558...
2026-06-16 23:36:56,030 [INFO]   Metadata batch 415/1558...
2026-06-16 23:36:59,268 [INFO]   Metadata batch 416/1558...
2026-06-16 23:37:02,421 [INFO]   Metadata batch 417/1558...
2026-06-16 23:37:05,399 [INFO]   Metadata batch 418/1558...
2026-06-16 23:37:08,426 [INFO]   Metadata batch 419/1558...
2026-06-16 23:37:11,539 [INFO]   Metadata batch 420/1558...
2026-06-16 23:37:14,792 [INFO]   Metadata batch 421/1558...
2026-06-16 23:37:17,894 [INFO]   Metadata batch 422/1558...
2026-06-16 23:37:21,277 [INFO]   Metadata batch 423/1558...
2026-06-16 23:37:24,242 [INFO]   Metadata batch 424/1558...
2026-06-16 23:37:27,880 [INFO]   Metadata batch 425/1558...
2026-06-16 23:37:31,056 [INFO]   Metadata batch 426/1558...
2026-06-16 23:37:34,229 [INFO]   Metadata batch 427/1558...
2026-06-16 23:37:37,595 [INFO]   Metadata batch 428/1558...
2026-06-16 23:37:40,721 [INFO]   Metadata batch 429/1558...
2026-06-16 23:37:43,637 [INFO]   Metadata batch 430/1558...
2026-06-16 23:37:46,996 [INFO]   Metadata batch 431/1558...
2026-06-16 23:37:50,023 [INFO]   Metadata batch 432/1558...
2026-06-16 23:37:53,243 [INFO]   Metadata batch 433/1558...
2026-06-16 23:37:56,310 [INFO]   Metadata batch 434/1558...
2026-06-16 23:37:59,733 [INFO]   Metadata batch 435/1558...
2026-06-16 23:38:02,997 [INFO]   Metadata batch 436/1558...
2026-06-16 23:38:06,289 [INFO]   Metadata batch 437/1558...
2026-06-16 23:38:09,728 [INFO]   Metadata batch 438/1558...
2026-06-16 23:38:13,694 [INFO]   Metadata batch 439/1558...
2026-06-16 23:38:17,067 [INFO]   Metadata batch 440/1558...
2026-06-16 23:38:20,528 [INFO]   Metadata batch 441/1558...
2026-06-16 23:38:23,987 [INFO]   Metadata batch 442/1558...
2026-06-16 23:38:27,423 [INFO]   Metadata batch 443/1558...
2026-06-16 23:38:30,792 [INFO]   Metadata batch 444/1558...
2026-06-16 23:38:33,756 [INFO]   Metadata batch 445/1558...
2026-06-16 23:38:36,799 [INFO]   Metadata batch 446/1558...
2026-06-16 23:38:40,420 [INFO]   Metadata batch 447/1558...
2026-06-16 23:38:43,678 [INFO]   Metadata batch 448/1558...
2026-06-16 23:38:46,841 [INFO]   Metadata batch 449/1558...
2026-06-16 23:38:49,976 [INFO]   Metadata batch 450/1558...
2026-06-16 23:38:53,134 [INFO]   Metadata batch 451/1558...
2026-06-16 23:38:56,403 [INFO]   Metadata batch 452/1558...
2026-06-16 23:38:59,480 [INFO]   Metadata batch 453/1558...
2026-06-16 23:39:02,998 [INFO]   Metadata batch 454/1558...
2026-06-16 23:39:06,088 [INFO]   Metadata batch 455/1558...
2026-06-16 23:39:09,686 [INFO]   Metadata batch 456/1558...
2026-06-16 23:39:13,274 [INFO]   Metadata batch 457/1558...
2026-06-16 23:39:16,377 [INFO]   Metadata batch 458/1558...
2026-06-16 23:39:19,494 [INFO]   Metadata batch 459/1558...
2026-06-16 23:39:22,784 [INFO]   Metadata batch 460/1558...
2026-06-16 23:39:25,972 [INFO]   Metadata batch 461/1558...
2026-06-16 23:39:29,555 [INFO]   Metadata batch 462/1558...
2026-06-16 23:39:32,922 [INFO]   Metadata batch 463/1558...
2026-06-16 23:39:35,957 [INFO]   Metadata batch 464/1558...
2026-06-16 23:39:39,326 [INFO]   Metadata batch 465/1558...
2026-06-16 23:39:42,888 [INFO]   Metadata batch 466/1558...
2026-06-16 23:39:46,023 [INFO]   Metadata batch 467/1558...
2026-06-16 23:39:48,905 [INFO]   Metadata batch 468/1558...
2026-06-16 23:39:52,364 [INFO]   Metadata batch 469/1558...
2026-06-16 23:39:55,734 [INFO]   Metadata batch 470/1558...
2026-06-16 23:39:58,766 [INFO]   Metadata batch 471/1558...
2026-06-16 23:40:01,977 [INFO]   Metadata batch 472/1558...
2026-06-16 23:40:05,060 [INFO]   Metadata batch 473/1558...
2026-06-16 23:40:08,054 [INFO]   Metadata batch 474/1558...
2026-06-16 23:40:11,195 [INFO]   Metadata batch 475/1558...
2026-06-16 23:40:14,490 [INFO]   Metadata batch 476/1558...
2026-06-16 23:40:17,539 [INFO]   Metadata batch 477/1558...
2026-06-16 23:40:21,081 [INFO]   Metadata batch 478/1558...
2026-06-16 23:40:24,254 [INFO]   Metadata batch 479/1558...
2026-06-16 23:40:27,402 [INFO]   Metadata batch 480/1558...
2026-06-16 23:40:30,629 [INFO]   Metadata batch 481/1558...
2026-06-16 23:40:33,844 [INFO]   Metadata batch 482/1558...
2026-06-16 23:40:37,173 [INFO]   Metadata batch 483/1558...
2026-06-16 23:40:40,423 [INFO]   Metadata batch 484/1558...
2026-06-16 23:40:43,992 [INFO]   Metadata batch 485/1558...
2026-06-16 23:40:47,441 [INFO]   Metadata batch 486/1558...
2026-06-16 23:40:50,585 [INFO]   Metadata batch 487/1558...
2026-06-16 23:40:53,809 [INFO]   Metadata batch 488/1558...
2026-06-16 23:40:56,884 [INFO]   Metadata batch 489/1558...
2026-06-16 23:41:00,095 [INFO]   Metadata batch 490/1558...
2026-06-16 23:41:03,547 [INFO]   Metadata batch 491/1558...
2026-06-16 23:41:07,025 [INFO]   Metadata batch 492/1558...
2026-06-16 23:41:10,491 [INFO]   Metadata batch 493/1558...
2026-06-16 23:41:13,974 [INFO]   Metadata batch 494/1558...
2026-06-16 23:41:17,411 [INFO]   Metadata batch 495/1558...
2026-06-16 23:41:20,660 [INFO]   Metadata batch 496/1558...
2026-06-16 23:41:23,974 [INFO]   Metadata batch 497/1558...
2026-06-16 23:41:27,342 [INFO]   Metadata batch 498/1558...
2026-06-16 23:41:30,464 [INFO]   Metadata batch 499/1558...
2026-06-16 23:41:33,717 [INFO]   Metadata batch 500/1558...
2026-06-16 23:41:37,097 [INFO]   Metadata batch 501/1558...
2026-06-16 23:41:40,171 [INFO]   Metadata batch 502/1558...
2026-06-16 23:41:43,961 [INFO]   Metadata batch 503/1558...
2026-06-16 23:41:47,229 [INFO]   Metadata batch 504/1558...
2026-06-16 23:41:50,556 [INFO]   Metadata batch 505/1558...
2026-06-16 23:41:53,959 [INFO]   Metadata batch 506/1558...
2026-06-16 23:41:57,296 [INFO]   Metadata batch 507/1558...
2026-06-16 23:42:00,902 [INFO]   Metadata batch 508/1558...
2026-06-16 23:42:04,201 [INFO]   Metadata batch 509/1558...
2026-06-16 23:42:07,427 [INFO]   Metadata batch 510/1558...
2026-06-16 23:42:10,813 [INFO]   Metadata batch 511/1558...
2026-06-16 23:42:14,493 [INFO]   Metadata batch 512/1558...
2026-06-16 23:42:21,287 [INFO]   Metadata batch 513/1558...
2026-06-16 23:42:24,525 [INFO]   Metadata batch 514/1558...
2026-06-16 23:42:27,863 [INFO]   Metadata batch 515/1558...
2026-06-16 23:42:31,228 [INFO]   Metadata batch 516/1558...
2026-06-16 23:42:34,452 [INFO]   Metadata batch 517/1558...
2026-06-16 23:42:37,727 [INFO]   Metadata batch 518/1558...
2026-06-16 23:42:41,331 [INFO]   Metadata batch 519/1558...
2026-06-16 23:42:44,508 [INFO]   Metadata batch 520/1558...
2026-06-16 23:42:47,718 [INFO]   Metadata batch 521/1558...
2026-06-16 23:42:51,017 [INFO]   Metadata batch 522/1558...
2026-06-16 23:42:54,147 [INFO]   Metadata batch 523/1558...
2026-06-16 23:42:57,353 [INFO]   Metadata batch 524/1558...
2026-06-16 23:43:00,960 [INFO]   Metadata batch 525/1558...
2026-06-16 23:43:04,023 [INFO]   Metadata batch 526/1558...
2026-06-16 23:43:07,478 [INFO]   Metadata batch 527/1558...
2026-06-16 23:43:10,506 [INFO]   Metadata batch 528/1558...
2026-06-16 23:43:13,774 [INFO]   Metadata batch 529/1558...
2026-06-16 23:43:17,036 [INFO]   Metadata batch 530/1558...
2026-06-16 23:43:20,334 [INFO]   Metadata batch 531/1558...
2026-06-16 23:43:23,571 [INFO]   Metadata batch 532/1558...
2026-06-16 23:43:27,041 [INFO]   Metadata batch 533/1558...
2026-06-16 23:43:30,307 [INFO]   Metadata batch 534/1558...
2026-06-16 23:43:33,806 [INFO]   Metadata batch 535/1558...
2026-06-16 23:43:36,818 [INFO]   Metadata batch 536/1558...
2026-06-16 23:43:39,947 [INFO]   Metadata batch 537/1558...
2026-06-16 23:43:42,908 [INFO]   Metadata batch 538/1558...
2026-06-16 23:43:45,857 [INFO]   Metadata batch 539/1558...
2026-06-16 23:43:49,359 [INFO]   Metadata batch 540/1558...
2026-06-16 23:43:52,345 [INFO]   Metadata batch 541/1558...
2026-06-16 23:43:55,383 [INFO]   Metadata batch 542/1558...
2026-06-16 23:43:58,429 [INFO]   Metadata batch 543/1558...
2026-06-16 23:44:01,992 [INFO]   Metadata batch 544/1558...
2026-06-16 23:44:05,321 [INFO]   Metadata batch 545/1558...
2026-06-16 23:44:08,809 [INFO]   Metadata batch 546/1558...
2026-06-16 23:44:12,184 [INFO]   Metadata batch 547/1558...
2026-06-16 23:44:15,675 [INFO]   Metadata batch 548/1558...
2026-06-16 23:44:18,946 [INFO]   Metadata batch 549/1558...
2026-06-16 23:44:22,023 [INFO]   Metadata batch 550/1558...
2026-06-16 23:44:25,057 [INFO]   Metadata batch 551/1558...
2026-06-16 23:44:28,475 [INFO]   Metadata batch 552/1558...
2026-06-16 23:44:31,479 [INFO]   Metadata batch 553/1558...
2026-06-16 23:44:34,728 [INFO]   Metadata batch 554/1558...
2026-06-16 23:44:37,992 [INFO]   Metadata batch 555/1558...
2026-06-16 23:44:41,728 [INFO]   Metadata batch 556/1558...
2026-06-16 23:44:44,910 [INFO]   Metadata batch 557/1558...
2026-06-16 23:44:48,442 [INFO]   Metadata batch 558/1558...
2026-06-16 23:44:51,975 [INFO]   Metadata batch 559/1558...
2026-06-16 23:44:55,158 [INFO]   Metadata batch 560/1558...
2026-06-16 23:44:58,612 [INFO]   Metadata batch 561/1558...
2026-06-16 23:45:01,554 [INFO]   Metadata batch 562/1558...
2026-06-16 23:45:04,977 [INFO]   Metadata batch 563/1558...
2026-06-16 23:45:08,174 [INFO]   Metadata batch 564/1558...
2026-06-16 23:45:11,414 [INFO]   Metadata batch 565/1558...
2026-06-16 23:45:14,348 [INFO]   Metadata batch 566/1558...
2026-06-16 23:45:17,616 [INFO]   Metadata batch 567/1558...
2026-06-16 23:45:20,668 [INFO]   Metadata batch 568/1558...
2026-06-16 23:45:23,799 [INFO]   Metadata batch 569/1558...
2026-06-16 23:45:27,130 [INFO]   Metadata batch 570/1558...
2026-06-16 23:45:30,142 [INFO]   Metadata batch 571/1558...
2026-06-16 23:45:33,643 [INFO]   Metadata batch 572/1558...
2026-06-16 23:45:36,916 [INFO]   Metadata batch 573/1558...
2026-06-16 23:45:39,945 [INFO]   Metadata batch 574/1558...
2026-06-16 23:45:43,323 [INFO]   Metadata batch 575/1558...
2026-06-16 23:45:46,486 [INFO]   Metadata batch 576/1558...
2026-06-16 23:45:49,919 [INFO]   Metadata batch 577/1558...
2026-06-16 23:45:53,269 [INFO]   Metadata batch 578/1558...
2026-06-16 23:45:56,436 [INFO]   Metadata batch 579/1558...
2026-06-16 23:45:59,785 [INFO]   Metadata batch 580/1558...
2026-06-16 23:46:03,253 [INFO]   Metadata batch 581/1558...
2026-06-16 23:46:06,579 [INFO]   Metadata batch 582/1558...
2026-06-16 23:46:10,290 [INFO]   Metadata batch 583/1558...
2026-06-16 23:46:13,579 [INFO]   Metadata batch 584/1558...
2026-06-16 23:46:17,095 [INFO]   Metadata batch 585/1558...
2026-06-16 23:46:20,315 [INFO]   Metadata batch 586/1558...
2026-06-16 23:46:24,182 [INFO]   Metadata batch 587/1558...
2026-06-16 23:46:27,182 [INFO]   Metadata batch 588/1558...
2026-06-16 23:46:30,126 [INFO]   Metadata batch 589/1558...
2026-06-16 23:46:33,147 [INFO]   Metadata batch 590/1558...
2026-06-16 23:46:36,225 [INFO]   Metadata batch 591/1558...
2026-06-16 23:46:39,929 [INFO]   Metadata batch 592/1558...
2026-06-16 23:46:42,987 [INFO]   Metadata batch 593/1558...
2026-06-16 23:46:46,099 [INFO]   Metadata batch 594/1558...
2026-06-16 23:46:49,413 [INFO]   Metadata batch 595/1558...
2026-06-16 23:46:52,893 [INFO]   Metadata batch 596/1558...
2026-06-16 23:46:56,086 [INFO]   Metadata batch 597/1558...
2026-06-16 23:46:59,116 [INFO]   Metadata batch 598/1558...
2026-06-16 23:47:02,519 [INFO]   Metadata batch 599/1558...
2026-06-16 23:47:05,768 [INFO]   Metadata batch 600/1558...
2026-06-16 23:47:09,321 [INFO]   Metadata batch 601/1558...
2026-06-16 23:47:12,801 [INFO]   Metadata batch 602/1558...
2026-06-16 23:47:16,145 [INFO]   Metadata batch 603/1558...
2026-06-16 23:47:19,530 [INFO]   Metadata batch 604/1558...
2026-06-16 23:47:22,904 [INFO]   Metadata batch 605/1558...
2026-06-16 23:47:26,223 [INFO]   Metadata batch 606/1558...
2026-06-16 23:47:29,489 [INFO]   Metadata batch 607/1558...
2026-06-16 23:47:33,175 [INFO]   Metadata batch 608/1558...
2026-06-16 23:47:36,500 [INFO]   Metadata batch 609/1558...
2026-06-16 23:47:39,726 [INFO]   Metadata batch 610/1558...
2026-06-16 23:47:42,994 [INFO]   Metadata batch 611/1558...
2026-06-16 23:47:46,523 [INFO]   Metadata batch 612/1558...
2026-06-16 23:47:49,808 [INFO]   Metadata batch 613/1558...
2026-06-16 23:47:53,267 [INFO]   Metadata batch 614/1558...
2026-06-16 23:47:56,331 [INFO]   Metadata batch 615/1558...
2026-06-16 23:47:59,796 [INFO]   Metadata batch 616/1558...
2026-06-16 23:48:03,442 [INFO]   Metadata batch 617/1558...
2026-06-16 23:48:06,590 [INFO]   Metadata batch 618/1558...
2026-06-16 23:48:09,855 [INFO]   Metadata batch 619/1558...
2026-06-16 23:48:13,160 [INFO]   Metadata batch 620/1558...
2026-06-16 23:48:16,932 [INFO]   Metadata batch 621/1558...
2026-06-16 23:48:20,253 [INFO]   Metadata batch 622/1558...
2026-06-16 23:48:23,655 [INFO]   Metadata batch 623/1558...
2026-06-16 23:48:26,783 [INFO]   Metadata batch 624/1558...
2026-06-16 23:48:30,066 [INFO]   Metadata batch 625/1558...
2026-06-16 23:48:33,427 [INFO]   Metadata batch 626/1558...
2026-06-16 23:48:36,609 [INFO]   Metadata batch 627/1558...
2026-06-16 23:48:39,690 [INFO]   Metadata batch 628/1558...
2026-06-16 23:48:42,932 [INFO]   Metadata batch 629/1558...
2026-06-16 23:48:46,377 [INFO]   Metadata batch 630/1558...
2026-06-16 23:48:49,410 [INFO]   Metadata batch 631/1558...
2026-06-16 23:48:52,793 [INFO]   Metadata batch 632/1558...
2026-06-16 23:48:56,294 [INFO]   Metadata batch 633/1558...
2026-06-16 23:48:59,722 [INFO]   Metadata batch 634/1558...
2026-06-16 23:49:02,948 [INFO]   Metadata batch 635/1558...
2026-06-16 23:49:06,506 [INFO]   Metadata batch 636/1558...
2026-06-16 23:49:09,600 [INFO]   Metadata batch 637/1558...
2026-06-16 23:49:12,769 [INFO]   Metadata batch 638/1558...
2026-06-16 23:49:16,122 [INFO]   Metadata batch 639/1558...
2026-06-16 23:49:19,399 [INFO]   Metadata batch 640/1558...
2026-06-16 23:49:22,664 [INFO]   Metadata batch 641/1558...
2026-06-16 23:49:26,146 [INFO]   Metadata batch 642/1558...
2026-06-16 23:49:29,290 [INFO]   Metadata batch 643/1558...
2026-06-16 23:49:33,034 [INFO]   Metadata batch 644/1558...
2026-06-16 23:49:36,469 [INFO]   Metadata batch 645/1558...
2026-06-16 23:49:43,543 [INFO]   Metadata batch 646/1558...
2026-06-16 23:49:46,607 [INFO]   Metadata batch 647/1558...
2026-06-16 23:49:49,791 [INFO]   Metadata batch 648/1558...
2026-06-16 23:49:52,832 [INFO]   Metadata batch 649/1558...
2026-06-16 23:49:56,015 [INFO]   Metadata batch 650/1558...
2026-06-16 23:49:59,617 [INFO]   Metadata batch 651/1558...
2026-06-16 23:50:02,946 [INFO]   Metadata batch 652/1558...
2026-06-16 23:50:06,577 [INFO]   Metadata batch 653/1558...
2026-06-16 23:50:09,716 [INFO]   Metadata batch 654/1558...
2026-06-16 23:50:13,077 [INFO]   Metadata batch 655/1558...
2026-06-16 23:50:16,338 [INFO]   Metadata batch 656/1558...
2026-06-16 23:50:19,757 [INFO]   Metadata batch 657/1558...
2026-06-16 23:50:22,895 [INFO]   Metadata batch 658/1558...
2026-06-16 23:50:26,111 [INFO]   Metadata batch 659/1558...
2026-06-16 23:50:29,656 [INFO]   Metadata batch 660/1558...
2026-06-16 23:50:32,833 [INFO]   Metadata batch 661/1558...
2026-06-16 23:50:36,269 [INFO]   Metadata batch 662/1558...
2026-06-16 23:50:39,303 [INFO]   Metadata batch 663/1558...
2026-06-16 23:50:42,676 [INFO]   Metadata batch 664/1558...
2026-06-16 23:50:45,907 [INFO]   Metadata batch 665/1558...
2026-06-16 23:50:49,148 [INFO]   Metadata batch 666/1558...
2026-06-16 23:50:52,432 [INFO]   Metadata batch 667/1558...
2026-06-16 23:50:56,032 [INFO]   Metadata batch 668/1558...
2026-06-16 23:50:59,517 [INFO]   Metadata batch 669/1558...
2026-06-16 23:51:02,889 [INFO]   Metadata batch 670/1558...
2026-06-16 23:51:06,199 [INFO]   Metadata batch 671/1558...
2026-06-16 23:51:09,345 [INFO]   Metadata batch 672/1558...
2026-06-16 23:51:12,845 [INFO]   Metadata batch 673/1558...
2026-06-16 23:51:15,926 [INFO]   Metadata batch 674/1558...
2026-06-16 23:51:19,525 [INFO]   Metadata batch 675/1558...
2026-06-16 23:51:22,847 [INFO]   Metadata batch 676/1558...
2026-06-16 23:51:25,952 [INFO]   Metadata batch 677/1558...
2026-06-16 23:51:29,241 [INFO]   Metadata batch 678/1558...
2026-06-16 23:51:33,018 [INFO]   Metadata batch 679/1558...
2026-06-16 23:51:36,203 [INFO]   Metadata batch 680/1558...
2026-06-16 23:51:39,568 [INFO]   Metadata batch 681/1558...
2026-06-16 23:51:42,691 [INFO]   Metadata batch 682/1558...
2026-06-16 23:51:45,892 [INFO]   Metadata batch 683/1558...
2026-06-16 23:51:49,407 [INFO]   Metadata batch 684/1558...
2026-06-16 23:51:53,194 [INFO]   Metadata batch 685/1558...
2026-06-16 23:51:56,661 [INFO]   Metadata batch 686/1558...
2026-06-16 23:52:00,272 [INFO]   Metadata batch 687/1558...
2026-06-16 23:52:03,739 [INFO]   Metadata batch 688/1558...
2026-06-16 23:52:07,118 [INFO]   Metadata batch 689/1558...
2026-06-16 23:52:10,621 [INFO]   Metadata batch 690/1558...
2026-06-16 23:52:14,177 [INFO]   Metadata batch 691/1558...
2026-06-16 23:52:17,251 [INFO]   Metadata batch 692/1558...
2026-06-16 23:52:20,636 [INFO]   Metadata batch 693/1558...
2026-06-16 23:52:24,078 [INFO]   Metadata batch 694/1558...
2026-06-16 23:52:27,628 [INFO]   Metadata batch 695/1558...
2026-06-16 23:52:30,680 [INFO]   Metadata batch 696/1558...
2026-06-16 23:52:34,377 [INFO]   Metadata batch 697/1558...
2026-06-16 23:52:37,488 [INFO]   Metadata batch 698/1558...
2026-06-16 23:52:40,609 [INFO]   Metadata batch 699/1558...
2026-06-16 23:52:44,119 [INFO]   Metadata batch 700/1558...
2026-06-16 23:52:47,648 [INFO]   Metadata batch 701/1558...
2026-06-16 23:52:50,969 [INFO]   Metadata batch 702/1558...
2026-06-16 23:52:54,393 [INFO]   Metadata batch 703/1558...
2026-06-16 23:52:57,403 [INFO]   Metadata batch 704/1558...
2026-06-16 23:53:00,478 [INFO]   Metadata batch 705/1558...
2026-06-16 23:53:03,594 [INFO]   Metadata batch 706/1558...
2026-06-16 23:53:06,700 [INFO]   Metadata batch 707/1558...
2026-06-16 23:53:09,842 [INFO]   Metadata batch 708/1558...
2026-06-16 23:53:13,080 [INFO]   Metadata batch 709/1558...
2026-06-16 23:53:16,349 [INFO]   Metadata batch 710/1558...
2026-06-16 23:53:20,011 [INFO]   Metadata batch 711/1558...
2026-06-16 23:53:23,464 [INFO]   Metadata batch 712/1558...
2026-06-16 23:53:26,690 [INFO]   Metadata batch 713/1558...
2026-06-16 23:53:30,433 [INFO]   Metadata batch 714/1558...
2026-06-16 23:53:33,428 [INFO]   Metadata batch 715/1558...
2026-06-16 23:53:36,573 [INFO]   Metadata batch 716/1558...
2026-06-16 23:53:39,515 [INFO]   Metadata batch 717/1558...
2026-06-16 23:53:42,986 [INFO]   Metadata batch 718/1558...
2026-06-16 23:53:46,336 [INFO]   Metadata batch 719/1558...
2026-06-16 23:53:49,754 [INFO]   Metadata batch 720/1558...
2026-06-16 23:53:53,060 [INFO]   Metadata batch 721/1558...
2026-06-16 23:53:56,644 [INFO]   Metadata batch 722/1558...
2026-06-16 23:53:59,859 [INFO]   Metadata batch 723/1558...
2026-06-16 23:54:03,345 [INFO]   Metadata batch 724/1558...
2026-06-16 23:54:06,850 [INFO]   Metadata batch 725/1558...
2026-06-16 23:54:09,877 [INFO]   Metadata batch 726/1558...
2026-06-16 23:54:12,991 [INFO]   Metadata batch 727/1558...
2026-06-16 23:54:16,208 [INFO]   Metadata batch 728/1558...
2026-06-16 23:54:19,679 [INFO]   Metadata batch 729/1558...
2026-06-16 23:54:22,723 [INFO]   Metadata batch 730/1558...
2026-06-16 23:54:25,908 [INFO]   Metadata batch 731/1558...
2026-06-16 23:54:29,126 [INFO]   Metadata batch 732/1558...
2026-06-16 23:54:32,155 [INFO]   Metadata batch 733/1558...
2026-06-16 23:54:35,270 [INFO]   Metadata batch 734/1558...
2026-06-16 23:54:38,589 [INFO]   Metadata batch 735/1558...
2026-06-16 23:54:41,741 [INFO]   Metadata batch 736/1558...
2026-06-16 23:54:44,917 [INFO]   Metadata batch 737/1558...
2026-06-16 23:54:48,139 [INFO]   Metadata batch 738/1558...
2026-06-16 23:54:51,683 [INFO]   Metadata batch 739/1558...
2026-06-16 23:54:54,960 [INFO]   Metadata batch 740/1558...
2026-06-16 23:54:58,031 [INFO]   Metadata batch 741/1558...
2026-06-16 23:55:01,052 [INFO]   Metadata batch 742/1558...
2026-06-16 23:55:04,252 [INFO]   Metadata batch 743/1558...
2026-06-16 23:55:07,440 [INFO]   Metadata batch 744/1558...
2026-06-16 23:55:10,450 [INFO]   Metadata batch 745/1558...
2026-06-16 23:55:13,481 [INFO]   Metadata batch 746/1558...
2026-06-16 23:55:16,763 [INFO]   Metadata batch 747/1558...
2026-06-16 23:55:19,756 [INFO]   Metadata batch 748/1558...
2026-06-16 23:55:22,989 [INFO]   Metadata batch 749/1558...
2026-06-16 23:55:26,115 [INFO]   Metadata batch 750/1558...
2026-06-16 23:55:29,422 [INFO]   Metadata batch 751/1558...
2026-06-16 23:55:32,670 [INFO]   Metadata batch 752/1558...
2026-06-16 23:55:35,983 [INFO]   Metadata batch 753/1558...
2026-06-16 23:55:39,144 [INFO]   Metadata batch 754/1558...
2026-06-16 23:55:42,167 [INFO]   Metadata batch 755/1558...
2026-06-16 23:55:45,439 [INFO]   Metadata batch 756/1558...
2026-06-16 23:55:48,682 [INFO]   Metadata batch 757/1558...
2026-06-16 23:55:51,937 [INFO]   Metadata batch 758/1558...
2026-06-16 23:55:55,182 [INFO]   Metadata batch 759/1558...
2026-06-16 23:55:58,551 [INFO]   Metadata batch 760/1558...
2026-06-16 23:56:01,619 [INFO]   Metadata batch 761/1558...
2026-06-16 23:56:04,874 [INFO]   Metadata batch 762/1558...
2026-06-16 23:56:08,180 [INFO]   Metadata batch 763/1558...
2026-06-16 23:56:11,480 [INFO]   Metadata batch 764/1558...
2026-06-16 23:56:14,780 [INFO]   Metadata batch 765/1558...
2026-06-16 23:56:17,889 [INFO]   Metadata batch 766/1558...
2026-06-16 23:56:21,054 [INFO]   Metadata batch 767/1558...
2026-06-16 23:56:24,033 [INFO]   Metadata batch 768/1558...
2026-06-16 23:56:27,023 [INFO]   Metadata batch 769/1558...
2026-06-16 23:56:30,237 [INFO]   Metadata batch 770/1558...
2026-06-16 23:56:33,353 [INFO]   Metadata batch 771/1558...
2026-06-16 23:56:36,404 [INFO]   Metadata batch 772/1558...
2026-06-16 23:56:39,401 [INFO]   Metadata batch 773/1558...
2026-06-16 23:56:42,777 [INFO]   Metadata batch 774/1558...
2026-06-16 23:56:46,199 [INFO]   Metadata batch 775/1558...
2026-06-16 23:56:49,621 [INFO]   Metadata batch 776/1558...
2026-06-16 23:56:52,765 [INFO]   Metadata batch 777/1558...
2026-06-16 23:56:56,161 [INFO]   Metadata batch 778/1558...
2026-06-16 23:57:03,300 [INFO]   Metadata batch 779/1558...
2026-06-16 23:57:06,791 [INFO]   Metadata batch 780/1558...
2026-06-16 23:57:10,141 [INFO]   Metadata batch 781/1558...
2026-06-16 23:57:13,046 [INFO]   Metadata batch 782/1558...
2026-06-16 23:57:16,260 [INFO]   Metadata batch 783/1558...
2026-06-16 23:57:19,224 [INFO]   Metadata batch 784/1558...
2026-06-16 23:57:22,965 [INFO]   Metadata batch 785/1558...
2026-06-16 23:57:26,362 [INFO]   Metadata batch 786/1558...
2026-06-16 23:57:29,720 [INFO]   Metadata batch 787/1558...
2026-06-16 23:57:33,102 [INFO]   Metadata batch 788/1558...
2026-06-16 23:57:36,177 [INFO]   Metadata batch 789/1558...
2026-06-16 23:57:39,234 [INFO]   Metadata batch 790/1558...
2026-06-16 23:57:42,220 [INFO]   Metadata batch 791/1558...
2026-06-16 23:57:45,211 [INFO]   Metadata batch 792/1558...
2026-06-16 23:57:48,558 [INFO]   Metadata batch 793/1558...
2026-06-16 23:57:51,819 [INFO]   Metadata batch 794/1558...
2026-06-16 23:57:54,864 [INFO]   Metadata batch 795/1558...
2026-06-16 23:57:58,459 [INFO]   Metadata batch 796/1558...
2026-06-16 23:58:01,371 [INFO]   Metadata batch 797/1558...
2026-06-16 23:58:04,466 [INFO]   Metadata batch 798/1558...
2026-06-16 23:58:07,567 [INFO]   Metadata batch 799/1558...
2026-06-16 23:58:10,860 [INFO]   Metadata batch 800/1558...
2026-06-16 23:58:13,909 [INFO]   Metadata batch 801/1558...
2026-06-16 23:58:17,143 [INFO]   Metadata batch 802/1558...
2026-06-16 23:58:20,634 [INFO]   Metadata batch 803/1558...
2026-06-16 23:58:23,844 [INFO]   Metadata batch 804/1558...
2026-06-16 23:58:27,044 [INFO]   Metadata batch 805/1558...
2026-06-16 23:58:30,503 [INFO]   Metadata batch 806/1558...
2026-06-16 23:58:34,199 [INFO]   Metadata batch 807/1558...
2026-06-16 23:58:37,425 [INFO]   Metadata batch 808/1558...
2026-06-16 23:58:40,635 [INFO]   Metadata batch 809/1558...
2026-06-16 23:58:43,818 [INFO]   Metadata batch 810/1558...
2026-06-16 23:58:47,131 [INFO]   Metadata batch 811/1558...
2026-06-16 23:58:50,652 [INFO]   Metadata batch 812/1558...
2026-06-16 23:58:53,869 [INFO]   Metadata batch 813/1558...
2026-06-16 23:58:56,807 [INFO]   Metadata batch 814/1558...
2026-06-16 23:58:59,849 [INFO]   Metadata batch 815/1558...
2026-06-16 23:59:03,052 [INFO]   Metadata batch 816/1558...
2026-06-16 23:59:06,119 [INFO]   Metadata batch 817/1558...
2026-06-16 23:59:09,264 [INFO]   Metadata batch 818/1558...
2026-06-16 23:59:12,979 [INFO]   Metadata batch 819/1558...
2026-06-16 23:59:16,192 [INFO]   Metadata batch 820/1558...
2026-06-16 23:59:19,324 [INFO]   Metadata batch 821/1558...
2026-06-16 23:59:22,353 [INFO]   Metadata batch 822/1558...
2026-06-16 23:59:25,826 [INFO]   Metadata batch 823/1558...
2026-06-16 23:59:28,983 [INFO]   Metadata batch 824/1558...
2026-06-16 23:59:32,547 [INFO]   Metadata batch 825/1558...
2026-06-16 23:59:35,558 [INFO]   Metadata batch 826/1558...
2026-06-16 23:59:39,130 [INFO]   Metadata batch 827/1558...
2026-06-16 23:59:42,567 [INFO]   Metadata batch 828/1558...
2026-06-16 23:59:45,740 [INFO]   Metadata batch 829/1558...
2026-06-16 23:59:48,961 [INFO]   Metadata batch 830/1558...
2026-06-16 23:59:52,486 [INFO]   Metadata batch 831/1558...
2026-06-16 23:59:55,784 [INFO]   Metadata batch 832/1558...
2026-06-16 23:59:58,659 [INFO]   Metadata batch 833/1558...
2026-06-17 00:00:02,307 [INFO]   Metadata batch 834/1558...
2026-06-17 00:00:05,496 [INFO]   Metadata batch 835/1558...
2026-06-17 00:00:08,596 [INFO]   Metadata batch 836/1558...
2026-06-17 00:00:12,467 [INFO]   Metadata batch 837/1558...
2026-06-17 00:00:15,481 [INFO]   Metadata batch 838/1558...
2026-06-17 00:00:18,973 [INFO]   Metadata batch 839/1558...
2026-06-17 00:00:23,257 [INFO]   Metadata batch 840/1558...
2026-06-17 00:00:26,985 [INFO]   Metadata batch 841/1558...
2026-06-17 00:00:31,250 [INFO]   Metadata batch 842/1558...
2026-06-17 00:00:35,133 [INFO]   Metadata batch 843/1558...
2026-06-17 00:00:39,042 [INFO]   Metadata batch 844/1558...
2026-06-17 00:00:42,329 [INFO]   Metadata batch 845/1558...
2026-06-17 00:00:45,496 [INFO]   Metadata batch 846/1558...
2026-06-17 00:00:49,579 [INFO]   Metadata batch 847/1558...
2026-06-17 00:00:52,968 [INFO]   Metadata batch 848/1558...
2026-06-17 00:00:56,755 [INFO]   Metadata batch 849/1558...
2026-06-17 00:01:00,216 [INFO]   Metadata batch 850/1558...
2026-06-17 00:01:03,867 [INFO]   Metadata batch 851/1558...
2026-06-17 00:01:07,400 [INFO]   Metadata batch 852/1558...
2026-06-17 00:01:11,257 [INFO]   Metadata batch 853/1558...
2026-06-17 00:01:15,128 [INFO]   Metadata batch 854/1558...
2026-06-17 00:01:18,652 [INFO]   Metadata batch 855/1558...
2026-06-17 00:01:22,440 [INFO]   Metadata batch 856/1558...
2026-06-17 00:01:25,951 [INFO]   Metadata batch 857/1558...
2026-06-17 00:01:29,525 [INFO]   Metadata batch 858/1558...
2026-06-17 00:01:33,089 [INFO]   Metadata batch 859/1558...
2026-06-17 00:01:36,685 [INFO]   Metadata batch 860/1558...
2026-06-17 00:01:40,070 [INFO]   Metadata batch 861/1558...
2026-06-17 00:01:43,552 [INFO]   Metadata batch 862/1558...
2026-06-17 00:01:47,220 [INFO]   Metadata batch 863/1558...
2026-06-17 00:01:51,383 [INFO]   Metadata batch 864/1558...
2026-06-17 00:01:54,903 [INFO]   Metadata batch 865/1558...
2026-06-17 00:01:58,654 [INFO]   Metadata batch 866/1558...
2026-06-17 00:02:02,670 [INFO]   Metadata batch 867/1558...
2026-06-17 00:02:06,140 [INFO]   Metadata batch 868/1558...
2026-06-17 00:02:09,904 [INFO]   Metadata batch 869/1558...
2026-06-17 00:02:13,255 [INFO]   Metadata batch 870/1558...
2026-06-17 00:02:16,721 [INFO]   Metadata batch 871/1558...
2026-06-17 00:02:20,334 [INFO]   Metadata batch 872/1558...
2026-06-17 00:02:23,614 [INFO]   Metadata batch 873/1558...
2026-06-17 00:02:27,681 [INFO]   Metadata batch 874/1558...
2026-06-17 00:02:31,327 [INFO]   Metadata batch 875/1558...
2026-06-17 00:02:35,128 [INFO]   Metadata batch 876/1558...
2026-06-17 00:02:38,859 [INFO]   Metadata batch 877/1558...
2026-06-17 00:02:42,425 [INFO]   Metadata batch 878/1558...
2026-06-17 00:02:46,254 [INFO]   Metadata batch 879/1558...
2026-06-17 00:02:50,119 [INFO]   Metadata batch 880/1558...
2026-06-17 00:02:53,601 [INFO]   Metadata batch 881/1558...
2026-06-17 00:02:57,191 [INFO]   Metadata batch 882/1558...
2026-06-17 00:03:00,549 [INFO]   Metadata batch 883/1558...
2026-06-17 00:03:04,380 [INFO]   Metadata batch 884/1558...
2026-06-17 00:03:08,126 [INFO]   Metadata batch 885/1558...
2026-06-17 00:03:11,493 [INFO]   Metadata batch 886/1558...
2026-06-17 00:03:15,462 [INFO]   Metadata batch 887/1558...
2026-06-17 00:03:19,053 [INFO]   Metadata batch 888/1558...
2026-06-17 00:03:22,517 [INFO]   Metadata batch 889/1558...
2026-06-17 00:03:26,408 [INFO]   Metadata batch 890/1558...
2026-06-17 00:03:29,759 [INFO]   Metadata batch 891/1558...
2026-06-17 00:03:33,103 [INFO]   Metadata batch 892/1558...
2026-06-17 00:03:36,773 [INFO]   Metadata batch 893/1558...
2026-06-17 00:03:40,693 [INFO]   Metadata batch 894/1558...
2026-06-17 00:03:44,548 [INFO]   Metadata batch 895/1558...
2026-06-17 00:03:48,199 [INFO]   Metadata batch 896/1558...
2026-06-17 00:03:51,835 [INFO]   Metadata batch 897/1558...
2026-06-17 00:03:55,946 [INFO]   Metadata batch 898/1558...
2026-06-17 00:04:00,291 [INFO]   Metadata batch 899/1558...
2026-06-17 00:04:03,973 [INFO]   Metadata batch 900/1558...
2026-06-17 00:04:07,637 [INFO]   Metadata batch 901/1558...
2026-06-17 00:04:11,195 [INFO]   Metadata batch 902/1558...
2026-06-17 00:04:14,904 [INFO]   Metadata batch 903/1558...
2026-06-17 00:04:18,732 [INFO]   Metadata batch 904/1558...
2026-06-17 00:04:22,230 [INFO]   Metadata batch 905/1558...
2026-06-17 00:04:25,743 [INFO]   Metadata batch 906/1558...
2026-06-17 00:04:29,602 [INFO]   Metadata batch 907/1558...
2026-06-17 00:04:33,538 [INFO]   Metadata batch 908/1558...
2026-06-17 00:04:37,119 [INFO]   Metadata batch 909/1558...
2026-06-17 00:04:40,756 [INFO]   Metadata batch 910/1558...
2026-06-17 00:04:44,574 [INFO]   Metadata batch 911/1558...
2026-06-17 00:04:52,488 [INFO]   Metadata batch 912/1558...
2026-06-17 00:04:56,198 [INFO]   Metadata batch 913/1558...
2026-06-17 00:04:59,834 [INFO]   Metadata batch 914/1558...
2026-06-17 00:05:03,656 [INFO]   Metadata batch 915/1558...
2026-06-17 00:05:07,416 [INFO]   Metadata batch 916/1558...
2026-06-17 00:05:10,604 [INFO]   Metadata batch 917/1558...
2026-06-17 00:05:14,134 [INFO]   Metadata batch 918/1558...
2026-06-17 00:05:17,454 [INFO]   Metadata batch 919/1558...
2026-06-17 00:05:21,069 [INFO]   Metadata batch 920/1558...
2026-06-17 00:05:25,529 [INFO]   Metadata batch 921/1558...
2026-06-17 00:05:28,879 [INFO]   Metadata batch 922/1558...
2026-06-17 00:05:32,499 [INFO]   Metadata batch 923/1558...
2026-06-17 00:05:36,539 [INFO]   Metadata batch 924/1558...
2026-06-17 00:05:40,123 [INFO]   Metadata batch 925/1558...
2026-06-17 00:05:43,618 [INFO]   Metadata batch 926/1558...
2026-06-17 00:05:47,167 [INFO]   Metadata batch 927/1558...
2026-06-17 00:05:51,098 [INFO]   Metadata batch 928/1558...
2026-06-17 00:05:54,579 [INFO]   Metadata batch 929/1558...
2026-06-17 00:05:58,644 [INFO]   Metadata batch 930/1558...
2026-06-17 00:06:02,396 [INFO]   Metadata batch 931/1558...
2026-06-17 00:06:06,274 [INFO]   Metadata batch 932/1558...
2026-06-17 00:06:09,817 [INFO]   Metadata batch 933/1558...
2026-06-17 00:06:13,096 [INFO]   Metadata batch 934/1558...
2026-06-17 00:06:16,534 [INFO]   Metadata batch 935/1558...
2026-06-17 00:06:20,697 [INFO]   Metadata batch 936/1558...
2026-06-17 00:06:24,296 [INFO]   Metadata batch 937/1558...
2026-06-17 00:06:27,821 [INFO]   Metadata batch 938/1558...
2026-06-17 00:06:31,837 [INFO]   Metadata batch 939/1558...
2026-06-17 00:06:35,895 [INFO]   Metadata batch 940/1558...
2026-06-17 00:06:39,711 [INFO]   Metadata batch 941/1558...
2026-06-17 00:06:43,443 [INFO]   Metadata batch 942/1558...
2026-06-17 00:06:47,108 [INFO]   Metadata batch 943/1558...
2026-06-17 00:06:50,967 [INFO]   Metadata batch 944/1558...
2026-06-17 00:06:54,555 [INFO]   Metadata batch 945/1558...
2026-06-17 00:06:57,859 [INFO]   Metadata batch 946/1558...
2026-06-17 00:07:01,604 [INFO]   Metadata batch 947/1558...
2026-06-17 00:07:05,100 [INFO]   Metadata batch 948/1558...
2026-06-17 00:07:08,457 [INFO]   Metadata batch 949/1558...
2026-06-17 00:07:12,101 [INFO]   Metadata batch 950/1558...
2026-06-17 00:07:15,421 [INFO]   Metadata batch 951/1558...
2026-06-17 00:07:18,974 [INFO]   Metadata batch 952/1558...
2026-06-17 00:07:22,379 [INFO]   Metadata batch 953/1558...
2026-06-17 00:07:25,914 [INFO]   Metadata batch 954/1558...
2026-06-17 00:07:30,102 [INFO]   Metadata batch 955/1558...
2026-06-17 00:07:33,999 [INFO]   Metadata batch 956/1558...
2026-06-17 00:07:37,390 [INFO]   Metadata batch 957/1558...
2026-06-17 00:07:40,778 [INFO]   Metadata batch 958/1558...
2026-06-17 00:07:44,822 [INFO]   Metadata batch 959/1558...
2026-06-17 00:07:48,162 [INFO]   Metadata batch 960/1558...
2026-06-17 00:07:51,690 [INFO]   Metadata batch 961/1558...
2026-06-17 00:07:54,999 [INFO]   Metadata batch 962/1558...
2026-06-17 00:07:58,453 [INFO]   Metadata batch 963/1558...
2026-06-17 00:08:02,020 [INFO]   Metadata batch 964/1558...
2026-06-17 00:08:05,284 [INFO]   Metadata batch 965/1558...
2026-06-17 00:08:08,719 [INFO]   Metadata batch 966/1558...
2026-06-17 00:08:12,181 [INFO]   Metadata batch 967/1558...
2026-06-17 00:08:15,606 [INFO]   Metadata batch 968/1558...
2026-06-17 00:08:19,128 [INFO]   Metadata batch 969/1558...
2026-06-17 00:08:22,866 [INFO]   Metadata batch 970/1558...
2026-06-17 00:08:26,577 [INFO]   Metadata batch 971/1558...
2026-06-17 00:08:30,235 [INFO]   Metadata batch 972/1558...
2026-06-17 00:08:34,053 [INFO]   Metadata batch 973/1558...
2026-06-17 00:08:37,810 [INFO]   Metadata batch 974/1558...
2026-06-17 00:08:41,612 [INFO]   Metadata batch 975/1558...
2026-06-17 00:08:45,321 [INFO]   Metadata batch 976/1558...
2026-06-17 00:08:48,961 [INFO]   Metadata batch 977/1558...
2026-06-17 00:08:52,299 [INFO]   Metadata batch 978/1558...
2026-06-17 00:08:55,766 [INFO]   Metadata batch 979/1558...
2026-06-17 00:08:59,214 [INFO]   Metadata batch 980/1558...
2026-06-17 00:09:02,650 [INFO]   Metadata batch 981/1558...
2026-06-17 00:09:06,218 [INFO]   Metadata batch 982/1558...
2026-06-17 00:09:10,103 [INFO]   Metadata batch 983/1558...
2026-06-17 00:09:13,769 [INFO]   Metadata batch 984/1558...
2026-06-17 00:09:17,093 [INFO]   Metadata batch 985/1558...
2026-06-17 00:09:21,006 [INFO]   Metadata batch 986/1558...
2026-06-17 00:09:24,892 [INFO]   Metadata batch 987/1558...
2026-06-17 00:09:28,313 [INFO]   Metadata batch 988/1558...
2026-06-17 00:09:32,117 [INFO]   Metadata batch 989/1558...
2026-06-17 00:09:35,738 [INFO]   Metadata batch 990/1558...
2026-06-17 00:09:39,681 [INFO]   Metadata batch 991/1558...
2026-06-17 00:09:43,516 [INFO]   Metadata batch 992/1558...
2026-06-17 00:09:47,221 [INFO]   Metadata batch 993/1558...
2026-06-17 00:09:50,924 [INFO]   Metadata batch 994/1558...
2026-06-17 00:09:54,926 [INFO]   Metadata batch 995/1558...
2026-06-17 00:09:58,352 [INFO]   Metadata batch 996/1558...
2026-06-17 00:10:01,793 [INFO]   Metadata batch 997/1558...
2026-06-17 00:10:05,357 [INFO]   Metadata batch 998/1558...
2026-06-17 00:10:09,015 [INFO]   Metadata batch 999/1558...
2026-06-17 00:10:12,841 [INFO]   Metadata batch 1000/1558...
2026-06-17 00:10:16,200 [INFO]   Metadata batch 1001/1558...
2026-06-17 00:10:19,791 [INFO]   Metadata batch 1002/1558...
2026-06-17 00:10:23,362 [INFO]   Metadata batch 1003/1558...
2026-06-17 00:10:27,096 [INFO]   Metadata batch 1004/1558...
2026-06-17 00:10:31,161 [INFO]   Metadata batch 1005/1558...
2026-06-17 00:10:34,910 [INFO]   Metadata batch 1006/1558...
2026-06-17 00:10:38,427 [INFO]   Metadata batch 1007/1558...
2026-06-17 00:10:42,042 [INFO]   Metadata batch 1008/1558...
2026-06-17 00:10:45,882 [INFO]   Metadata batch 1009/1558...
2026-06-17 00:10:49,657 [INFO]   Metadata batch 1010/1558...
2026-06-17 00:10:53,727 [INFO]   Metadata batch 1011/1558...
2026-06-17 00:10:57,253 [INFO]   Metadata batch 1012/1558...
2026-06-17 00:11:01,602 [INFO]   Metadata batch 1013/1558...
2026-06-17 00:11:04,846 [INFO]   Metadata batch 1014/1558...
2026-06-17 00:11:08,769 [INFO]   Metadata batch 1015/1558...
2026-06-17 00:11:12,354 [INFO]   Metadata batch 1016/1558...
2026-06-17 00:11:15,861 [INFO]   Metadata batch 1017/1558...
2026-06-17 00:11:19,498 [INFO]   Metadata batch 1018/1558...
2026-06-17 00:11:22,870 [INFO]   Metadata batch 1019/1558...
2026-06-17 00:11:26,679 [INFO]   Metadata batch 1020/1558...
2026-06-17 00:11:30,169 [INFO]   Metadata batch 1021/1558...
2026-06-17 00:11:33,912 [INFO]   Metadata batch 1022/1558...
2026-06-17 00:11:37,386 [INFO]   Metadata batch 1023/1558...
2026-06-17 00:11:40,826 [INFO]   Metadata batch 1024/1558...
2026-06-17 00:11:44,258 [INFO]   Metadata batch 1025/1558...
2026-06-17 00:11:47,361 [INFO]   Metadata batch 1026/1558...
2026-06-17 00:11:52,174 [INFO]   Metadata batch 1027/1558...
2026-06-17 00:11:55,942 [INFO]   Metadata batch 1028/1558...
2026-06-17 00:11:59,559 [INFO]   Metadata batch 1029/1558...
2026-06-17 00:12:02,922 [INFO]   Metadata batch 1030/1558...
2026-06-17 00:12:06,777 [INFO]   Metadata batch 1031/1558...
2026-06-17 00:12:10,278 [INFO]   Metadata batch 1032/1558...
2026-06-17 00:12:13,911 [INFO]   Metadata batch 1033/1558...
2026-06-17 00:12:17,399 [INFO]   Metadata batch 1034/1558...
2026-06-17 00:12:20,811 [INFO]   Metadata batch 1035/1558...
2026-06-17 00:12:24,313 [INFO]   Metadata batch 1036/1558...
2026-06-17 00:12:27,763 [INFO]   Metadata batch 1037/1558...
2026-06-17 00:12:31,294 [INFO]   Metadata batch 1038/1558...
2026-06-17 00:12:34,714 [INFO]   Metadata batch 1039/1558...
2026-06-17 00:12:38,214 [INFO]   Metadata batch 1040/1558...
2026-06-17 00:12:41,605 [INFO]   Metadata batch 1041/1558...
2026-06-17 00:12:45,191 [INFO]   Metadata batch 1042/1558...
2026-06-17 00:12:48,549 [INFO]   Metadata batch 1043/1558...
2026-06-17 00:12:51,880 [INFO]   Metadata batch 1044/1558...
2026-06-17 00:12:59,108 [INFO]   Metadata batch 1045/1558...
2026-06-17 00:13:02,715 [INFO]   Metadata batch 1046/1558...
2026-06-17 00:13:06,157 [INFO]   Metadata batch 1047/1558...
2026-06-17 00:13:09,781 [INFO]   Metadata batch 1048/1558...
2026-06-17 00:13:13,546 [INFO]   Metadata batch 1049/1558...
2026-06-17 00:13:17,250 [INFO]   Metadata batch 1050/1558...
2026-06-17 00:13:20,567 [INFO]   Metadata batch 1051/1558...
2026-06-17 00:13:24,135 [INFO]   Metadata batch 1052/1558...
2026-06-17 00:13:27,500 [INFO]   Metadata batch 1053/1558...
2026-06-17 00:13:31,056 [INFO]   Metadata batch 1054/1558...
2026-06-17 00:13:34,654 [INFO]   Metadata batch 1055/1558...
2026-06-17 00:13:38,285 [INFO]   Metadata batch 1056/1558...
2026-06-17 00:13:42,036 [INFO]   Metadata batch 1057/1558...
2026-06-17 00:13:45,592 [INFO]   Metadata batch 1058/1558...
2026-06-17 00:13:49,273 [INFO]   Metadata batch 1059/1558...
2026-06-17 00:13:52,415 [INFO]   Metadata batch 1060/1558...
2026-06-17 00:13:55,925 [INFO]   Metadata batch 1061/1558...
2026-06-17 00:13:59,653 [INFO]   Metadata batch 1062/1558...
2026-06-17 00:14:03,208 [INFO]   Metadata batch 1063/1558...
2026-06-17 00:14:07,470 [INFO]   Metadata batch 1064/1558...
2026-06-17 00:14:10,936 [INFO]   Metadata batch 1065/1558...
2026-06-17 00:14:14,346 [INFO]   Metadata batch 1066/1558...
2026-06-17 00:14:17,840 [INFO]   Metadata batch 1067/1558...
2026-06-17 00:14:21,297 [INFO]   Metadata batch 1068/1558...
2026-06-17 00:14:24,884 [INFO]   Metadata batch 1069/1558...
2026-06-17 00:14:28,342 [INFO]   Metadata batch 1070/1558...
2026-06-17 00:14:32,142 [INFO]   Metadata batch 1071/1558...
2026-06-17 00:14:35,307 [INFO]   Metadata batch 1072/1558...
2026-06-17 00:14:38,707 [INFO]   Metadata batch 1073/1558...
2026-06-17 00:14:41,946 [INFO]   Metadata batch 1074/1558...
2026-06-17 00:14:45,002 [INFO]   Metadata batch 1075/1558...
2026-06-17 00:14:48,336 [INFO]   Metadata batch 1076/1558...
2026-06-17 00:14:51,988 [INFO]   Metadata batch 1077/1558...
2026-06-17 00:14:55,500 [INFO]   Metadata batch 1078/1558...
2026-06-17 00:14:58,977 [INFO]   Metadata batch 1079/1558...
2026-06-17 00:15:02,439 [INFO]   Metadata batch 1080/1558...
2026-06-17 00:15:05,788 [INFO]   Metadata batch 1081/1558...
2026-06-17 00:15:09,246 [INFO]   Metadata batch 1082/1558...
2026-06-17 00:15:12,901 [INFO]   Metadata batch 1083/1558...
2026-06-17 00:15:16,023 [INFO]   Metadata batch 1084/1558...
2026-06-17 00:15:19,397 [INFO]   Metadata batch 1085/1558...
2026-06-17 00:15:23,215 [INFO]   Metadata batch 1086/1558...
2026-06-17 00:15:27,105 [INFO]   Metadata batch 1087/1558...
2026-06-17 00:15:30,617 [INFO]   Metadata batch 1088/1558...
2026-06-17 00:15:34,120 [INFO]   Metadata batch 1089/1558...
2026-06-17 00:15:37,773 [INFO]   Metadata batch 1090/1558...
2026-06-17 00:15:41,100 [INFO]   Metadata batch 1091/1558...
2026-06-17 00:15:44,419 [INFO]   Metadata batch 1092/1558...
2026-06-17 00:15:47,906 [INFO]   Metadata batch 1093/1558...
2026-06-17 00:15:51,521 [INFO]   Metadata batch 1094/1558...
2026-06-17 00:15:54,726 [INFO]   Metadata batch 1095/1558...
2026-06-17 00:15:58,173 [INFO]   Metadata batch 1096/1558...
2026-06-17 00:16:01,518 [INFO]   Metadata batch 1097/1558...
2026-06-17 00:16:05,023 [INFO]   Metadata batch 1098/1558...
2026-06-17 00:16:08,485 [INFO]   Metadata batch 1099/1558...
2026-06-17 00:16:11,722 [INFO]   Metadata batch 1100/1558...
2026-06-17 00:16:15,186 [INFO]   Metadata batch 1101/1558...
2026-06-17 00:16:18,769 [INFO]   Metadata batch 1102/1558...
2026-06-17 00:16:22,100 [INFO]   Metadata batch 1103/1558...
2026-06-17 00:16:25,024 [INFO]   Metadata batch 1104/1558...
2026-06-17 00:16:28,641 [INFO]   Metadata batch 1105/1558...
2026-06-17 00:16:31,784 [INFO]   Metadata batch 1106/1558...
2026-06-17 00:16:35,124 [INFO]   Metadata batch 1107/1558...
2026-06-17 00:16:38,943 [INFO]   Metadata batch 1108/1558...
2026-06-17 00:16:42,180 [INFO]   Metadata batch 1109/1558...
2026-06-17 00:16:45,298 [INFO]   Metadata batch 1110/1558...
2026-06-17 00:16:48,906 [INFO]   Metadata batch 1111/1558...
2026-06-17 00:16:52,436 [INFO]   Metadata batch 1112/1558...
2026-06-17 00:16:55,813 [INFO]   Metadata batch 1113/1558...
2026-06-17 00:16:59,178 [INFO]   Metadata batch 1114/1558...
2026-06-17 00:17:02,549 [INFO]   Metadata batch 1115/1558...
2026-06-17 00:17:05,693 [INFO]   Metadata batch 1116/1558...
2026-06-17 00:17:09,055 [INFO]   Metadata batch 1117/1558...
2026-06-17 00:17:12,477 [INFO]   Metadata batch 1118/1558...
2026-06-17 00:17:16,142 [INFO]   Metadata batch 1119/1558...
2026-06-17 00:17:19,364 [INFO]   Metadata batch 1120/1558...
2026-06-17 00:17:22,996 [INFO]   Metadata batch 1121/1558...
2026-06-17 00:17:26,743 [INFO]   Metadata batch 1122/1558...
2026-06-17 00:17:30,170 [INFO]   Metadata batch 1123/1558...
2026-06-17 00:17:33,984 [INFO]   Metadata batch 1124/1558...
2026-06-17 00:17:37,442 [INFO]   Metadata batch 1125/1558...
2026-06-17 00:17:40,727 [INFO]   Metadata batch 1126/1558...
2026-06-17 00:17:44,534 [INFO]   Metadata batch 1127/1558...
2026-06-17 00:17:47,867 [INFO]   Metadata batch 1128/1558...
2026-06-17 00:17:51,466 [INFO]   Metadata batch 1129/1558...
2026-06-17 00:17:54,698 [INFO]   Metadata batch 1130/1558...
2026-06-17 00:17:58,216 [INFO]   Metadata batch 1131/1558...
2026-06-17 00:18:01,676 [INFO]   Metadata batch 1132/1558...
2026-06-17 00:18:05,087 [INFO]   Metadata batch 1133/1558...
2026-06-17 00:18:08,633 [INFO]   Metadata batch 1134/1558...
2026-06-17 00:18:11,933 [INFO]   Metadata batch 1135/1558...
2026-06-17 00:18:15,175 [INFO]   Metadata batch 1136/1558...
2026-06-17 00:18:18,570 [INFO]   Metadata batch 1137/1558...
2026-06-17 00:18:21,973 [INFO]   Metadata batch 1138/1558...
2026-06-17 00:18:25,501 [INFO]   Metadata batch 1139/1558...
2026-06-17 00:18:29,111 [INFO]   Metadata batch 1140/1558...
2026-06-17 00:18:32,465 [INFO]   Metadata batch 1141/1558...
2026-06-17 00:18:35,577 [INFO]   Metadata batch 1142/1558...
2026-06-17 00:18:39,061 [INFO]   Metadata batch 1143/1558...
2026-06-17 00:18:42,388 [INFO]   Metadata batch 1144/1558...
2026-06-17 00:18:45,930 [INFO]   Metadata batch 1145/1558...
2026-06-17 00:18:49,075 [INFO]   Metadata batch 1146/1558...
2026-06-17 00:18:52,497 [INFO]   Metadata batch 1147/1558...
2026-06-17 00:18:56,330 [INFO]   Metadata batch 1148/1558...
2026-06-17 00:18:59,898 [INFO]   Metadata batch 1149/1558...
2026-06-17 00:19:03,432 [INFO]   Metadata batch 1150/1558...
2026-06-17 00:19:06,814 [INFO]   Metadata batch 1151/1558...
2026-06-17 00:19:10,357 [INFO]   Metadata batch 1152/1558...
2026-06-17 00:19:13,586 [INFO]   Metadata batch 1153/1558...
2026-06-17 00:19:17,080 [INFO]   Metadata batch 1154/1558...
2026-06-17 00:19:20,146 [INFO]   Metadata batch 1155/1558...
2026-06-17 00:19:23,434 [INFO]   Metadata batch 1156/1558...
2026-06-17 00:19:26,971 [INFO]   Metadata batch 1157/1558...
2026-06-17 00:19:30,411 [INFO]   Metadata batch 1158/1558...
2026-06-17 00:19:33,836 [INFO]   Metadata batch 1159/1558...
2026-06-17 00:19:36,883 [INFO]   Metadata batch 1160/1558...
2026-06-17 00:19:40,198 [INFO]   Metadata batch 1161/1558...
2026-06-17 00:19:43,586 [INFO]   Metadata batch 1162/1558...
2026-06-17 00:19:47,016 [INFO]   Metadata batch 1163/1558...
2026-06-17 00:19:50,189 [INFO]   Metadata batch 1164/1558...
2026-06-17 00:19:53,932 [INFO]   Metadata batch 1165/1558...
2026-06-17 00:19:57,250 [INFO]   Metadata batch 1166/1558...
2026-06-17 00:20:00,682 [INFO]   Metadata batch 1167/1558...
2026-06-17 00:20:04,042 [INFO]   Metadata batch 1168/1558...
2026-06-17 00:20:07,654 [INFO]   Metadata batch 1169/1558...
2026-06-17 00:20:10,959 [INFO]   Metadata batch 1170/1558...
2026-06-17 00:20:14,488 [INFO]   Metadata batch 1171/1558...
2026-06-17 00:20:17,835 [INFO]   Metadata batch 1172/1558...
2026-06-17 00:20:21,340 [INFO]   Metadata batch 1173/1558...
2026-06-17 00:20:24,498 [INFO]   Metadata batch 1174/1558...
2026-06-17 00:20:27,992 [INFO]   Metadata batch 1175/1558...
2026-06-17 00:20:31,229 [INFO]   Metadata batch 1176/1558...
2026-06-17 00:20:34,521 [INFO]   Metadata batch 1177/1558...
2026-06-17 00:20:41,266 [INFO]   Metadata batch 1178/1558...
2026-06-17 00:20:44,600 [INFO]   Metadata batch 1179/1558...
2026-06-17 00:20:48,400 [INFO]   Metadata batch 1180/1558...
2026-06-17 00:20:52,325 [INFO]   Metadata batch 1181/1558...
2026-06-17 00:20:56,091 [INFO]   Metadata batch 1182/1558...
2026-06-17 00:20:59,783 [INFO]   Metadata batch 1183/1558...
2026-06-17 00:21:03,030 [INFO]   Metadata batch 1184/1558...
2026-06-17 00:21:06,826 [INFO]   Metadata batch 1185/1558...
2026-06-17 00:21:10,119 [INFO]   Metadata batch 1186/1558...
2026-06-17 00:21:13,410 [INFO]   Metadata batch 1187/1558...
2026-06-17 00:21:17,484 [INFO]   Metadata batch 1188/1558...
2026-06-17 00:21:20,633 [INFO]   Metadata batch 1189/1558...
2026-06-17 00:21:23,944 [INFO]   Metadata batch 1190/1558...
2026-06-17 00:21:27,970 [INFO]   Metadata batch 1191/1558...
2026-06-17 00:21:31,788 [INFO]   Metadata batch 1192/1558...
2026-06-17 00:21:35,397 [INFO]   Metadata batch 1193/1558...
2026-06-17 00:21:39,133 [INFO]   Metadata batch 1194/1558...
2026-06-17 00:21:42,842 [INFO]   Metadata batch 1195/1558...
2026-06-17 00:21:46,205 [INFO]   Metadata batch 1196/1558...
2026-06-17 00:21:50,011 [INFO]   Metadata batch 1197/1558...
2026-06-17 00:21:53,127 [INFO]   Metadata batch 1198/1558...
2026-06-17 00:21:56,520 [INFO]   Metadata batch 1199/1558...
2026-06-17 00:21:59,981 [INFO]   Metadata batch 1200/1558...
2026-06-17 00:22:03,263 [INFO]   Metadata batch 1201/1558...
2026-06-17 00:22:06,772 [INFO]   Metadata batch 1202/1558...
2026-06-17 00:22:10,389 [INFO]   Metadata batch 1203/1558...
2026-06-17 00:22:14,023 [INFO]   Metadata batch 1204/1558...
2026-06-17 00:22:17,892 [INFO]   Metadata batch 1205/1558...
2026-06-17 00:22:21,380 [INFO]   Metadata batch 1206/1558...
2026-06-17 00:22:24,920 [INFO]   Metadata batch 1207/1558...
2026-06-17 00:22:28,762 [INFO]   Metadata batch 1208/1558...
2026-06-17 00:22:32,258 [INFO]   Metadata batch 1209/1558...
2026-06-17 00:22:35,477 [INFO]   Metadata batch 1210/1558...
2026-06-17 00:22:38,866 [INFO]   Metadata batch 1211/1558...
2026-06-17 00:22:42,362 [INFO]   Metadata batch 1212/1558...
2026-06-17 00:22:45,890 [INFO]   Metadata batch 1213/1558...
2026-06-17 00:22:49,201 [INFO]   Metadata batch 1214/1558...
2026-06-17 00:22:52,477 [INFO]   Metadata batch 1215/1558...
2026-06-17 00:22:55,655 [INFO]   Metadata batch 1216/1558...
2026-06-17 00:22:59,271 [INFO]   Metadata batch 1217/1558...
2026-06-17 00:23:02,610 [INFO]   Metadata batch 1218/1558...
2026-06-17 00:23:06,001 [INFO]   Metadata batch 1219/1558...
2026-06-17 00:23:09,277 [INFO]   Metadata batch 1220/1558...
2026-06-17 00:23:12,772 [INFO]   Metadata batch 1221/1558...
2026-06-17 00:23:16,404 [INFO]   Metadata batch 1222/1558...
2026-06-17 00:23:19,643 [INFO]   Metadata batch 1223/1558...
2026-06-17 00:23:22,919 [INFO]   Metadata batch 1224/1558...
2026-06-17 00:23:26,408 [INFO]   Metadata batch 1225/1558...
2026-06-17 00:23:29,639 [INFO]   Metadata batch 1226/1558...
2026-06-17 00:23:32,934 [INFO]   Metadata batch 1227/1558...
2026-06-17 00:23:36,254 [INFO]   Metadata batch 1228/1558...
2026-06-17 00:23:39,679 [INFO]   Metadata batch 1229/1558...
2026-06-17 00:23:43,523 [INFO]   Metadata batch 1230/1558...
2026-06-17 00:23:46,786 [INFO]   Metadata batch 1231/1558...
2026-06-17 00:23:50,377 [INFO]   Metadata batch 1232/1558...
2026-06-17 00:23:53,474 [INFO]   Metadata batch 1233/1558...
2026-06-17 00:23:56,807 [INFO]   Metadata batch 1234/1558...
2026-06-17 00:24:00,019 [INFO]   Metadata batch 1235/1558...
2026-06-17 00:24:03,520 [INFO]   Metadata batch 1236/1558...
2026-06-17 00:24:06,620 [INFO]   Metadata batch 1237/1558...
2026-06-17 00:24:09,920 [INFO]   Metadata batch 1238/1558...
2026-06-17 00:24:13,387 [INFO]   Metadata batch 1239/1558...
2026-06-17 00:24:16,821 [INFO]   Metadata batch 1240/1558...
2026-06-17 00:24:20,324 [INFO]   Metadata batch 1241/1558...
2026-06-17 00:24:23,856 [INFO]   Metadata batch 1242/1558...
2026-06-17 00:24:27,258 [INFO]   Metadata batch 1243/1558...
2026-06-17 00:24:30,429 [INFO]   Metadata batch 1244/1558...
2026-06-17 00:24:34,024 [INFO]   Metadata batch 1245/1558...
2026-06-17 00:24:37,273 [INFO]   Metadata batch 1246/1558...
2026-06-17 00:24:40,538 [INFO]   Metadata batch 1247/1558...
2026-06-17 00:24:43,897 [INFO]   Metadata batch 1248/1558...
2026-06-17 00:24:47,297 [INFO]   Metadata batch 1249/1558...
2026-06-17 00:24:50,968 [INFO]   Metadata batch 1250/1558...
2026-06-17 00:24:54,906 [INFO]   Metadata batch 1251/1558...
2026-06-17 00:24:58,110 [INFO]   Metadata batch 1252/1558...
2026-06-17 00:25:01,178 [INFO]   Metadata batch 1253/1558...
2026-06-17 00:25:04,264 [INFO]   Metadata batch 1254/1558...
2026-06-17 00:25:07,914 [INFO]   Metadata batch 1255/1558...
2026-06-17 00:25:11,194 [INFO]   Metadata batch 1256/1558...
2026-06-17 00:25:14,608 [INFO]   Metadata batch 1257/1558...
2026-06-17 00:25:17,998 [INFO]   Metadata batch 1258/1558...
2026-06-17 00:25:21,348 [INFO]   Metadata batch 1259/1558...
2026-06-17 00:25:24,691 [INFO]   Metadata batch 1260/1558...
2026-06-17 00:25:28,322 [INFO]   Metadata batch 1261/1558...
2026-06-17 00:25:32,171 [INFO]   Metadata batch 1262/1558...
2026-06-17 00:25:35,333 [INFO]   Metadata batch 1263/1558...
2026-06-17 00:25:39,078 [INFO]   Metadata batch 1264/1558...
2026-06-17 00:25:42,414 [INFO]   Metadata batch 1265/1558...
2026-06-17 00:25:45,704 [INFO]   Metadata batch 1266/1558...
2026-06-17 00:25:49,342 [INFO]   Metadata batch 1267/1558...
2026-06-17 00:25:52,732 [INFO]   Metadata batch 1268/1558...
2026-06-17 00:25:55,970 [INFO]   Metadata batch 1269/1558...
2026-06-17 00:25:59,764 [INFO]   Metadata batch 1270/1558...
2026-06-17 00:26:03,041 [INFO]   Metadata batch 1271/1558...
2026-06-17 00:26:06,148 [INFO]   Metadata batch 1272/1558...
2026-06-17 00:26:09,657 [INFO]   Metadata batch 1273/1558...
2026-06-17 00:26:13,387 [INFO]   Metadata batch 1274/1558...
2026-06-17 00:26:16,583 [INFO]   Metadata batch 1275/1558...
2026-06-17 00:26:20,042 [INFO]   Metadata batch 1276/1558...
2026-06-17 00:26:24,087 [INFO]   Metadata batch 1277/1558...
2026-06-17 00:26:27,389 [INFO]   Metadata batch 1278/1558...
2026-06-17 00:26:30,680 [INFO]   Metadata batch 1279/1558...
2026-06-17 00:26:33,912 [INFO]   Metadata batch 1280/1558...
2026-06-17 00:26:37,597 [INFO]   Metadata batch 1281/1558...
2026-06-17 00:26:40,936 [INFO]   Metadata batch 1282/1558...
2026-06-17 00:26:44,590 [INFO]   Metadata batch 1283/1558...
2026-06-17 00:26:47,669 [INFO]   Metadata batch 1284/1558...
2026-06-17 00:26:51,458 [INFO]   Metadata batch 1285/1558...
2026-06-17 00:26:54,757 [INFO]   Metadata batch 1286/1558...
2026-06-17 00:26:58,265 [INFO]   Metadata batch 1287/1558...
2026-06-17 00:27:01,675 [INFO]   Metadata batch 1288/1558...
2026-06-17 00:27:05,298 [INFO]   Metadata batch 1289/1558...
2026-06-17 00:27:08,700 [INFO]   Metadata batch 1290/1558...
2026-06-17 00:27:12,408 [INFO]   Metadata batch 1291/1558...
2026-06-17 00:27:15,951 [INFO]   Metadata batch 1292/1558...
2026-06-17 00:27:19,546 [INFO]   Metadata batch 1293/1558...
2026-06-17 00:27:22,677 [INFO]   Metadata batch 1294/1558...
2026-06-17 00:27:25,850 [INFO]   Metadata batch 1295/1558...
2026-06-17 00:27:28,978 [INFO]   Metadata batch 1296/1558...
2026-06-17 00:27:32,165 [INFO]   Metadata batch 1297/1558...
2026-06-17 00:27:35,405 [INFO]   Metadata batch 1298/1558...
2026-06-17 00:27:38,908 [INFO]   Metadata batch 1299/1558...
2026-06-17 00:27:42,308 [INFO]   Metadata batch 1300/1558...
2026-06-17 00:27:45,764 [INFO]   Metadata batch 1301/1558...
2026-06-17 00:27:48,901 [INFO]   Metadata batch 1302/1558...
2026-06-17 00:27:52,024 [INFO]   Metadata batch 1303/1558...
2026-06-17 00:27:55,470 [INFO]   Metadata batch 1304/1558...
2026-06-17 00:27:58,523 [INFO]   Metadata batch 1305/1558...
2026-06-17 00:28:01,466 [INFO]   Metadata batch 1306/1558...
2026-06-17 00:28:04,653 [INFO]   Metadata batch 1307/1558...
2026-06-17 00:28:08,193 [INFO]   Metadata batch 1308/1558...
2026-06-17 00:28:11,561 [INFO]   Metadata batch 1309/1558...
2026-06-17 00:28:14,892 [INFO]   Metadata batch 1310/1558...
2026-06-17 00:28:22,056 [INFO]   Metadata batch 1311/1558...
2026-06-17 00:28:25,456 [INFO]   Metadata batch 1312/1558...
2026-06-17 00:28:28,778 [INFO]   Metadata batch 1313/1558...
2026-06-17 00:28:32,114 [INFO]   Metadata batch 1314/1558...
2026-06-17 00:28:35,182 [INFO]   Metadata batch 1315/1558...
2026-06-17 00:28:38,558 [INFO]   Metadata batch 1316/1558...
2026-06-17 00:28:41,851 [INFO]   Metadata batch 1317/1558...
2026-06-17 00:28:45,244 [INFO]   Metadata batch 1318/1558...
2026-06-17 00:28:48,892 [INFO]   Metadata batch 1319/1558...
2026-06-17 00:28:52,027 [INFO]   Metadata batch 1320/1558...
2026-06-17 00:28:55,416 [INFO]   Metadata batch 1321/1558...
2026-06-17 00:28:58,633 [INFO]   Metadata batch 1322/1558...
2026-06-17 00:29:02,268 [INFO]   Metadata batch 1323/1558...
2026-06-17 00:29:05,585 [INFO]   Metadata batch 1324/1558...
2026-06-17 00:29:09,014 [INFO]   Metadata batch 1325/1558...
2026-06-17 00:29:12,350 [INFO]   Metadata batch 1326/1558...
2026-06-17 00:29:15,821 [INFO]   Metadata batch 1327/1558...
2026-06-17 00:29:18,853 [INFO]   Metadata batch 1328/1558...
2026-06-17 00:29:22,028 [INFO]   Metadata batch 1329/1558...
2026-06-17 00:29:25,388 [INFO]   Metadata batch 1330/1558...
2026-06-17 00:29:29,083 [INFO]   Metadata batch 1331/1558...
2026-06-17 00:29:32,368 [INFO]   Metadata batch 1332/1558...
2026-06-17 00:29:35,431 [INFO]   Metadata batch 1333/1558...
2026-06-17 00:29:38,726 [INFO]   Metadata batch 1334/1558...
2026-06-17 00:29:42,342 [INFO]   Metadata batch 1335/1558...
2026-06-17 00:29:45,786 [INFO]   Metadata batch 1336/1558...
2026-06-17 00:29:49,163 [INFO]   Metadata batch 1337/1558...
2026-06-17 00:29:52,405 [INFO]   Metadata batch 1338/1558...
2026-06-17 00:29:55,501 [INFO]   Metadata batch 1339/1558...
2026-06-17 00:29:58,730 [INFO]   Metadata batch 1340/1558...
2026-06-17 00:30:01,912 [INFO]   Metadata batch 1341/1558...
2026-06-17 00:30:05,446 [INFO]   Metadata batch 1342/1558...
2026-06-17 00:30:08,703 [INFO]   Metadata batch 1343/1558...
2026-06-17 00:30:11,933 [INFO]   Metadata batch 1344/1558...
2026-06-17 00:30:15,599 [INFO]   Metadata batch 1345/1558...
2026-06-17 00:30:19,029 [INFO]   Metadata batch 1346/1558...
2026-06-17 00:30:22,453 [INFO]   Metadata batch 1347/1558...
2026-06-17 00:30:26,056 [INFO]   Metadata batch 1348/1558...
2026-06-17 00:30:29,276 [INFO]   Metadata batch 1349/1558...
2026-06-17 00:30:32,601 [INFO]   Metadata batch 1350/1558...
2026-06-17 00:30:36,397 [INFO]   Metadata batch 1351/1558...
2026-06-17 00:30:40,317 [INFO]   Metadata batch 1352/1558...
2026-06-17 00:30:43,685 [INFO]   Metadata batch 1353/1558...
2026-06-17 00:30:47,141 [INFO]   Metadata batch 1354/1558...
2026-06-17 00:30:50,218 [INFO]   Metadata batch 1355/1558...
2026-06-17 00:30:53,473 [INFO]   Metadata batch 1356/1558...
2026-06-17 00:30:56,980 [INFO]   Metadata batch 1357/1558...
2026-06-17 00:31:00,101 [INFO]   Metadata batch 1358/1558...
2026-06-17 00:31:03,560 [INFO]   Metadata batch 1359/1558...
2026-06-17 00:31:07,252 [INFO]   Metadata batch 1360/1558...
2026-06-17 00:31:10,530 [INFO]   Metadata batch 1361/1558...
2026-06-17 00:31:13,756 [INFO]   Metadata batch 1362/1558...
2026-06-17 00:31:17,231 [INFO]   Metadata batch 1363/1558...
2026-06-17 00:31:20,578 [INFO]   Metadata batch 1364/1558...
2026-06-17 00:31:24,034 [INFO]   Metadata batch 1365/1558...
2026-06-17 00:31:27,505 [INFO]   Metadata batch 1366/1558...
2026-06-17 00:31:31,906 [INFO]   Metadata batch 1367/1558...
2026-06-17 00:31:35,388 [INFO]   Metadata batch 1368/1558...
2026-06-17 00:31:39,178 [INFO]   Metadata batch 1369/1558...
2026-06-17 00:31:42,792 [INFO]   Metadata batch 1370/1558...
2026-06-17 00:31:46,788 [INFO]   Metadata batch 1371/1558...
2026-06-17 00:31:50,350 [INFO]   Metadata batch 1372/1558...
2026-06-17 00:31:53,861 [INFO]   Metadata batch 1373/1558...
2026-06-17 00:31:57,265 [INFO]   Metadata batch 1374/1558...
2026-06-17 00:32:00,965 [INFO]   Metadata batch 1375/1558...
2026-06-17 00:32:04,267 [INFO]   Metadata batch 1376/1558...
2026-06-17 00:32:07,402 [INFO]   Metadata batch 1377/1558...
2026-06-17 00:32:10,959 [INFO]   Metadata batch 1378/1558...
2026-06-17 00:32:14,512 [INFO]   Metadata batch 1379/1558...
2026-06-17 00:32:18,299 [INFO]   Metadata batch 1380/1558...
2026-06-17 00:32:21,937 [INFO]   Metadata batch 1381/1558...
2026-06-17 00:32:25,299 [INFO]   Metadata batch 1382/1558...
2026-06-17 00:32:29,255 [INFO]   Metadata batch 1383/1558...
2026-06-17 00:32:32,433 [INFO]   Metadata batch 1384/1558...
2026-06-17 00:32:36,282 [INFO]   Metadata batch 1385/1558...
2026-06-17 00:32:40,042 [INFO]   Metadata batch 1386/1558...
2026-06-17 00:32:43,211 [INFO]   Metadata batch 1387/1558...
2026-06-17 00:32:46,542 [INFO]   Metadata batch 1388/1558...
2026-06-17 00:32:49,960 [INFO]   Metadata batch 1389/1558...
2026-06-17 00:32:53,613 [INFO]   Metadata batch 1390/1558...
2026-06-17 00:32:57,199 [INFO]   Metadata batch 1391/1558...
2026-06-17 00:33:00,700 [INFO]   Metadata batch 1392/1558...
2026-06-17 00:33:04,018 [INFO]   Metadata batch 1393/1558...
2026-06-17 00:33:07,688 [INFO]   Metadata batch 1394/1558...
2026-06-17 00:33:12,235 [INFO]   Metadata batch 1395/1558...
2026-06-17 00:33:15,675 [INFO]   Metadata batch 1396/1558...
2026-06-17 00:33:19,116 [INFO]   Metadata batch 1397/1558...
2026-06-17 00:33:23,163 [INFO]   Metadata batch 1398/1558...
2026-06-17 00:33:26,560 [INFO]   Metadata batch 1399/1558...
2026-06-17 00:33:30,035 [INFO]   Metadata batch 1400/1558...
2026-06-17 00:33:33,576 [INFO]   Metadata batch 1401/1558...
2026-06-17 00:33:37,077 [INFO]   Metadata batch 1402/1558...
2026-06-17 00:33:40,126 [INFO]   Metadata batch 1403/1558...
2026-06-17 00:33:43,797 [INFO]   Metadata batch 1404/1558...
2026-06-17 00:33:47,053 [INFO]   Metadata batch 1405/1558...
2026-06-17 00:33:50,533 [INFO]   Metadata batch 1406/1558...
2026-06-17 00:33:53,647 [INFO]   Metadata batch 1407/1558...
2026-06-17 00:33:57,082 [INFO]   Metadata batch 1408/1558...
2026-06-17 00:34:00,841 [INFO]   Metadata batch 1409/1558...
2026-06-17 00:34:04,276 [INFO]   Metadata batch 1410/1558...
2026-06-17 00:34:07,740 [INFO]   Metadata batch 1411/1558...
2026-06-17 00:34:11,111 [INFO]   Metadata batch 1412/1558...
2026-06-17 00:34:14,642 [INFO]   Metadata batch 1413/1558...
2026-06-17 00:34:17,657 [INFO]   Metadata batch 1414/1558...
2026-06-17 00:34:21,137 [INFO]   Metadata batch 1415/1558...
2026-06-17 00:34:24,704 [INFO]   Metadata batch 1416/1558...
2026-06-17 00:34:27,980 [INFO]   Metadata batch 1417/1558...
2026-06-17 00:34:31,222 [INFO]   Metadata batch 1418/1558...
2026-06-17 00:34:35,065 [INFO]   Metadata batch 1419/1558...
2026-06-17 00:34:38,519 [INFO]   Metadata batch 1420/1558...
2026-06-17 00:34:41,997 [INFO]   Metadata batch 1421/1558...
2026-06-17 00:34:45,600 [INFO]   Metadata batch 1422/1558...
2026-06-17 00:34:49,112 [INFO]   Metadata batch 1423/1558...
2026-06-17 00:34:52,355 [INFO]   Metadata batch 1424/1558...
2026-06-17 00:34:55,710 [INFO]   Metadata batch 1425/1558...
2026-06-17 00:34:59,223 [INFO]   Metadata batch 1426/1558...
2026-06-17 00:35:02,531 [INFO]   Metadata batch 1427/1558...
2026-06-17 00:35:06,115 [INFO]   Metadata batch 1428/1558...
2026-06-17 00:35:09,586 [INFO]   Metadata batch 1429/1558...
2026-06-17 00:35:12,692 [INFO]   Metadata batch 1430/1558...
2026-06-17 00:35:15,934 [INFO]   Metadata batch 1431/1558...
2026-06-17 00:35:19,534 [INFO]   Metadata batch 1432/1558...
2026-06-17 00:35:23,209 [INFO]   Metadata batch 1433/1558...
2026-06-17 00:35:26,480 [INFO]   Metadata batch 1434/1558...
2026-06-17 00:35:29,882 [INFO]   Metadata batch 1435/1558...
2026-06-17 00:35:33,339 [INFO]   Metadata batch 1436/1558...
2026-06-17 00:35:36,999 [INFO]   Metadata batch 1437/1558...
2026-06-17 00:35:40,832 [INFO]   Metadata batch 1438/1558...
2026-06-17 00:35:44,331 [INFO]   Metadata batch 1439/1558...
2026-06-17 00:35:47,717 [INFO]   Metadata batch 1440/1558...
2026-06-17 00:35:51,173 [INFO]   Metadata batch 1441/1558...
2026-06-17 00:35:54,781 [INFO]   Metadata batch 1442/1558...
2026-06-17 00:35:58,716 [INFO]   Metadata batch 1443/1558...
2026-06-17 00:36:05,731 [INFO]   Metadata batch 1444/1558...
2026-06-17 00:36:09,269 [INFO]   Metadata batch 1445/1558...
2026-06-17 00:36:12,624 [INFO]   Metadata batch 1446/1558...
2026-06-17 00:36:16,098 [INFO]   Metadata batch 1447/1558...
2026-06-17 00:36:19,245 [INFO]   Metadata batch 1448/1558...
2026-06-17 00:36:23,072 [INFO]   Metadata batch 1449/1558...
2026-06-17 00:36:26,554 [INFO]   Metadata batch 1450/1558...
2026-06-17 00:36:30,708 [INFO]   Metadata batch 1451/1558...
2026-06-17 00:36:33,957 [INFO]   Metadata batch 1452/1558...
2026-06-17 00:36:37,429 [INFO]   Metadata batch 1453/1558...
2026-06-17 00:36:41,063 [INFO]   Metadata batch 1454/1558...
2026-06-17 00:36:44,839 [INFO]   Metadata batch 1455/1558...
2026-06-17 00:36:48,547 [INFO]   Metadata batch 1456/1558...
2026-06-17 00:36:51,585 [INFO]   Metadata batch 1457/1558...
2026-06-17 00:36:55,122 [INFO]   Metadata batch 1458/1558...
2026-06-17 00:36:58,695 [INFO]   Metadata batch 1459/1558...
2026-06-17 00:37:02,175 [INFO]   Metadata batch 1460/1558...
2026-06-17 00:37:05,733 [INFO]   Metadata batch 1461/1558...
2026-06-17 00:37:09,258 [INFO]   Metadata batch 1462/1558...
2026-06-17 00:37:12,541 [INFO]   Metadata batch 1463/1558...
2026-06-17 00:37:16,128 [INFO]   Metadata batch 1464/1558...
2026-06-17 00:37:19,425 [INFO]   Metadata batch 1465/1558...
2026-06-17 00:37:22,879 [INFO]   Metadata batch 1466/1558...
2026-06-17 00:37:26,251 [INFO]   Metadata batch 1467/1558...
2026-06-17 00:37:29,783 [INFO]   Metadata batch 1468/1558...
2026-06-17 00:37:33,192 [INFO]   Metadata batch 1469/1558...
2026-06-17 00:37:36,616 [INFO]   Metadata batch 1470/1558...
2026-06-17 00:37:40,260 [INFO]   Metadata batch 1471/1558...
2026-06-17 00:37:43,891 [INFO]   Metadata batch 1472/1558...
2026-06-17 00:37:47,372 [INFO]   Metadata batch 1473/1558...
2026-06-17 00:37:50,397 [INFO]   Metadata batch 1474/1558...
2026-06-17 00:37:53,674 [INFO]   Metadata batch 1475/1558...
2026-06-17 00:37:57,226 [INFO]   Metadata batch 1476/1558...
2026-06-17 00:38:00,656 [INFO]   Metadata batch 1477/1558...
2026-06-17 00:38:03,923 [INFO]   Metadata batch 1478/1558...
2026-06-17 00:38:07,268 [INFO]   Metadata batch 1479/1558...
2026-06-17 00:38:10,692 [INFO]   Metadata batch 1480/1558...
2026-06-17 00:38:13,874 [INFO]   Metadata batch 1481/1558...
2026-06-17 00:38:17,009 [INFO]   Metadata batch 1482/1558...
2026-06-17 00:38:20,115 [INFO]   Metadata batch 1483/1558...
2026-06-17 00:38:23,475 [INFO]   Metadata batch 1484/1558...
2026-06-17 00:38:26,627 [INFO]   Metadata batch 1485/1558...
2026-06-17 00:38:29,846 [INFO]   Metadata batch 1486/1558...
2026-06-17 00:38:33,063 [INFO]   Metadata batch 1487/1558...
2026-06-17 00:38:36,229 [INFO]   Metadata batch 1488/1558...
2026-06-17 00:38:39,644 [INFO]   Metadata batch 1489/1558...
2026-06-17 00:38:43,145 [INFO]   Metadata batch 1490/1558...
2026-06-17 00:38:46,268 [INFO]   Metadata batch 1491/1558...
2026-06-17 00:38:49,604 [INFO]   Metadata batch 1492/1558...
2026-06-17 00:38:52,975 [INFO]   Metadata batch 1493/1558...
2026-06-17 00:38:56,697 [INFO]   Metadata batch 1494/1558...
2026-06-17 00:38:59,935 [INFO]   Metadata batch 1495/1558...
2026-06-17 00:39:03,019 [INFO]   Metadata batch 1496/1558...
2026-06-17 00:39:06,120 [INFO]   Metadata batch 1497/1558...
2026-06-17 00:39:09,836 [INFO]   Metadata batch 1498/1558...
2026-06-17 00:39:13,336 [INFO]   Metadata batch 1499/1558...
2026-06-17 00:39:16,418 [INFO]   Metadata batch 1500/1558...
2026-06-17 00:39:19,685 [INFO]   Metadata batch 1501/1558...
2026-06-17 00:39:22,900 [INFO]   Metadata batch 1502/1558...
2026-06-17 00:39:26,237 [INFO]   Metadata batch 1503/1558...
2026-06-17 00:39:29,505 [INFO]   Metadata batch 1504/1558...
2026-06-17 00:39:32,791 [INFO]   Metadata batch 1505/1558...
2026-06-17 00:39:36,503 [INFO]   Metadata batch 1506/1558...
2026-06-17 00:39:39,937 [INFO]   Metadata batch 1507/1558...
2026-06-17 00:39:43,459 [INFO]   Metadata batch 1508/1558...
2026-06-17 00:39:46,824 [INFO]   Metadata batch 1509/1558...
2026-06-17 00:39:50,213 [INFO]   Metadata batch 1510/1558...
2026-06-17 00:39:53,428 [INFO]   Metadata batch 1511/1558...
2026-06-17 00:39:56,793 [INFO]   Metadata batch 1512/1558...
2026-06-17 00:40:00,053 [INFO]   Metadata batch 1513/1558...
2026-06-17 00:40:03,570 [INFO]   Metadata batch 1514/1558...
2026-06-17 00:40:06,737 [INFO]   Metadata batch 1515/1558...
2026-06-17 00:40:10,017 [INFO]   Metadata batch 1516/1558...
2026-06-17 00:40:13,318 [INFO]   Metadata batch 1517/1558...
2026-06-17 00:40:16,425 [INFO]   Metadata batch 1518/1558...
2026-06-17 00:40:20,064 [INFO]   Metadata batch 1519/1558...
2026-06-17 00:40:23,551 [INFO]   Metadata batch 1520/1558...
2026-06-17 00:40:27,210 [INFO]   Metadata batch 1521/1558...
2026-06-17 00:40:30,581 [INFO]   Metadata batch 1522/1558...
2026-06-17 00:40:33,847 [INFO]   Metadata batch 1523/1558...
2026-06-17 00:40:37,392 [INFO]   Metadata batch 1524/1558...
2026-06-17 00:40:40,693 [INFO]   Metadata batch 1525/1558...
2026-06-17 00:40:44,124 [INFO]   Metadata batch 1526/1558...
2026-06-17 00:40:47,474 [INFO]   Metadata batch 1527/1558...
2026-06-17 00:40:50,784 [INFO]   Metadata batch 1528/1558...
2026-06-17 00:40:54,122 [INFO]   Metadata batch 1529/1558...
2026-06-17 00:40:57,574 [INFO]   Metadata batch 1530/1558...
2026-06-17 00:41:01,352 [INFO]   Metadata batch 1531/1558...
2026-06-17 00:41:04,483 [INFO]   Metadata batch 1532/1558...
2026-06-17 00:41:07,892 [INFO]   Metadata batch 1533/1558...
2026-06-17 00:41:11,465 [INFO]   Metadata batch 1534/1558...
2026-06-17 00:41:14,625 [INFO]   Metadata batch 1535/1558...
2026-06-17 00:41:18,041 [INFO]   Metadata batch 1536/1558...
2026-06-17 00:41:22,005 [INFO]   Metadata batch 1537/1558...
2026-06-17 00:41:25,509 [INFO]   Metadata batch 1538/1558...
2026-06-17 00:41:28,782 [INFO]   Metadata batch 1539/1558...
2026-06-17 00:41:32,011 [INFO]   Metadata batch 1540/1558...
2026-06-17 00:41:35,582 [INFO]   Metadata batch 1541/1558...
2026-06-17 00:41:38,806 [INFO]   Metadata batch 1542/1558...
2026-06-17 00:41:42,523 [INFO]   Metadata batch 1543/1558...
2026-06-17 00:41:45,838 [INFO]   Metadata batch 1544/1558...
2026-06-17 00:41:49,258 [INFO]   Metadata batch 1545/1558...
2026-06-17 00:41:52,607 [INFO]   Metadata batch 1546/1558...
2026-06-17 00:41:56,053 [INFO]   Metadata batch 1547/1558...
2026-06-17 00:41:59,665 [INFO]   Metadata batch 1548/1558...
2026-06-17 00:42:03,282 [INFO]   Metadata batch 1549/1558...
2026-06-17 00:42:06,583 [INFO]   Metadata batch 1550/1558...
2026-06-17 00:42:09,932 [INFO]   Metadata batch 1551/1558...
2026-06-17 00:42:13,723 [INFO]   Metadata batch 1552/1558...
2026-06-17 00:42:16,942 [INFO]   Metadata batch 1553/1558...
2026-06-17 00:42:20,401 [INFO]   Metadata batch 1554/1558...
2026-06-17 00:42:23,842 [INFO]   Metadata batch 1555/1558...
2026-06-17 00:42:27,287 [INFO]   Metadata batch 1556/1558...
2026-06-17 00:42:30,372 [INFO]   Metadata batch 1557/1558...
2026-06-17 00:42:34,196 [INFO]   Metadata batch 1558/1558...
2026-06-17 00:42:40,252 [INFO]   31,144,717 nodes (145,993 Frontiers core)
2026-06-17 00:42:40,838 [INFO] Applying edge weights (temporal decay + self-citation discount)...
2026-06-17 00:45:39,676 [INFO]   Decay mean=0.438  |  Self-citations: 16,824,810
2026-06-17 00:45:40,289 [INFO]   Combined weight mean=0.426
2026-06-17 00:45:41,978 [INFO] BC edges disabled (ENABLE_BC_EDGES=false)
2026-06-17 00:46:11,639 [INFO] Writing CWTS files to cwts_output/  (31,144,717 nodes)...
2026-06-17 00:49:59,984 [INFO]   pubs.txt        : 31,144,717 rows  (0 Frontiers)
