2026-06-18 11:47:15,350 [INFO] ============================================================
2026-06-18 11:47:15,350 [INFO] Configuration
2026-06-18 11:47:15,351 [INFO] ============================================================
2026-06-18 11:47:15,351 [INFO]   BQ_PROJECT              : ocean-tech-adv-analytics-p-usr
2026-06-18 11:47:15,351 [INFO]   AIRAK_DATASET           : ocean-breeze-tier-1.airak
2026-06-18 11:47:15,351 [INFO]   NETWORK_MODE            : ego
2026-06-18 11:47:15,351 [INFO]   START_YEAR              : 2023
2026-06-18 11:47:15,351 [INFO]   END_YEAR                : 2026
2026-06-18 11:47:15,351 [INFO]   TOP_N_JOURNALS          : 5
2026-06-18 11:47:15,352 [INFO]   JOURNAL_IDS_OVERRIDE    : (none)
2026-06-18 11:47:15,352 [INFO]   ENABLE_EDGE_WEIGHTS     : True
2026-06-18 11:47:15,352 [INFO]   TEMPORAL_DECAY_TAU      : 5.0
2026-06-18 11:47:15,352 [INFO]   SELF_CITE_JOURNAL_WEIGHT: 0.5
2026-06-18 11:47:15,352 [INFO]   ENABLE_BC_EDGES         : True
2026-06-18 11:47:15,352 [INFO]   BC_MIN_SHARED_REFS      : 3
2026-06-18 11:47:15,352 [INFO]   MAX_EXTERNAL_PAPERS     : 50000
2026-06-18 11:47:15,352 [INFO]   OUTPUT_DIR              : cwts_output
2026-06-18 11:47:15,352 [INFO] ============================================================
2026-06-18 11:47:15,352 [INFO] ============================================================
2026-06-18 11:47:15,352 [INFO] CWTS Export — Edge Weight Builder
2026-06-18 11:47:15,352 [INFO]   Mode: EGO  |  Years: 2023-2026
2026-06-18 11:47:15,352 [INFO]   Edge weights: ON
2026-06-18 11:47:15,352 [INFO] ============================================================
2026-06-18 11:47:15,352 [INFO] Fetching top 5 Frontiers journals by publication count...
2026-06-18 11:47:19,290 [INFO]   Journal IDs: [3315714752512, 2379411881984, 2972117368834, 2405181685761, 2826088480769]
2026-06-18 11:47:19,291 [INFO] Fetching Frontiers publication IDs...
2026-06-18 11:47:24,069 [INFO]   86,790 Frontiers publications
2026-06-18 11:47:24,070 [INFO] Building ego network (top 50,000 external papers)...
2026-06-18 11:47:24,081 [INFO]   Ego batch 1/2...
2026-06-18 11:48:38,190 [INFO]   Ego batch 2/2...
2026-06-18 11:49:39,785 [INFO]   Raw edges: 4,400,450
2026-06-18 11:49:47,424 [INFO]   Filtered: 759,132 edges, 116,490 nodes
2026-06-18 11:49:47,642 [INFO] Fetching metadata for 116,490 nodes...
2026-06-18 11:49:47,655 [INFO]   Metadata batch 1/6...
2026-06-18 11:49:53,427 [INFO]   Metadata batch 2/6...
2026-06-18 11:49:58,723 [INFO]   Metadata batch 3/6...
2026-06-18 11:50:05,382 [INFO]   Metadata batch 4/6...
2026-06-18 11:50:11,106 [INFO]   Metadata batch 5/6...
2026-06-18 11:50:16,418 [INFO]   Metadata batch 6/6...
2026-06-18 11:50:21,481 [INFO]   116,490 nodes (68,477 Frontiers core)
2026-06-18 11:50:21,511 [INFO] Applying edge weights (temporal decay + self-citation discount)...
2026-06-18 11:50:23,586 [INFO]   Decay mean=0.247  |  Self-citations: 42,252
2026-06-18 11:50:23,588 [INFO]   Combined weight mean=0.233
2026-06-18 11:50:23,607 [INFO] Computing bibliographic coupling (min shared refs=3)...
2026-06-18 11:50:23,613 [INFO]   BC batch 1/5...
2026-06-18 11:50:39,289 [INFO]     272,764 BC edges
2026-06-18 11:50:39,295 [INFO]   BC batch 2/5...
2026-06-18 11:50:54,952 [INFO]     308,958 BC edges
2026-06-18 11:50:54,955 [INFO]   BC batch 3/5...
2026-06-18 11:51:10,901 [INFO]     286,014 BC edges
2026-06-18 11:51:10,905 [INFO]   BC batch 4/5...
2026-06-18 11:51:31,583 [INFO]     333,799 BC edges
2026-06-18 11:51:31,586 [INFO]   BC batch 5/5...
2026-06-18 11:51:39,568 [INFO]     109,211 BC edges
2026-06-18 11:51:39,979 [INFO]   Total BC edges: 1,310,746
2026-06-18 11:51:40,014 [INFO] Merging direct citation and BC edges...
2026-06-18 11:51:43,397 [INFO]   Merged: 1,402,852 edges (mean weight=0.180)
2026-06-18 11:51:43,556 [INFO] Writing CWTS files to cwts_output/  (116,490 nodes)...
2026-06-18 11:51:47,877 [INFO]   pubs.txt        : 116,490 rows  (68,477 Frontiers)
2026-06-18 11:51:56,352 [INFO] 116490 out of 116490 rows loaded.
2026-06-18 11:51:56,354 [INFO]   → BigQuery: scope_drift_raw.pubs_raw_20260618_114712
2026-06-18 11:51:59,518 [INFO]   pub_metadata.txt: 116,490 rows
2026-06-18 11:52:16,489 [INFO] 116490 out of 116490 rows loaded.
2026-06-18 11:52:16,490 [INFO]   → BigQuery: scope_drift_raw.pub_metadata_raw_20260618_114712
2026-06-18 11:52:35,123 [INFO]   cit_links.txt   : 2,801,802 rows  (1,400,901 unique × 2 directions)
2026-06-18 11:52:59,867 [INFO] 2801802 out of 2801802 rows loaded.
2026-06-18 11:52:59,868 [INFO]   → BigQuery: scope_drift_raw.cit_links_raw_20260618_114712
2026-06-18 11:52:59,868 [INFO] Done!!!!
