2026-06-17 18:39:19,258 [INFO] ============================================================
2026-06-17 18:39:19,259 [INFO] Configuration
2026-06-17 18:39:19,259 [INFO] ============================================================
2026-06-17 18:39:19,259 [INFO]   BQ_PROJECT              : ocean-tech-adv-analytics-p-usr
2026-06-17 18:39:19,259 [INFO]   AIRAK_DATASET           : ocean-breeze-tier-1.airak
2026-06-17 18:39:19,259 [INFO]   NETWORK_MODE            : full
2026-06-17 18:39:19,259 [INFO]   START_YEAR              : 2023
2026-06-17 18:39:19,259 [INFO]   END_YEAR                : 2026
2026-06-17 18:39:19,260 [INFO]   TOP_N_JOURNALS          : 5
2026-06-17 18:39:19,260 [INFO]   JOURNAL_IDS_OVERRIDE    : (none)
2026-06-17 18:39:19,260 [INFO]   ENABLE_EDGE_WEIGHTS     : True
2026-06-17 18:39:19,260 [INFO]   TEMPORAL_DECAY_TAU      : 5.0
2026-06-17 18:39:19,260 [INFO]   SELF_CITE_JOURNAL_WEIGHT: 0.5
2026-06-17 18:39:19,260 [INFO]   ENABLE_BC_EDGES         : True
2026-06-17 18:39:19,260 [INFO]   BC_MIN_SHARED_REFS      : 3
2026-06-17 18:39:19,260 [INFO]   MAX_EXTERNAL_PAPERS     : 50000
2026-06-17 18:39:19,260 [INFO]   OUTPUT_DIR              : cwts_output
2026-06-17 18:39:19,260 [INFO] ============================================================
2026-06-17 18:39:19,261 [INFO] ============================================================
2026-06-17 18:39:19,261 [INFO] CWTS Export — Edge Weight Builder
2026-06-17 18:39:19,261 [INFO]   Mode: FULL  |  Years: 2023-2026
2026-06-17 18:39:19,261 [INFO]   Edge weights: ON
2026-06-17 18:39:19,261 [INFO] ============================================================
2026-06-17 18:39:19,261 [INFO] Fetching top 5 Frontiers journals by publication count...
2026-06-17 18:39:24,584 [INFO]   Journal IDs: [3315714752512, 2379411881984, 2972117368834, 2405181685761, 2826088480769]
2026-06-17 18:39:24,585 [INFO] Fetching Frontiers publication IDs...
2026-06-17 18:39:29,376 [INFO]   86,790 Frontiers publications
2026-06-17 18:39:29,376 [INFO] Building full network (Frontiers + related journals)...
2026-06-17 18:39:29,376 [INFO]   Finding journals citing Frontiers...
2026-06-17 18:39:33,949 [INFO]   Finding journals cited by Frontiers...
2026-06-17 18:39:38,545 [INFO]   1821 journals in network (1816 related + 5 Frontiers)
2026-06-17 18:41:23,889 [INFO]   6,699,373 publications
2026-06-17 18:41:24,064 [INFO]   Citation batch 1/134...
2026-06-17 18:41:43,745 [INFO]   Citation batch 2/134...
2026-06-17 18:42:00,061 [INFO]   Citation batch 3/134...
2026-06-17 18:42:16,522 [INFO]   Citation batch 4/134...
2026-06-17 18:42:33,135 [INFO]   Citation batch 5/134...
2026-06-17 18:42:49,117 [INFO]   Citation batch 6/134...
2026-06-17 18:43:06,924 [INFO]   Citation batch 7/134...
2026-06-17 18:43:25,150 [INFO]   Citation batch 8/134...
2026-06-17 18:43:38,556 [INFO]   Citation batch 9/134...
2026-06-17 18:43:56,068 [INFO]   Citation batch 10/134...
2026-06-17 18:44:15,256 [INFO]   Citation batch 11/134...
2026-06-17 18:44:35,875 [INFO]   Citation batch 12/134...
2026-06-17 18:44:54,637 [INFO]   Citation batch 13/134...
2026-06-17 18:45:15,376 [INFO]   Citation batch 14/134...
2026-06-17 18:45:31,805 [INFO]   Citation batch 15/134...
2026-06-17 18:45:46,142 [INFO]   Citation batch 16/134...
2026-06-17 18:46:01,612 [INFO]   Citation batch 17/134...
2026-06-17 18:46:16,953 [INFO]   Citation batch 18/134...
2026-06-17 18:46:29,110 [INFO]   Citation batch 19/134...
2026-06-17 18:46:40,544 [INFO]   Citation batch 20/134...
2026-06-17 18:46:52,897 [INFO]   Citation batch 21/134...
2026-06-17 18:47:04,889 [INFO]   Citation batch 22/134...
2026-06-17 18:47:19,605 [INFO]   Citation batch 23/134...
2026-06-17 18:47:33,897 [INFO]   Citation batch 24/134...
2026-06-17 18:47:47,565 [INFO]   Citation batch 25/134...
2026-06-17 18:48:00,536 [INFO]   Citation batch 26/134...
2026-06-17 18:48:19,015 [INFO]   Citation batch 27/134...
2026-06-17 18:48:34,300 [INFO]   Citation batch 28/134...
2026-06-17 18:48:47,552 [INFO]   Citation batch 29/134...
2026-06-17 18:49:00,505 [INFO]   Citation batch 30/134...
2026-06-17 18:49:15,153 [INFO]   Citation batch 31/134...
2026-06-17 18:49:29,152 [INFO]   Citation batch 32/134...
2026-06-17 18:49:45,427 [INFO]   Citation batch 33/134...
2026-06-17 18:50:00,641 [INFO]   Citation batch 34/134...
2026-06-17 18:50:17,572 [INFO]   Citation batch 35/134...
2026-06-17 18:50:35,006 [INFO]   Citation batch 36/134...
2026-06-17 18:50:51,640 [INFO]   Citation batch 37/134...
2026-06-17 18:51:08,551 [INFO]   Citation batch 38/134...
2026-06-17 18:51:25,932 [INFO]   Citation batch 39/134...
2026-06-17 18:51:40,858 [INFO]   Citation batch 40/134...
2026-06-17 18:51:55,232 [INFO]   Citation batch 41/134...
2026-06-17 18:52:13,082 [INFO]   Citation batch 42/134...
2026-06-17 18:52:32,071 [INFO]   Citation batch 43/134...
2026-06-17 18:52:49,771 [INFO]   Citation batch 44/134...
2026-06-17 18:53:04,744 [INFO]   Citation batch 45/134...
2026-06-17 18:53:21,810 [INFO]   Citation batch 46/134...
2026-06-17 18:53:37,020 [INFO]   Citation batch 47/134...
2026-06-17 18:53:53,078 [INFO]   Citation batch 48/134...
2026-06-17 18:54:08,265 [INFO]   Citation batch 49/134...
2026-06-17 18:54:22,470 [INFO]   Citation batch 50/134...
2026-06-17 18:54:36,657 [INFO]   Citation batch 51/134...
2026-06-17 18:54:50,523 [INFO]   Citation batch 52/134...
2026-06-17 18:55:04,877 [INFO]   Citation batch 53/134...
2026-06-17 18:55:17,979 [INFO]   Citation batch 54/134...
2026-06-17 18:55:31,868 [INFO]   Citation batch 55/134...
2026-06-17 18:55:44,418 [INFO]   Citation batch 56/134...
2026-06-17 18:55:56,429 [INFO]   Citation batch 57/134...
2026-06-17 18:56:11,758 [INFO]   Citation batch 58/134...
2026-06-17 18:56:26,675 [INFO]   Citation batch 59/134...
2026-06-17 18:56:41,840 [INFO]   Citation batch 60/134...
2026-06-17 18:56:58,533 [INFO]   Citation batch 61/134...
2026-06-17 18:57:15,909 [INFO]   Citation batch 62/134...
2026-06-17 18:57:30,378 [INFO]   Citation batch 63/134...
2026-06-17 18:57:46,226 [INFO]   Citation batch 64/134...
2026-06-17 18:58:01,728 [INFO]   Citation batch 65/134...
2026-06-17 18:58:16,777 [INFO]   Citation batch 66/134...
2026-06-17 18:58:30,813 [INFO]   Citation batch 67/134...
2026-06-17 18:58:47,366 [INFO]   Citation batch 68/134...
2026-06-17 18:59:02,172 [INFO]   Citation batch 69/134...
2026-06-17 18:59:18,124 [INFO]   Citation batch 70/134...
2026-06-17 18:59:32,958 [INFO]   Citation batch 71/134...
2026-06-17 18:59:47,943 [INFO]   Citation batch 72/134...
2026-06-17 19:00:01,719 [INFO]   Citation batch 73/134...
2026-06-17 19:00:19,573 [INFO]   Citation batch 74/134...
2026-06-17 19:00:37,071 [INFO]   Citation batch 75/134...
2026-06-17 19:00:56,621 [INFO]   Citation batch 76/134...
2026-06-17 19:01:15,707 [INFO]   Citation batch 77/134...
2026-06-17 19:01:32,145 [INFO]   Citation batch 78/134...
2026-06-17 19:01:49,789 [INFO]   Citation batch 79/134...
2026-06-17 19:02:06,944 [INFO]   Citation batch 80/134...
2026-06-17 19:02:23,828 [INFO]   Citation batch 81/134...
2026-06-17 19:02:40,020 [INFO]   Citation batch 82/134...
2026-06-17 19:02:56,360 [INFO]   Citation batch 83/134...
2026-06-17 19:03:14,635 [INFO]   Citation batch 84/134...
2026-06-17 19:03:33,911 [INFO]   Citation batch 85/134...
2026-06-17 19:03:52,026 [INFO]   Citation batch 86/134...
2026-06-17 19:04:11,025 [INFO]   Citation batch 87/134...
2026-06-17 19:04:28,240 [INFO]   Citation batch 88/134...
2026-06-17 19:04:44,558 [INFO]   Citation batch 89/134...
2026-06-17 19:05:02,611 [INFO]   Citation batch 90/134...
2026-06-17 19:05:20,863 [INFO]   Citation batch 91/134...
2026-06-17 19:05:37,486 [INFO]   Citation batch 92/134...
2026-06-17 19:05:52,718 [INFO]   Citation batch 93/134...
2026-06-17 19:06:10,976 [INFO]   Citation batch 94/134...
2026-06-17 19:06:29,992 [INFO]   Citation batch 95/134...
2026-06-17 19:06:46,181 [INFO]   Citation batch 96/134...
2026-06-17 19:07:01,593 [INFO]   Citation batch 97/134...
2026-06-17 19:07:18,119 [INFO]   Citation batch 98/134...
2026-06-17 19:07:38,165 [INFO]   Citation batch 99/134...
2026-06-17 19:07:57,351 [INFO]   Citation batch 100/134...
2026-06-17 19:08:16,028 [INFO]   Citation batch 101/134...
2026-06-17 19:08:31,418 [INFO]   Citation batch 102/134...
2026-06-17 19:08:46,126 [INFO]   Citation batch 103/134...
2026-06-17 19:09:00,926 [INFO]   Citation batch 104/134...
2026-06-17 19:09:17,196 [INFO]   Citation batch 105/134...
2026-06-17 19:09:32,413 [INFO]   Citation batch 106/134...
2026-06-17 19:09:46,980 [INFO]   Citation batch 107/134...
2026-06-17 19:10:01,144 [INFO]   Citation batch 108/134...
2026-06-17 19:10:15,061 [INFO]   Citation batch 109/134...
2026-06-17 19:10:29,858 [INFO]   Citation batch 110/134...
2026-06-17 19:10:43,948 [INFO]   Citation batch 111/134...
2026-06-17 19:10:57,981 [INFO]   Citation batch 112/134...
2026-06-17 19:11:13,246 [INFO]   Citation batch 113/134...
2026-06-17 19:11:30,505 [INFO]   Citation batch 114/134...
2026-06-17 19:11:46,481 [INFO]   Citation batch 115/134...
2026-06-17 19:12:01,280 [INFO]   Citation batch 116/134...
2026-06-17 19:12:15,768 [INFO]   Citation batch 117/134...
2026-06-17 19:12:26,657 [INFO]   Citation batch 118/134...
2026-06-17 19:12:36,727 [INFO]   Citation batch 119/134...
2026-06-17 19:12:47,718 [INFO]   Citation batch 120/134...
2026-06-17 19:13:02,263 [INFO]   Citation batch 121/134...
2026-06-17 19:13:18,987 [INFO]   Citation batch 122/134...
2026-06-17 19:13:34,207 [INFO]   Citation batch 123/134...
2026-06-17 19:13:49,296 [INFO]   Citation batch 124/134...
2026-06-17 19:14:03,576 [INFO]   Citation batch 125/134...
2026-06-17 19:14:17,543 [INFO]   Citation batch 126/134...
2026-06-17 19:14:32,968 [INFO]   Citation batch 127/134...
2026-06-17 19:14:49,035 [INFO]   Citation batch 128/134...
2026-06-17 19:15:05,214 [INFO]   Citation batch 129/134...
2026-06-17 19:15:19,893 [INFO]   Citation batch 130/134...
2026-06-17 19:15:35,442 [INFO]   Citation batch 131/134...
2026-06-17 19:15:50,029 [INFO]   Citation batch 132/134...
2026-06-17 19:16:05,023 [INFO]   Citation batch 133/134...
2026-06-17 19:16:21,416 [INFO]   Citation batch 134/134...
2026-06-17 19:16:56,541 [INFO]   16,626,555 edges, 3,943,071 nodes
2026-06-17 19:16:56,988 [INFO] Fetching metadata for 3,943,071 nodes...
2026-06-17 19:16:57,108 [INFO]   Metadata batch 1/198...
2026-06-17 19:17:06,284 [INFO]   Metadata batch 2/198...
2026-06-17 19:17:14,229 [INFO]   Metadata batch 3/198...
2026-06-17 19:17:22,010 [INFO]   Metadata batch 4/198...
2026-06-17 19:17:30,708 [INFO]   Metadata batch 5/198...
2026-06-17 19:17:38,845 [INFO]   Metadata batch 6/198...
2026-06-17 19:17:47,339 [INFO]   Metadata batch 7/198...
2026-06-17 19:17:55,229 [INFO]   Metadata batch 8/198...
2026-06-17 19:18:03,339 [INFO]   Metadata batch 9/198...
2026-06-17 19:18:11,645 [INFO]   Metadata batch 10/198...
2026-06-17 19:18:20,057 [INFO]   Metadata batch 11/198...
2026-06-17 19:18:28,475 [INFO]   Metadata batch 12/198...
2026-06-17 19:18:37,275 [INFO]   Metadata batch 13/198...
2026-06-17 19:18:45,141 [INFO]   Metadata batch 14/198...
2026-06-17 19:18:53,440 [INFO]   Metadata batch 15/198...
2026-06-17 19:19:01,902 [INFO]   Metadata batch 16/198...
2026-06-17 19:19:10,623 [INFO]   Metadata batch 17/198...
2026-06-17 19:19:18,195 [INFO]   Metadata batch 18/198...
2026-06-17 19:19:26,591 [INFO]   Metadata batch 19/198...
2026-06-17 19:19:35,372 [INFO]   Metadata batch 20/198...
2026-06-17 19:19:43,611 [INFO]   Metadata batch 21/198...
2026-06-17 19:19:52,447 [INFO]   Metadata batch 22/198...
2026-06-17 19:20:01,493 [INFO]   Metadata batch 23/198...
2026-06-17 19:20:09,867 [INFO]   Metadata batch 24/198...
2026-06-17 19:20:18,578 [INFO]   Metadata batch 25/198...
2026-06-17 19:20:27,396 [INFO]   Metadata batch 26/198...
2026-06-17 19:20:36,087 [INFO]   Metadata batch 27/198...
2026-06-17 19:20:43,768 [INFO]   Metadata batch 28/198...
2026-06-17 19:20:51,928 [INFO]   Metadata batch 29/198...
2026-06-17 19:21:00,393 [INFO]   Metadata batch 30/198...
2026-06-17 19:21:09,563 [INFO]   Metadata batch 31/198...
2026-06-17 19:21:18,552 [INFO]   Metadata batch 32/198...
2026-06-17 19:21:26,243 [INFO]   Metadata batch 33/198...
2026-06-17 19:21:35,088 [INFO]   Metadata batch 34/198...
2026-06-17 19:21:43,483 [INFO]   Metadata batch 35/198...
2026-06-17 19:21:51,748 [INFO]   Metadata batch 36/198...
2026-06-17 19:21:59,235 [INFO]   Metadata batch 37/198...
2026-06-17 19:22:07,224 [INFO]   Metadata batch 38/198...
2026-06-17 19:22:16,304 [INFO]   Metadata batch 39/198...
2026-06-17 19:22:24,910 [INFO]   Metadata batch 40/198...
2026-06-17 19:22:34,145 [INFO]   Metadata batch 41/198...
2026-06-17 19:22:41,288 [INFO]   Metadata batch 42/198...
2026-06-17 19:22:49,406 [INFO]   Metadata batch 43/198...
2026-06-17 19:22:57,798 [INFO]   Metadata batch 44/198...
2026-06-17 19:23:06,259 [INFO]   Metadata batch 45/198...
2026-06-17 19:23:14,569 [INFO]   Metadata batch 46/198...
2026-06-17 19:23:22,545 [INFO]   Metadata batch 47/198...
2026-06-17 19:23:31,013 [INFO]   Metadata batch 48/198...
2026-06-17 19:23:40,478 [INFO]   Metadata batch 49/198...
2026-06-17 19:23:48,201 [INFO]   Metadata batch 50/198...
2026-06-17 19:23:56,636 [INFO]   Metadata batch 51/198...
2026-06-17 19:24:04,780 [INFO]   Metadata batch 52/198...
2026-06-17 19:24:12,992 [INFO]   Metadata batch 53/198...
2026-06-17 19:24:21,555 [INFO]   Metadata batch 54/198...
2026-06-17 19:24:29,669 [INFO]   Metadata batch 55/198...
2026-06-17 19:24:38,170 [INFO]   Metadata batch 56/198...
2026-06-17 19:24:46,653 [INFO]   Metadata batch 57/198...
2026-06-17 19:24:55,563 [INFO]   Metadata batch 58/198...
2026-06-17 19:25:03,376 [INFO]   Metadata batch 59/198...
2026-06-17 19:25:13,724 [INFO]   Metadata batch 60/198...
2026-06-17 19:25:21,698 [INFO]   Metadata batch 61/198...
2026-06-17 19:25:30,541 [INFO]   Metadata batch 62/198...
2026-06-17 19:25:39,256 [INFO]   Metadata batch 63/198...
2026-06-17 19:25:47,155 [INFO]   Metadata batch 64/198...
2026-06-17 19:25:55,763 [INFO]   Metadata batch 65/198...
2026-06-17 19:26:04,389 [INFO]   Metadata batch 66/198...
2026-06-17 19:26:11,969 [INFO]   Metadata batch 67/198...
2026-06-17 19:26:19,675 [INFO]   Metadata batch 68/198...
2026-06-17 19:26:27,809 [INFO]   Metadata batch 69/198...
2026-06-17 19:26:34,969 [INFO]   Metadata batch 70/198...
2026-06-17 19:26:43,596 [INFO]   Metadata batch 71/198...
2026-06-17 19:26:51,392 [INFO]   Metadata batch 72/198...
2026-06-17 19:27:00,550 [INFO]   Metadata batch 73/198...
2026-06-17 19:27:08,772 [INFO]   Metadata batch 74/198...
2026-06-17 19:27:16,960 [INFO]   Metadata batch 75/198...
2026-06-17 19:27:25,137 [INFO]   Metadata batch 76/198...
2026-06-17 19:27:34,582 [INFO]   Metadata batch 77/198...
2026-06-17 19:27:43,759 [INFO]   Metadata batch 78/198...
2026-06-17 19:27:51,740 [INFO]   Metadata batch 79/198...
2026-06-17 19:28:00,294 [INFO]   Metadata batch 80/198...
2026-06-17 19:28:08,639 [INFO]   Metadata batch 81/198...
2026-06-17 19:28:16,444 [INFO]   Metadata batch 82/198...
2026-06-17 19:28:24,064 [INFO]   Metadata batch 83/198...
2026-06-17 19:28:32,745 [INFO]   Metadata batch 84/198...
2026-06-17 19:28:40,467 [INFO]   Metadata batch 85/198...
2026-06-17 19:28:48,282 [INFO]   Metadata batch 86/198...
2026-06-17 19:28:56,493 [INFO]   Metadata batch 87/198...
2026-06-17 19:29:04,520 [INFO]   Metadata batch 88/198...
2026-06-17 19:29:12,743 [INFO]   Metadata batch 89/198...
2026-06-17 19:29:22,002 [INFO]   Metadata batch 90/198...
2026-06-17 19:29:29,502 [INFO]   Metadata batch 91/198...
2026-06-17 19:29:37,344 [INFO]   Metadata batch 92/198...
2026-06-17 19:29:46,527 [INFO]   Metadata batch 93/198...
2026-06-17 19:29:55,528 [INFO]   Metadata batch 94/198...
2026-06-17 19:30:03,049 [INFO]   Metadata batch 95/198...
2026-06-17 19:30:11,380 [INFO]   Metadata batch 96/198...
2026-06-17 19:30:18,890 [INFO]   Metadata batch 97/198...
2026-06-17 19:30:26,859 [INFO]   Metadata batch 98/198...
2026-06-17 19:30:34,411 [INFO]   Metadata batch 99/198...
2026-06-17 19:30:42,335 [INFO]   Metadata batch 100/198...
2026-06-17 19:30:50,967 [INFO]   Metadata batch 101/198...
2026-06-17 19:30:59,313 [INFO]   Metadata batch 102/198...
2026-06-17 19:31:07,101 [INFO]   Metadata batch 103/198...
2026-06-17 19:31:17,152 [INFO]   Metadata batch 104/198...
2026-06-17 19:31:24,743 [INFO]   Metadata batch 105/198...
2026-06-17 19:31:32,827 [INFO]   Metadata batch 106/198...
2026-06-17 19:31:40,253 [INFO]   Metadata batch 107/198...
2026-06-17 19:31:48,173 [INFO]   Metadata batch 108/198...
2026-06-17 19:31:56,979 [INFO]   Metadata batch 109/198...
2026-06-17 19:32:05,482 [INFO]   Metadata batch 110/198...
2026-06-17 19:32:13,681 [INFO]   Metadata batch 111/198...
2026-06-17 19:32:21,112 [INFO]   Metadata batch 112/198...
2026-06-17 19:32:28,726 [INFO]   Metadata batch 113/198...
2026-06-17 19:32:36,985 [INFO]   Metadata batch 114/198...
2026-06-17 19:32:44,383 [INFO]   Metadata batch 115/198...
2026-06-17 19:32:52,307 [INFO]   Metadata batch 116/198...
2026-06-17 19:33:01,344 [INFO]   Metadata batch 117/198...
2026-06-17 19:33:10,247 [INFO]   Metadata batch 118/198...
2026-06-17 19:33:17,805 [INFO]   Metadata batch 119/198...
2026-06-17 19:33:26,460 [INFO]   Metadata batch 120/198...
2026-06-17 19:33:33,925 [INFO]   Metadata batch 121/198...
2026-06-17 19:33:41,573 [INFO]   Metadata batch 122/198...
2026-06-17 19:34:00,411 [INFO]   Metadata batch 123/198...
2026-06-17 19:34:08,051 [INFO]   Metadata batch 124/198...
2026-06-17 19:34:16,923 [INFO]   Metadata batch 125/198...
2026-06-17 19:34:24,629 [INFO]   Metadata batch 126/198...
2026-06-17 19:34:32,035 [INFO]   Metadata batch 127/198...
2026-06-17 19:34:39,780 [INFO]   Metadata batch 128/198...
2026-06-17 19:34:47,315 [INFO]   Metadata batch 129/198...
2026-06-17 19:34:54,571 [INFO]   Metadata batch 130/198...
2026-06-17 19:35:03,367 [INFO]   Metadata batch 131/198...
2026-06-17 19:35:11,683 [INFO]   Metadata batch 132/198...
2026-06-17 19:35:19,414 [INFO]   Metadata batch 133/198...
2026-06-17 19:35:27,457 [INFO]   Metadata batch 134/198...
2026-06-17 19:35:36,435 [INFO]   Metadata batch 135/198...
2026-06-17 19:35:45,289 [INFO]   Metadata batch 136/198...
2026-06-17 19:35:52,970 [INFO]   Metadata batch 137/198...
2026-06-17 19:36:01,107 [INFO]   Metadata batch 138/198...
2026-06-17 19:36:09,043 [INFO]   Metadata batch 139/198...
2026-06-17 19:36:16,944 [INFO]   Metadata batch 140/198...
2026-06-17 19:36:25,278 [INFO]   Metadata batch 141/198...
2026-06-17 19:36:32,934 [INFO]   Metadata batch 142/198...
2026-06-17 19:36:41,305 [INFO]   Metadata batch 143/198...
2026-06-17 19:36:49,474 [INFO]   Metadata batch 144/198...
2026-06-17 19:36:57,731 [INFO]   Metadata batch 145/198...
2026-06-17 19:37:06,127 [INFO]   Metadata batch 146/198...
2026-06-17 19:37:14,544 [INFO]   Metadata batch 147/198...
2026-06-17 19:37:22,528 [INFO]   Metadata batch 148/198...
2026-06-17 19:37:29,677 [INFO]   Metadata batch 149/198...
2026-06-17 19:37:37,786 [INFO]   Metadata batch 150/198...
2026-06-17 19:37:45,218 [INFO]   Metadata batch 151/198...
2026-06-17 19:37:53,140 [INFO]   Metadata batch 152/198...
2026-06-17 19:38:00,435 [INFO]   Metadata batch 153/198...
2026-06-17 19:38:08,233 [INFO]   Metadata batch 154/198...
2026-06-17 19:38:16,089 [INFO]   Metadata batch 155/198...
2026-06-17 19:38:23,979 [INFO]   Metadata batch 156/198...
2026-06-17 19:38:32,274 [INFO]   Metadata batch 157/198...
2026-06-17 19:38:40,088 [INFO]   Metadata batch 158/198...
2026-06-17 19:38:47,963 [INFO]   Metadata batch 159/198...
2026-06-17 19:38:56,269 [INFO]   Metadata batch 160/198...
2026-06-17 19:39:04,437 [INFO]   Metadata batch 161/198...
2026-06-17 19:39:12,480 [INFO]   Metadata batch 162/198...
2026-06-17 19:39:20,583 [INFO]   Metadata batch 163/198...
2026-06-17 19:39:28,184 [INFO]   Metadata batch 164/198...
2026-06-17 19:39:35,512 [INFO]   Metadata batch 165/198...
2026-06-17 19:39:43,416 [INFO]   Metadata batch 166/198...
2026-06-17 19:39:50,913 [INFO]   Metadata batch 167/198...
2026-06-17 19:39:58,159 [INFO]   Metadata batch 168/198...
2026-06-17 19:40:05,833 [INFO]   Metadata batch 169/198...
2026-06-17 19:40:14,186 [INFO]   Metadata batch 170/198...
2026-06-17 19:40:21,974 [INFO]   Metadata batch 171/198...
2026-06-17 19:40:30,490 [INFO]   Metadata batch 172/198...
2026-06-17 19:40:38,308 [INFO]   Metadata batch 173/198...
2026-06-17 19:40:46,562 [INFO]   Metadata batch 174/198...
2026-06-17 19:40:54,363 [INFO]   Metadata batch 175/198...
2026-06-17 19:41:02,135 [INFO]   Metadata batch 176/198...
2026-06-17 19:41:10,020 [INFO]   Metadata batch 177/198...
2026-06-17 19:41:17,685 [INFO]   Metadata batch 178/198...
2026-06-17 19:41:25,397 [INFO]   Metadata batch 179/198...
2026-06-17 19:41:33,523 [INFO]   Metadata batch 180/198...
2026-06-17 19:41:41,720 [INFO]   Metadata batch 181/198...
2026-06-17 19:41:49,111 [INFO]   Metadata batch 182/198...
2026-06-17 19:41:56,559 [INFO]   Metadata batch 183/198...
2026-06-17 19:42:04,914 [INFO]   Metadata batch 184/198...
2026-06-17 19:42:13,060 [INFO]   Metadata batch 185/198...
2026-06-17 19:42:20,334 [INFO]   Metadata batch 186/198...
2026-06-17 19:42:27,573 [INFO]   Metadata batch 187/198...
2026-06-17 19:42:35,481 [INFO]   Metadata batch 188/198...
2026-06-17 19:42:43,937 [INFO]   Metadata batch 189/198...
2026-06-17 19:42:51,761 [INFO]   Metadata batch 190/198...
2026-06-17 19:42:58,839 [INFO]   Metadata batch 191/198...
2026-06-17 19:43:07,180 [INFO]   Metadata batch 192/198...
2026-06-17 19:43:15,504 [INFO]   Metadata batch 193/198...
2026-06-17 19:43:22,996 [INFO]   Metadata batch 194/198...
2026-06-17 19:43:31,515 [INFO]   Metadata batch 195/198...
2026-06-17 19:43:39,368 [INFO]   Metadata batch 196/198...
2026-06-17 19:43:46,756 [INFO]   Metadata batch 197/198...
2026-06-17 19:43:54,740 [INFO]   Metadata batch 198/198...
2026-06-17 19:44:05,404 [INFO]   3,943,071 nodes (67,894 Frontiers core)
2026-06-17 19:44:06,056 [INFO] Applying edge weights (temporal decay + self-citation discount)...
2026-06-17 19:45:13,021 [INFO]   Decay mean=0.623  |  Self-citations: 1,796,577
2026-06-17 19:45:13,054 [INFO]   Combined weight mean=0.589
2026-06-17 19:45:13,613 [INFO] Computing bibliographic coupling (min shared refs=3)...
2026-06-17 19:45:13,701 [INFO]   BC batch 1/5...
2026-06-17 19:48:42,090 [INFO]     4,524,691 BC edges
2026-06-17 19:48:42,095 [INFO]   BC batch 2/5...
2026-06-17 19:52:32,197 [INFO]     5,236,472 BC edges
2026-06-17 19:52:32,204 [INFO]   BC batch 3/5...
2026-06-17 19:55:59,758 [INFO]     4,707,239 BC edges
2026-06-17 19:55:59,763 [INFO]   BC batch 4/5...
2026-06-17 19:59:56,046 [INFO]     5,632,914 BC edges
2026-06-17 19:59:56,053 [INFO]   BC batch 5/5...
2026-06-17 20:01:32,203 [INFO]     1,785,605 BC edges
2026-06-17 20:01:38,985 [INFO]   Total BC edges: 21,886,921
2026-06-17 20:01:39,299 [INFO] Merging direct citation and BC edges...
2026-06-17 20:02:30,227 [INFO]   Merged: 37,641,306 edges (mean weight=0.293)
2026-06-17 20:02:37,161 [INFO] Writing CWTS files to cwts_output/  (3,943,071 nodes)...
2026-06-17 20:04:21,323 [INFO]   pubs.txt        : 3,943,071 rows  (0 Frontiers)
2026-06-17 20:04:51,891 [INFO] 3943071 out of 3943071 rows loaded.
2026-06-17 20:04:51,893 [INFO]   → BigQuery: scope_drift_raw.pubs_raw_20260617_183916
2026-06-17 20:06:55,077 [INFO]   pub_metadata.txt: 3,943,071 rows
2026-06-17 20:07:49,322 [INFO] 3943071 out of 3943071 rows loaded.
2026-06-17 20:07:49,325 [INFO]   → BigQuery: scope_drift_raw.pub_metadata_raw_20260617_183916
