2026-06-11 10:57:04,793 [INFO] ============================================================
2026-06-11 10:57:04,793 [INFO] Configuration
2026-06-11 10:57:04,793 [INFO] ============================================================
2026-06-11 10:57:04,793 [INFO]   BQ_PROJECT              : ocean-tech-adv-analytics-p-usr
2026-06-11 10:57:04,793 [INFO]   AIRAK_DATASET           : ocean-breeze-tier-1.airak
2026-06-11 10:57:04,793 [INFO]   NETWORK_MODE            : global
2026-06-11 10:57:04,793 [INFO]   START_YEAR              : 2020
2026-06-11 10:57:04,794 [INFO]   END_YEAR                : 2026
2026-06-11 10:57:04,794 [INFO]   TOP_N_JOURNALS          : 5
2026-06-11 10:57:04,794 [INFO]   JOURNAL_IDS_OVERRIDE    : (none)
2026-06-11 10:57:04,794 [INFO]   ENABLE_EDGE_WEIGHTS     : True
2026-06-11 10:57:04,794 [INFO]   TEMPORAL_DECAY_TAU      : 5.0
2026-06-11 10:57:04,794 [INFO]   SELF_CITE_JOURNAL_WEIGHT: 0.5
2026-06-11 10:57:04,794 [INFO]   ENABLE_BC_EDGES         : True
2026-06-11 10:57:04,794 [INFO]   BC_MIN_SHARED_REFS      : 3
2026-06-11 10:57:04,794 [INFO]   MAX_EXTERNAL_PAPERS     : 50000
2026-06-11 10:57:04,794 [INFO]   OUTPUT_DIR              : cwts_output
2026-06-11 10:57:04,794 [INFO] ============================================================
2026-06-11 10:57:04,794 [INFO] ============================================================
2026-06-11 10:57:04,794 [INFO] CWTS Export — Edge Weight Builder
2026-06-11 10:57:04,794 [INFO]   Mode: GLOBAL  |  Years: 2020-2026
2026-06-11 10:57:04,794 [INFO]   Edge weights: ON
2026-06-11 10:57:04,794 [INFO] ============================================================
2026-06-11 10:57:04,794 [INFO] Fetching top 5 Frontiers journals by publication count...
2026-06-11 10:57:06,789 [INFO]   Journal IDs: [3315714752512, 2405181685761, 2972117368834, 2379411881984, 1013612281856]
2026-06-11 10:57:06,789 [INFO] Fetching Frontiers publication IDs...
2026-06-11 10:57:08,943 [INFO]   159,718 Frontiers publications
2026-06-11 10:57:08,943 [INFO] Building GLOBAL network for 2020-2026 (every publication, no journal filter)...
2026-06-11 11:02:52,940 [INFO]   294,469,003 edges, 31,125,481 nodes (145,275 Frontiers core)
2026-06-11 11:02:52,940 [WARNING] Global mode: disabling bibliographic-coupling edges (no journal scope; query would be unbounded).
2026-06-11 11:02:52,940 [INFO] Fetching metadata for 31,125,481 nodes...
2026-06-11 11:02:54,278 [INFO]   Metadata batch 1/1557...
2026-06-11 11:03:01,077 [INFO]   Metadata batch 2/1557...
2026-06-11 11:03:09,403 [INFO]   Metadata batch 3/1557...
2026-06-11 11:03:14,745 [INFO]   Metadata batch 4/1557...
2026-06-11 11:03:19,858 [INFO]   Metadata batch 5/1557...
2026-06-11 11:03:24,975 [INFO]   Metadata batch 6/1557...
2026-06-11 11:03:30,340 [INFO]   Metadata batch 7/1557...
2026-06-11 11:03:35,496 [INFO]   Metadata batch 8/1557...
2026-06-11 11:03:40,655 [INFO]   Metadata batch 9/1557...
2026-06-11 11:03:45,375 [INFO]   Metadata batch 10/1557...
2026-06-11 11:03:50,572 [INFO]   Metadata batch 11/1557...
2026-06-11 11:03:55,458 [INFO]   Metadata batch 12/1557...
2026-06-11 11:04:00,666 [INFO]   Metadata batch 13/1557...
2026-06-11 11:04:06,005 [INFO]   Metadata batch 14/1557...
2026-06-11 11:04:11,680 [INFO]   Metadata batch 15/1557...
2026-06-11 11:04:16,801 [INFO]   Metadata batch 16/1557...
2026-06-11 11:04:25,203 [INFO]   Metadata batch 17/1557...
2026-06-11 11:04:30,155 [INFO]   Metadata batch 18/1557...
2026-06-11 11:04:39,487 [INFO]   Metadata batch 19/1557...
2026-06-11 11:04:44,989 [INFO]   Metadata batch 20/1557...
2026-06-11 11:04:49,904 [INFO]   Metadata batch 21/1557...
2026-06-11 11:04:55,240 [INFO]   Metadata batch 22/1557...
2026-06-11 11:05:00,414 [INFO]   Metadata batch 23/1557...
2026-06-11 11:05:05,791 [INFO]   Metadata batch 24/1557...
2026-06-11 11:05:11,116 [INFO]   Metadata batch 25/1557...
2026-06-11 11:05:16,587 [INFO]   Metadata batch 26/1557...
2026-06-11 11:05:21,993 [INFO]   Metadata batch 27/1557...
2026-06-11 11:05:26,778 [INFO]   Metadata batch 28/1557...
2026-06-11 11:05:32,692 [INFO]   Metadata batch 29/1557...
2026-06-11 11:05:37,929 [INFO]   Metadata batch 30/1557...
2026-06-11 11:05:42,849 [INFO]   Metadata batch 31/1557...
2026-06-11 11:05:47,739 [INFO]   Metadata batch 32/1557...
2026-06-11 11:05:52,625 [INFO]   Metadata batch 33/1557...
2026-06-11 11:05:57,454 [INFO]   Metadata batch 34/1557...
2026-06-11 11:06:03,275 [INFO]   Metadata batch 35/1557...
2026-06-11 11:06:08,740 [INFO]   Metadata batch 36/1557...
2026-06-11 11:06:15,019 [INFO]   Metadata batch 37/1557...
2026-06-11 11:06:19,987 [INFO]   Metadata batch 38/1557...
2026-06-11 11:06:25,266 [INFO]   Metadata batch 39/1557...
2026-06-11 11:06:30,622 [INFO]   Metadata batch 40/1557...
2026-06-11 11:06:35,908 [INFO]   Metadata batch 41/1557...
2026-06-11 11:06:42,362 [INFO]   Metadata batch 42/1557...
2026-06-11 11:06:47,894 [INFO]   Metadata batch 43/1557...
2026-06-11 11:06:53,520 [INFO]   Metadata batch 44/1557...
2026-06-11 11:06:58,681 [INFO]   Metadata batch 45/1557...
2026-06-11 11:07:03,480 [INFO]   Metadata batch 46/1557...
2026-06-11 11:07:09,690 [INFO]   Metadata batch 47/1557...
2026-06-11 11:07:14,360 [INFO]   Metadata batch 48/1557...
2026-06-11 11:07:20,056 [INFO]   Metadata batch 49/1557...
2026-06-11 11:07:25,458 [INFO]   Metadata batch 50/1557...
2026-06-11 11:07:31,320 [INFO]   Metadata batch 51/1557...
2026-06-11 11:07:36,759 [INFO]   Metadata batch 52/1557...
2026-06-11 11:07:42,388 [INFO]   Metadata batch 53/1557...
2026-06-11 11:07:47,741 [INFO]   Metadata batch 54/1557...
2026-06-11 11:07:52,565 [INFO]   Metadata batch 55/1557...
2026-06-11 11:07:57,618 [INFO]   Metadata batch 56/1557...
2026-06-11 11:08:03,005 [INFO]   Metadata batch 57/1557...
2026-06-11 11:08:07,858 [INFO]   Metadata batch 58/1557...
2026-06-11 11:08:13,138 [INFO]   Metadata batch 59/1557...
2026-06-11 11:08:19,053 [INFO]   Metadata batch 60/1557...
2026-06-11 11:08:25,651 [INFO]   Metadata batch 61/1557...
2026-06-11 11:08:30,581 [INFO]   Metadata batch 62/1557...
2026-06-11 11:08:35,585 [INFO]   Metadata batch 63/1557...
2026-06-11 11:08:41,099 [INFO]   Metadata batch 64/1557...
2026-06-11 11:08:46,787 [INFO]   Metadata batch 65/1557...
2026-06-11 11:08:52,403 [INFO]   Metadata batch 66/1557...
2026-06-11 11:08:57,602 [INFO]   Metadata batch 67/1557...
2026-06-11 11:09:02,313 [INFO]   Metadata batch 68/1557...
2026-06-11 11:09:07,049 [INFO]   Metadata batch 69/1557...
2026-06-11 11:09:12,066 [INFO]   Metadata batch 70/1557...
2026-06-11 11:09:17,299 [INFO]   Metadata batch 71/1557...
2026-06-11 11:09:22,897 [INFO]   Metadata batch 72/1557...
2026-06-11 11:09:28,039 [INFO]   Metadata batch 73/1557...
2026-06-11 11:09:34,046 [INFO]   Metadata batch 74/1557...
2026-06-11 11:09:38,967 [INFO]   Metadata batch 75/1557...
2026-06-11 11:09:43,690 [INFO]   Metadata batch 76/1557...
2026-06-11 11:09:48,638 [INFO]   Metadata batch 77/1557...
2026-06-11 11:09:53,734 [INFO]   Metadata batch 78/1557...
2026-06-11 11:09:59,505 [INFO]   Metadata batch 79/1557...
2026-06-11 11:10:04,737 [INFO]   Metadata batch 80/1557...
2026-06-11 11:10:10,609 [INFO]   Metadata batch 81/1557...
2026-06-11 11:10:15,849 [INFO]   Metadata batch 82/1557...
2026-06-11 11:10:20,631 [INFO]   Metadata batch 83/1557...
2026-06-11 11:10:25,528 [INFO]   Metadata batch 84/1557...
2026-06-11 11:10:30,809 [INFO]   Metadata batch 85/1557...
2026-06-11 11:10:36,761 [INFO]   Metadata batch 86/1557...
2026-06-11 11:10:42,200 [INFO]   Metadata batch 87/1557...
2026-06-11 11:10:47,606 [INFO]   Metadata batch 88/1557...
2026-06-11 11:10:53,336 [INFO]   Metadata batch 89/1557...
2026-06-11 11:10:58,920 [INFO]   Metadata batch 90/1557...
2026-06-11 11:11:04,687 [INFO]   Metadata batch 91/1557...
2026-06-11 11:11:09,871 [INFO]   Metadata batch 92/1557...
2026-06-11 11:11:14,994 [INFO]   Metadata batch 93/1557...
2026-06-11 11:11:20,013 [INFO]   Metadata batch 94/1557...
2026-06-11 11:11:24,853 [INFO]   Metadata batch 95/1557...
2026-06-11 11:11:29,733 [INFO]   Metadata batch 96/1557...
2026-06-11 11:11:35,492 [INFO]   Metadata batch 97/1557...
2026-06-11 11:11:40,911 [INFO]   Metadata batch 98/1557...
2026-06-11 11:11:46,144 [INFO]   Metadata batch 99/1557...
2026-06-11 11:11:51,402 [INFO]   Metadata batch 100/1557...
2026-06-11 11:11:57,124 [INFO]   Metadata batch 101/1557...
2026-06-11 11:12:02,342 [INFO]   Metadata batch 102/1557...
2026-06-11 11:12:08,090 [INFO]   Metadata batch 103/1557...
2026-06-11 11:12:13,561 [INFO]   Metadata batch 104/1557...
2026-06-11 11:12:18,289 [INFO]   Metadata batch 105/1557...
2026-06-11 11:12:23,803 [INFO]   Metadata batch 106/1557...
2026-06-11 11:12:29,256 [INFO]   Metadata batch 107/1557...
2026-06-11 11:12:34,353 [INFO]   Metadata batch 108/1557...
2026-06-11 11:12:40,061 [INFO]   Metadata batch 109/1557...
2026-06-11 11:12:44,692 [INFO]   Metadata batch 110/1557...
2026-06-11 11:12:49,180 [INFO]   Metadata batch 111/1557...
2026-06-11 11:12:53,905 [INFO]   Metadata batch 112/1557...
2026-06-11 11:12:59,105 [INFO]   Metadata batch 113/1557...
2026-06-11 11:13:04,162 [INFO]   Metadata batch 114/1557...
2026-06-11 11:13:09,537 [INFO]   Metadata batch 115/1557...
2026-06-11 11:13:14,376 [INFO]   Metadata batch 116/1557...
2026-06-11 11:13:20,287 [INFO]   Metadata batch 117/1557...
2026-06-11 11:13:25,782 [INFO]   Metadata batch 118/1557...
2026-06-11 11:13:30,841 [INFO]   Metadata batch 119/1557...
2026-06-11 11:13:36,178 [INFO]   Metadata batch 120/1557...
2026-06-11 11:13:42,390 [INFO]   Metadata batch 121/1557...
2026-06-11 11:13:47,004 [INFO]   Metadata batch 122/1557...
2026-06-11 11:13:52,171 [INFO]   Metadata batch 123/1557...
2026-06-11 11:13:56,851 [INFO]   Metadata batch 124/1557...
2026-06-11 11:14:01,954 [INFO]   Metadata batch 125/1557...
2026-06-11 11:14:07,388 [INFO]   Metadata batch 126/1557...
2026-06-11 11:14:12,462 [INFO]   Metadata batch 127/1557...
2026-06-11 11:14:17,688 [INFO]   Metadata batch 128/1557...
2026-06-11 11:14:22,452 [INFO]   Metadata batch 129/1557...
2026-06-11 11:14:27,093 [INFO]   Metadata batch 130/1557...
2026-06-11 11:14:32,215 [INFO]   Metadata batch 131/1557...
2026-06-11 11:14:37,480 [INFO]   Metadata batch 132/1557...
2026-06-11 11:14:42,811 [INFO]   Metadata batch 133/1557...
2026-06-11 11:14:48,499 [INFO]   Metadata batch 134/1557...
2026-06-11 11:14:53,354 [INFO]   Metadata batch 135/1557...
2026-06-11 11:14:58,363 [INFO]   Metadata batch 136/1557...
2026-06-11 11:15:03,215 [INFO]   Metadata batch 137/1557...
2026-06-11 11:15:08,641 [INFO]   Metadata batch 138/1557...
2026-06-11 11:15:14,474 [INFO]   Metadata batch 139/1557...
2026-06-11 11:15:19,610 [INFO]   Metadata batch 140/1557...
2026-06-11 11:15:25,567 [INFO]   Metadata batch 141/1557...
2026-06-11 11:15:30,417 [INFO]   Metadata batch 142/1557...
2026-06-11 11:15:35,970 [INFO]   Metadata batch 143/1557...
2026-06-11 11:15:41,116 [INFO]   Metadata batch 144/1557...
2026-06-11 11:15:46,661 [INFO]   Metadata batch 145/1557...
2026-06-11 11:15:51,911 [INFO]   Metadata batch 146/1557...
2026-06-11 11:15:57,367 [INFO]   Metadata batch 147/1557...
2026-06-11 11:16:02,745 [INFO]   Metadata batch 148/1557...
2026-06-11 11:16:07,924 [INFO]   Metadata batch 149/1557...
2026-06-11 11:16:13,258 [INFO]   Metadata batch 150/1557...
2026-06-11 11:16:18,437 [INFO]   Metadata batch 151/1557...
2026-06-11 11:16:24,471 [INFO]   Metadata batch 152/1557...
2026-06-11 11:16:30,407 [INFO]   Metadata batch 153/1557...
2026-06-11 11:16:35,388 [INFO]   Metadata batch 154/1557...
2026-06-11 11:16:40,566 [INFO]   Metadata batch 155/1557...
2026-06-11 11:16:45,738 [INFO]   Metadata batch 156/1557...
2026-06-11 11:16:50,846 [INFO]   Metadata batch 157/1557...
2026-06-11 11:16:55,903 [INFO]   Metadata batch 158/1557...
2026-06-11 11:17:01,486 [INFO]   Metadata batch 159/1557...
2026-06-11 11:17:06,385 [INFO]   Metadata batch 160/1557...
2026-06-11 11:17:11,662 [INFO]   Metadata batch 161/1557...
2026-06-11 11:17:16,700 [INFO]   Metadata batch 162/1557...
2026-06-11 11:17:22,206 [INFO]   Metadata batch 163/1557...
2026-06-11 11:17:27,299 [INFO]   Metadata batch 164/1557...
2026-06-11 11:17:32,275 [INFO]   Metadata batch 165/1557...
2026-06-11 11:17:37,482 [INFO]   Metadata batch 166/1557...
2026-06-11 11:17:43,045 [INFO]   Metadata batch 167/1557...
2026-06-11 11:17:48,229 [INFO]   Metadata batch 168/1557...
2026-06-11 11:17:54,076 [INFO]   Metadata batch 169/1557...
2026-06-11 11:17:59,579 [INFO]   Metadata batch 170/1557...
2026-06-11 11:18:04,637 [INFO]   Metadata batch 171/1557...
2026-06-11 11:18:09,940 [INFO]   Metadata batch 172/1557...
2026-06-11 11:18:15,640 [INFO]   Metadata batch 173/1557...
2026-06-11 11:18:21,122 [INFO]   Metadata batch 174/1557...
2026-06-11 11:18:26,072 [INFO]   Metadata batch 175/1557...
2026-06-11 11:18:30,890 [INFO]   Metadata batch 176/1557...
2026-06-11 11:18:36,385 [INFO]   Metadata batch 177/1557...
2026-06-11 11:18:41,416 [INFO]   Metadata batch 178/1557...
2026-06-11 11:18:46,581 [INFO]   Metadata batch 179/1557...
2026-06-11 11:18:53,099 [INFO]   Metadata batch 180/1557...
2026-06-11 11:18:58,486 [INFO]   Metadata batch 181/1557...
2026-06-11 11:19:03,649 [INFO]   Metadata batch 182/1557...
2026-06-11 11:19:09,210 [INFO]   Metadata batch 183/1557...
2026-06-11 11:19:14,892 [INFO]   Metadata batch 184/1557...
2026-06-11 11:19:20,254 [INFO]   Metadata batch 185/1557...
2026-06-11 11:19:25,576 [INFO]   Metadata batch 186/1557...
2026-06-11 11:19:30,344 [INFO]   Metadata batch 187/1557...
2026-06-11 11:19:35,407 [INFO]   Metadata batch 188/1557...
2026-06-11 11:19:40,029 [INFO]   Metadata batch 189/1557...
2026-06-11 11:19:45,597 [INFO]   Metadata batch 190/1557...
2026-06-11 11:19:50,693 [INFO]   Metadata batch 191/1557...
2026-06-11 11:19:56,356 [INFO]   Metadata batch 192/1557...
2026-06-11 11:20:01,480 [INFO]   Metadata batch 193/1557...
2026-06-11 11:20:06,172 [INFO]   Metadata batch 194/1557...
2026-06-11 11:20:11,603 [INFO]   Metadata batch 195/1557...
2026-06-11 11:20:17,118 [INFO]   Metadata batch 196/1557...
2026-06-11 11:20:23,148 [INFO]   Metadata batch 197/1557...
2026-06-11 11:20:28,833 [INFO]   Metadata batch 198/1557...
2026-06-11 11:20:34,650 [INFO]   Metadata batch 199/1557...
2026-06-11 11:20:40,505 [INFO]   Metadata batch 200/1557...
2026-06-11 11:20:45,382 [INFO]   Metadata batch 201/1557...
2026-06-11 11:20:50,515 [INFO]   Metadata batch 202/1557...
2026-06-11 11:20:55,593 [INFO]   Metadata batch 203/1557...
2026-06-11 11:21:01,098 [INFO]   Metadata batch 204/1557...
2026-06-11 11:21:05,702 [INFO]   Metadata batch 205/1557...
2026-06-11 11:21:11,214 [INFO]   Metadata batch 206/1557...
2026-06-11 11:21:16,274 [INFO]   Metadata batch 207/1557...
2026-06-11 11:21:21,854 [INFO]   Metadata batch 208/1557...
2026-06-11 11:21:27,027 [INFO]   Metadata batch 209/1557...
2026-06-11 11:21:32,107 [INFO]   Metadata batch 210/1557...
2026-06-11 11:21:37,620 [INFO]   Metadata batch 211/1557...
2026-06-11 11:21:42,699 [INFO]   Metadata batch 212/1557...
2026-06-11 11:21:47,411 [INFO]   Metadata batch 213/1557...
2026-06-11 11:21:52,506 [INFO]   Metadata batch 214/1557...
2026-06-11 11:21:57,354 [INFO]   Metadata batch 215/1557...
2026-06-11 11:22:02,952 [INFO]   Metadata batch 216/1557...
2026-06-11 11:22:08,539 [INFO]   Metadata batch 217/1557...
2026-06-11 11:22:13,442 [INFO]   Metadata batch 218/1557...
2026-06-11 11:22:18,580 [INFO]   Metadata batch 219/1557...
2026-06-11 11:22:23,899 [INFO]   Metadata batch 220/1557...
2026-06-11 11:22:28,730 [INFO]   Metadata batch 221/1557...
2026-06-11 11:22:33,586 [INFO]   Metadata batch 222/1557...
2026-06-11 11:22:38,510 [INFO]   Metadata batch 223/1557...
2026-06-11 11:22:44,570 [INFO]   Metadata batch 224/1557...
2026-06-11 11:22:49,448 [INFO]   Metadata batch 225/1557...
2026-06-11 11:22:54,527 [INFO]   Metadata batch 226/1557...
2026-06-11 11:22:59,675 [INFO]   Metadata batch 227/1557...
2026-06-11 11:23:04,289 [INFO]   Metadata batch 228/1557...
2026-06-11 11:23:09,509 [INFO]   Metadata batch 229/1557...
2026-06-11 11:23:14,755 [INFO]   Metadata batch 230/1557...
2026-06-11 11:23:20,049 [INFO]   Metadata batch 231/1557...
2026-06-11 11:23:25,874 [INFO]   Metadata batch 232/1557...
2026-06-11 11:23:31,205 [INFO]   Metadata batch 233/1557...
2026-06-11 11:23:41,914 [INFO]   Metadata batch 234/1557...
2026-06-11 11:23:47,145 [INFO]   Metadata batch 235/1557...
2026-06-11 11:23:52,458 [INFO]   Metadata batch 236/1557...
2026-06-11 11:23:57,101 [INFO]   Metadata batch 237/1557...
2026-06-11 11:24:02,335 [INFO]   Metadata batch 238/1557...
2026-06-11 11:24:07,063 [INFO]   Metadata batch 239/1557...
2026-06-11 11:24:12,134 [INFO]   Metadata batch 240/1557...
2026-06-11 11:24:17,133 [INFO]   Metadata batch 241/1557...
2026-06-11 11:24:22,176 [INFO]   Metadata batch 242/1557...
2026-06-11 11:24:27,302 [INFO]   Metadata batch 243/1557...
2026-06-11 11:24:32,180 [INFO]   Metadata batch 244/1557...
2026-06-11 11:24:37,018 [INFO]   Metadata batch 245/1557...
2026-06-11 11:24:41,771 [INFO]   Metadata batch 246/1557...
2026-06-11 11:24:46,549 [INFO]   Metadata batch 247/1557...
2026-06-11 11:24:51,148 [INFO]   Metadata batch 248/1557...
2026-06-11 11:24:55,879 [INFO]   Metadata batch 249/1557...
2026-06-11 11:25:00,793 [INFO]   Metadata batch 250/1557...
2026-06-11 11:25:10,293 [INFO]   Metadata batch 251/1557...
2026-06-11 11:25:15,145 [INFO]   Metadata batch 252/1557...
2026-06-11 11:25:19,907 [INFO]   Metadata batch 253/1557...
2026-06-11 11:25:25,591 [INFO]   Metadata batch 254/1557...
2026-06-11 11:25:30,657 [INFO]   Metadata batch 255/1557...
2026-06-11 11:25:35,627 [INFO]   Metadata batch 256/1557...
2026-06-11 11:25:40,390 [INFO]   Metadata batch 257/1557...
2026-06-11 11:25:45,290 [INFO]   Metadata batch 258/1557...
2026-06-11 11:25:50,398 [INFO]   Metadata batch 259/1557...
2026-06-11 11:25:55,112 [INFO]   Metadata batch 260/1557...
2026-06-11 11:26:00,159 [INFO]   Metadata batch 261/1557...
2026-06-11 11:26:05,047 [INFO]   Metadata batch 262/1557...
2026-06-11 11:26:09,905 [INFO]   Metadata batch 263/1557...
2026-06-11 11:26:16,025 [INFO]   Metadata batch 264/1557...
2026-06-11 11:26:21,824 [INFO]   Metadata batch 265/1557...
2026-06-11 11:26:26,630 [INFO]   Metadata batch 266/1557...
2026-06-11 11:26:31,701 [INFO]   Metadata batch 267/1557...
2026-06-11 11:26:36,827 [INFO]   Metadata batch 268/1557...
2026-06-11 11:26:42,236 [INFO]   Metadata batch 269/1557...
2026-06-11 11:26:47,505 [INFO]   Metadata batch 270/1557...
2026-06-11 11:26:53,104 [INFO]   Metadata batch 271/1557...
2026-06-11 11:26:58,015 [INFO]   Metadata batch 272/1557...
2026-06-11 11:27:03,319 [INFO]   Metadata batch 273/1557...
2026-06-11 11:27:08,834 [INFO]   Metadata batch 274/1557...
2026-06-11 11:27:15,200 [INFO]   Metadata batch 275/1557...
2026-06-11 11:27:20,077 [INFO]   Metadata batch 276/1557...
2026-06-11 11:27:25,745 [INFO]   Metadata batch 277/1557...
2026-06-11 11:27:31,401 [INFO]   Metadata batch 278/1557...
2026-06-11 11:27:36,353 [INFO]   Metadata batch 279/1557...
2026-06-11 11:27:41,290 [INFO]   Metadata batch 280/1557...
2026-06-11 11:27:46,320 [INFO]   Metadata batch 281/1557...
2026-06-11 11:27:50,869 [INFO]   Metadata batch 282/1557...
2026-06-11 11:27:56,483 [INFO]   Metadata batch 283/1557...
2026-06-11 11:28:01,242 [INFO]   Metadata batch 284/1557...
2026-06-11 11:28:06,626 [INFO]   Metadata batch 285/1557...
2026-06-11 11:28:11,845 [INFO]   Metadata batch 286/1557...
2026-06-11 11:28:16,647 [INFO]   Metadata batch 287/1557...
2026-06-11 11:28:22,187 [INFO]   Metadata batch 288/1557...
2026-06-11 11:28:28,011 [INFO]   Metadata batch 289/1557...
2026-06-11 11:28:33,166 [INFO]   Metadata batch 290/1557...
2026-06-11 11:28:38,084 [INFO]   Metadata batch 291/1557...
2026-06-11 11:28:43,715 [INFO]   Metadata batch 292/1557...
2026-06-11 11:28:49,091 [INFO]   Metadata batch 293/1557...
2026-06-11 11:28:54,370 [INFO]   Metadata batch 294/1557...
2026-06-11 11:29:00,339 [INFO]   Metadata batch 295/1557...
2026-06-11 11:29:05,401 [INFO]   Metadata batch 296/1557...
2026-06-11 11:29:11,228 [INFO]   Metadata batch 297/1557...
2026-06-11 11:29:16,340 [INFO]   Metadata batch 298/1557...
2026-06-11 11:29:21,518 [INFO]   Metadata batch 299/1557...
2026-06-11 11:29:26,900 [INFO]   Metadata batch 300/1557...
2026-06-11 11:29:31,919 [INFO]   Metadata batch 301/1557...
2026-06-11 11:29:36,846 [INFO]   Metadata batch 302/1557...
2026-06-11 11:29:42,138 [INFO]   Metadata batch 303/1557...
2026-06-11 11:29:47,204 [INFO]   Metadata batch 304/1557...
2026-06-11 11:29:52,275 [INFO]   Metadata batch 305/1557...
2026-06-11 11:29:56,983 [INFO]   Metadata batch 306/1557...
2026-06-11 11:30:01,867 [INFO]   Metadata batch 307/1557...
2026-06-11 11:30:08,318 [INFO]   Metadata batch 308/1557...
2026-06-11 11:30:14,019 [INFO]   Metadata batch 309/1557...
2026-06-11 11:30:20,623 [INFO]   Metadata batch 310/1557...
2026-06-11 11:30:26,642 [INFO]   Metadata batch 311/1557...
2026-06-11 11:30:32,530 [INFO]   Metadata batch 312/1557...
2026-06-11 11:30:38,000 [INFO]   Metadata batch 313/1557...
2026-06-11 11:30:43,171 [INFO]   Metadata batch 314/1557...
2026-06-11 11:30:48,731 [INFO]   Metadata batch 315/1557...
2026-06-11 11:30:56,417 [INFO]   Metadata batch 316/1557...
2026-06-11 11:31:02,246 [INFO]   Metadata batch 317/1557...
2026-06-11 11:31:07,342 [INFO]   Metadata batch 318/1557...
2026-06-11 11:31:13,536 [INFO]   Metadata batch 319/1557...
2026-06-11 11:31:18,888 [INFO]   Metadata batch 320/1557...
2026-06-11 11:31:25,165 [INFO]   Metadata batch 321/1557...
2026-06-11 11:31:31,534 [INFO]   Metadata batch 322/1557...
2026-06-11 11:31:37,198 [INFO]   Metadata batch 323/1557...
2026-06-11 11:31:42,195 [INFO]   Metadata batch 324/1557...
2026-06-11 11:31:47,588 [INFO]   Metadata batch 325/1557...
2026-06-11 11:31:53,222 [INFO]   Metadata batch 326/1557...
2026-06-11 11:31:58,648 [INFO]   Metadata batch 327/1557...
2026-06-11 11:32:04,130 [INFO]   Metadata batch 328/1557...
2026-06-11 11:32:09,352 [INFO]   Metadata batch 329/1557...
2026-06-11 11:32:14,819 [INFO]   Metadata batch 330/1557...
2026-06-11 11:32:23,090 [INFO]   Metadata batch 331/1557...
2026-06-11 11:32:27,890 [INFO]   Metadata batch 332/1557...
2026-06-11 11:32:32,872 [INFO]   Metadata batch 333/1557...
2026-06-11 11:32:38,147 [INFO]   Metadata batch 334/1557...
2026-06-11 11:32:43,427 [INFO]   Metadata batch 335/1557...
2026-06-11 11:32:48,752 [INFO]   Metadata batch 336/1557...
2026-06-11 11:32:53,928 [INFO]   Metadata batch 337/1557...
2026-06-11 11:32:59,844 [INFO]   Metadata batch 338/1557...
2026-06-11 11:33:04,575 [INFO]   Metadata batch 339/1557...
2026-06-11 11:33:09,859 [INFO]   Metadata batch 340/1557...
2026-06-11 11:33:15,042 [INFO]   Metadata batch 341/1557...
2026-06-11 11:33:20,298 [INFO]   Metadata batch 342/1557...
2026-06-11 11:33:25,925 [INFO]   Metadata batch 343/1557...
2026-06-11 11:33:30,815 [INFO]   Metadata batch 344/1557...
2026-06-11 11:33:36,665 [INFO]   Metadata batch 345/1557...
2026-06-11 11:33:42,036 [INFO]   Metadata batch 346/1557...
2026-06-11 11:33:47,153 [INFO]   Metadata batch 347/1557...
2026-06-11 11:33:52,385 [INFO]   Metadata batch 348/1557...
2026-06-11 11:33:57,374 [INFO]   Metadata batch 349/1557...
2026-06-11 11:34:02,057 [INFO]   Metadata batch 350/1557...
2026-06-11 11:34:07,240 [INFO]   Metadata batch 351/1557...
2026-06-11 11:34:12,427 [INFO]   Metadata batch 352/1557...
2026-06-11 11:34:17,487 [INFO]   Metadata batch 353/1557...
2026-06-11 11:34:22,687 [INFO]   Metadata batch 354/1557...
2026-06-11 11:34:28,142 [INFO]   Metadata batch 355/1557...
2026-06-11 11:34:33,011 [INFO]   Metadata batch 356/1557...
2026-06-11 11:34:38,005 [INFO]   Metadata batch 357/1557...
2026-06-11 11:34:43,186 [INFO]   Metadata batch 358/1557...
2026-06-11 11:34:48,458 [INFO]   Metadata batch 359/1557...
2026-06-11 11:34:53,751 [INFO]   Metadata batch 360/1557...
2026-06-11 11:34:59,599 [INFO]   Metadata batch 361/1557...
2026-06-11 11:35:04,795 [INFO]   Metadata batch 362/1557...
2026-06-11 11:35:10,220 [INFO]   Metadata batch 363/1557...
2026-06-11 11:35:15,858 [INFO]   Metadata batch 364/1557...
2026-06-11 11:35:21,678 [INFO]   Metadata batch 365/1557...
2026-06-11 11:35:26,825 [INFO]   Metadata batch 366/1557...
2026-06-11 11:35:32,660 [INFO]   Metadata batch 367/1557...
2026-06-11 11:35:38,998 [INFO]   Metadata batch 368/1557...
2026-06-11 11:35:44,467 [INFO]   Metadata batch 369/1557...
2026-06-11 11:35:49,682 [INFO]   Metadata batch 370/1557...
2026-06-11 11:35:56,586 [INFO]   Metadata batch 371/1557...
2026-06-11 11:36:01,494 [INFO]   Metadata batch 372/1557...
2026-06-11 11:36:07,472 [INFO]   Metadata batch 373/1557...
2026-06-11 11:36:12,448 [INFO]   Metadata batch 374/1557...
2026-06-11 11:36:17,493 [INFO]   Metadata batch 375/1557...
2026-06-11 11:36:23,365 [INFO]   Metadata batch 376/1557...
2026-06-11 11:36:28,752 [INFO]   Metadata batch 377/1557...
2026-06-11 11:36:34,412 [INFO]   Metadata batch 378/1557...
2026-06-11 11:36:39,470 [INFO]   Metadata batch 379/1557...
2026-06-11 11:36:44,771 [INFO]   Metadata batch 380/1557...
2026-06-11 11:36:49,562 [INFO]   Metadata batch 381/1557...
2026-06-11 11:36:54,488 [INFO]   Metadata batch 382/1557...
2026-06-11 11:37:00,366 [INFO]   Metadata batch 383/1557...
2026-06-11 11:37:05,802 [INFO]   Metadata batch 384/1557...
2026-06-11 11:37:11,749 [INFO]   Metadata batch 385/1557...
2026-06-11 11:37:17,737 [INFO]   Metadata batch 386/1557...
2026-06-11 11:37:23,049 [INFO]   Metadata batch 387/1557...
2026-06-11 11:37:28,624 [INFO]   Metadata batch 388/1557...
2026-06-11 11:37:34,506 [INFO]   Metadata batch 389/1557...
2026-06-11 11:37:39,967 [INFO]   Metadata batch 390/1557...
2026-06-11 11:37:45,321 [INFO]   Metadata batch 391/1557...
2026-06-11 11:37:50,807 [INFO]   Metadata batch 392/1557...
2026-06-11 11:37:55,595 [INFO]   Metadata batch 393/1557...
2026-06-11 11:38:01,245 [INFO]   Metadata batch 394/1557...
2026-06-11 11:38:06,403 [INFO]   Metadata batch 395/1557...
2026-06-11 11:38:11,661 [INFO]   Metadata batch 396/1557...
2026-06-11 11:38:17,952 [INFO]   Metadata batch 397/1557...
2026-06-11 11:38:22,935 [INFO]   Metadata batch 398/1557...
2026-06-11 11:38:27,993 [INFO]   Metadata batch 399/1557...
2026-06-11 11:38:34,173 [INFO]   Metadata batch 400/1557...
2026-06-11 11:38:38,910 [INFO]   Metadata batch 401/1557...
2026-06-11 11:38:44,025 [INFO]   Metadata batch 402/1557...
2026-06-11 11:38:49,015 [INFO]   Metadata batch 403/1557...
2026-06-11 11:38:54,407 [INFO]   Metadata batch 404/1557...
2026-06-11 11:38:59,155 [INFO]   Metadata batch 405/1557...
2026-06-11 11:39:04,713 [INFO]   Metadata batch 406/1557...
2026-06-11 11:39:09,802 [INFO]   Metadata batch 407/1557...
2026-06-11 11:39:15,282 [INFO]   Metadata batch 408/1557...
2026-06-11 11:39:20,758 [INFO]   Metadata batch 409/1557...
2026-06-11 11:39:26,353 [INFO]   Metadata batch 410/1557...
2026-06-11 11:39:31,474 [INFO]   Metadata batch 411/1557...
2026-06-11 11:39:36,395 [INFO]   Metadata batch 412/1557...
2026-06-11 11:39:41,972 [INFO]   Metadata batch 413/1557...
2026-06-11 11:39:46,946 [INFO]   Metadata batch 414/1557...
2026-06-11 11:39:52,219 [INFO]   Metadata batch 415/1557...
2026-06-11 11:39:57,735 [INFO]   Metadata batch 416/1557...
2026-06-11 11:40:02,384 [INFO]   Metadata batch 417/1557...
2026-06-11 11:40:07,606 [INFO]   Metadata batch 418/1557...
2026-06-11 11:40:12,962 [INFO]   Metadata batch 419/1557...
2026-06-11 11:40:18,350 [INFO]   Metadata batch 420/1557...
2026-06-11 11:40:23,460 [INFO]   Metadata batch 421/1557...
2026-06-11 11:40:28,741 [INFO]   Metadata batch 422/1557...
2026-06-11 11:40:34,326 [INFO]   Metadata batch 423/1557...
2026-06-11 11:40:39,670 [INFO]   Metadata batch 424/1557...
2026-06-11 11:40:45,494 [INFO]   Metadata batch 425/1557...
2026-06-11 11:40:50,639 [INFO]   Metadata batch 426/1557...
2026-06-11 11:40:56,065 [INFO]   Metadata batch 427/1557...
2026-06-11 11:41:01,185 [INFO]   Metadata batch 428/1557...
2026-06-11 11:41:06,273 [INFO]   Metadata batch 429/1557...
2026-06-11 11:41:11,270 [INFO]   Metadata batch 430/1557...
2026-06-11 11:41:16,160 [INFO]   Metadata batch 431/1557...
2026-06-11 11:41:21,527 [INFO]   Metadata batch 432/1557...
2026-06-11 11:41:26,917 [INFO]   Metadata batch 433/1557...
2026-06-11 11:41:32,130 [INFO]   Metadata batch 434/1557...
2026-06-11 11:41:36,691 [INFO]   Metadata batch 435/1557...
2026-06-11 11:41:41,472 [INFO]   Metadata batch 436/1557...
2026-06-11 11:41:47,126 [INFO]   Metadata batch 437/1557...
2026-06-11 11:41:52,386 [INFO]   Metadata batch 438/1557...
2026-06-11 11:41:57,659 [INFO]   Metadata batch 439/1557...
2026-06-11 11:42:02,956 [INFO]   Metadata batch 440/1557...
2026-06-11 11:42:08,799 [INFO]   Metadata batch 441/1557...
2026-06-11 11:42:14,326 [INFO]   Metadata batch 442/1557...
2026-06-11 11:42:19,600 [INFO]   Metadata batch 443/1557...
2026-06-11 11:42:24,417 [INFO]   Metadata batch 444/1557...
2026-06-11 11:42:29,728 [INFO]   Metadata batch 445/1557...
2026-06-11 11:42:34,218 [INFO]   Metadata batch 446/1557...
2026-06-11 11:42:38,987 [INFO]   Metadata batch 447/1557...
2026-06-11 11:42:43,604 [INFO]   Metadata batch 448/1557...
2026-06-11 11:42:49,051 [INFO]   Metadata batch 449/1557...
2026-06-11 11:42:54,339 [INFO]   Metadata batch 450/1557...
2026-06-11 11:42:59,384 [INFO]   Metadata batch 451/1557...
2026-06-11 11:43:04,054 [INFO]   Metadata batch 452/1557...
2026-06-11 11:43:09,581 [INFO]   Metadata batch 453/1557...
2026-06-11 11:43:14,726 [INFO]   Metadata batch 454/1557...
2026-06-11 11:43:19,729 [INFO]   Metadata batch 455/1557...
2026-06-11 11:43:25,034 [INFO]   Metadata batch 456/1557...
2026-06-11 11:43:30,019 [INFO]   Metadata batch 457/1557...
2026-06-11 11:43:34,641 [INFO]   Metadata batch 458/1557...
2026-06-11 11:43:39,289 [INFO]   Metadata batch 459/1557...
2026-06-11 11:43:44,947 [INFO]   Metadata batch 460/1557...
2026-06-11 11:43:49,914 [INFO]   Metadata batch 461/1557...
2026-06-11 11:43:54,733 [INFO]   Metadata batch 462/1557...
2026-06-11 11:43:59,838 [INFO]   Metadata batch 463/1557...
2026-06-11 11:44:04,676 [INFO]   Metadata batch 464/1557...
2026-06-11 11:44:09,870 [INFO]   Metadata batch 465/1557...
2026-06-11 11:44:14,792 [INFO]   Metadata batch 466/1557...
2026-06-11 11:44:20,239 [INFO]   Metadata batch 467/1557...
2026-06-11 11:44:25,172 [INFO]   Metadata batch 468/1557...
2026-06-11 11:44:30,226 [INFO]   Metadata batch 469/1557...
2026-06-11 11:44:35,086 [INFO]   Metadata batch 470/1557...
2026-06-11 11:44:39,994 [INFO]   Metadata batch 471/1557...
2026-06-11 11:44:44,439 [INFO]   Metadata batch 472/1557...
2026-06-11 11:44:49,368 [INFO]   Metadata batch 473/1557...
2026-06-11 11:44:54,146 [INFO]   Metadata batch 474/1557...
2026-06-11 11:44:59,376 [INFO]   Metadata batch 475/1557...
2026-06-11 11:45:04,444 [INFO]   Metadata batch 476/1557...
2026-06-11 11:45:09,478 [INFO]   Metadata batch 477/1557...
2026-06-11 11:45:15,015 [INFO]   Metadata batch 478/1557...
2026-06-11 11:45:20,612 [INFO]   Metadata batch 479/1557...
2026-06-11 11:45:25,755 [INFO]   Metadata batch 480/1557...
2026-06-11 11:45:31,205 [INFO]   Metadata batch 481/1557...
2026-06-11 11:45:36,346 [INFO]   Metadata batch 482/1557...
2026-06-11 11:45:41,519 [INFO]   Metadata batch 483/1557...
2026-06-11 11:45:46,426 [INFO]   Metadata batch 484/1557...
2026-06-11 11:45:51,412 [INFO]   Metadata batch 485/1557...
2026-06-11 11:45:56,566 [INFO]   Metadata batch 486/1557...
2026-06-11 11:46:01,423 [INFO]   Metadata batch 487/1557...
2026-06-11 11:46:06,329 [INFO]   Metadata batch 488/1557...
2026-06-11 11:46:11,288 [INFO]   Metadata batch 489/1557...
2026-06-11 11:46:16,658 [INFO]   Metadata batch 490/1557...
2026-06-11 11:46:21,960 [INFO]   Metadata batch 491/1557...
2026-06-11 11:46:27,422 [INFO]   Metadata batch 492/1557...
2026-06-11 11:46:32,354 [INFO]   Metadata batch 493/1557...
2026-06-11 11:46:37,947 [INFO]   Metadata batch 494/1557...
2026-06-11 11:46:43,314 [INFO]   Metadata batch 495/1557...
2026-06-11 11:46:48,205 [INFO]   Metadata batch 496/1557...
2026-06-11 11:46:52,856 [INFO]   Metadata batch 497/1557...
2026-06-11 11:46:57,900 [INFO]   Metadata batch 498/1557...
2026-06-11 11:47:03,290 [INFO]   Metadata batch 499/1557...
2026-06-11 11:47:08,403 [INFO]   Metadata batch 500/1557...
2026-06-11 11:47:13,490 [INFO]   Metadata batch 501/1557...
2026-06-11 11:47:18,399 [INFO]   Metadata batch 502/1557...
2026-06-11 11:47:23,255 [INFO]   Metadata batch 503/1557...
2026-06-11 11:47:28,431 [INFO]   Metadata batch 504/1557...
2026-06-11 11:47:33,767 [INFO]   Metadata batch 505/1557...
2026-06-11 11:47:38,729 [INFO]   Metadata batch 506/1557...
2026-06-11 11:47:43,893 [INFO]   Metadata batch 507/1557...
2026-06-11 11:47:48,812 [INFO]   Metadata batch 508/1557...
2026-06-11 11:47:53,594 [INFO]   Metadata batch 509/1557...
2026-06-11 11:47:58,646 [INFO]   Metadata batch 510/1557...
2026-06-11 11:48:03,354 [INFO]   Metadata batch 511/1557...
2026-06-11 11:48:07,973 [INFO]   Metadata batch 512/1557...
2026-06-11 11:48:12,933 [INFO]   Metadata batch 513/1557...
2026-06-11 11:48:18,044 [INFO]   Metadata batch 514/1557...
2026-06-11 11:48:23,297 [INFO]   Metadata batch 515/1557...
2026-06-11 11:48:28,586 [INFO]   Metadata batch 516/1557...
2026-06-11 11:48:33,487 [INFO]   Metadata batch 517/1557...
2026-06-11 11:48:38,640 [INFO]   Metadata batch 518/1557...
2026-06-11 11:48:43,811 [INFO]   Metadata batch 519/1557...
2026-06-11 11:48:49,125 [INFO]   Metadata batch 520/1557...
2026-06-11 11:48:54,446 [INFO]   Metadata batch 521/1557...
2026-06-11 11:48:59,834 [INFO]   Metadata batch 522/1557...
2026-06-11 11:49:05,577 [INFO]   Metadata batch 523/1557...
2026-06-11 11:49:10,097 [INFO]   Metadata batch 524/1557...
2026-06-11 11:49:15,880 [INFO]   Metadata batch 525/1557...
2026-06-11 11:49:21,423 [INFO]   Metadata batch 526/1557...
2026-06-11 11:49:26,495 [INFO]   Metadata batch 527/1557...
2026-06-11 11:49:31,664 [INFO]   Metadata batch 528/1557...
2026-06-11 11:49:37,098 [INFO]   Metadata batch 529/1557...
2026-06-11 11:49:42,367 [INFO]   Metadata batch 530/1557...
2026-06-11 11:49:47,821 [INFO]   Metadata batch 531/1557...
2026-06-11 11:49:53,181 [INFO]   Metadata batch 532/1557...
2026-06-11 11:49:58,230 [INFO]   Metadata batch 533/1557...
2026-06-11 11:50:03,216 [INFO]   Metadata batch 534/1557...
2026-06-11 11:50:08,613 [INFO]   Metadata batch 535/1557...
2026-06-11 11:50:14,060 [INFO]   Metadata batch 536/1557...
2026-06-11 11:50:19,540 [INFO]   Metadata batch 537/1557...
2026-06-11 11:50:25,279 [INFO]   Metadata batch 538/1557...
2026-06-11 11:50:30,893 [INFO]   Metadata batch 539/1557...
2026-06-11 11:50:37,110 [INFO]   Metadata batch 540/1557...
2026-06-11 11:50:42,242 [INFO]   Metadata batch 541/1557...
2026-06-11 11:50:47,051 [INFO]   Metadata batch 542/1557...
2026-06-11 11:50:51,483 [INFO]   Metadata batch 543/1557...
2026-06-11 11:50:56,456 [INFO]   Metadata batch 544/1557...
2026-06-11 11:51:01,281 [INFO]   Metadata batch 545/1557...
2026-06-11 11:51:06,610 [INFO]   Metadata batch 546/1557...
2026-06-11 11:51:12,451 [INFO]   Metadata batch 547/1557...
2026-06-11 11:51:17,589 [INFO]   Metadata batch 548/1557...
2026-06-11 11:51:22,864 [INFO]   Metadata batch 549/1557...
2026-06-11 11:51:28,069 [INFO]   Metadata batch 550/1557...
2026-06-11 11:51:33,112 [INFO]   Metadata batch 551/1557...
2026-06-11 11:51:37,754 [INFO]   Metadata batch 552/1557...
2026-06-11 11:51:42,669 [INFO]   Metadata batch 553/1557...
2026-06-11 11:51:48,431 [INFO]   Metadata batch 554/1557...
2026-06-11 11:51:53,436 [INFO]   Metadata batch 555/1557...
2026-06-11 11:51:58,204 [INFO]   Metadata batch 556/1557...
2026-06-11 11:52:03,953 [INFO]   Metadata batch 557/1557...
2026-06-11 11:52:09,036 [INFO]   Metadata batch 558/1557...
2026-06-11 11:52:14,602 [INFO]   Metadata batch 559/1557...
2026-06-11 11:52:19,974 [INFO]   Metadata batch 560/1557...
2026-06-11 11:52:25,232 [INFO]   Metadata batch 561/1557...
2026-06-11 11:52:30,280 [INFO]   Metadata batch 562/1557...
2026-06-11 11:52:35,425 [INFO]   Metadata batch 563/1557...
2026-06-11 11:52:40,579 [INFO]   Metadata batch 564/1557...
2026-06-11 11:52:45,862 [INFO]   Metadata batch 565/1557...
2026-06-11 11:52:50,872 [INFO]   Metadata batch 566/1557...
2026-06-11 11:52:55,563 [INFO]   Metadata batch 567/1557...
2026-06-11 11:53:00,968 [INFO]   Metadata batch 568/1557...
2026-06-11 11:53:06,140 [INFO]   Metadata batch 569/1557...
2026-06-11 11:53:11,632 [INFO]   Metadata batch 570/1557...
2026-06-11 11:53:17,013 [INFO]   Metadata batch 571/1557...
2026-06-11 11:53:23,142 [INFO]   Metadata batch 572/1557...
2026-06-11 11:53:28,837 [INFO]   Metadata batch 573/1557...
2026-06-11 11:53:33,920 [INFO]   Metadata batch 574/1557...
2026-06-11 11:53:39,200 [INFO]   Metadata batch 575/1557...
2026-06-11 11:53:44,145 [INFO]   Metadata batch 576/1557...
2026-06-11 11:53:49,214 [INFO]   Metadata batch 577/1557...
2026-06-11 11:53:54,239 [INFO]   Metadata batch 578/1557...
2026-06-11 11:53:58,989 [INFO]   Metadata batch 579/1557...
2026-06-11 11:54:04,091 [INFO]   Metadata batch 580/1557...
2026-06-11 11:54:09,732 [INFO]   Metadata batch 581/1557...
2026-06-11 11:54:14,804 [INFO]   Metadata batch 582/1557...
2026-06-11 11:54:20,080 [INFO]   Metadata batch 583/1557...
2026-06-11 11:54:25,066 [INFO]   Metadata batch 584/1557...
2026-06-11 11:54:29,906 [INFO]   Metadata batch 585/1557...
2026-06-11 11:54:34,715 [INFO]   Metadata batch 586/1557...
2026-06-11 11:54:40,046 [INFO]   Metadata batch 587/1557...
2026-06-11 11:54:45,372 [INFO]   Metadata batch 588/1557...
2026-06-11 11:54:50,083 [INFO]   Metadata batch 589/1557...
2026-06-11 11:54:55,111 [INFO]   Metadata batch 590/1557...
2026-06-11 11:55:00,207 [INFO]   Metadata batch 591/1557...
2026-06-11 11:55:05,737 [INFO]   Metadata batch 592/1557...
2026-06-11 11:55:10,829 [INFO]   Metadata batch 593/1557...
2026-06-11 11:55:15,729 [INFO]   Metadata batch 594/1557...
2026-06-11 11:55:20,859 [INFO]   Metadata batch 595/1557...
2026-06-11 11:55:26,124 [INFO]   Metadata batch 596/1557...
2026-06-11 11:55:31,279 [INFO]   Metadata batch 597/1557...
2026-06-11 11:55:36,320 [INFO]   Metadata batch 598/1557...
2026-06-11 11:55:41,956 [INFO]   Metadata batch 599/1557...
2026-06-11 11:55:47,032 [INFO]   Metadata batch 600/1557...
2026-06-11 11:55:52,710 [INFO]   Metadata batch 601/1557...
2026-06-11 11:55:58,679 [INFO]   Metadata batch 602/1557...
2026-06-11 11:56:04,139 [INFO]   Metadata batch 603/1557...
2026-06-11 11:56:09,659 [INFO]   Metadata batch 604/1557...
2026-06-11 11:56:14,766 [INFO]   Metadata batch 605/1557...
2026-06-11 11:56:19,392 [INFO]   Metadata batch 606/1557...
2026-06-11 11:56:24,994 [INFO]   Metadata batch 607/1557...
2026-06-11 11:56:30,340 [INFO]   Metadata batch 608/1557...
2026-06-11 11:56:35,766 [INFO]   Metadata batch 609/1557...
2026-06-11 11:56:40,828 [INFO]   Metadata batch 610/1557...
2026-06-11 11:56:45,616 [INFO]   Metadata batch 611/1557...
2026-06-11 11:56:50,212 [INFO]   Metadata batch 612/1557...
2026-06-11 11:56:55,394 [INFO]   Metadata batch 613/1557...
2026-06-11 11:57:00,344 [INFO]   Metadata batch 614/1557...
2026-06-11 11:57:05,624 [INFO]   Metadata batch 615/1557...
2026-06-11 11:57:10,459 [INFO]   Metadata batch 616/1557...
2026-06-11 11:57:16,219 [INFO]   Metadata batch 617/1557...
2026-06-11 11:57:21,739 [INFO]   Metadata batch 618/1557...
2026-06-11 11:57:27,098 [INFO]   Metadata batch 619/1557...
2026-06-11 11:57:32,973 [INFO]   Metadata batch 620/1557...
2026-06-11 11:57:38,070 [INFO]   Metadata batch 621/1557...
2026-06-11 11:57:43,156 [INFO]   Metadata batch 622/1557...
2026-06-11 11:57:53,648 [INFO]   Metadata batch 623/1557...
2026-06-11 11:57:58,858 [INFO]   Metadata batch 624/1557...
2026-06-11 11:58:04,608 [INFO]   Metadata batch 625/1557...
2026-06-11 11:58:09,954 [INFO]   Metadata batch 626/1557...
2026-06-11 11:58:15,939 [INFO]   Metadata batch 627/1557...
2026-06-11 11:58:21,543 [INFO]   Metadata batch 628/1557...
2026-06-11 11:58:26,997 [INFO]   Metadata batch 629/1557...
2026-06-11 11:58:31,427 [INFO]   Metadata batch 630/1557...
2026-06-11 11:58:37,323 [INFO]   Metadata batch 631/1557...
2026-06-11 11:58:42,326 [INFO]   Metadata batch 632/1557...
2026-06-11 11:58:47,590 [INFO]   Metadata batch 633/1557...
2026-06-11 11:58:53,044 [INFO]   Metadata batch 634/1557...
2026-06-11 11:58:57,968 [INFO]   Metadata batch 635/1557...
2026-06-11 11:59:03,581 [INFO]   Metadata batch 636/1557...
2026-06-11 11:59:09,238 [INFO]   Metadata batch 637/1557...
2026-06-11 11:59:14,231 [INFO]   Metadata batch 638/1557...
2026-06-11 11:59:19,545 [INFO]   Metadata batch 639/1557...
2026-06-11 11:59:24,718 [INFO]   Metadata batch 640/1557...
2026-06-11 11:59:29,509 [INFO]   Metadata batch 641/1557...
2026-06-11 11:59:34,351 [INFO]   Metadata batch 642/1557...
2026-06-11 11:59:39,403 [INFO]   Metadata batch 643/1557...
2026-06-11 11:59:44,718 [INFO]   Metadata batch 644/1557...
2026-06-11 11:59:49,956 [INFO]   Metadata batch 645/1557...
2026-06-11 11:59:54,519 [INFO]   Metadata batch 646/1557...
2026-06-11 11:59:59,457 [INFO]   Metadata batch 647/1557...
2026-06-11 12:00:04,273 [INFO]   Metadata batch 648/1557...
2026-06-11 12:00:09,789 [INFO]   Metadata batch 649/1557...
2026-06-11 12:00:15,908 [INFO]   Metadata batch 650/1557...
2026-06-11 12:00:22,079 [INFO]   Metadata batch 651/1557...
2026-06-11 12:00:28,232 [INFO]   Metadata batch 652/1557...
2026-06-11 12:00:34,204 [INFO]   Metadata batch 653/1557...
2026-06-11 12:00:41,261 [INFO]   Metadata batch 654/1557...
2026-06-11 12:00:47,492 [INFO]   Metadata batch 655/1557...
2026-06-11 12:00:53,655 [INFO]   Metadata batch 656/1557...
2026-06-11 12:01:00,009 [INFO]   Metadata batch 657/1557...
2026-06-11 12:01:05,966 [INFO]   Metadata batch 658/1557...
2026-06-11 12:01:12,273 [INFO]   Metadata batch 659/1557...
2026-06-11 12:01:18,243 [INFO]   Metadata batch 660/1557...
2026-06-11 12:01:24,086 [INFO]   Metadata batch 661/1557...
2026-06-11 12:01:36,988 [INFO]   Metadata batch 662/1557...
2026-06-11 12:01:45,600 [INFO]   Metadata batch 663/1557...
2026-06-11 12:01:59,238 [INFO]   Metadata batch 664/1557...
2026-06-11 12:02:11,035 [INFO]   Metadata batch 665/1557...
2026-06-11 12:02:21,388 [INFO]   Metadata batch 666/1557...
2026-06-11 12:02:29,189 [INFO]   Metadata batch 667/1557...
2026-06-11 12:02:34,741 [INFO]   Metadata batch 668/1557...
2026-06-11 12:02:40,678 [INFO]   Metadata batch 669/1557...
2026-06-11 12:02:47,297 [INFO]   Metadata batch 670/1557...
2026-06-11 12:02:52,863 [INFO]   Metadata batch 671/1557...
2026-06-11 12:02:59,826 [INFO]   Metadata batch 672/1557...
2026-06-11 12:03:05,221 [INFO]   Metadata batch 673/1557...
2026-06-11 12:03:11,891 [INFO]   Metadata batch 674/1557...
2026-06-11 12:03:18,572 [INFO]   Metadata batch 675/1557...
2026-06-11 12:03:24,549 [INFO]   Metadata batch 676/1557...
2026-06-11 12:03:30,578 [INFO]   Metadata batch 677/1557...
2026-06-11 12:03:35,625 [INFO]   Metadata batch 678/1557...
2026-06-11 12:03:42,014 [INFO]   Metadata batch 679/1557...
2026-06-11 12:03:47,705 [INFO]   Metadata batch 680/1557...
2026-06-11 12:03:53,460 [INFO]   Metadata batch 681/1557...
2026-06-11 12:03:59,020 [INFO]   Metadata batch 682/1557...
2026-06-11 12:04:05,137 [INFO]   Metadata batch 683/1557...
2026-06-11 12:04:10,634 [INFO]   Metadata batch 684/1557...
2026-06-11 12:04:16,097 [INFO]   Metadata batch 685/1557...
2026-06-11 12:04:21,457 [INFO]   Metadata batch 686/1557...
2026-06-11 12:04:27,287 [INFO]   Metadata batch 687/1557...
2026-06-11 12:04:33,260 [INFO]   Metadata batch 688/1557...
2026-06-11 12:04:39,967 [INFO]   Metadata batch 689/1557...
2026-06-11 12:04:46,975 [INFO]   Metadata batch 690/1557...
2026-06-11 12:04:53,211 [INFO]   Metadata batch 691/1557...
2026-06-11 12:04:59,060 [INFO]   Metadata batch 692/1557...
2026-06-11 12:05:04,853 [INFO]   Metadata batch 693/1557...
2026-06-11 12:05:10,285 [INFO]   Metadata batch 694/1557...
2026-06-11 12:05:15,921 [INFO]   Metadata batch 695/1557...
2026-06-11 12:05:21,011 [INFO]   Metadata batch 696/1557...
2026-06-11 12:05:26,572 [INFO]   Metadata batch 697/1557...
2026-06-11 12:05:32,066 [INFO]   Metadata batch 698/1557...
2026-06-11 12:05:37,797 [INFO]   Metadata batch 699/1557...
2026-06-11 12:05:43,234 [INFO]   Metadata batch 700/1557...
2026-06-11 12:05:48,922 [INFO]   Metadata batch 701/1557...
2026-06-11 12:05:54,298 [INFO]   Metadata batch 702/1557...
2026-06-11 12:06:01,419 [INFO]   Metadata batch 703/1557...
2026-06-11 12:06:07,287 [INFO]   Metadata batch 704/1557...
2026-06-11 12:06:13,276 [INFO]   Metadata batch 705/1557...
2026-06-11 12:06:18,910 [INFO]   Metadata batch 706/1557...
2026-06-11 12:06:24,174 [INFO]   Metadata batch 707/1557...
2026-06-11 12:06:30,413 [INFO]   Metadata batch 708/1557...
2026-06-11 12:06:37,531 [INFO]   Metadata batch 709/1557...
2026-06-11 12:06:43,248 [INFO]   Metadata batch 710/1557...
2026-06-11 12:06:48,785 [INFO]   Metadata batch 711/1557...
2026-06-11 12:06:55,347 [INFO]   Metadata batch 712/1557...
2026-06-11 12:07:00,965 [INFO]   Metadata batch 713/1557...
2026-06-11 12:07:06,984 [INFO]   Metadata batch 714/1557...
2026-06-11 12:07:13,013 [INFO]   Metadata batch 715/1557...
2026-06-11 12:07:18,464 [INFO]   Metadata batch 716/1557...
2026-06-11 12:07:24,880 [INFO]   Metadata batch 717/1557...
2026-06-11 12:07:30,134 [INFO]   Metadata batch 718/1557...
2026-06-11 12:07:37,109 [INFO]   Metadata batch 719/1557...
2026-06-11 12:07:42,895 [INFO]   Metadata batch 720/1557...
2026-06-11 12:07:48,185 [INFO]   Metadata batch 721/1557...
2026-06-11 12:07:52,948 [INFO]   Metadata batch 722/1557...
2026-06-11 12:08:02,805 [INFO]   Metadata batch 723/1557...
2026-06-11 12:08:08,115 [INFO]   Metadata batch 724/1557...
2026-06-11 12:08:13,412 [INFO]   Metadata batch 725/1557...
2026-06-11 12:08:19,079 [INFO]   Metadata batch 726/1557...
2026-06-11 12:08:24,229 [INFO]   Metadata batch 727/1557...
2026-06-11 12:08:29,905 [INFO]   Metadata batch 728/1557...
2026-06-11 12:08:36,086 [INFO]   Metadata batch 729/1557...
2026-06-11 12:08:41,802 [INFO]   Metadata batch 730/1557...
2026-06-11 12:08:46,722 [INFO]   Metadata batch 731/1557...
2026-06-11 12:08:52,200 [INFO]   Metadata batch 732/1557...
2026-06-11 12:08:57,609 [INFO]   Metadata batch 733/1557...
2026-06-11 12:09:06,324 [INFO]   Metadata batch 734/1557...
2026-06-11 12:09:11,912 [INFO]   Metadata batch 735/1557...
2026-06-11 12:09:18,265 [INFO]   Metadata batch 736/1557...
2026-06-11 12:09:25,716 [INFO]   Metadata batch 737/1557...
2026-06-11 12:09:33,560 [INFO]   Metadata batch 738/1557...
2026-06-11 12:09:38,786 [INFO]   Metadata batch 739/1557...
2026-06-11 12:09:44,866 [INFO]   Metadata batch 740/1557...
2026-06-11 12:09:50,522 [INFO]   Metadata batch 741/1557...
2026-06-11 12:09:56,012 [INFO]   Metadata batch 742/1557...
2026-06-11 12:10:02,268 [INFO]   Metadata batch 743/1557...
2026-06-11 12:10:07,393 [INFO]   Metadata batch 744/1557...
2026-06-11 12:10:13,166 [INFO]   Metadata batch 745/1557...
2026-06-11 12:10:18,326 [INFO]   Metadata batch 746/1557...
2026-06-11 12:10:23,879 [INFO]   Metadata batch 747/1557...
2026-06-11 12:10:29,251 [INFO]   Metadata batch 748/1557...
2026-06-11 12:10:34,931 [INFO]   Metadata batch 749/1557...
2026-06-11 12:10:41,242 [INFO]   Metadata batch 750/1557...
2026-06-11 12:10:46,468 [INFO]   Metadata batch 751/1557...
2026-06-11 12:10:52,059 [INFO]   Metadata batch 752/1557...
2026-06-11 12:10:57,249 [INFO]   Metadata batch 753/1557...
2026-06-11 12:11:02,703 [INFO]   Metadata batch 754/1557...
2026-06-11 12:11:08,028 [INFO]   Metadata batch 755/1557...
2026-06-11 12:11:13,360 [INFO]   Metadata batch 756/1557...
2026-06-11 12:11:18,799 [INFO]   Metadata batch 757/1557...
2026-06-11 12:11:24,417 [INFO]   Metadata batch 758/1557...
2026-06-11 12:11:30,098 [INFO]   Metadata batch 759/1557...
2026-06-11 12:11:35,773 [INFO]   Metadata batch 760/1557...
2026-06-11 12:11:41,939 [INFO]   Metadata batch 761/1557...
2026-06-11 12:11:46,712 [INFO]   Metadata batch 762/1557...
2026-06-11 12:11:52,287 [INFO]   Metadata batch 763/1557...
2026-06-11 12:11:57,535 [INFO]   Metadata batch 764/1557...
2026-06-11 12:12:02,834 [INFO]   Metadata batch 765/1557...
2026-06-11 12:12:07,763 [INFO]   Metadata batch 766/1557...
2026-06-11 12:12:13,858 [INFO]   Metadata batch 767/1557...
2026-06-11 12:12:19,002 [INFO]   Metadata batch 768/1557...
2026-06-11 12:12:24,518 [INFO]   Metadata batch 769/1557...
2026-06-11 12:12:29,708 [INFO]   Metadata batch 770/1557...
2026-06-11 12:12:35,338 [INFO]   Metadata batch 771/1557...
2026-06-11 12:12:41,630 [INFO]   Metadata batch 772/1557...
2026-06-11 12:12:47,337 [INFO]   Metadata batch 773/1557...
2026-06-11 12:12:52,494 [INFO]   Metadata batch 774/1557...
2026-06-11 12:12:57,735 [INFO]   Metadata batch 775/1557...
2026-06-11 12:13:03,131 [INFO]   Metadata batch 776/1557...
2026-06-11 12:13:08,608 [INFO]   Metadata batch 777/1557...
2026-06-11 12:13:14,245 [INFO]   Metadata batch 778/1557...
2026-06-11 12:13:19,321 [INFO]   Metadata batch 779/1557...
2026-06-11 12:13:25,403 [INFO]   Metadata batch 780/1557...
2026-06-11 12:13:30,520 [INFO]   Metadata batch 781/1557...
2026-06-11 12:13:35,800 [INFO]   Metadata batch 782/1557...
2026-06-11 12:13:40,548 [INFO]   Metadata batch 783/1557...
2026-06-11 12:13:45,995 [INFO]   Metadata batch 784/1557...
2026-06-11 12:13:51,290 [INFO]   Metadata batch 785/1557...
2026-06-11 12:13:56,379 [INFO]   Metadata batch 786/1557...
2026-06-11 12:14:01,915 [INFO]   Metadata batch 787/1557...
2026-06-11 12:14:07,060 [INFO]   Metadata batch 788/1557...
2026-06-11 12:14:12,496 [INFO]   Metadata batch 789/1557...
2026-06-11 12:14:18,844 [INFO]   Metadata batch 790/1557...
2026-06-11 12:14:24,524 [INFO]   Metadata batch 791/1557...
2026-06-11 12:14:30,111 [INFO]   Metadata batch 792/1557...
2026-06-11 12:14:35,265 [INFO]   Metadata batch 793/1557...
2026-06-11 12:14:40,237 [INFO]   Metadata batch 794/1557...
2026-06-11 12:14:46,552 [INFO]   Metadata batch 795/1557...
2026-06-11 12:14:51,161 [INFO]   Metadata batch 796/1557...
2026-06-11 12:14:56,377 [INFO]   Metadata batch 797/1557...
2026-06-11 12:15:02,597 [INFO]   Metadata batch 798/1557...
2026-06-11 12:15:08,156 [INFO]   Metadata batch 799/1557...
2026-06-11 12:15:14,374 [INFO]   Metadata batch 800/1557...
2026-06-11 12:15:20,056 [INFO]   Metadata batch 801/1557...
2026-06-11 12:15:25,936 [INFO]   Metadata batch 802/1557...
2026-06-11 12:15:31,707 [INFO]   Metadata batch 803/1557...
2026-06-11 12:15:36,741 [INFO]   Metadata batch 804/1557...
2026-06-11 12:15:42,185 [INFO]   Metadata batch 805/1557...
2026-06-11 12:15:47,363 [INFO]   Metadata batch 806/1557...
2026-06-11 12:15:52,705 [INFO]   Metadata batch 807/1557...
2026-06-11 12:15:57,610 [INFO]   Metadata batch 808/1557...
2026-06-11 12:16:02,752 [INFO]   Metadata batch 809/1557...
2026-06-11 12:16:07,687 [INFO]   Metadata batch 810/1557...
2026-06-11 12:16:13,604 [INFO]   Metadata batch 811/1557...
2026-06-11 12:16:19,141 [INFO]   Metadata batch 812/1557...
2026-06-11 12:16:24,215 [INFO]   Metadata batch 813/1557...
2026-06-11 12:16:29,595 [INFO]   Metadata batch 814/1557...
2026-06-11 12:16:34,877 [INFO]   Metadata batch 815/1557...
2026-06-11 12:16:39,738 [INFO]   Metadata batch 816/1557...
2026-06-11 12:16:45,444 [INFO]   Metadata batch 817/1557...
2026-06-11 12:16:51,002 [INFO]   Metadata batch 818/1557...
2026-06-11 12:16:56,403 [INFO]   Metadata batch 819/1557...
2026-06-11 12:17:01,351 [INFO]   Metadata batch 820/1557...
2026-06-11 12:17:06,820 [INFO]   Metadata batch 821/1557...
2026-06-11 12:17:12,807 [INFO]   Metadata batch 822/1557...
2026-06-11 12:17:18,801 [INFO]   Metadata batch 823/1557...
2026-06-11 12:17:23,887 [INFO]   Metadata batch 824/1557...
2026-06-11 12:17:29,014 [INFO]   Metadata batch 825/1557...
2026-06-11 12:17:34,596 [INFO]   Metadata batch 826/1557...
2026-06-11 12:17:39,817 [INFO]   Metadata batch 827/1557...
2026-06-11 12:17:45,089 [INFO]   Metadata batch 828/1557...
2026-06-11 12:17:50,515 [INFO]   Metadata batch 829/1557...
2026-06-11 12:17:55,706 [INFO]   Metadata batch 830/1557...
2026-06-11 12:18:01,524 [INFO]   Metadata batch 831/1557...
2026-06-11 12:18:06,625 [INFO]   Metadata batch 832/1557...
2026-06-11 12:18:12,210 [INFO]   Metadata batch 833/1557...
2026-06-11 12:18:17,276 [INFO]   Metadata batch 834/1557...
2026-06-11 12:18:22,492 [INFO]   Metadata batch 835/1557...
2026-06-11 12:18:27,633 [INFO]   Metadata batch 836/1557...
2026-06-11 12:18:32,495 [INFO]   Metadata batch 837/1557...
2026-06-11 12:18:37,924 [INFO]   Metadata batch 838/1557...
2026-06-11 12:18:43,475 [INFO]   Metadata batch 839/1557...
2026-06-11 12:18:48,748 [INFO]   Metadata batch 840/1557...
2026-06-11 12:18:54,358 [INFO]   Metadata batch 841/1557...
2026-06-11 12:18:59,291 [INFO]   Metadata batch 842/1557...
2026-06-11 12:19:04,410 [INFO]   Metadata batch 843/1557...
2026-06-11 12:19:12,748 [INFO]   Metadata batch 844/1557...
2026-06-11 12:19:18,188 [INFO]   Metadata batch 845/1557...
2026-06-11 12:19:23,310 [INFO]   Metadata batch 846/1557...
2026-06-11 12:19:28,336 [INFO]   Metadata batch 847/1557...
2026-06-11 12:19:34,149 [INFO]   Metadata batch 848/1557...
2026-06-11 12:19:39,382 [INFO]   Metadata batch 849/1557...
2026-06-11 12:19:44,989 [INFO]   Metadata batch 850/1557...
2026-06-11 12:19:50,149 [INFO]   Metadata batch 851/1557...
2026-06-11 12:19:56,268 [INFO]   Metadata batch 852/1557...
2026-06-11 12:20:01,824 [INFO]   Metadata batch 853/1557...
2026-06-11 12:20:08,094 [INFO]   Metadata batch 854/1557...
2026-06-11 12:20:13,745 [INFO]   Metadata batch 855/1557...
2026-06-11 12:20:20,096 [INFO]   Metadata batch 856/1557...
2026-06-11 12:20:26,192 [INFO]   Metadata batch 857/1557...
2026-06-11 12:20:31,352 [INFO]   Metadata batch 858/1557...
2026-06-11 12:20:37,252 [INFO]   Metadata batch 859/1557...
2026-06-11 12:20:42,199 [INFO]   Metadata batch 860/1557...
2026-06-11 12:20:47,384 [INFO]   Metadata batch 861/1557...
2026-06-11 12:20:52,728 [INFO]   Metadata batch 862/1557...
2026-06-11 12:20:58,328 [INFO]   Metadata batch 863/1557...
2026-06-11 12:21:03,125 [INFO]   Metadata batch 864/1557...
2026-06-11 12:21:08,282 [INFO]   Metadata batch 865/1557...
2026-06-11 12:21:13,555 [INFO]   Metadata batch 866/1557...
2026-06-11 12:21:18,464 [INFO]   Metadata batch 867/1557...
2026-06-11 12:21:23,478 [INFO]   Metadata batch 868/1557...
2026-06-11 12:21:28,682 [INFO]   Metadata batch 869/1557...
2026-06-11 12:21:33,838 [INFO]   Metadata batch 870/1557...
2026-06-11 12:21:39,346 [INFO]   Metadata batch 871/1557...
2026-06-11 12:21:45,099 [INFO]   Metadata batch 872/1557...
2026-06-11 12:21:50,236 [INFO]   Metadata batch 873/1557...
2026-06-11 12:21:55,255 [INFO]   Metadata batch 874/1557...
2026-06-11 12:21:59,920 [INFO]   Metadata batch 875/1557...
2026-06-11 12:22:04,675 [INFO]   Metadata batch 876/1557...
2026-06-11 12:22:09,238 [INFO]   Metadata batch 877/1557...
2026-06-11 12:22:14,883 [INFO]   Metadata batch 878/1557...
2026-06-11 12:22:20,013 [INFO]   Metadata batch 879/1557...
2026-06-11 12:22:25,750 [INFO]   Metadata batch 880/1557...
2026-06-11 12:22:31,160 [INFO]   Metadata batch 881/1557...
2026-06-11 12:22:36,400 [INFO]   Metadata batch 882/1557...
2026-06-11 12:22:41,948 [INFO]   Metadata batch 883/1557...
2026-06-11 12:22:47,315 [INFO]   Metadata batch 884/1557...
2026-06-11 12:22:52,932 [INFO]   Metadata batch 885/1557...
2026-06-11 12:22:58,244 [INFO]   Metadata batch 886/1557...
2026-06-11 12:23:03,643 [INFO]   Metadata batch 887/1557...
2026-06-11 12:23:09,204 [INFO]   Metadata batch 888/1557...
2026-06-11 12:23:14,224 [INFO]   Metadata batch 889/1557...
2026-06-11 12:23:20,069 [INFO]   Metadata batch 890/1557...
2026-06-11 12:23:25,236 [INFO]   Metadata batch 891/1557...
2026-06-11 12:23:31,958 [INFO]   Metadata batch 892/1557...
2026-06-11 12:23:36,821 [INFO]   Metadata batch 893/1557...
2026-06-11 12:23:41,913 [INFO]   Metadata batch 894/1557...
2026-06-11 12:23:47,258 [INFO]   Metadata batch 895/1557...
2026-06-11 12:23:52,755 [INFO]   Metadata batch 896/1557...
2026-06-11 12:23:58,124 [INFO]   Metadata batch 897/1557...
2026-06-11 12:24:03,505 [INFO]   Metadata batch 898/1557...
2026-06-11 12:24:08,992 [INFO]   Metadata batch 899/1557...
2026-06-11 12:24:14,022 [INFO]   Metadata batch 900/1557...
2026-06-11 12:24:19,320 [INFO]   Metadata batch 901/1557...
2026-06-11 12:24:25,006 [INFO]   Metadata batch 902/1557...
2026-06-11 12:24:30,591 [INFO]   Metadata batch 903/1557...
2026-06-11 12:24:35,693 [INFO]   Metadata batch 904/1557...
2026-06-11 12:24:40,676 [INFO]   Metadata batch 905/1557...
2026-06-11 12:24:46,135 [INFO]   Metadata batch 906/1557...
2026-06-11 12:24:51,908 [INFO]   Metadata batch 907/1557...
2026-06-11 12:24:57,007 [INFO]   Metadata batch 908/1557...
2026-06-11 12:25:02,103 [INFO]   Metadata batch 909/1557...
2026-06-11 12:25:07,995 [INFO]   Metadata batch 910/1557...
2026-06-11 12:25:14,608 [INFO]   Metadata batch 911/1557...
2026-06-11 12:25:21,772 [INFO]   Metadata batch 912/1557...
2026-06-11 12:25:28,221 [INFO]   Metadata batch 913/1557...
2026-06-11 12:25:34,168 [INFO]   Metadata batch 914/1557...
2026-06-11 12:25:40,128 [INFO]   Metadata batch 915/1557...
2026-06-11 12:25:46,036 [INFO]   Metadata batch 916/1557...
2026-06-11 12:25:51,710 [INFO]   Metadata batch 917/1557...
2026-06-11 12:25:57,563 [INFO]   Metadata batch 918/1557...
2026-06-11 12:26:02,919 [INFO]   Metadata batch 919/1557...
2026-06-11 12:26:08,836 [INFO]   Metadata batch 920/1557...
2026-06-11 12:26:15,226 [INFO]   Metadata batch 921/1557...
2026-06-11 12:26:20,640 [INFO]   Metadata batch 922/1557...
2026-06-11 12:26:26,254 [INFO]   Metadata batch 923/1557...
2026-06-11 12:26:31,942 [INFO]   Metadata batch 924/1557...
2026-06-11 12:26:37,962 [INFO]   Metadata batch 925/1557...
2026-06-11 12:26:43,401 [INFO]   Metadata batch 926/1557...
2026-06-11 12:26:49,990 [INFO]   Metadata batch 927/1557...
2026-06-11 12:26:55,135 [INFO]   Metadata batch 928/1557...
2026-06-11 12:27:01,205 [INFO]   Metadata batch 929/1557...
2026-06-11 12:27:06,422 [INFO]   Metadata batch 930/1557...
2026-06-11 12:27:11,629 [INFO]   Metadata batch 931/1557...
2026-06-11 12:27:16,840 [INFO]   Metadata batch 932/1557...
2026-06-11 12:27:22,156 [INFO]   Metadata batch 933/1557...
2026-06-11 12:27:28,092 [INFO]   Metadata batch 934/1557...
2026-06-11 12:27:33,318 [INFO]   Metadata batch 935/1557...
2026-06-11 12:27:38,203 [INFO]   Metadata batch 936/1557...
2026-06-11 12:27:43,162 [INFO]   Metadata batch 937/1557...
2026-06-11 12:27:48,781 [INFO]   Metadata batch 938/1557...
2026-06-11 12:27:53,767 [INFO]   Metadata batch 939/1557...
2026-06-11 12:27:59,336 [INFO]   Metadata batch 940/1557...
2026-06-11 12:28:04,273 [INFO]   Metadata batch 941/1557...
2026-06-11 12:28:09,437 [INFO]   Metadata batch 942/1557...
2026-06-11 12:28:14,849 [INFO]   Metadata batch 943/1557...
2026-06-11 12:28:21,241 [INFO]   Metadata batch 944/1557...
2026-06-11 12:28:26,490 [INFO]   Metadata batch 945/1557...
2026-06-11 12:28:31,580 [INFO]   Metadata batch 946/1557...
2026-06-11 12:28:36,668 [INFO]   Metadata batch 947/1557...
2026-06-11 12:28:42,468 [INFO]   Metadata batch 948/1557...
2026-06-11 12:28:49,150 [INFO]   Metadata batch 949/1557...
2026-06-11 12:28:53,801 [INFO]   Metadata batch 950/1557...
2026-06-11 12:28:58,968 [INFO]   Metadata batch 951/1557...
2026-06-11 12:29:03,993 [INFO]   Metadata batch 952/1557...
2026-06-11 12:29:09,038 [INFO]   Metadata batch 953/1557...
2026-06-11 12:29:14,483 [INFO]   Metadata batch 954/1557...
2026-06-11 12:29:19,535 [INFO]   Metadata batch 955/1557...
2026-06-11 12:29:24,566 [INFO]   Metadata batch 956/1557...
2026-06-11 12:29:30,401 [INFO]   Metadata batch 957/1557...
2026-06-11 12:29:35,642 [INFO]   Metadata batch 958/1557...
2026-06-11 12:29:40,689 [INFO]   Metadata batch 959/1557...
2026-06-11 12:29:45,937 [INFO]   Metadata batch 960/1557...
2026-06-11 12:29:51,644 [INFO]   Metadata batch 961/1557...
2026-06-11 12:29:56,661 [INFO]   Metadata batch 962/1557...
2026-06-11 12:30:01,607 [INFO]   Metadata batch 963/1557...
2026-06-11 12:30:06,759 [INFO]   Metadata batch 964/1557...
2026-06-11 12:30:12,394 [INFO]   Metadata batch 965/1557...
2026-06-11 12:30:18,351 [INFO]   Metadata batch 966/1557...
2026-06-11 12:30:24,051 [INFO]   Metadata batch 967/1557...
2026-06-11 12:30:30,113 [INFO]   Metadata batch 968/1557...
2026-06-11 12:30:36,421 [INFO]   Metadata batch 969/1557...
2026-06-11 12:30:42,358 [INFO]   Metadata batch 970/1557...
2026-06-11 12:30:48,197 [INFO]   Metadata batch 971/1557...
2026-06-11 12:30:53,839 [INFO]   Metadata batch 972/1557...
2026-06-11 12:30:59,320 [INFO]   Metadata batch 973/1557...
2026-06-11 12:31:05,654 [INFO]   Metadata batch 974/1557...
2026-06-11 12:31:12,625 [INFO]   Metadata batch 975/1557...
2026-06-11 12:31:17,580 [INFO]   Metadata batch 976/1557...
2026-06-11 12:31:22,885 [INFO]   Metadata batch 977/1557...
2026-06-11 12:31:28,418 [INFO]   Metadata batch 978/1557...
2026-06-11 12:31:33,844 [INFO]   Metadata batch 979/1557...
2026-06-11 12:31:40,424 [INFO]   Metadata batch 980/1557...
2026-06-11 12:31:46,098 [INFO]   Metadata batch 981/1557...
2026-06-11 12:31:52,631 [INFO]   Metadata batch 982/1557...
2026-06-11 12:31:58,201 [INFO]   Metadata batch 983/1557...
2026-06-11 12:32:04,357 [INFO]   Metadata batch 984/1557...
2026-06-11 12:32:09,898 [INFO]   Metadata batch 985/1557...
2026-06-11 12:32:16,192 [INFO]   Metadata batch 986/1557...
2026-06-11 12:32:21,897 [INFO]   Metadata batch 987/1557...
2026-06-11 12:32:26,847 [INFO]   Metadata batch 988/1557...
2026-06-11 12:32:32,190 [INFO]   Metadata batch 989/1557...
2026-06-11 12:32:38,337 [INFO]   Metadata batch 990/1557...
2026-06-11 12:32:44,662 [INFO]   Metadata batch 991/1557...
2026-06-11 12:32:50,098 [INFO]   Metadata batch 992/1557...
2026-06-11 12:32:55,436 [INFO]   Metadata batch 993/1557...
2026-06-11 12:33:00,643 [INFO]   Metadata batch 994/1557...
2026-06-11 12:33:08,992 [INFO]   Metadata batch 995/1557...
2026-06-11 12:33:14,387 [INFO]   Metadata batch 996/1557...
2026-06-11 12:33:20,864 [INFO]   Metadata batch 997/1557...
2026-06-11 12:33:25,903 [INFO]   Metadata batch 998/1557...
2026-06-11 12:33:31,154 [INFO]   Metadata batch 999/1557...
2026-06-11 12:33:36,231 [INFO]   Metadata batch 1000/1557...
2026-06-11 12:33:42,100 [INFO]   Metadata batch 1001/1557...
2026-06-11 12:33:48,119 [INFO]   Metadata batch 1002/1557...
2026-06-11 12:33:53,039 [INFO]   Metadata batch 1003/1557...
2026-06-11 12:33:58,553 [INFO]   Metadata batch 1004/1557...
2026-06-11 12:34:04,186 [INFO]   Metadata batch 1005/1557...
2026-06-11 12:34:10,423 [INFO]   Metadata batch 1006/1557...
2026-06-11 12:34:15,902 [INFO]   Metadata batch 1007/1557...
2026-06-11 12:34:21,006 [INFO]   Metadata batch 1008/1557...
2026-06-11 12:34:27,404 [INFO]   Metadata batch 1009/1557...
2026-06-11 12:34:32,556 [INFO]   Metadata batch 1010/1557...
2026-06-11 12:34:38,000 [INFO]   Metadata batch 1011/1557...
2026-06-11 12:34:43,000 [INFO]   Metadata batch 1012/1557...
2026-06-11 12:34:48,679 [INFO]   Metadata batch 1013/1557...
2026-06-11 12:34:53,543 [INFO]   Metadata batch 1014/1557...
2026-06-11 12:34:58,981 [INFO]   Metadata batch 1015/1557...
2026-06-11 12:35:04,345 [INFO]   Metadata batch 1016/1557...
2026-06-11 12:35:10,113 [INFO]   Metadata batch 1017/1557...
2026-06-11 12:35:15,229 [INFO]   Metadata batch 1018/1557...
2026-06-11 12:35:20,581 [INFO]   Metadata batch 1019/1557...
2026-06-11 12:35:26,220 [INFO]   Metadata batch 1020/1557...
2026-06-11 12:35:31,440 [INFO]   Metadata batch 1021/1557...
2026-06-11 12:35:36,953 [INFO]   Metadata batch 1022/1557...
2026-06-11 12:35:42,335 [INFO]   Metadata batch 1023/1557...
2026-06-11 12:35:48,187 [INFO]   Metadata batch 1024/1557...
2026-06-11 12:35:53,227 [INFO]   Metadata batch 1025/1557...
2026-06-11 12:35:58,918 [INFO]   Metadata batch 1026/1557...
2026-06-11 12:36:04,081 [INFO]   Metadata batch 1027/1557...
2026-06-11 12:36:09,280 [INFO]   Metadata batch 1028/1557...
2026-06-11 12:36:14,443 [INFO]   Metadata batch 1029/1557...
2026-06-11 12:36:19,975 [INFO]   Metadata batch 1030/1557...
2026-06-11 12:36:24,982 [INFO]   Metadata batch 1031/1557...
2026-06-11 12:36:30,618 [INFO]   Metadata batch 1032/1557...
2026-06-11 12:36:35,958 [INFO]   Metadata batch 1033/1557...
2026-06-11 12:36:43,546 [INFO]   Metadata batch 1034/1557...
2026-06-11 12:36:48,812 [INFO]   Metadata batch 1035/1557...
2026-06-11 12:36:54,276 [INFO]   Metadata batch 1036/1557...
2026-06-11 12:36:59,893 [INFO]   Metadata batch 1037/1557...
2026-06-11 12:37:05,336 [INFO]   Metadata batch 1038/1557...
2026-06-11 12:37:11,236 [INFO]   Metadata batch 1039/1557...
2026-06-11 12:37:16,495 [INFO]   Metadata batch 1040/1557...
2026-06-11 12:37:22,207 [INFO]   Metadata batch 1041/1557...
2026-06-11 12:37:27,043 [INFO]   Metadata batch 1042/1557...
2026-06-11 12:37:32,008 [INFO]   Metadata batch 1043/1557...
2026-06-11 12:37:38,131 [INFO]   Metadata batch 1044/1557...
2026-06-11 12:37:43,937 [INFO]   Metadata batch 1045/1557...
2026-06-11 12:37:50,085 [INFO]   Metadata batch 1046/1557...
2026-06-11 12:37:56,909 [INFO]   Metadata batch 1047/1557...
2026-06-11 12:38:01,898 [INFO]   Metadata batch 1048/1557...
2026-06-11 12:38:07,165 [INFO]   Metadata batch 1049/1557...
2026-06-11 12:38:12,931 [INFO]   Metadata batch 1050/1557...
2026-06-11 12:38:18,011 [INFO]   Metadata batch 1051/1557...
2026-06-11 12:38:23,458 [INFO]   Metadata batch 1052/1557...
2026-06-11 12:38:28,541 [INFO]   Metadata batch 1053/1557...
2026-06-11 12:38:36,158 [INFO]   Metadata batch 1054/1557...
2026-06-11 12:38:41,460 [INFO]   Metadata batch 1055/1557...
2026-06-11 12:38:46,450 [INFO]   Metadata batch 1056/1557...
2026-06-11 12:38:51,473 [INFO]   Metadata batch 1057/1557...
2026-06-11 12:38:56,748 [INFO]   Metadata batch 1058/1557...
2026-06-11 12:39:02,004 [INFO]   Metadata batch 1059/1557...
2026-06-11 12:39:06,842 [INFO]   Metadata batch 1060/1557...
2026-06-11 12:39:12,054 [INFO]   Metadata batch 1061/1557...
2026-06-11 12:39:17,446 [INFO]   Metadata batch 1062/1557...
2026-06-11 12:39:22,648 [INFO]   Metadata batch 1063/1557...
2026-06-11 12:39:28,344 [INFO]   Metadata batch 1064/1557...
2026-06-11 12:39:32,995 [INFO]   Metadata batch 1065/1557...
2026-06-11 12:39:38,277 [INFO]   Metadata batch 1066/1557...
2026-06-11 12:39:43,822 [INFO]   Metadata batch 1067/1557...
2026-06-11 12:39:49,545 [INFO]   Metadata batch 1068/1557...
2026-06-11 12:39:54,562 [INFO]   Metadata batch 1069/1557...
2026-06-11 12:40:00,483 [INFO]   Metadata batch 1070/1557...
2026-06-11 12:40:06,707 [INFO]   Metadata batch 1071/1557...
2026-06-11 12:40:12,602 [INFO]   Metadata batch 1072/1557...
2026-06-11 12:40:21,573 [INFO]   Metadata batch 1073/1557...
2026-06-11 12:40:26,887 [INFO]   Metadata batch 1074/1557...
2026-06-11 12:40:32,641 [INFO]   Metadata batch 1075/1557...
2026-06-11 12:40:39,486 [INFO]   Metadata batch 1076/1557...
2026-06-11 12:40:45,010 [INFO]   Metadata batch 1077/1557...
2026-06-11 12:40:50,247 [INFO]   Metadata batch 1078/1557...
2026-06-11 12:40:55,178 [INFO]   Metadata batch 1079/1557...
2026-06-11 12:41:00,734 [INFO]   Metadata batch 1080/1557...
2026-06-11 12:41:05,820 [INFO]   Metadata batch 1081/1557...
2026-06-11 12:41:11,264 [INFO]   Metadata batch 1082/1557...
2026-06-11 12:41:16,583 [INFO]   Metadata batch 1083/1557...
2026-06-11 12:41:22,095 [INFO]   Metadata batch 1084/1557...
2026-06-11 12:41:27,432 [INFO]   Metadata batch 1085/1557...
2026-06-11 12:41:32,089 [INFO]   Metadata batch 1086/1557...
2026-06-11 12:41:37,324 [INFO]   Metadata batch 1087/1557...
2026-06-11 12:41:42,860 [INFO]   Metadata batch 1088/1557...
2026-06-11 12:41:47,599 [INFO]   Metadata batch 1089/1557...
2026-06-11 12:41:53,518 [INFO]   Metadata batch 1090/1557...
2026-06-11 12:41:58,448 [INFO]   Metadata batch 1091/1557...
2026-06-11 12:42:04,465 [INFO]   Metadata batch 1092/1557...
2026-06-11 12:42:09,656 [INFO]   Metadata batch 1093/1557...
2026-06-11 12:42:14,626 [INFO]   Metadata batch 1094/1557...
2026-06-11 12:42:19,343 [INFO]   Metadata batch 1095/1557...
2026-06-11 12:42:24,625 [INFO]   Metadata batch 1096/1557...
2026-06-11 12:42:30,168 [INFO]   Metadata batch 1097/1557...
2026-06-11 12:42:35,458 [INFO]   Metadata batch 1098/1557...
2026-06-11 12:42:39,958 [INFO]   Metadata batch 1099/1557...
2026-06-11 12:42:44,759 [INFO]   Metadata batch 1100/1557...
2026-06-11 12:42:49,639 [INFO]   Metadata batch 1101/1557...
2026-06-11 12:42:54,738 [INFO]   Metadata batch 1102/1557...
2026-06-11 12:43:00,058 [INFO]   Metadata batch 1103/1557...
2026-06-11 12:43:05,721 [INFO]   Metadata batch 1104/1557...
2026-06-11 12:43:11,264 [INFO]   Metadata batch 1105/1557...
2026-06-11 12:43:16,490 [INFO]   Metadata batch 1106/1557...
2026-06-11 12:43:21,178 [INFO]   Metadata batch 1107/1557...
2026-06-11 12:43:26,325 [INFO]   Metadata batch 1108/1557...
2026-06-11 12:43:32,027 [INFO]   Metadata batch 1109/1557...
2026-06-11 12:43:38,019 [INFO]   Metadata batch 1110/1557...
2026-06-11 12:43:43,599 [INFO]   Metadata batch 1111/1557...
2026-06-11 12:43:48,545 [INFO]   Metadata batch 1112/1557...
2026-06-11 12:43:59,427 [INFO]   Metadata batch 1113/1557...
2026-06-11 12:44:15,007 [INFO]   Metadata batch 1114/1557...
2026-06-11 12:44:20,325 [INFO]   Metadata batch 1115/1557...
2026-06-11 12:44:25,904 [INFO]   Metadata batch 1116/1557...
2026-06-11 12:44:31,470 [INFO]   Metadata batch 1117/1557...
2026-06-11 12:44:36,793 [INFO]   Metadata batch 1118/1557...
2026-06-11 12:44:42,276 [INFO]   Metadata batch 1119/1557...
2026-06-11 12:44:47,710 [INFO]   Metadata batch 1120/1557...
2026-06-11 12:44:54,971 [INFO]   Metadata batch 1121/1557...
2026-06-11 12:44:59,817 [INFO]   Metadata batch 1122/1557...
2026-06-11 12:45:05,336 [INFO]   Metadata batch 1123/1557...
2026-06-11 12:45:11,213 [INFO]   Metadata batch 1124/1557...
2026-06-11 12:45:16,555 [INFO]   Metadata batch 1125/1557...
2026-06-11 12:45:21,945 [INFO]   Metadata batch 1126/1557...
2026-06-11 12:45:29,865 [INFO]   Metadata batch 1127/1557...
2026-06-11 12:45:35,361 [INFO]   Metadata batch 1128/1557...
2026-06-11 12:45:41,573 [INFO]   Metadata batch 1129/1557...
2026-06-11 12:45:47,279 [INFO]   Metadata batch 1130/1557...
2026-06-11 12:45:53,226 [INFO]   Metadata batch 1131/1557...
2026-06-11 12:45:59,869 [INFO]   Metadata batch 1132/1557...
2026-06-11 12:46:05,589 [INFO]   Metadata batch 1133/1557...
2026-06-11 12:46:11,959 [INFO]   Metadata batch 1134/1557...
2026-06-11 12:46:17,260 [INFO]   Metadata batch 1135/1557...
2026-06-11 12:46:24,118 [INFO]   Metadata batch 1136/1557...
2026-06-11 12:46:29,715 [INFO]   Metadata batch 1137/1557...
2026-06-11 12:46:35,460 [INFO]   Metadata batch 1138/1557...
2026-06-11 12:46:42,335 [INFO]   Metadata batch 1139/1557...
2026-06-11 12:46:47,360 [INFO]   Metadata batch 1140/1557...
2026-06-11 12:46:53,161 [INFO]   Metadata batch 1141/1557...
2026-06-11 12:46:58,590 [INFO]   Metadata batch 1142/1557...
2026-06-11 12:47:03,692 [INFO]   Metadata batch 1143/1557...
2026-06-11 12:47:08,982 [INFO]   Metadata batch 1144/1557...
2026-06-11 12:47:14,071 [INFO]   Metadata batch 1145/1557...
2026-06-11 12:47:19,326 [INFO]   Metadata batch 1146/1557...
2026-06-11 12:47:24,512 [INFO]   Metadata batch 1147/1557...
2026-06-11 12:47:36,818 [INFO]   Metadata batch 1148/1557...
2026-06-11 12:47:41,732 [INFO]   Metadata batch 1149/1557...
2026-06-11 12:47:46,713 [INFO]   Metadata batch 1150/1557...
2026-06-11 12:47:52,080 [INFO]   Metadata batch 1151/1557...
2026-06-11 12:47:57,147 [INFO]   Metadata batch 1152/1557...
2026-06-11 12:48:02,864 [INFO]   Metadata batch 1153/1557...
2026-06-11 12:48:07,765 [INFO]   Metadata batch 1154/1557...
2026-06-11 12:48:12,895 [INFO]   Metadata batch 1155/1557...
2026-06-11 12:48:18,275 [INFO]   Metadata batch 1156/1557...
2026-06-11 12:48:24,135 [INFO]   Metadata batch 1157/1557...
2026-06-11 12:48:29,262 [INFO]   Metadata batch 1158/1557...
2026-06-11 12:48:33,906 [INFO]   Metadata batch 1159/1557...
2026-06-11 12:48:39,377 [INFO]   Metadata batch 1160/1557...
2026-06-11 12:48:45,137 [INFO]   Metadata batch 1161/1557...
2026-06-11 12:48:50,595 [INFO]   Metadata batch 1162/1557...
2026-06-11 12:48:56,432 [INFO]   Metadata batch 1163/1557...
2026-06-11 12:49:01,771 [INFO]   Metadata batch 1164/1557...
2026-06-11 12:49:06,926 [INFO]   Metadata batch 1165/1557...
2026-06-11 12:49:11,677 [INFO]   Metadata batch 1166/1557...
2026-06-11 12:49:16,969 [INFO]   Metadata batch 1167/1557...
2026-06-11 12:49:22,257 [INFO]   Metadata batch 1168/1557...
2026-06-11 12:49:27,725 [INFO]   Metadata batch 1169/1557...
2026-06-11 12:49:33,007 [INFO]   Metadata batch 1170/1557...
2026-06-11 12:49:38,905 [INFO]   Metadata batch 1171/1557...
2026-06-11 12:49:43,615 [INFO]   Metadata batch 1172/1557...
2026-06-11 12:49:49,207 [INFO]   Metadata batch 1173/1557...
2026-06-11 12:49:55,466 [INFO]   Metadata batch 1174/1557...
2026-06-11 12:50:01,007 [INFO]   Metadata batch 1175/1557...
2026-06-11 12:50:07,072 [INFO]   Metadata batch 1176/1557...
2026-06-11 12:50:12,533 [INFO]   Metadata batch 1177/1557...
2026-06-11 12:50:18,275 [INFO]   Metadata batch 1178/1557...
2026-06-11 12:50:24,132 [INFO]   Metadata batch 1179/1557...
2026-06-11 12:50:28,910 [INFO]   Metadata batch 1180/1557...
2026-06-11 12:50:33,946 [INFO]   Metadata batch 1181/1557...
2026-06-11 12:50:39,122 [INFO]   Metadata batch 1182/1557...
2026-06-11 12:50:46,678 [INFO]   Metadata batch 1183/1557...
2026-06-11 12:50:53,084 [INFO]   Metadata batch 1184/1557...
2026-06-11 12:50:58,777 [INFO]   Metadata batch 1185/1557...
2026-06-11 12:51:04,431 [INFO]   Metadata batch 1186/1557...
2026-06-11 12:51:10,184 [INFO]   Metadata batch 1187/1557...
2026-06-11 12:51:15,607 [INFO]   Metadata batch 1188/1557...
2026-06-11 12:51:21,703 [INFO]   Metadata batch 1189/1557...
2026-06-11 12:51:27,158 [INFO]   Metadata batch 1190/1557...
2026-06-11 12:51:32,152 [INFO]   Metadata batch 1191/1557...
2026-06-11 12:51:37,896 [INFO]   Metadata batch 1192/1557...
2026-06-11 12:51:43,070 [INFO]   Metadata batch 1193/1557...
2026-06-11 12:51:48,099 [INFO]   Metadata batch 1194/1557...
2026-06-11 12:51:53,318 [INFO]   Metadata batch 1195/1557...
2026-06-11 12:51:59,441 [INFO]   Metadata batch 1196/1557...
2026-06-11 12:52:04,535 [INFO]   Metadata batch 1197/1557...
2026-06-11 12:52:09,924 [INFO]   Metadata batch 1198/1557...
2026-06-11 12:52:15,107 [INFO]   Metadata batch 1199/1557...
2026-06-11 12:52:20,174 [INFO]   Metadata batch 1200/1557...
2026-06-11 12:52:25,786 [INFO]   Metadata batch 1201/1557...
2026-06-11 12:52:30,735 [INFO]   Metadata batch 1202/1557...
2026-06-11 12:52:36,203 [INFO]   Metadata batch 1203/1557...
2026-06-11 12:52:41,543 [INFO]   Metadata batch 1204/1557...
2026-06-11 12:52:46,921 [INFO]   Metadata batch 1205/1557...
2026-06-11 12:52:52,257 [INFO]   Metadata batch 1206/1557...
2026-06-11 12:52:57,562 [INFO]   Metadata batch 1207/1557...
2026-06-11 12:53:03,062 [INFO]   Metadata batch 1208/1557...
2026-06-11 12:53:08,044 [INFO]   Metadata batch 1209/1557...
2026-06-11 12:53:13,360 [INFO]   Metadata batch 1210/1557...
2026-06-11 12:53:18,784 [INFO]   Metadata batch 1211/1557...
2026-06-11 12:53:24,191 [INFO]   Metadata batch 1212/1557...
2026-06-11 12:53:29,394 [INFO]   Metadata batch 1213/1557...
2026-06-11 12:53:35,200 [INFO]   Metadata batch 1214/1557...
2026-06-11 12:53:40,926 [INFO]   Metadata batch 1215/1557...
2026-06-11 12:53:45,523 [INFO]   Metadata batch 1216/1557...
2026-06-11 12:53:51,527 [INFO]   Metadata batch 1217/1557...
2026-06-11 12:53:56,913 [INFO]   Metadata batch 1218/1557...
2026-06-11 12:54:02,764 [INFO]   Metadata batch 1219/1557...
2026-06-11 12:54:08,256 [INFO]   Metadata batch 1220/1557...
2026-06-11 12:54:14,518 [INFO]   Metadata batch 1221/1557...
2026-06-11 12:54:20,146 [INFO]   Metadata batch 1222/1557...
2026-06-11 12:54:25,194 [INFO]   Metadata batch 1223/1557...
2026-06-11 12:54:29,788 [INFO]   Metadata batch 1224/1557...
2026-06-11 12:54:35,238 [INFO]   Metadata batch 1225/1557...
2026-06-11 12:54:40,266 [INFO]   Metadata batch 1226/1557...
2026-06-11 12:54:45,380 [INFO]   Metadata batch 1227/1557...
2026-06-11 12:54:50,453 [INFO]   Metadata batch 1228/1557...
2026-06-11 12:54:55,599 [INFO]   Metadata batch 1229/1557...
2026-06-11 12:55:00,528 [INFO]   Metadata batch 1230/1557...
2026-06-11 12:55:06,117 [INFO]   Metadata batch 1231/1557...
2026-06-11 12:55:11,235 [INFO]   Metadata batch 1232/1557...
2026-06-11 12:55:16,459 [INFO]   Metadata batch 1233/1557...
2026-06-11 12:55:21,364 [INFO]   Metadata batch 1234/1557...
2026-06-11 12:55:27,200 [INFO]   Metadata batch 1235/1557...
2026-06-11 12:55:32,800 [INFO]   Metadata batch 1236/1557...
2026-06-11 12:55:38,448 [INFO]   Metadata batch 1237/1557...
2026-06-11 12:55:43,768 [INFO]   Metadata batch 1238/1557...
2026-06-11 12:55:50,317 [INFO]   Metadata batch 1239/1557...
2026-06-11 12:55:56,257 [INFO]   Metadata batch 1240/1557...
2026-06-11 12:56:01,250 [INFO]   Metadata batch 1241/1557...
2026-06-11 12:56:06,313 [INFO]   Metadata batch 1242/1557...
2026-06-11 12:56:11,452 [INFO]   Metadata batch 1243/1557...
2026-06-11 12:56:17,593 [INFO]   Metadata batch 1244/1557...
2026-06-11 12:56:23,243 [INFO]   Metadata batch 1245/1557...
2026-06-11 12:56:28,857 [INFO]   Metadata batch 1246/1557...
2026-06-11 12:56:34,378 [INFO]   Metadata batch 1247/1557...
2026-06-11 12:56:39,625 [INFO]   Metadata batch 1248/1557...
2026-06-11 12:56:44,787 [INFO]   Metadata batch 1249/1557...
2026-06-11 12:56:50,607 [INFO]   Metadata batch 1250/1557...
2026-06-11 12:56:55,783 [INFO]   Metadata batch 1251/1557...
2026-06-11 12:57:01,043 [INFO]   Metadata batch 1252/1557...
2026-06-11 12:57:06,671 [INFO]   Metadata batch 1253/1557...
2026-06-11 12:57:12,389 [INFO]   Metadata batch 1254/1557...
2026-06-11 12:57:17,805 [INFO]   Metadata batch 1255/1557...
2026-06-11 12:57:23,696 [INFO]   Metadata batch 1256/1557...
2026-06-11 12:57:29,154 [INFO]   Metadata batch 1257/1557...
2026-06-11 12:57:34,478 [INFO]   Metadata batch 1258/1557...
2026-06-11 12:57:40,180 [INFO]   Metadata batch 1259/1557...
2026-06-11 12:57:45,635 [INFO]   Metadata batch 1260/1557...
2026-06-11 12:57:51,452 [INFO]   Metadata batch 1261/1557...
2026-06-11 12:57:56,465 [INFO]   Metadata batch 1262/1557...
2026-06-11 12:58:02,366 [INFO]   Metadata batch 1263/1557...
2026-06-11 12:58:07,811 [INFO]   Metadata batch 1264/1557...
2026-06-11 12:58:13,412 [INFO]   Metadata batch 1265/1557...
2026-06-11 12:58:18,690 [INFO]   Metadata batch 1266/1557...
2026-06-11 12:58:23,953 [INFO]   Metadata batch 1267/1557...
2026-06-11 12:58:29,337 [INFO]   Metadata batch 1268/1557...
2026-06-11 12:58:35,362 [INFO]   Metadata batch 1269/1557...
2026-06-11 12:58:41,072 [INFO]   Metadata batch 1270/1557...
2026-06-11 12:58:46,046 [INFO]   Metadata batch 1271/1557...
2026-06-11 12:58:51,545 [INFO]   Metadata batch 1272/1557...
2026-06-11 12:58:57,485 [INFO]   Metadata batch 1273/1557...
2026-06-11 12:59:02,750 [INFO]   Metadata batch 1274/1557...
2026-06-11 12:59:07,960 [INFO]   Metadata batch 1275/1557...
2026-06-11 12:59:14,118 [INFO]   Metadata batch 1276/1557...
2026-06-11 12:59:19,399 [INFO]   Metadata batch 1277/1557...
2026-06-11 12:59:25,126 [INFO]   Metadata batch 1278/1557...
2026-06-11 12:59:30,982 [INFO]   Metadata batch 1279/1557...
2026-06-11 12:59:36,902 [INFO]   Metadata batch 1280/1557...
2026-06-11 12:59:42,125 [INFO]   Metadata batch 1281/1557...
2026-06-11 12:59:46,715 [INFO]   Metadata batch 1282/1557...
2026-06-11 12:59:52,167 [INFO]   Metadata batch 1283/1557...
2026-06-11 12:59:57,783 [INFO]   Metadata batch 1284/1557...
2026-06-11 13:00:02,699 [INFO]   Metadata batch 1285/1557...
2026-06-11 13:00:08,765 [INFO]   Metadata batch 1286/1557...
2026-06-11 13:00:19,860 [INFO]   Metadata batch 1287/1557...
2026-06-11 13:00:26,676 [INFO]   Metadata batch 1288/1557...
2026-06-11 13:00:33,199 [INFO]   Metadata batch 1289/1557...
2026-06-11 13:00:38,631 [INFO]   Metadata batch 1290/1557...
2026-06-11 13:00:44,572 [INFO]   Metadata batch 1291/1557...
2026-06-11 13:00:52,811 [INFO]   Metadata batch 1292/1557...
2026-06-11 13:00:58,303 [INFO]   Metadata batch 1293/1557...
2026-06-11 13:01:03,958 [INFO]   Metadata batch 1294/1557...
2026-06-11 13:01:10,863 [INFO]   Metadata batch 1295/1557...
2026-06-11 13:01:16,577 [INFO]   Metadata batch 1296/1557...
2026-06-11 13:01:22,326 [INFO]   Metadata batch 1297/1557...
2026-06-11 13:01:28,816 [INFO]   Metadata batch 1298/1557...
2026-06-11 13:01:34,552 [INFO]   Metadata batch 1299/1557...
2026-06-11 13:01:44,404 [INFO]   Metadata batch 1300/1557...
2026-06-11 13:01:54,696 [INFO]   Metadata batch 1301/1557...
2026-06-11 13:02:00,762 [INFO]   Metadata batch 1302/1557...
2026-06-11 13:02:07,002 [INFO]   Metadata batch 1303/1557...
2026-06-11 13:02:12,640 [INFO]   Metadata batch 1304/1557...
2026-06-11 13:02:21,278 [INFO]   Metadata batch 1305/1557...
2026-06-11 13:02:26,650 [INFO]   Metadata batch 1306/1557...
2026-06-11 13:02:32,133 [INFO]   Metadata batch 1307/1557...
2026-06-11 13:02:37,780 [INFO]   Metadata batch 1308/1557...
2026-06-11 13:02:43,597 [INFO]   Metadata batch 1309/1557...
2026-06-11 13:02:49,665 [INFO]   Metadata batch 1310/1557...
2026-06-11 13:02:55,028 [INFO]   Metadata batch 1311/1557...
2026-06-11 13:03:00,695 [INFO]   Metadata batch 1312/1557...
2026-06-11 13:03:06,229 [INFO]   Metadata batch 1313/1557...
2026-06-11 13:03:12,301 [INFO]   Metadata batch 1314/1557...
2026-06-11 13:03:17,548 [INFO]   Metadata batch 1315/1557...
2026-06-11 13:03:23,482 [INFO]   Metadata batch 1316/1557...
2026-06-11 13:03:30,602 [INFO]   Metadata batch 1317/1557...
2026-06-11 13:03:36,413 [INFO]   Metadata batch 1318/1557...
2026-06-11 13:03:41,988 [INFO]   Metadata batch 1319/1557...
2026-06-11 13:03:48,380 [INFO]   Metadata batch 1320/1557...
2026-06-11 13:03:53,777 [INFO]   Metadata batch 1321/1557...
2026-06-11 13:03:59,523 [INFO]   Metadata batch 1322/1557...
2026-06-11 13:04:05,229 [INFO]   Metadata batch 1323/1557...
2026-06-11 13:04:11,644 [INFO]   Metadata batch 1324/1557...
2026-06-11 13:04:17,014 [INFO]   Metadata batch 1325/1557...
2026-06-11 13:04:22,744 [INFO]   Metadata batch 1326/1557...
2026-06-11 13:04:28,411 [INFO]   Metadata batch 1327/1557...
2026-06-11 13:04:34,214 [INFO]   Metadata batch 1328/1557...
2026-06-11 13:04:41,158 [INFO]   Metadata batch 1329/1557...
2026-06-11 13:04:47,077 [INFO]   Metadata batch 1330/1557...
2026-06-11 13:04:53,133 [INFO]   Metadata batch 1331/1557...
2026-06-11 13:04:58,146 [INFO]   Metadata batch 1332/1557...
2026-06-11 13:05:03,575 [INFO]   Metadata batch 1333/1557...
2026-06-11 13:05:10,238 [INFO]   Metadata batch 1334/1557...
2026-06-11 13:05:15,564 [INFO]   Metadata batch 1335/1557...
2026-06-11 13:05:21,196 [INFO]   Metadata batch 1336/1557...
2026-06-11 13:05:26,704 [INFO]   Metadata batch 1337/1557...
2026-06-11 13:05:32,828 [INFO]   Metadata batch 1338/1557...
2026-06-11 13:05:38,570 [INFO]   Metadata batch 1339/1557...
2026-06-11 13:05:44,139 [INFO]   Metadata batch 1340/1557...
2026-06-11 13:05:49,540 [INFO]   Metadata batch 1341/1557...
2026-06-11 13:05:54,932 [INFO]   Metadata batch 1342/1557...
2026-06-11 13:06:00,316 [INFO]   Metadata batch 1343/1557...
2026-06-11 13:06:06,397 [INFO]   Metadata batch 1344/1557...
2026-06-11 13:06:11,563 [INFO]   Metadata batch 1345/1557...
2026-06-11 13:06:18,006 [INFO]   Metadata batch 1346/1557...
2026-06-11 13:06:22,995 [INFO]   Metadata batch 1347/1557...
2026-06-11 13:06:28,404 [INFO]   Metadata batch 1348/1557...
2026-06-11 13:06:33,933 [INFO]   Metadata batch 1349/1557...
2026-06-11 13:06:39,295 [INFO]   Metadata batch 1350/1557...
2026-06-11 13:06:53,865 [INFO]   Metadata batch 1351/1557...
2026-06-11 13:07:00,417 [INFO]   Metadata batch 1352/1557...
2026-06-11 13:07:05,913 [INFO]   Metadata batch 1353/1557...
2026-06-11 13:07:11,720 [INFO]   Metadata batch 1354/1557...
2026-06-11 13:07:17,244 [INFO]   Metadata batch 1355/1557...
2026-06-11 13:07:24,652 [INFO]   Metadata batch 1356/1557...
2026-06-11 13:07:30,025 [INFO]   Metadata batch 1357/1557...
2026-06-11 13:07:35,674 [INFO]   Metadata batch 1358/1557...
2026-06-11 13:07:41,352 [INFO]   Metadata batch 1359/1557...
2026-06-11 13:07:47,073 [INFO]   Metadata batch 1360/1557...
2026-06-11 13:07:52,510 [INFO]   Metadata batch 1361/1557...
2026-06-11 13:07:58,062 [INFO]   Metadata batch 1362/1557...
2026-06-11 13:08:03,157 [INFO]   Metadata batch 1363/1557...
2026-06-11 13:08:08,380 [INFO]   Metadata batch 1364/1557...
2026-06-11 13:08:13,718 [INFO]   Metadata batch 1365/1557...
2026-06-11 13:08:19,228 [INFO]   Metadata batch 1366/1557...
2026-06-11 13:08:24,593 [INFO]   Metadata batch 1367/1557...
2026-06-11 13:08:29,399 [INFO]   Metadata batch 1368/1557...
2026-06-11 13:08:34,925 [INFO]   Metadata batch 1369/1557...
2026-06-11 13:08:40,252 [INFO]   Metadata batch 1370/1557...
2026-06-11 13:08:45,972 [INFO]   Metadata batch 1371/1557...
2026-06-11 13:08:54,029 [INFO]   Metadata batch 1372/1557...
2026-06-11 13:08:59,285 [INFO]   Metadata batch 1373/1557...
2026-06-11 13:09:04,678 [INFO]   Metadata batch 1374/1557...
2026-06-11 13:09:09,594 [INFO]   Metadata batch 1375/1557...
2026-06-11 13:09:15,092 [INFO]   Metadata batch 1376/1557...
2026-06-11 13:09:21,111 [INFO]   Metadata batch 1377/1557...
2026-06-11 13:09:26,842 [INFO]   Metadata batch 1378/1557...
2026-06-11 13:09:32,095 [INFO]   Metadata batch 1379/1557...
2026-06-11 13:09:38,023 [INFO]   Metadata batch 1380/1557...
2026-06-11 13:09:43,562 [INFO]   Metadata batch 1381/1557...
2026-06-11 13:09:49,477 [INFO]   Metadata batch 1382/1557...
2026-06-11 13:09:54,475 [INFO]   Metadata batch 1383/1557...
2026-06-11 13:10:00,153 [INFO]   Metadata batch 1384/1557...
2026-06-11 13:10:05,192 [INFO]   Metadata batch 1385/1557...
2026-06-11 13:10:11,287 [INFO]   Metadata batch 1386/1557...
2026-06-11 13:10:16,642 [INFO]   Metadata batch 1387/1557...
2026-06-11 13:10:22,825 [INFO]   Metadata batch 1388/1557...
2026-06-11 13:10:28,508 [INFO]   Metadata batch 1389/1557...
2026-06-11 13:10:34,180 [INFO]   Metadata batch 1390/1557...
2026-06-11 13:10:39,956 [INFO]   Metadata batch 1391/1557...
2026-06-11 13:10:45,585 [INFO]   Metadata batch 1392/1557...
2026-06-11 13:10:51,025 [INFO]   Metadata batch 1393/1557...
2026-06-11 13:10:56,616 [INFO]   Metadata batch 1394/1557...
2026-06-11 13:11:02,377 [INFO]   Metadata batch 1395/1557...
2026-06-11 13:11:07,866 [INFO]   Metadata batch 1396/1557...
2026-06-11 13:11:14,303 [INFO]   Metadata batch 1397/1557...
2026-06-11 13:11:19,742 [INFO]   Metadata batch 1398/1557...
2026-06-11 13:11:25,523 [INFO]   Metadata batch 1399/1557...
2026-06-11 13:11:31,234 [INFO]   Metadata batch 1400/1557...
2026-06-11 13:11:36,415 [INFO]   Metadata batch 1401/1557...
2026-06-11 13:11:42,525 [INFO]   Metadata batch 1402/1557...
2026-06-11 13:11:48,769 [INFO]   Metadata batch 1403/1557...
2026-06-11 13:11:54,332 [INFO]   Metadata batch 1404/1557...
2026-06-11 13:12:00,663 [INFO]   Metadata batch 1405/1557...
2026-06-11 13:12:06,954 [INFO]   Metadata batch 1406/1557...
2026-06-11 13:12:11,893 [INFO]   Metadata batch 1407/1557...
2026-06-11 13:12:17,430 [INFO]   Metadata batch 1408/1557...
2026-06-11 13:12:22,725 [INFO]   Metadata batch 1409/1557...
2026-06-11 13:12:28,659 [INFO]   Metadata batch 1410/1557...
2026-06-11 13:12:33,885 [INFO]   Metadata batch 1411/1557...
2026-06-11 13:12:39,447 [INFO]   Metadata batch 1412/1557...
2026-06-11 13:12:44,494 [INFO]   Metadata batch 1413/1557...
2026-06-11 13:12:49,976 [INFO]   Metadata batch 1414/1557...
2026-06-11 13:12:55,735 [INFO]   Metadata batch 1415/1557...
2026-06-11 13:13:00,874 [INFO]   Metadata batch 1416/1557...
2026-06-11 13:13:06,351 [INFO]   Metadata batch 1417/1557...
2026-06-11 13:13:11,692 [INFO]   Metadata batch 1418/1557...
2026-06-11 13:13:18,104 [INFO]   Metadata batch 1419/1557...
2026-06-11 13:13:23,649 [INFO]   Metadata batch 1420/1557...
2026-06-11 13:13:28,790 [INFO]   Metadata batch 1421/1557...
2026-06-11 13:13:33,776 [INFO]   Metadata batch 1422/1557...
2026-06-11 13:13:41,381 [INFO]   Metadata batch 1423/1557...
2026-06-11 13:13:46,539 [INFO]   Metadata batch 1424/1557...
2026-06-11 13:13:51,561 [INFO]   Metadata batch 1425/1557...
2026-06-11 13:13:56,945 [INFO]   Metadata batch 1426/1557...
2026-06-11 13:14:02,211 [INFO]   Metadata batch 1427/1557...
2026-06-11 13:14:07,777 [INFO]   Metadata batch 1428/1557...
2026-06-11 13:14:12,890 [INFO]   Metadata batch 1429/1557...
2026-06-11 13:14:19,957 [INFO]   Metadata batch 1430/1557...
2026-06-11 13:14:25,418 [INFO]   Metadata batch 1431/1557...
2026-06-11 13:14:31,253 [INFO]   Metadata batch 1432/1557...
2026-06-11 13:14:36,437 [INFO]   Metadata batch 1433/1557...
2026-06-11 13:14:41,527 [INFO]   Metadata batch 1434/1557...
2026-06-11 13:14:47,015 [INFO]   Metadata batch 1435/1557...
2026-06-11 13:14:52,542 [INFO]   Metadata batch 1436/1557...
2026-06-11 13:14:58,651 [INFO]   Metadata batch 1437/1557...
2026-06-11 13:15:04,408 [INFO]   Metadata batch 1438/1557...
2026-06-11 13:15:09,836 [INFO]   Metadata batch 1439/1557...
2026-06-11 13:15:15,569 [INFO]   Metadata batch 1440/1557...
2026-06-11 13:15:21,579 [INFO]   Metadata batch 1441/1557...
2026-06-11 13:15:27,394 [INFO]   Metadata batch 1442/1557...
2026-06-11 13:15:33,273 [INFO]   Metadata batch 1443/1557...
2026-06-11 13:15:39,269 [INFO]   Metadata batch 1444/1557...
2026-06-11 13:15:44,724 [INFO]   Metadata batch 1445/1557...
2026-06-11 13:15:50,294 [INFO]   Metadata batch 1446/1557...
2026-06-11 13:15:55,526 [INFO]   Metadata batch 1447/1557...
2026-06-11 13:16:01,333 [INFO]   Metadata batch 1448/1557...
2026-06-11 13:16:06,936 [INFO]   Metadata batch 1449/1557...
2026-06-11 13:16:12,174 [INFO]   Metadata batch 1450/1557...
2026-06-11 13:16:18,172 [INFO]   Metadata batch 1451/1557...
2026-06-11 13:16:23,611 [INFO]   Metadata batch 1452/1557...
2026-06-11 13:16:28,775 [INFO]   Metadata batch 1453/1557...
2026-06-11 13:16:34,316 [INFO]   Metadata batch 1454/1557...
2026-06-11 13:16:39,612 [INFO]   Metadata batch 1455/1557...
2026-06-11 13:16:44,373 [INFO]   Metadata batch 1456/1557...
2026-06-11 13:16:50,381 [INFO]   Metadata batch 1457/1557...
2026-06-11 13:16:57,175 [INFO]   Metadata batch 1458/1557...
2026-06-11 13:17:01,990 [INFO]   Metadata batch 1459/1557...
2026-06-11 13:17:07,419 [INFO]   Metadata batch 1460/1557...
2026-06-11 13:17:12,634 [INFO]   Metadata batch 1461/1557...
2026-06-11 13:17:18,735 [INFO]   Metadata batch 1462/1557...
2026-06-11 13:17:24,115 [INFO]   Metadata batch 1463/1557...
2026-06-11 13:17:29,332 [INFO]   Metadata batch 1464/1557...
2026-06-11 13:17:34,607 [INFO]   Metadata batch 1465/1557...
2026-06-11 13:17:39,636 [INFO]   Metadata batch 1466/1557...
2026-06-11 13:17:45,028 [INFO]   Metadata batch 1467/1557...
2026-06-11 13:17:50,175 [INFO]   Metadata batch 1468/1557...
2026-06-11 13:17:55,851 [INFO]   Metadata batch 1469/1557...
2026-06-11 13:18:01,092 [INFO]   Metadata batch 1470/1557...
2026-06-11 13:18:06,485 [INFO]   Metadata batch 1471/1557...
2026-06-11 13:18:11,921 [INFO]   Metadata batch 1472/1557...
2026-06-11 13:18:17,206 [INFO]   Metadata batch 1473/1557...
2026-06-11 13:18:23,886 [INFO]   Metadata batch 1474/1557...
2026-06-11 13:18:29,872 [INFO]   Metadata batch 1475/1557...
2026-06-11 13:18:35,675 [INFO]   Metadata batch 1476/1557...
2026-06-11 13:18:40,768 [INFO]   Metadata batch 1477/1557...
2026-06-11 13:18:46,382 [INFO]   Metadata batch 1478/1557...
2026-06-11 13:18:51,372 [INFO]   Metadata batch 1479/1557...
2026-06-11 13:18:56,277 [INFO]   Metadata batch 1480/1557...
2026-06-11 13:19:01,732 [INFO]   Metadata batch 1481/1557...
2026-06-11 13:19:06,970 [INFO]   Metadata batch 1482/1557...
2026-06-11 13:19:12,645 [INFO]   Metadata batch 1483/1557...
2026-06-11 13:19:17,648 [INFO]   Metadata batch 1484/1557...
2026-06-11 13:19:23,036 [INFO]   Metadata batch 1485/1557...
2026-06-11 13:19:29,009 [INFO]   Metadata batch 1486/1557...
2026-06-11 13:19:34,229 [INFO]   Metadata batch 1487/1557...
2026-06-11 13:19:39,342 [INFO]   Metadata batch 1488/1557...
2026-06-11 13:19:44,430 [INFO]   Metadata batch 1489/1557...
2026-06-11 13:19:49,597 [INFO]   Metadata batch 1490/1557...
2026-06-11 13:19:54,541 [INFO]   Metadata batch 1491/1557...
2026-06-11 13:19:59,442 [INFO]   Metadata batch 1492/1557...
2026-06-11 13:20:04,962 [INFO]   Metadata batch 1493/1557...
2026-06-11 13:20:10,202 [INFO]   Metadata batch 1494/1557...
2026-06-11 13:20:15,663 [INFO]   Metadata batch 1495/1557...
2026-06-11 13:20:21,491 [INFO]   Metadata batch 1496/1557...
2026-06-11 13:20:26,736 [INFO]   Metadata batch 1497/1557...
2026-06-11 13:20:32,739 [INFO]   Metadata batch 1498/1557...
2026-06-11 13:20:37,930 [INFO]   Metadata batch 1499/1557...
2026-06-11 13:20:42,970 [INFO]   Metadata batch 1500/1557...
2026-06-11 13:20:48,631 [INFO]   Metadata batch 1501/1557...
2026-06-11 13:20:54,274 [INFO]   Metadata batch 1502/1557...
2026-06-11 13:20:59,752 [INFO]   Metadata batch 1503/1557...
2026-06-11 13:21:05,255 [INFO]   Metadata batch 1504/1557...
2026-06-11 13:21:10,801 [INFO]   Metadata batch 1505/1557...
2026-06-11 13:21:16,065 [INFO]   Metadata batch 1506/1557...
2026-06-11 13:21:21,517 [INFO]   Metadata batch 1507/1557...
2026-06-11 13:21:26,639 [INFO]   Metadata batch 1508/1557...
2026-06-11 13:21:32,875 [INFO]   Metadata batch 1509/1557...
2026-06-11 13:21:38,080 [INFO]   Metadata batch 1510/1557...
2026-06-11 13:21:43,363 [INFO]   Metadata batch 1511/1557...
2026-06-11 13:21:48,241 [INFO]   Metadata batch 1512/1557...
2026-06-11 13:21:53,942 [INFO]   Metadata batch 1513/1557...
2026-06-11 13:21:59,298 [INFO]   Metadata batch 1514/1557...
2026-06-11 13:22:04,318 [INFO]   Metadata batch 1515/1557...
2026-06-11 13:22:10,055 [INFO]   Metadata batch 1516/1557...
2026-06-11 13:22:15,528 [INFO]   Metadata batch 1517/1557...
2026-06-11 13:22:20,592 [INFO]   Metadata batch 1518/1557...
2026-06-11 13:22:25,420 [INFO]   Metadata batch 1519/1557...
2026-06-11 13:22:31,297 [INFO]   Metadata batch 1520/1557...
2026-06-11 13:22:36,231 [INFO]   Metadata batch 1521/1557...
2026-06-11 13:22:41,283 [INFO]   Metadata batch 1522/1557...
2026-06-11 13:22:47,373 [INFO]   Metadata batch 1523/1557...
2026-06-11 13:22:53,126 [INFO]   Metadata batch 1524/1557...
2026-06-11 13:22:58,736 [INFO]   Metadata batch 1525/1557...
2026-06-11 13:23:04,452 [INFO]   Metadata batch 1526/1557...
2026-06-11 13:23:09,992 [INFO]   Metadata batch 1527/1557...
2026-06-11 13:23:18,460 [INFO]   Metadata batch 1528/1557...
2026-06-11 13:23:23,992 [INFO]   Metadata batch 1529/1557...
2026-06-11 13:23:29,444 [INFO]   Metadata batch 1530/1557...
2026-06-11 13:23:34,294 [INFO]   Metadata batch 1531/1557...
2026-06-11 13:23:39,748 [INFO]   Metadata batch 1532/1557...
2026-06-11 13:23:44,932 [INFO]   Metadata batch 1533/1557...
2026-06-11 13:23:50,101 [INFO]   Metadata batch 1534/1557...
2026-06-11 13:23:55,883 [INFO]   Metadata batch 1535/1557...
2026-06-11 13:24:00,862 [INFO]   Metadata batch 1536/1557...
2026-06-11 13:24:05,952 [INFO]   Metadata batch 1537/1557...
2026-06-11 13:24:11,127 [INFO]   Metadata batch 1538/1557...
2026-06-11 13:24:16,468 [INFO]   Metadata batch 1539/1557...
2026-06-11 13:24:22,145 [INFO]   Metadata batch 1540/1557...
2026-06-11 13:24:27,430 [INFO]   Metadata batch 1541/1557...
2026-06-11 13:24:32,423 [INFO]   Metadata batch 1542/1557...
2026-06-11 13:24:37,624 [INFO]   Metadata batch 1543/1557...
2026-06-11 13:24:42,753 [INFO]   Metadata batch 1544/1557...
2026-06-11 13:24:47,561 [INFO]   Metadata batch 1545/1557...
2026-06-11 13:24:52,541 [INFO]   Metadata batch 1546/1557...
2026-06-11 13:24:58,204 [INFO]   Metadata batch 1547/1557...
2026-06-11 13:25:03,046 [INFO]   Metadata batch 1548/1557...
2026-06-11 13:25:08,465 [INFO]   Metadata batch 1549/1557...
2026-06-11 13:25:13,478 [INFO]   Metadata batch 1550/1557...
2026-06-11 13:25:19,506 [INFO]   Metadata batch 1551/1557...
2026-06-11 13:25:25,056 [INFO]   Metadata batch 1552/1557...
2026-06-11 13:25:30,129 [INFO]   Metadata batch 1553/1557...
2026-06-11 13:25:35,808 [INFO]   Metadata batch 1554/1557...
2026-06-11 13:25:41,771 [INFO]   Metadata batch 1555/1557...
2026-06-11 13:25:46,661 [INFO]   Metadata batch 1556/1557...
2026-06-11 13:25:51,954 [INFO]   Metadata batch 1557/1557...
2026-06-11 13:25:57,135 [INFO]   31,125,481 nodes (145,275 Frontiers core)
2026-06-11 13:29:08,015 [INFO] Applying edge weights (temporal decay + self-citation discount)...
2026-06-11 13:34:00,815 [INFO]   Decay mean=0.438  |  Self-citations: 16,822,533
2026-06-11 13:34:01,395 [INFO]   Combined weight mean=0.425
2026-06-11 13:34:04,815 [INFO] BC edges disabled (ENABLE_BC_EDGES=false)
2026-06-11 13:34:32,218 [INFO] Writing CWTS files to cwts_output/  (31,125,481 nodes)...
2026-06-11 13:35:11,450 [INFO]   pubs.txt       : 31,125,481 rows  (145,275 core)
2026-06-11 13:36:41,736 [INFO]   pub_metadata.txt: is_frontiers | journal | date | title (31,125,481 rows)
2026-06-11 14:04:15,213 [INFO]   cit_links.txt : 588,708,600 edges  (294,354,300 unique × 2 directions)
