2026-08-18 12:01:28,309 [INFO] ============================================================
2026-08-18 12:01:28,309 [INFO] Configuration
2026-08-18 12:01:28,309 [INFO] ============================================================
2026-08-18 12:01:28,309 [INFO]   BQ_PROJECT              : ocean-tech-adv-analytics-p-usr
2026-08-18 12:01:28,309 [INFO]   AIRAK_DATASET           : ocean-breeze-tier-1.airak
2026-08-18 12:01:28,309 [INFO]   NETWORK_MODE            : ego
2026-08-18 12:01:28,309 [INFO]   START_YEAR              : 2023
2026-08-18 12:01:28,309 [INFO]   END_YEAR                : 2026
2026-08-18 12:01:28,309 [INFO]   TOP_N_JOURNALS          : 5
2026-08-18 12:01:28,309 [INFO]   JOURNAL_IDS_OVERRIDE    : 8589934592,17179869184,34359738368,42949672960,42949672961,51539607552,68719476736,103079215104,103079215105,120259084288,188978561024,188978561025,223338299392,231928233984,283467841536,300647710720,326417514496,343597383680,352187318272,386547056640,446676598784,446676598785,455266533376,463856467968,481036337152,489626271744,498216206336,532575944704,541165879296,549755813888,549755814587,558345748480,558345748481,601295421440,609885356032,618475290624,618475290625,635655159808,644245094400,695784701952,695784701953,704374636544,704374636545,764504178688,781684047872,781684047873,790273982464,798863917056,807453851648,807453851649,816043786240,824633720832,841813590016,876173328385,901943132724,910533066752,910533066753,936302870528,936302870529,944892805120,953482739712,979252543489,987842478080,987842478081,996432412673,1005022347264,1005022347265,1013612281856,1039382085632,1108101562368,1108101562369,1125281431552,1151051235328,1151051236101,1159641169920,1159641169921,1185410973696,1185410973697,1211180777472,1279900254208,1279900254209,1288490189606,1305670057984,1305670057985,1314259992576,1314259992577,1314259992578,1340029796352,1340029796353,1348619730944,1357209665536,1391569403904,1400159338496,1417339207680,1425929142272,1434519076864,1443109011456,1443109011457,1443109011458,1477468749824,1503238553600,1503238553601,1511828488192,1511828488193,1511828488196,1520418422784,1529008357376,1537598291968,1537598291969,1546188226560,1546188226561,1554778161152,1580547964928,1589137899520,1623497637888,1623497637889,1632087572480,1649267441665,1675037245440,1709396983808,1735166787584,1769526525952,1769526525953,1786706395136,1803886264320,1821066133504,1821066133505,1829656068096,1829656068097,1838246002688,1846835937280,1855425871872,1864015806464,1924145348608,1941325217792,1967095021568,1967095021569,1975684956160,1984274890752,2061584302080,2078764171264,2113123909632,2121713844224,2121713844225,2156073582592,2156073582593,2190433320960,2199023255552,2216203124736,2224793059328,2233382993920,2233382993921,2302102470656,2319282339840,2336462209024,2336462209025,2345052143616,2379411881984,2388001816576,2405181685760,2405181685761,2439541424128,2499670966272,2516850835456,2568390443008,2568390443009,2594160246784,2628519985152,2731599200256,2748779069440,2757369004032,2774548873216,2774548873217,2826088480769,2834678415360,2843268349952,2843268349953,2843268349954,2860448219136,2869038153728,2869038153729,2877628088320,2877628088321,2886218022912,2886218022913,2929167695872,2929167695873,2963527434240,2963527434241,2963527434242,2963527434243,2972117368832,2972117368834,3006477107200,3075196583936,3083786518528,3118146256896,3135326126080,3143916060672,3178275799040,3204045602816,3212635537408,3246995275776,3255585210368,3255585210369,3264175144960,3272765079552,3281355014144,3307124817920,3315714752512,3341484556288,3384434229248,3393024163840,3401614098432,3410204033024
2026-08-18 12:01:28,309 [INFO]   ENABLE_EDGE_WEIGHTS     : True
2026-08-18 12:01:28,309 [INFO]   TEMPORAL_DECAY_TAU      : 5.0
2026-08-18 12:01:28,309 [INFO]   SELF_CITE_JOURNAL_WEIGHT: 0.5
2026-08-18 12:01:28,309 [INFO]   ENABLE_BC_EDGES         : True
2026-08-18 12:01:28,309 [INFO]   BC_MIN_SHARED_REFS      : 3
2026-08-18 12:01:28,309 [INFO]   MAX_EXTERNAL_PAPERS     : 50000
2026-08-18 12:01:28,309 [INFO]   OUTPUT_DIR              : ../cwts_output
2026-08-18 12:01:28,309 [INFO]   RUN_CLASSIFICATION      : True
2026-08-18 12:01:28,310 [INFO]   CWTS_JAR_PATH           : publicationclassification.jar
2026-08-18 12:01:28,310 [INFO]   JAVA_HEAP_SIZE          : 
2026-08-18 12:01:28,310 [INFO] ============================================================
2026-08-18 12:01:28,310 [INFO] ============================================================
2026-08-18 12:01:28,310 [INFO] CWTS Export — Edge Weight Builder
2026-08-18 12:01:28,310 [INFO]   Mode: EGO  |  Years: 2023-2026
2026-08-18 12:01:28,310 [INFO]   Edge weights: ON
2026-08-18 12:01:28,310 [INFO] ============================================================
2026-08-18 12:01:28,310 [INFO] Using specified journal IDs: [8589934592, 17179869184, 34359738368, 42949672960, 42949672961, 51539607552, 68719476736, 103079215104, 103079215105, 120259084288, 188978561024, 188978561025, 223338299392, 231928233984, 283467841536, 300647710720, 326417514496, 343597383680, 352187318272, 386547056640, 446676598784, 446676598785, 455266533376, 463856467968, 481036337152, 489626271744, 498216206336, 532575944704, 541165879296, 549755813888, 549755814587, 558345748480, 558345748481, 601295421440, 609885356032, 618475290624, 618475290625, 635655159808, 644245094400, 695784701952, 695784701953, 704374636544, 704374636545, 764504178688, 781684047872, 781684047873, 790273982464, 798863917056, 807453851648, 807453851649, 816043786240, 824633720832, 841813590016, 876173328385, 901943132724, 910533066752, 910533066753, 936302870528, 936302870529, 944892805120, 953482739712, 979252543489, 987842478080, 987842478081, 996432412673, 1005022347264, 1005022347265, 1013612281856, 1039382085632, 1108101562368, 1108101562369, 1125281431552, 1151051235328, 1151051236101, 1159641169920, 1159641169921, 1185410973696, 1185410973697, 1211180777472, 1279900254208, 1279900254209, 1288490189606, 1305670057984, 1305670057985, 1314259992576, 1314259992577, 1314259992578, 1340029796352, 1340029796353, 1348619730944, 1357209665536, 1391569403904, 1400159338496, 1417339207680, 1425929142272, 1434519076864, 1443109011456, 1443109011457, 1443109011458, 1477468749824, 1503238553600, 1503238553601, 1511828488192, 1511828488193, 1511828488196, 1520418422784, 1529008357376, 1537598291968, 1537598291969, 1546188226560, 1546188226561, 1554778161152, 1580547964928, 1589137899520, 1623497637888, 1623497637889, 1632087572480, 1649267441665, 1675037245440, 1709396983808, 1735166787584, 1769526525952, 1769526525953, 1786706395136, 1803886264320, 1821066133504, 1821066133505, 1829656068096, 1829656068097, 1838246002688, 1846835937280, 1855425871872, 1864015806464, 1924145348608, 1941325217792, 1967095021568, 1967095021569, 1975684956160, 1984274890752, 2061584302080, 2078764171264, 2113123909632, 2121713844224, 2121713844225, 2156073582592, 2156073582593, 2190433320960, 2199023255552, 2216203124736, 2224793059328, 2233382993920, 2233382993921, 2302102470656, 2319282339840, 2336462209024, 2336462209025, 2345052143616, 2379411881984, 2388001816576, 2405181685760, 2405181685761, 2439541424128, 2499670966272, 2516850835456, 2568390443008, 2568390443009, 2594160246784, 2628519985152, 2731599200256, 2748779069440, 2757369004032, 2774548873216, 2774548873217, 2826088480769, 2834678415360, 2843268349952, 2843268349953, 2843268349954, 2860448219136, 2869038153728, 2869038153729, 2877628088320, 2877628088321, 2886218022912, 2886218022913, 2929167695872, 2929167695873, 2963527434240, 2963527434241, 2963527434242, 2963527434243, 2972117368832, 2972117368834, 3006477107200, 3075196583936, 3083786518528, 3118146256896, 3135326126080, 3143916060672, 3178275799040, 3204045602816, 3212635537408, 3246995275776, 3255585210368, 3255585210369, 3264175144960, 3272765079552, 3281355014144, 3307124817920, 3315714752512, 3341484556288, 3384434229248, 3393024163840, 3401614098432, 3410204033024]
2026-08-18 12:01:28,310 [INFO] Fetching Frontiers publication IDs...
2026-08-18 12:01:31,167 [INFO]   319,329 Frontiers publications
2026-08-18 12:01:31,167 [INFO] Building ego network (top 50,000 external papers)...
2026-08-18 12:01:31,184 [INFO]   Ego batch 1/7...
2026-08-18 12:01:40,277 [INFO]   Ego batch 2/7...
2026-08-18 12:01:49,459 [INFO]   Ego batch 3/7...
