CWTS Publication Classification Run
==================================================
Timestamp : 20260710_144411

Input Files
------------------------------
  pubs                : cwts_output/pubs.txt
  cit_links           : cwts_output/cit_links.txt
  output              : cwts_output/classification.txt
  jar                 : publicationclassification.jar

Parameters
------------------------------
  largest_component_only    : true
  iterations                : 100
  micro_resolution          : 4e-4
  micro_min_cluster_size    : 200
  meso_resolution           : 1e-6
  meso_min_cluster_size     : 1000
  macro_resolution          : 5e-7
  macro_min_cluster_size    : 50000

Return Code: 0

STDOUT
------------------------------
PublicationClassificationCreator version 1.1.0
By Nees Jan van Eck
Centre for Science and Technology Studies (CWTS), Leiden University

Reading citation network from file... Finished!
Reading citation network from file took 0h 2m 58s.
Citation network:
	Number of publications: 13583488
	Number of citation links: 262959680
	Total publication weight: 13583488
	Total citation link weight: 62953303

Identifying largest connected component in citation network... Finished!
Identifying largest connected component in citation network took 0h 0m 20s.
Largest connected component:
	Number of publications: 13469993
	Number of citation links: 262894033
	Total publication weight: 13469993
	Total citation link weight: 62927739

Creating publication classification...
	Clustering algorithm: Leiden algorithm
	Number of iterations: 100
	Random seed: 0

Adding micro-level classification...
Creating clustering... Finished! 606929 clusters created.
Reassigning small clusters... Finished! 20332 clusters remaining.
Adding micro-level classification took 2h 53m 26s.
Micro-level classification:
	Resolution: 4.0E-4
	Threshold: 200
	Number of clusters: 20332

Adding meso-level classification...
Creating clustering... Finished! 186 clusters created.
Reassigning small clusters... Finished! 155 clusters remaining.
Adding meso-level classification took 0h 1m 18s.
Meso-level classification:
	Resolution: 1.0E-6
	Threshold: 1000
	Number of clusters: 155

Adding macro-level classification...
Creating clustering... Finished! 79 clusters created.
Reassigning small clusters... Finished! 30 clusters remaining.
Adding macro-level classification took 0h 0m 11s.
Macro-level classification:
	Resolution: 5.0E-7
	Threshold: 50000
	Number of clusters: 30

Writing publication classification to file... Finished!
Writing publication classification to file took 0h 0m 3s.

STDERR
------------------------------
(empty)
