CWTS Publication Classification Run
==================================================
Timestamp : 20260714_151745

Input Files
------------------------------
  pubs                : cwts_output/pubs.txt
  cit_links           : cwts_output/cit_links.txt
  output              : cwts_output/classification.txt
  jar                 : publicationclassification.jar

Parameters
------------------------------
  largest_component_only    : true
  iterations                : 100
  micro_resolution          : 4e-4
  micro_min_cluster_size    : 200
  meso_resolution           : 1e-6
  meso_min_cluster_size     : 1000
  macro_resolution          : 5e-7
  macro_min_cluster_size    : 50000

Return Code: 0

STDOUT
------------------------------
PublicationClassificationCreator version 1.1.0
By Nees Jan van Eck
Centre for Science and Technology Studies (CWTS), Leiden University

Reading citation network from file... Finished!
Reading citation network from file took 0h 0m 9s.
Citation network:
	Number of publications: 3028261
	Number of citation links: 14879711
	Total publication weight: 3028261
	Total citation link weight: 7285184

Identifying largest connected component in citation network... Finished!
Identifying largest connected component in citation network took 0h 0m 1s.
Largest connected component:
	Number of publications: 2943719
	Number of citation links: 14827629
	Total publication weight: 2943719
	Total citation link weight: 7259607

Creating publication classification...
	Clustering algorithm: Leiden algorithm
	Number of iterations: 100
	Random seed: 0

Adding micro-level classification...
Creating clustering... Finished! 73469 clusters created.
Reassigning small clusters... Finished! 5949 clusters remaining.
Adding micro-level classification took 0h 12m 22s.
Micro-level classification:
	Resolution: 4.0E-4
	Threshold: 200
	Number of clusters: 5949

Adding meso-level classification...
Creating clustering... Finished! 59 clusters created.
Reassigning small clusters... Finished! 47 clusters remaining.
Adding meso-level classification took 0h 0m 10s.
Meso-level classification:
	Resolution: 1.0E-6
	Threshold: 1000
	Number of clusters: 47

Adding macro-level classification...
Creating clustering... Finished! 23 clusters created.
Reassigning small clusters... Finished! 7 clusters remaining.
Adding macro-level classification took 0h 0m 0s.
Macro-level classification:
	Resolution: 5.0E-7
	Threshold: 50000
	Number of clusters: 7

Writing publication classification to file... Finished!
Writing publication classification to file took 0h 0m 0s.

STDERR
------------------------------
(empty)
