CWTS Publication Classification Run
==================================================
Timestamp : 20260617_120737

Input Files
------------------------------
  pubs                : cwts_output/pubs.txt
  cit_links           : cwts_output/cit_links.txt
  output              : cwts_output/classification.txt
  jar                 : publicationclassification.jar

Parameters
------------------------------
  largest_component_only    : true
  iterations                : 100
  micro_resolution          : 4e-4
  micro_min_cluster_size    : 200
  meso_resolution           : 1e-6
  meso_min_cluster_size     : 1000
  macro_resolution          : 5e-8
  macro_min_cluster_size    : 20000

Return Code: 0

STDOUT
------------------------------
PublicationClassificationCreator version 1.1.0
By Nees Jan van Eck
Centre for Science and Technology Studies (CWTS), Leiden University

Reading citation network from file... Finished!
Reading citation network from file took 0h 2m 59s.
Citation network:
	Number of publications: 31144717
	Number of citation links: 294626343
	Total publication weight: 31144717
	Total citation link weight: 125419692

Identifying largest connected component in citation network... Finished!
Identifying largest connected component in citation network took 0h 0m 34s.
Largest connected component:
	Number of publications: 30711801
	Number of citation links: 294365952
	Total publication weight: 30711801
	Total citation link weight: 125311000

Creating publication classification...
	Clustering algorithm: Leiden algorithm
	Number of iterations: 100
	Random seed: 0

Adding micro-level classification...
Creating clustering... Finished! 1500195 clusters created.
Reassigning small clusters... Finished! 51342 clusters remaining.
Adding micro-level classification took 7h 57m 39s.
Micro-level classification:
	Resolution: 4.0E-4
	Threshold: 200
	Number of clusters: 51342

Adding meso-level classification...
Creating clustering... Finished! 711 clusters created.
Reassigning small clusters... Finished! 656 clusters remaining.
Adding meso-level classification took 0h 3m 18s.
Meso-level classification:
	Resolution: 1.0E-6
	Threshold: 1000
	Number of clusters: 656

Adding macro-level classification...
Creating clustering... Finished! 17 clusters created.
Reassigning small clusters... Finished! 12 clusters remaining.
Adding macro-level classification took 0h 0m 18s.
Macro-level classification:
	Resolution: 5.0E-8
	Threshold: 20000
	Number of clusters: 12

Writing publication classification to file... Finished!
Writing publication classification to file took 0h 0m 7s.

STDERR
------------------------------
(empty)
