nohup: ignoring input
2026-07-10 14:44:11,756 [INFO] ============================================================
2026-07-10 14:44:11,756 [INFO] Configuration
2026-07-10 14:44:11,756 [INFO] ============================================================
2026-07-10 14:44:11,756 [INFO]   BQ_PROJECT              : ocean-tech-adv-analytics-p-usr
2026-07-10 14:44:11,756 [INFO]   AIRAK_DATASET           : ocean-breeze-tier-1.airak
2026-07-10 14:44:11,756 [INFO]   NETWORK_MODE            : full
2026-07-10 14:44:11,756 [INFO]   START_YEAR              : 2020
2026-07-10 14:44:11,756 [INFO]   END_YEAR                : 2026
2026-07-10 14:44:11,756 [INFO]   TOP_N_JOURNALS          : 5
2026-07-10 14:44:11,756 [INFO]   JOURNAL_IDS_OVERRIDE    : (none)
2026-07-10 14:44:11,757 [INFO]   ENABLE_EDGE_WEIGHTS     : True
2026-07-10 14:44:11,757 [INFO]   TEMPORAL_DECAY_TAU      : 5.0
2026-07-10 14:44:11,757 [INFO]   SELF_CITE_JOURNAL_WEIGHT: 0.5
2026-07-10 14:44:11,757 [INFO]   ENABLE_BC_EDGES         : True
2026-07-10 14:44:11,757 [INFO]   BC_MIN_SHARED_REFS      : 3
2026-07-10 14:44:11,757 [INFO]   MAX_EXTERNAL_PAPERS     : 50000
2026-07-10 14:44:11,757 [INFO]   OUTPUT_DIR              : cwts_output
2026-07-10 14:44:11,757 [INFO] ============================================================
2026-07-10 14:44:11,757 [INFO] ============================================================
2026-07-10 14:44:11,757 [INFO] CWTS Export — Edge Weight Builder
2026-07-10 14:44:11,757 [INFO]   Mode: FULL  |  Years: 2020-2026
2026-07-10 14:44:11,757 [INFO]   Edge weights: ON
2026-07-10 14:44:11,757 [INFO] ============================================================
2026-07-10 14:44:11,757 [INFO] Fetching top 5 Frontiers journals by publication count...
2026-07-10 14:44:14,032 [INFO]   Journal IDs: [3315714752512, 2405181685761, 2972117368834, 2379411881984, 1013612281856]
2026-07-10 14:44:14,032 [INFO] Fetching Frontiers publication IDs...
2026-07-10 14:44:16,989 [INFO]   163,257 Frontiers publications
2026-07-10 14:44:16,989 [INFO] Building full network (Frontiers + related journals)...
2026-07-10 14:44:16,989 [INFO]   Finding journals citing Frontiers...
2026-07-10 14:44:21,876 [INFO]   Finding journals cited by Frontiers...
2026-07-10 14:44:25,723 [INFO]   6435 journals in network (6430 related + 5 Frontiers)
2026-07-10 14:44:37,086 [INFO]   18,109,893 publications
2026-07-10 14:44:37,615 [INFO]   Citation batch 1/363...
2026-07-10 14:44:49,352 [INFO]   Citation batch 2/363...
