nohup: ignoring input
2026-08-14 13:07:37,505 [INFO] ============================================================
2026-08-14 13:07:37,505 [INFO] Configuration
2026-08-14 13:07:37,505 [INFO] ============================================================
2026-08-14 13:07:37,505 [INFO]   BQ_PROJECT              : ocean-tech-adv-analytics-p-usr
2026-08-14 13:07:37,505 [INFO]   AIRAK_DATASET           : ocean-breeze-tier-1.airak
2026-08-14 13:07:37,505 [INFO]   NETWORK_MODE            : full
2026-08-14 13:07:37,505 [INFO]   START_YEAR              : 2023
2026-08-14 13:07:37,506 [INFO]   END_YEAR                : 2026
2026-08-14 13:07:37,506 [INFO]   TOP_N_JOURNALS          : 5
2026-08-14 13:07:37,506 [INFO]   JOURNAL_IDS_OVERRIDE    : 8589934592,17179869184,34359738368,42949672960,42949672961,51539607552,68719476736,103079215104,103079215105,120259084288,188978561024,188978561025,223338299392,231928233984,283467841536,300647710720,326417514496,343597383680,352187318272,386547056640,446676598784,446676598785,455266533376,463856467968,481036337152,489626271744,498216206336,532575944704,541165879296,549755813888,549755814587,558345748480,558345748481,601295421440,609885356032,618475290624,618475290625,635655159808,644245094400,695784701952,695784701953,704374636544,704374636545,764504178688,781684047872,781684047873,790273982464,798863917056,807453851648,807453851649,816043786240,824633720832,841813590016,876173328385,901943132724,910533066752,910533066753,936302870528,936302870529,944892805120,953482739712,979252543489,987842478080,987842478081,996432412673,1005022347264,1005022347265,1013612281856,1039382085632,1108101562368,1108101562369,1125281431552,1151051235328,1151051236101,1159641169920,1159641169921,1185410973696,1185410973697,1211180777472,1279900254208,1279900254209,1288490189606,1305670057984,1305670057985,1314259992576,1314259992577,1314259992578,1340029796352,1340029796353,1348619730944,1357209665536,1391569403904,1400159338496,1417339207680,1425929142272,1434519076864,1443109011456,1443109011457,1443109011458,1477468749824,1503238553600,1503238553601,1511828488192,1511828488193,1511828488196,1520418422784,1529008357376,1537598291968,1537598291969,1546188226560,1546188226561,1554778161152,1580547964928,1589137899520,1623497637888,1623497637889,1632087572480,1649267441665,1675037245440,1709396983808,1735166787584,1769526525952,1769526525953,1786706395136,1803886264320,1821066133504,1821066133505,1829656068096,1829656068097,1838246002688,1846835937280,1855425871872,1864015806464,1924145348608,1941325217792,1967095021568,1967095021569,1975684956160,1984274890752,2061584302080,2078764171264,2113123909632,2121713844224,2121713844225,2156073582592,2156073582593,2190433320960,2199023255552,2216203124736,2224793059328,2233382993920,2233382993921,2302102470656,2319282339840,2336462209024,2336462209025,2345052143616,2379411881984,2388001816576,2405181685760,2405181685761,2439541424128,2499670966272,2516850835456,2568390443008,2568390443009,2594160246784,2628519985152,2731599200256,2748779069440,2757369004032,2774548873216,2774548873217,2826088480769,2834678415360,2843268349952,2843268349953,2843268349954,2860448219136,2869038153728,2869038153729,2877628088320,2877628088321,2886218022912,2886218022913,2929167695872,2929167695873,2963527434240,2963527434241,2963527434242,2963527434243,2972117368832,2972117368834,3006477107200,3075196583936,3083786518528,3118146256896,3135326126080,3143916060672,3178275799040,3204045602816,3212635537408,3246995275776,3255585210368,3255585210369,3264175144960,3272765079552,3281355014144,3307124817920,3315714752512,3341484556288,3384434229248,3393024163840,3401614098432,3410204033024
2026-08-14 13:07:37,506 [INFO]   ENABLE_EDGE_WEIGHTS     : True
2026-08-14 13:07:37,506 [INFO]   TEMPORAL_DECAY_TAU      : 5.0
2026-08-14 13:07:37,506 [INFO]   SELF_CITE_JOURNAL_WEIGHT: 0.5
2026-08-14 13:07:37,506 [INFO]   ENABLE_BC_EDGES         : True
2026-08-14 13:07:37,506 [INFO]   BC_MIN_SHARED_REFS      : 3
2026-08-14 13:07:37,506 [INFO]   MAX_EXTERNAL_PAPERS     : 50000
2026-08-14 13:07:37,506 [INFO]   OUTPUT_DIR              : cwts_output
2026-08-14 13:07:37,506 [INFO]   RUN_CLASSIFICATION      : True
2026-08-14 13:07:37,506 [INFO]   CWTS_JAR_PATH           : publicationclassification.jar
2026-08-14 13:07:37,506 [INFO]   JAVA_HEAP_SIZE          : 
2026-08-14 13:07:37,506 [INFO] ============================================================
2026-08-14 13:07:37,506 [INFO] ============================================================
2026-08-14 13:07:37,506 [INFO] CWTS Export — Edge Weight Builder
2026-08-14 13:07:37,506 [INFO]   Mode: FULL  |  Years: 2023-2026
2026-08-14 13:07:37,506 [INFO]   Edge weights: ON
2026-08-14 13:07:37,506 [INFO] ============================================================
2026-08-14 13:07:37,506 [INFO] Using specified journal IDs: [8589934592, 17179869184, 34359738368, 42949672960, 42949672961, 51539607552, 68719476736, 103079215104, 103079215105, 120259084288, 188978561024, 188978561025, 223338299392, 231928233984, 283467841536, 300647710720, 326417514496, 343597383680, 352187318272, 386547056640, 446676598784, 446676598785, 455266533376, 463856467968, 481036337152, 489626271744, 498216206336, 532575944704, 541165879296, 549755813888, 549755814587, 558345748480, 558345748481, 601295421440, 609885356032, 618475290624, 618475290625, 635655159808, 644245094400, 695784701952, 695784701953, 704374636544, 704374636545, 764504178688, 781684047872, 781684047873, 790273982464, 798863917056, 807453851648, 807453851649, 816043786240, 824633720832, 841813590016, 876173328385, 901943132724, 910533066752, 910533066753, 936302870528, 936302870529, 944892805120, 953482739712, 979252543489, 987842478080, 987842478081, 996432412673, 1005022347264, 1005022347265, 1013612281856, 1039382085632, 1108101562368, 1108101562369, 1125281431552, 1151051235328, 1151051236101, 1159641169920, 1159641169921, 1185410973696, 1185410973697, 1211180777472, 1279900254208, 1279900254209, 1288490189606, 1305670057984, 1305670057985, 1314259992576, 1314259992577, 1314259992578, 1340029796352, 1340029796353, 1348619730944, 1357209665536, 1391569403904, 1400159338496, 1417339207680, 1425929142272, 1434519076864, 1443109011456, 1443109011457, 1443109011458, 1477468749824, 1503238553600, 1503238553601, 1511828488192, 1511828488193, 1511828488196, 1520418422784, 1529008357376, 1537598291968, 1537598291969, 1546188226560, 1546188226561, 1554778161152, 1580547964928, 1589137899520, 1623497637888, 1623497637889, 1632087572480, 1649267441665, 1675037245440, 1709396983808, 1735166787584, 1769526525952, 1769526525953, 1786706395136, 1803886264320, 1821066133504, 1821066133505, 1829656068096, 1829656068097, 1838246002688, 1846835937280, 1855425871872, 1864015806464, 1924145348608, 1941325217792, 1967095021568, 1967095021569, 1975684956160, 1984274890752, 2061584302080, 2078764171264, 2113123909632, 2121713844224, 2121713844225, 2156073582592, 2156073582593, 2190433320960, 2199023255552, 2216203124736, 2224793059328, 2233382993920, 2233382993921, 2302102470656, 2319282339840, 2336462209024, 2336462209025, 2345052143616, 2379411881984, 2388001816576, 2405181685760, 2405181685761, 2439541424128, 2499670966272, 2516850835456, 2568390443008, 2568390443009, 2594160246784, 2628519985152, 2731599200256, 2748779069440, 2757369004032, 2774548873216, 2774548873217, 2826088480769, 2834678415360, 2843268349952, 2843268349953, 2843268349954, 2860448219136, 2869038153728, 2869038153729, 2877628088320, 2877628088321, 2886218022912, 2886218022913, 2929167695872, 2929167695873, 2963527434240, 2963527434241, 2963527434242, 2963527434243, 2972117368832, 2972117368834, 3006477107200, 3075196583936, 3083786518528, 3118146256896, 3135326126080, 3143916060672, 3178275799040, 3204045602816, 3212635537408, 3246995275776, 3255585210368, 3255585210369, 3264175144960, 3272765079552, 3281355014144, 3307124817920, 3315714752512, 3341484556288, 3384434229248, 3393024163840, 3401614098432, 3410204033024]
2026-08-14 13:07:37,506 [INFO] Fetching Frontiers publication IDs...
2026-08-14 13:07:40,098 [INFO]   319,329 Frontiers publications
2026-08-14 13:07:40,098 [INFO] Building full network (Frontiers + related journals)...
2026-08-14 13:07:40,098 [INFO]   Finding journals citing Frontiers...
2026-08-14 13:07:48,070 [INFO]   Finding journals cited by Frontiers...
2026-08-14 13:07:51,682 [INFO]   6613 journals in network (6398 related + 215 Frontiers)
2026-08-14 13:08:00,460 [INFO]   12,394,201 publications
2026-08-14 13:08:00,855 [INFO]   Citation batch 1/248...
2026-08-14 13:08:10,344 [INFO]   Citation batch 2/248...
2026-08-14 13:08:21,296 [INFO]   Citation batch 3/248...
2026-08-14 13:08:30,536 [INFO]   Citation batch 4/248...
2026-08-14 13:08:39,048 [INFO]   Citation batch 5/248...
2026-08-14 13:08:48,589 [INFO]   Citation batch 6/248...
2026-08-14 13:08:58,372 [INFO]   Citation batch 7/248...
2026-08-14 13:09:08,601 [INFO]   Citation batch 8/248...
2026-08-14 13:09:18,483 [INFO]   Citation batch 9/248...
2026-08-14 13:09:28,845 [INFO]   Citation batch 10/248...
2026-08-14 13:09:38,381 [INFO]   Citation batch 11/248...
2026-08-14 13:09:49,334 [INFO]   Citation batch 12/248...
2026-08-14 13:09:59,365 [INFO]   Citation batch 13/248...
2026-08-14 13:10:09,682 [INFO]   Citation batch 14/248...
2026-08-14 13:10:19,440 [INFO]   Citation batch 15/248...
2026-08-14 13:10:30,750 [INFO]   Citation batch 16/248...
2026-08-14 13:10:40,875 [INFO]   Citation batch 17/248...
2026-08-14 13:10:49,515 [INFO]   Citation batch 18/248...
2026-08-14 13:10:57,351 [INFO]   Citation batch 19/248...
2026-08-14 13:11:06,817 [INFO]   Citation batch 20/248...
2026-08-14 13:11:21,189 [INFO]   Citation batch 21/248...
2026-08-14 13:11:29,026 [INFO]   Citation batch 22/248...
2026-08-14 13:11:37,401 [INFO]   Citation batch 23/248...
2026-08-14 13:11:44,915 [INFO]   Citation batch 24/248...
2026-08-14 13:11:52,797 [INFO]   Citation batch 25/248...
2026-08-14 13:12:00,433 [INFO]   Citation batch 26/248...
2026-08-14 13:12:08,645 [INFO]   Citation batch 27/248...
2026-08-14 13:12:17,326 [INFO]   Citation batch 28/248...
2026-08-14 13:12:27,649 [INFO]   Citation batch 29/248...
2026-08-14 13:12:37,294 [INFO]   Citation batch 30/248...
2026-08-14 13:12:47,339 [INFO]   Citation batch 31/248...
2026-08-14 13:12:56,609 [INFO]   Citation batch 32/248...
2026-08-14 13:13:04,184 [INFO]   Citation batch 33/248...
2026-08-14 13:13:12,178 [INFO]   Citation batch 34/248...
2026-08-14 13:13:22,164 [INFO]   Citation batch 35/248...
2026-08-14 13:13:31,106 [INFO]   Citation batch 36/248...
2026-08-14 13:13:40,041 [INFO]   Citation batch 37/248...
2026-08-14 13:13:48,843 [INFO]   Citation batch 38/248...
2026-08-14 13:13:58,480 [INFO]   Citation batch 39/248...
2026-08-14 13:14:08,812 [INFO]   Citation batch 40/248...
2026-08-14 13:14:17,680 [INFO]   Citation batch 41/248...
2026-08-14 13:14:26,644 [INFO]   Citation batch 42/248...
2026-08-14 13:14:42,846 [INFO]   Citation batch 43/248...
2026-08-14 13:14:51,646 [INFO]   Citation batch 44/248...
2026-08-14 13:15:00,464 [INFO]   Citation batch 45/248...
2026-08-14 13:15:09,907 [INFO]   Citation batch 46/248...
2026-08-14 13:15:20,136 [INFO]   Citation batch 47/248...
2026-08-14 13:15:29,133 [INFO]   Citation batch 48/248...
2026-08-14 13:15:39,907 [INFO]   Citation batch 49/248...
2026-08-14 13:15:49,758 [INFO]   Citation batch 50/248...
2026-08-14 13:16:00,074 [INFO]   Citation batch 51/248...
2026-08-14 13:16:09,491 [INFO]   Citation batch 52/248...
2026-08-14 13:16:18,451 [INFO]   Citation batch 53/248...
2026-08-14 13:16:27,009 [INFO]   Citation batch 54/248...
2026-08-14 13:16:36,375 [INFO]   Citation batch 55/248...
2026-08-14 13:16:46,090 [INFO]   Citation batch 56/248...
2026-08-14 13:16:54,403 [INFO]   Citation batch 57/248...
2026-08-14 13:17:04,637 [INFO]   Citation batch 58/248...
2026-08-14 13:17:11,970 [INFO]   Citation batch 59/248...
2026-08-14 13:17:21,973 [INFO]   Citation batch 60/248...
2026-08-14 13:17:29,623 [INFO]   Citation batch 61/248...
2026-08-14 13:17:37,603 [INFO]   Citation batch 62/248...
2026-08-14 13:17:46,267 [INFO]   Citation batch 63/248...
2026-08-14 13:17:55,616 [INFO]   Citation batch 64/248...
2026-08-14 13:18:04,876 [INFO]   Citation batch 65/248...
2026-08-14 13:18:14,208 [INFO]   Citation batch 66/248...
2026-08-14 13:18:23,364 [INFO]   Citation batch 67/248...
2026-08-14 13:18:32,255 [INFO]   Citation batch 68/248...
2026-08-14 13:18:40,544 [INFO]   Citation batch 69/248...
2026-08-14 13:18:49,729 [INFO]   Citation batch 70/248...
2026-08-14 13:18:59,641 [INFO]   Citation batch 71/248...
2026-08-14 13:19:09,236 [INFO]   Citation batch 72/248...
2026-08-14 13:19:18,123 [INFO]   Citation batch 73/248...
2026-08-14 13:19:28,147 [INFO]   Citation batch 74/248...
2026-08-14 13:19:37,143 [INFO]   Citation batch 75/248...
2026-08-14 13:19:46,575 [INFO]   Citation batch 76/248...
2026-08-14 13:19:56,101 [INFO]   Citation batch 77/248...
2026-08-14 13:20:04,302 [INFO]   Citation batch 78/248...
2026-08-14 13:20:12,325 [INFO]   Citation batch 79/248...
2026-08-14 13:20:20,657 [INFO]   Citation batch 80/248...
2026-08-14 13:20:28,635 [INFO]   Citation batch 81/248...
2026-08-14 13:20:37,978 [INFO]   Citation batch 82/248...
2026-08-14 13:20:46,775 [INFO]   Citation batch 83/248...
2026-08-14 13:20:55,187 [INFO]   Citation batch 84/248...
2026-08-14 13:21:03,589 [INFO]   Citation batch 85/248...
2026-08-14 13:21:12,768 [INFO]   Citation batch 86/248...
2026-08-14 13:21:21,515 [INFO]   Citation batch 87/248...
2026-08-14 13:21:32,610 [INFO]   Citation batch 88/248...
2026-08-14 13:21:42,929 [INFO]   Citation batch 89/248...
2026-08-14 13:21:52,049 [INFO]   Citation batch 90/248...
2026-08-14 13:22:02,131 [INFO]   Citation batch 91/248...
2026-08-14 13:22:11,115 [INFO]   Citation batch 92/248...
2026-08-14 13:22:20,751 [INFO]   Citation batch 93/248...
2026-08-14 13:22:30,629 [INFO]   Citation batch 94/248...
2026-08-14 13:22:39,916 [INFO]   Citation batch 95/248...
2026-08-14 13:22:49,608 [INFO]   Citation batch 96/248...
2026-08-14 13:22:59,442 [INFO]   Citation batch 97/248...
2026-08-14 13:23:09,436 [INFO]   Citation batch 98/248...
2026-08-14 13:23:18,754 [INFO]   Citation batch 99/248...
2026-08-14 13:23:27,323 [INFO]   Citation batch 100/248...
2026-08-14 13:23:37,253 [INFO]   Citation batch 101/248...
2026-08-14 13:23:47,441 [INFO]   Citation batch 102/248...
2026-08-14 13:23:56,928 [INFO]   Citation batch 103/248...
2026-08-14 13:24:06,036 [INFO]   Citation batch 104/248...
2026-08-14 13:24:15,756 [INFO]   Citation batch 105/248...
2026-08-14 13:24:26,240 [INFO]   Citation batch 106/248...
2026-08-14 13:24:36,545 [INFO]   Citation batch 107/248...
2026-08-14 13:24:46,952 [INFO]   Citation batch 108/248...
2026-08-14 13:24:56,267 [INFO]   Citation batch 109/248...
2026-08-14 13:25:05,548 [INFO]   Citation batch 110/248...
2026-08-14 13:25:13,925 [INFO]   Citation batch 111/248...
2026-08-14 13:25:21,878 [INFO]   Citation batch 112/248...
2026-08-14 13:25:30,611 [INFO]   Citation batch 113/248...
2026-08-14 13:25:38,813 [INFO]   Citation batch 114/248...
2026-08-14 13:25:47,574 [INFO]   Citation batch 115/248...
2026-08-14 13:25:56,055 [INFO]   Citation batch 116/248...
2026-08-14 13:26:04,222 [INFO]   Citation batch 117/248...
2026-08-14 13:26:13,429 [INFO]   Citation batch 118/248...
2026-08-14 13:26:22,233 [INFO]   Citation batch 119/248...
2026-08-14 13:26:31,722 [INFO]   Citation batch 120/248...
2026-08-14 13:26:40,165 [INFO]   Citation batch 121/248...
2026-08-14 13:26:49,204 [INFO]   Citation batch 122/248...
2026-08-14 13:26:57,546 [INFO]   Citation batch 123/248...
2026-08-14 13:27:06,382 [INFO]   Citation batch 124/248...
2026-08-14 13:27:15,447 [INFO]   Citation batch 125/248...
2026-08-14 13:27:24,311 [INFO]   Citation batch 126/248...
2026-08-14 13:27:33,200 [INFO]   Citation batch 127/248...
2026-08-14 13:27:41,731 [INFO]   Citation batch 128/248...
2026-08-14 13:27:50,930 [INFO]   Citation batch 129/248...
2026-08-14 13:28:00,252 [INFO]   Citation batch 130/248...
2026-08-14 13:28:09,422 [INFO]   Citation batch 131/248...
2026-08-14 13:28:19,104 [INFO]   Citation batch 132/248...
2026-08-14 13:28:28,703 [INFO]   Citation batch 133/248...
2026-08-14 13:28:37,593 [INFO]   Citation batch 134/248...
2026-08-14 13:28:46,911 [INFO]   Citation batch 135/248...
2026-08-14 13:28:56,257 [INFO]   Citation batch 136/248...
2026-08-14 13:29:05,749 [INFO]   Citation batch 137/248...
2026-08-14 13:29:14,487 [INFO]   Citation batch 138/248...
2026-08-14 13:29:22,236 [INFO]   Citation batch 139/248...
2026-08-14 13:29:29,953 [INFO]   Citation batch 140/248...
2026-08-14 13:29:39,907 [INFO]   Citation batch 141/248...
2026-08-14 13:29:48,028 [INFO]   Citation batch 142/248...
2026-08-14 13:29:56,029 [INFO]   Citation batch 143/248...
2026-08-14 13:30:06,705 [INFO]   Citation batch 144/248...
2026-08-14 13:30:17,149 [INFO]   Citation batch 145/248...
2026-08-14 13:30:27,548 [INFO]   Citation batch 146/248...
2026-08-14 13:30:38,220 [INFO]   Citation batch 147/248...
2026-08-14 13:30:47,148 [INFO]   Citation batch 148/248...
2026-08-14 13:30:57,773 [INFO]   Citation batch 149/248...
2026-08-14 13:31:06,335 [INFO]   Citation batch 150/248...
2026-08-14 13:31:15,424 [INFO]   Citation batch 151/248...
2026-08-14 13:31:24,808 [INFO]   Citation batch 152/248...
2026-08-14 13:31:34,067 [INFO]   Citation batch 153/248...
2026-08-14 13:31:43,755 [INFO]   Citation batch 154/248...
2026-08-14 13:31:53,138 [INFO]   Citation batch 155/248...
2026-08-14 13:32:02,108 [INFO]   Citation batch 156/248...
2026-08-14 13:32:11,326 [INFO]   Citation batch 157/248...
2026-08-14 13:32:21,067 [INFO]   Citation batch 158/248...
2026-08-14 13:32:29,591 [INFO]   Citation batch 159/248...
2026-08-14 13:32:38,431 [INFO]   Citation batch 160/248...
2026-08-14 13:32:49,830 [INFO]   Citation batch 161/248...
2026-08-14 13:32:58,570 [INFO]   Citation batch 162/248...
2026-08-14 13:33:07,902 [INFO]   Citation batch 163/248...
2026-08-14 13:33:16,662 [INFO]   Citation batch 164/248...
2026-08-14 13:33:25,744 [INFO]   Citation batch 165/248...
2026-08-14 13:33:34,137 [INFO]   Citation batch 166/248...
2026-08-14 13:33:43,850 [INFO]   Citation batch 167/248...
2026-08-14 13:33:53,740 [INFO]   Citation batch 168/248...
2026-08-14 13:34:02,514 [INFO]   Citation batch 169/248...
2026-08-14 13:34:11,947 [INFO]   Citation batch 170/248...
2026-08-14 13:34:20,887 [INFO]   Citation batch 171/248...
2026-08-14 13:34:29,430 [INFO]   Citation batch 172/248...
2026-08-14 13:34:37,470 [INFO]   Citation batch 173/248...
2026-08-14 13:34:46,645 [INFO]   Citation batch 174/248...
2026-08-14 13:34:55,505 [INFO]   Citation batch 175/248...
2026-08-14 13:35:04,149 [INFO]   Citation batch 176/248...
2026-08-14 13:35:14,251 [INFO]   Citation batch 177/248...
2026-08-14 13:35:23,930 [INFO]   Citation batch 178/248...
2026-08-14 13:35:34,287 [INFO]   Citation batch 179/248...
2026-08-14 13:35:43,790 [INFO]   Citation batch 180/248...
2026-08-14 13:35:52,168 [INFO]   Citation batch 181/248...
2026-08-14 13:36:01,480 [INFO]   Citation batch 182/248...
2026-08-14 13:36:11,065 [INFO]   Citation batch 183/248...
2026-08-14 13:36:20,057 [INFO]   Citation batch 184/248...
2026-08-14 13:36:30,528 [INFO]   Citation batch 185/248...
2026-08-14 13:36:38,371 [INFO]   Citation batch 186/248...
2026-08-14 13:36:48,468 [INFO]   Citation batch 187/248...
2026-08-14 13:36:57,998 [INFO]   Citation batch 188/248...
2026-08-14 13:37:06,185 [INFO]   Citation batch 189/248...
2026-08-14 13:37:14,399 [INFO]   Citation batch 190/248...
2026-08-14 13:37:22,858 [INFO]   Citation batch 191/248...
2026-08-14 13:37:30,766 [INFO]   Citation batch 192/248...
2026-08-14 13:37:40,066 [INFO]   Citation batch 193/248...
2026-08-14 13:37:49,507 [INFO]   Citation batch 194/248...
2026-08-14 13:37:58,408 [INFO]   Citation batch 195/248...
2026-08-14 13:38:07,741 [INFO]   Citation batch 196/248...
2026-08-14 13:38:17,458 [INFO]   Citation batch 197/248...
2026-08-14 13:38:25,857 [INFO]   Citation batch 198/248...
2026-08-14 13:38:35,371 [INFO]   Citation batch 199/248...
2026-08-14 13:38:44,007 [INFO]   Citation batch 200/248...
2026-08-14 13:38:52,965 [INFO]   Citation batch 201/248...
2026-08-14 13:39:03,409 [INFO]   Citation batch 202/248...
2026-08-14 13:39:12,757 [INFO]   Citation batch 203/248...
2026-08-14 13:39:22,523 [INFO]   Citation batch 204/248...
2026-08-14 13:39:32,707 [INFO]   Citation batch 205/248...
2026-08-14 13:39:42,977 [INFO]   Citation batch 206/248...
2026-08-14 13:39:51,515 [INFO]   Citation batch 207/248...
2026-08-14 13:40:00,611 [INFO]   Citation batch 208/248...
2026-08-14 13:40:10,485 [INFO]   Citation batch 209/248...
2026-08-14 13:40:20,171 [INFO]   Citation batch 210/248...
2026-08-14 13:40:30,078 [INFO]   Citation batch 211/248...
2026-08-14 13:40:39,356 [INFO]   Citation batch 212/248...
2026-08-14 13:40:48,544 [INFO]   Citation batch 213/248...
2026-08-14 13:40:57,780 [INFO]   Citation batch 214/248...
2026-08-14 13:41:06,009 [INFO]   Citation batch 215/248...
2026-08-14 13:41:14,682 [INFO]   Citation batch 216/248...
2026-08-14 13:41:22,795 [INFO]   Citation batch 217/248...
2026-08-14 13:41:31,450 [INFO]   Citation batch 218/248...
2026-08-14 13:41:39,325 [INFO]   Citation batch 219/248...
2026-08-14 13:41:47,290 [INFO]   Citation batch 220/248...
2026-08-14 13:41:56,060 [INFO]   Citation batch 221/248...
2026-08-14 13:42:04,607 [INFO]   Citation batch 222/248...
2026-08-14 13:42:13,316 [INFO]   Citation batch 223/248...
2026-08-14 13:42:22,185 [INFO]   Citation batch 224/248...
2026-08-14 13:42:30,643 [INFO]   Citation batch 225/248...
2026-08-14 13:42:40,341 [INFO]   Citation batch 226/248...
2026-08-14 13:42:49,241 [INFO]   Citation batch 227/248...
2026-08-14 13:42:57,608 [INFO]   Citation batch 228/248...
2026-08-14 13:43:06,472 [INFO]   Citation batch 229/248...
2026-08-14 13:43:15,146 [INFO]   Citation batch 230/248...
2026-08-14 13:43:25,118 [INFO]   Citation batch 231/248...
2026-08-14 13:43:33,843 [INFO]   Citation batch 232/248...
2026-08-14 13:43:43,345 [INFO]   Citation batch 233/248...
2026-08-14 13:43:54,858 [INFO]   Citation batch 234/248...
2026-08-14 13:44:04,800 [INFO]   Citation batch 235/248...
2026-08-14 13:44:14,029 [INFO]   Citation batch 236/248...
2026-08-14 13:44:22,891 [INFO]   Citation batch 237/248...
2026-08-14 13:44:32,669 [INFO]   Citation batch 238/248...
2026-08-14 13:44:42,623 [INFO]   Citation batch 239/248...
2026-08-14 13:44:51,272 [INFO]   Citation batch 240/248...
2026-08-14 13:44:59,871 [INFO]   Citation batch 241/248...
2026-08-14 13:45:09,076 [INFO]   Citation batch 242/248...
2026-08-14 13:45:19,281 [INFO]   Citation batch 243/248...
2026-08-14 13:45:28,909 [INFO]   Citation batch 244/248...
2026-08-14 13:45:37,939 [INFO]   Citation batch 245/248...
2026-08-14 13:45:47,513 [INFO]   Citation batch 246/248...
2026-08-14 13:45:57,111 [INFO]   Citation batch 247/248...
2026-08-14 13:46:06,922 [INFO]   Citation batch 248/248...
2026-08-14 13:46:53,275 [INFO]   53,372,726 edges, 8,851,417 nodes
2026-08-14 13:46:53,998 [INFO] Fetching metadata for 8,851,417 nodes...
2026-08-14 13:46:54,286 [INFO]   Metadata batch 1/443...
2026-08-14 13:46:59,150 [INFO]   Metadata batch 2/443...
2026-08-14 13:47:04,956 [INFO]   Metadata batch 3/443...
2026-08-14 13:47:09,507 [INFO]   Metadata batch 4/443...
2026-08-14 13:47:14,123 [INFO]   Metadata batch 5/443...
2026-08-14 13:47:18,371 [INFO]   Metadata batch 6/443...
2026-08-14 13:47:22,859 [INFO]   Metadata batch 7/443...
2026-08-14 13:47:28,060 [INFO]   Metadata batch 8/443...
2026-08-14 13:47:32,722 [INFO]   Metadata batch 9/443...
2026-08-14 13:47:37,088 [INFO]   Metadata batch 10/443...
2026-08-14 13:47:41,465 [INFO]   Metadata batch 11/443...
2026-08-14 13:47:46,041 [INFO]   Metadata batch 12/443...
2026-08-14 13:47:51,316 [INFO]   Metadata batch 13/443...
2026-08-14 13:47:55,481 [INFO]   Metadata batch 14/443...
2026-08-14 13:48:00,225 [INFO]   Metadata batch 15/443...
2026-08-14 13:48:05,823 [INFO]   Metadata batch 16/443...
2026-08-14 13:48:10,430 [INFO]   Metadata batch 17/443...
2026-08-14 13:48:14,928 [INFO]   Metadata batch 18/443...
2026-08-14 13:48:20,483 [INFO]   Metadata batch 19/443...
2026-08-14 13:48:24,992 [INFO]   Metadata batch 20/443...
2026-08-14 13:48:29,574 [INFO]   Metadata batch 21/443...
2026-08-14 13:48:34,328 [INFO]   Metadata batch 22/443...
2026-08-14 13:48:38,656 [INFO]   Metadata batch 23/443...
2026-08-14 13:48:43,313 [INFO]   Metadata batch 24/443...
2026-08-14 13:48:47,697 [INFO]   Metadata batch 25/443...
2026-08-14 13:48:52,454 [INFO]   Metadata batch 26/443...
2026-08-14 13:48:56,748 [INFO]   Metadata batch 27/443...
2026-08-14 13:49:00,895 [INFO]   Metadata batch 28/443...
2026-08-14 13:49:05,528 [INFO]   Metadata batch 29/443...
2026-08-14 13:49:10,107 [INFO]   Metadata batch 30/443...
2026-08-14 13:49:14,370 [INFO]   Metadata batch 31/443...
2026-08-14 13:49:19,415 [INFO]   Metadata batch 32/443...
2026-08-14 13:49:24,313 [INFO]   Metadata batch 33/443...
2026-08-14 13:49:28,868 [INFO]   Metadata batch 34/443...
2026-08-14 13:49:33,760 [INFO]   Metadata batch 35/443...
2026-08-14 13:49:38,301 [INFO]   Metadata batch 36/443...
2026-08-14 13:49:43,044 [INFO]   Metadata batch 37/443...
2026-08-14 13:49:47,224 [INFO]   Metadata batch 38/443...
2026-08-14 13:49:51,255 [INFO]   Metadata batch 39/443...
2026-08-14 13:49:55,504 [INFO]   Metadata batch 40/443...
2026-08-14 13:49:59,663 [INFO]   Metadata batch 41/443...
2026-08-14 13:50:03,906 [INFO]   Metadata batch 42/443...
2026-08-14 13:50:08,831 [INFO]   Metadata batch 43/443...
2026-08-14 13:50:13,081 [INFO]   Metadata batch 44/443...
2026-08-14 13:50:17,265 [INFO]   Metadata batch 45/443...
2026-08-14 13:50:21,298 [INFO]   Metadata batch 46/443...
2026-08-14 13:50:25,598 [INFO]   Metadata batch 47/443...
2026-08-14 13:50:29,388 [INFO]   Metadata batch 48/443...
2026-08-14 13:50:33,921 [INFO]   Metadata batch 49/443...
2026-08-14 13:50:38,392 [INFO]   Metadata batch 50/443...
2026-08-14 13:50:42,534 [INFO]   Metadata batch 51/443...
2026-08-14 13:50:46,950 [INFO]   Metadata batch 52/443...
2026-08-14 13:50:51,256 [INFO]   Metadata batch 53/443...
2026-08-14 13:50:55,721 [INFO]   Metadata batch 54/443...
2026-08-14 13:50:59,651 [INFO]   Metadata batch 55/443...
2026-08-14 13:51:03,616 [INFO]   Metadata batch 56/443...
2026-08-14 13:51:07,913 [INFO]   Metadata batch 57/443...
2026-08-14 13:51:12,782 [INFO]   Metadata batch 58/443...
2026-08-14 13:51:16,779 [INFO]   Metadata batch 59/443...
2026-08-14 13:51:21,479 [INFO]   Metadata batch 60/443...
2026-08-14 13:51:26,311 [INFO]   Metadata batch 61/443...
2026-08-14 13:51:30,518 [INFO]   Metadata batch 62/443...
2026-08-14 13:51:34,752 [INFO]   Metadata batch 63/443...
2026-08-14 13:51:39,170 [INFO]   Metadata batch 64/443...
2026-08-14 13:51:43,465 [INFO]   Metadata batch 65/443...
2026-08-14 13:51:47,971 [INFO]   Metadata batch 66/443...
2026-08-14 13:51:52,216 [INFO]   Metadata batch 67/443...
2026-08-14 13:51:56,406 [INFO]   Metadata batch 68/443...
2026-08-14 13:52:00,457 [INFO]   Metadata batch 69/443...
2026-08-14 13:52:04,714 [INFO]   Metadata batch 70/443...
2026-08-14 13:52:08,946 [INFO]   Metadata batch 71/443...
2026-08-14 13:52:13,541 [INFO]   Metadata batch 72/443...
2026-08-14 13:52:17,610 [INFO]   Metadata batch 73/443...
2026-08-14 13:52:21,575 [INFO]   Metadata batch 74/443...
2026-08-14 13:52:25,659 [INFO]   Metadata batch 75/443...
2026-08-14 13:52:30,472 [INFO]   Metadata batch 76/443...
2026-08-14 13:52:35,180 [INFO]   Metadata batch 77/443...
2026-08-14 13:52:39,475 [INFO]   Metadata batch 78/443...
2026-08-14 13:52:43,762 [INFO]   Metadata batch 79/443...
2026-08-14 13:52:48,055 [INFO]   Metadata batch 80/443...
2026-08-14 13:52:52,754 [INFO]   Metadata batch 81/443...
2026-08-14 13:52:57,242 [INFO]   Metadata batch 82/443...
2026-08-14 13:53:01,522 [INFO]   Metadata batch 83/443...
2026-08-14 13:53:07,164 [INFO]   Metadata batch 84/443...
2026-08-14 13:53:11,594 [INFO]   Metadata batch 85/443...
2026-08-14 13:53:15,861 [INFO]   Metadata batch 86/443...
2026-08-14 13:53:20,946 [INFO]   Metadata batch 87/443...
2026-08-14 13:53:25,458 [INFO]   Metadata batch 88/443...
2026-08-14 13:53:31,047 [INFO]   Metadata batch 89/443...
2026-08-14 13:53:35,447 [INFO]   Metadata batch 90/443...
2026-08-14 13:53:39,944 [INFO]   Metadata batch 91/443...
2026-08-14 13:53:44,680 [INFO]   Metadata batch 92/443...
2026-08-14 13:53:49,159 [INFO]   Metadata batch 93/443...
2026-08-14 13:53:53,751 [INFO]   Metadata batch 94/443...
2026-08-14 13:53:58,191 [INFO]   Metadata batch 95/443...
2026-08-14 13:54:02,777 [INFO]   Metadata batch 96/443...
2026-08-14 13:54:06,651 [INFO]   Metadata batch 97/443...
2026-08-14 13:54:11,075 [INFO]   Metadata batch 98/443...
2026-08-14 13:54:15,435 [INFO]   Metadata batch 99/443...
2026-08-14 13:54:19,785 [INFO]   Metadata batch 100/443...
2026-08-14 13:54:23,979 [INFO]   Metadata batch 101/443...
2026-08-14 13:54:29,522 [INFO]   Metadata batch 102/443...
2026-08-14 13:54:33,425 [INFO]   Metadata batch 103/443...
2026-08-14 13:54:37,721 [INFO]   Metadata batch 104/443...
2026-08-14 13:54:41,629 [INFO]   Metadata batch 105/443...
2026-08-14 13:54:45,953 [INFO]   Metadata batch 106/443...
2026-08-14 13:54:50,340 [INFO]   Metadata batch 107/443...
2026-08-14 13:54:54,823 [INFO]   Metadata batch 108/443...
2026-08-14 13:54:59,018 [INFO]   Metadata batch 109/443...
2026-08-14 13:55:02,966 [INFO]   Metadata batch 110/443...
2026-08-14 13:55:06,970 [INFO]   Metadata batch 111/443...
2026-08-14 13:55:11,468 [INFO]   Metadata batch 112/443...
2026-08-14 13:55:15,811 [INFO]   Metadata batch 113/443...
2026-08-14 13:55:20,168 [INFO]   Metadata batch 114/443...
2026-08-14 13:55:24,040 [INFO]   Metadata batch 115/443...
2026-08-14 13:55:28,711 [INFO]   Metadata batch 116/443...
2026-08-14 13:55:32,648 [INFO]   Metadata batch 117/443...
2026-08-14 13:55:36,546 [INFO]   Metadata batch 118/443...
2026-08-14 13:55:40,850 [INFO]   Metadata batch 119/443...
2026-08-14 13:55:45,096 [INFO]   Metadata batch 120/443...
2026-08-14 13:55:49,269 [INFO]   Metadata batch 121/443...
2026-08-14 13:55:54,049 [INFO]   Metadata batch 122/443...
2026-08-14 13:55:58,674 [INFO]   Metadata batch 123/443...
2026-08-14 13:56:03,600 [INFO]   Metadata batch 124/443...
2026-08-14 13:56:07,652 [INFO]   Metadata batch 125/443...
2026-08-14 13:56:11,904 [INFO]   Metadata batch 126/443...
2026-08-14 13:56:16,114 [INFO]   Metadata batch 127/443...
2026-08-14 13:56:20,123 [INFO]   Metadata batch 128/443...
2026-08-14 13:56:24,169 [INFO]   Metadata batch 129/443...
2026-08-14 13:56:28,759 [INFO]   Metadata batch 130/443...
2026-08-14 13:56:33,252 [INFO]   Metadata batch 131/443...
2026-08-14 13:56:37,651 [INFO]   Metadata batch 132/443...
2026-08-14 13:56:42,794 [INFO]   Metadata batch 133/443...
2026-08-14 13:56:47,466 [INFO]   Metadata batch 134/443...
2026-08-14 13:56:51,841 [INFO]   Metadata batch 135/443...
2026-08-14 13:56:56,089 [INFO]   Metadata batch 136/443...
2026-08-14 13:57:00,316 [INFO]   Metadata batch 137/443...
2026-08-14 13:57:04,898 [INFO]   Metadata batch 138/443...
2026-08-14 13:57:09,217 [INFO]   Metadata batch 139/443...
2026-08-14 13:57:13,525 [INFO]   Metadata batch 140/443...
2026-08-14 13:57:17,861 [INFO]   Metadata batch 141/443...
2026-08-14 13:57:22,028 [INFO]   Metadata batch 142/443...
2026-08-14 13:57:26,327 [INFO]   Metadata batch 143/443...
2026-08-14 13:57:31,240 [INFO]   Metadata batch 144/443...
2026-08-14 13:57:35,592 [INFO]   Metadata batch 145/443...
2026-08-14 13:57:40,029 [INFO]   Metadata batch 146/443...
2026-08-14 13:57:44,067 [INFO]   Metadata batch 147/443...
2026-08-14 13:57:48,389 [INFO]   Metadata batch 148/443...
2026-08-14 13:57:52,541 [INFO]   Metadata batch 149/443...
2026-08-14 13:57:56,556 [INFO]   Metadata batch 150/443...
2026-08-14 13:58:00,462 [INFO]   Metadata batch 151/443...
2026-08-14 13:58:05,001 [INFO]   Metadata batch 152/443...
2026-08-14 13:58:09,059 [INFO]   Metadata batch 153/443...
2026-08-14 13:58:13,152 [INFO]   Metadata batch 154/443...
2026-08-14 13:58:18,158 [INFO]   Metadata batch 155/443...
2026-08-14 13:58:22,673 [INFO]   Metadata batch 156/443...
2026-08-14 13:58:27,002 [INFO]   Metadata batch 157/443...
2026-08-14 13:58:31,503 [INFO]   Metadata batch 158/443...
2026-08-14 13:58:35,713 [INFO]   Metadata batch 159/443...
2026-08-14 13:58:40,006 [INFO]   Metadata batch 160/443...
2026-08-14 13:58:44,496 [INFO]   Metadata batch 161/443...
2026-08-14 13:58:49,489 [INFO]   Metadata batch 162/443...
2026-08-14 13:58:54,059 [INFO]   Metadata batch 163/443...
2026-08-14 13:58:58,259 [INFO]   Metadata batch 164/443...
2026-08-14 13:59:03,513 [INFO]   Metadata batch 165/443...
2026-08-14 13:59:08,099 [INFO]   Metadata batch 166/443...
2026-08-14 13:59:12,327 [INFO]   Metadata batch 167/443...
2026-08-14 13:59:16,544 [INFO]   Metadata batch 168/443...
2026-08-14 13:59:20,591 [INFO]   Metadata batch 169/443...
2026-08-14 13:59:24,852 [INFO]   Metadata batch 170/443...
2026-08-14 13:59:29,134 [INFO]   Metadata batch 171/443...
2026-08-14 13:59:33,419 [INFO]   Metadata batch 172/443...
2026-08-14 13:59:37,715 [INFO]   Metadata batch 173/443...
2026-08-14 13:59:41,961 [INFO]   Metadata batch 174/443...
2026-08-14 13:59:46,054 [INFO]   Metadata batch 175/443...
2026-08-14 13:59:50,152 [INFO]   Metadata batch 176/443...
2026-08-14 13:59:54,106 [INFO]   Metadata batch 177/443...
2026-08-14 13:59:58,562 [INFO]   Metadata batch 178/443...
2026-08-14 14:00:03,140 [INFO]   Metadata batch 179/443...
2026-08-14 14:00:08,736 [INFO]   Metadata batch 180/443...
2026-08-14 14:00:14,107 [INFO]   Metadata batch 181/443...
2026-08-14 14:00:19,248 [INFO]   Metadata batch 182/443...
2026-08-14 14:00:23,633 [INFO]   Metadata batch 183/443...
2026-08-14 14:00:28,213 [INFO]   Metadata batch 184/443...
2026-08-14 14:00:33,352 [INFO]   Metadata batch 185/443...
2026-08-14 14:00:38,374 [INFO]   Metadata batch 186/443...
2026-08-14 14:00:42,971 [INFO]   Metadata batch 187/443...
2026-08-14 14:00:47,423 [INFO]   Metadata batch 188/443...
2026-08-14 14:00:52,323 [INFO]   Metadata batch 189/443...
2026-08-14 14:00:57,167 [INFO]   Metadata batch 190/443...
2026-08-14 14:01:01,726 [INFO]   Metadata batch 191/443...
2026-08-14 14:01:06,880 [INFO]   Metadata batch 192/443...
2026-08-14 14:01:11,336 [INFO]   Metadata batch 193/443...
2026-08-14 14:01:15,697 [INFO]   Metadata batch 194/443...
2026-08-14 14:01:19,869 [INFO]   Metadata batch 195/443...
2026-08-14 14:01:25,090 [INFO]   Metadata batch 196/443...
2026-08-14 14:01:29,815 [INFO]   Metadata batch 197/443...
2026-08-14 14:01:34,235 [INFO]   Metadata batch 198/443...
2026-08-14 14:01:38,667 [INFO]   Metadata batch 199/443...
2026-08-14 14:01:43,252 [INFO]   Metadata batch 200/443...
2026-08-14 14:01:47,805 [INFO]   Metadata batch 201/443...
2026-08-14 14:01:51,998 [INFO]   Metadata batch 202/443...
2026-08-14 14:01:57,380 [INFO]   Metadata batch 203/443...
2026-08-14 14:02:02,272 [INFO]   Metadata batch 204/443...
2026-08-14 14:02:06,403 [INFO]   Metadata batch 205/443...
2026-08-14 14:02:11,360 [INFO]   Metadata batch 206/443...
2026-08-14 14:02:16,404 [INFO]   Metadata batch 207/443...
2026-08-14 14:02:21,048 [INFO]   Metadata batch 208/443...
2026-08-14 14:02:25,906 [INFO]   Metadata batch 209/443...
2026-08-14 14:02:30,658 [INFO]   Metadata batch 210/443...
2026-08-14 14:02:35,489 [INFO]   Metadata batch 211/443...
2026-08-14 14:02:40,306 [INFO]   Metadata batch 212/443...
2026-08-14 14:02:44,382 [INFO]   Metadata batch 213/443...
2026-08-14 14:02:49,574 [INFO]   Metadata batch 214/443...
2026-08-14 14:02:54,719 [INFO]   Metadata batch 215/443...
2026-08-14 14:02:59,451 [INFO]   Metadata batch 216/443...
2026-08-14 14:03:05,478 [INFO]   Metadata batch 217/443...
2026-08-14 14:03:10,523 [INFO]   Metadata batch 218/443...
2026-08-14 14:03:15,305 [INFO]   Metadata batch 219/443...
2026-08-14 14:03:20,427 [INFO]   Metadata batch 220/443...
2026-08-14 14:03:25,412 [INFO]   Metadata batch 221/443...
2026-08-14 14:03:29,766 [INFO]   Metadata batch 222/443...
2026-08-14 14:03:34,649 [INFO]   Metadata batch 223/443...
2026-08-14 14:03:39,316 [INFO]   Metadata batch 224/443...
2026-08-14 14:03:43,747 [INFO]   Metadata batch 225/443...
2026-08-14 14:03:48,499 [INFO]   Metadata batch 226/443...
2026-08-14 14:03:52,882 [INFO]   Metadata batch 227/443...
2026-08-14 14:03:57,749 [INFO]   Metadata batch 228/443...
2026-08-14 14:04:02,385 [INFO]   Metadata batch 229/443...
2026-08-14 14:04:07,126 [INFO]   Metadata batch 230/443...
2026-08-14 14:04:11,597 [INFO]   Metadata batch 231/443...
2026-08-14 14:04:15,990 [INFO]   Metadata batch 232/443...
2026-08-14 14:04:20,520 [INFO]   Metadata batch 233/443...
2026-08-14 14:04:24,662 [INFO]   Metadata batch 234/443...
2026-08-14 14:04:29,044 [INFO]   Metadata batch 235/443...
2026-08-14 14:04:33,732 [INFO]   Metadata batch 236/443...
2026-08-14 14:04:38,183 [INFO]   Metadata batch 237/443...
2026-08-14 14:04:42,822 [INFO]   Metadata batch 238/443...
2026-08-14 14:04:47,240 [INFO]   Metadata batch 239/443...
2026-08-14 14:04:51,711 [INFO]   Metadata batch 240/443...
2026-08-14 14:04:56,615 [INFO]   Metadata batch 241/443...
2026-08-14 14:05:00,800 [INFO]   Metadata batch 242/443...
2026-08-14 14:05:05,547 [INFO]   Metadata batch 243/443...
2026-08-14 14:05:10,525 [INFO]   Metadata batch 244/443...
2026-08-14 14:05:15,723 [INFO]   Metadata batch 245/443...
2026-08-14 14:05:20,046 [INFO]   Metadata batch 246/443...
2026-08-14 14:05:24,407 [INFO]   Metadata batch 247/443...
2026-08-14 14:05:28,525 [INFO]   Metadata batch 248/443...
2026-08-14 14:05:32,652 [INFO]   Metadata batch 249/443...
2026-08-14 14:05:36,792 [INFO]   Metadata batch 250/443...
2026-08-14 14:05:40,927 [INFO]   Metadata batch 251/443...
2026-08-14 14:05:45,339 [INFO]   Metadata batch 252/443...
2026-08-14 14:05:49,787 [INFO]   Metadata batch 253/443...
2026-08-14 14:05:54,345 [INFO]   Metadata batch 254/443...
2026-08-14 14:05:58,753 [INFO]   Metadata batch 255/443...
2026-08-14 14:06:03,696 [INFO]   Metadata batch 256/443...
2026-08-14 14:06:08,111 [INFO]   Metadata batch 257/443...
2026-08-14 14:06:12,446 [INFO]   Metadata batch 258/443...
2026-08-14 14:06:16,873 [INFO]   Metadata batch 259/443...
2026-08-14 14:06:21,200 [INFO]   Metadata batch 260/443...
2026-08-14 14:06:25,758 [INFO]   Metadata batch 261/443...
2026-08-14 14:06:30,397 [INFO]   Metadata batch 262/443...
2026-08-14 14:06:34,379 [INFO]   Metadata batch 263/443...
2026-08-14 14:06:38,951 [INFO]   Metadata batch 264/443...
2026-08-14 14:06:43,698 [INFO]   Metadata batch 265/443...
2026-08-14 14:06:48,388 [INFO]   Metadata batch 266/443...
2026-08-14 14:06:53,138 [INFO]   Metadata batch 267/443...
2026-08-14 14:06:57,980 [INFO]   Metadata batch 268/443...
2026-08-14 14:07:02,974 [INFO]   Metadata batch 269/443...
2026-08-14 14:07:07,418 [INFO]   Metadata batch 270/443...
2026-08-14 14:07:12,068 [INFO]   Metadata batch 271/443...
2026-08-14 14:07:16,540 [INFO]   Metadata batch 272/443...
2026-08-14 14:07:21,569 [INFO]   Metadata batch 273/443...
2026-08-14 14:07:26,136 [INFO]   Metadata batch 274/443...
2026-08-14 14:07:30,749 [INFO]   Metadata batch 275/443...
2026-08-14 14:07:35,316 [INFO]   Metadata batch 276/443...
2026-08-14 14:07:40,019 [INFO]   Metadata batch 277/443...
2026-08-14 14:07:44,522 [INFO]   Metadata batch 278/443...
2026-08-14 14:07:48,662 [INFO]   Metadata batch 279/443...
2026-08-14 14:07:53,116 [INFO]   Metadata batch 280/443...
2026-08-14 14:07:57,713 [INFO]   Metadata batch 281/443...
2026-08-14 14:08:02,509 [INFO]   Metadata batch 282/443...
2026-08-14 14:08:06,957 [INFO]   Metadata batch 283/443...
2026-08-14 14:08:11,778 [INFO]   Metadata batch 284/443...
2026-08-14 14:08:16,212 [INFO]   Metadata batch 285/443...
2026-08-14 14:08:20,785 [INFO]   Metadata batch 286/443...
2026-08-14 14:08:25,007 [INFO]   Metadata batch 287/443...
2026-08-14 14:08:29,546 [INFO]   Metadata batch 288/443...
2026-08-14 14:08:34,738 [INFO]   Metadata batch 289/443...
2026-08-14 14:08:38,928 [INFO]   Metadata batch 290/443...
2026-08-14 14:08:43,652 [INFO]   Metadata batch 291/443...
2026-08-14 14:08:48,274 [INFO]   Metadata batch 292/443...
2026-08-14 14:08:52,839 [INFO]   Metadata batch 293/443...
2026-08-14 14:08:57,327 [INFO]   Metadata batch 294/443...
2026-08-14 14:09:01,763 [INFO]   Metadata batch 295/443...
2026-08-14 14:09:06,422 [INFO]   Metadata batch 296/443...
2026-08-14 14:09:10,620 [INFO]   Metadata batch 297/443...
2026-08-14 14:09:14,998 [INFO]   Metadata batch 298/443...
2026-08-14 14:09:19,097 [INFO]   Metadata batch 299/443...
2026-08-14 14:09:23,317 [INFO]   Metadata batch 300/443...
2026-08-14 14:09:27,711 [INFO]   Metadata batch 301/443...
2026-08-14 14:09:32,011 [INFO]   Metadata batch 302/443...
2026-08-14 14:09:39,645 [INFO]   Metadata batch 303/443...
2026-08-14 14:09:43,978 [INFO]   Metadata batch 304/443...
2026-08-14 14:09:48,276 [INFO]   Metadata batch 305/443...
2026-08-14 14:09:53,107 [INFO]   Metadata batch 306/443...
2026-08-14 14:09:57,362 [INFO]   Metadata batch 307/443...
2026-08-14 14:10:01,469 [INFO]   Metadata batch 308/443...
2026-08-14 14:10:06,420 [INFO]   Metadata batch 309/443...
2026-08-14 14:10:10,726 [INFO]   Metadata batch 310/443...
2026-08-14 14:10:15,228 [INFO]   Metadata batch 311/443...
2026-08-14 14:10:19,989 [INFO]   Metadata batch 312/443...
2026-08-14 14:10:25,103 [INFO]   Metadata batch 313/443...
2026-08-14 14:10:29,428 [INFO]   Metadata batch 314/443...
2026-08-14 14:10:33,926 [INFO]   Metadata batch 315/443...
2026-08-14 14:10:38,225 [INFO]   Metadata batch 316/443...
2026-08-14 14:10:42,751 [INFO]   Metadata batch 317/443...
2026-08-14 14:10:47,533 [INFO]   Metadata batch 318/443...
2026-08-14 14:10:51,547 [INFO]   Metadata batch 319/443...
2026-08-14 14:10:56,949 [INFO]   Metadata batch 320/443...
2026-08-14 14:11:01,386 [INFO]   Metadata batch 321/443...
2026-08-14 14:11:05,589 [INFO]   Metadata batch 322/443...
2026-08-14 14:11:09,611 [INFO]   Metadata batch 323/443...
2026-08-14 14:11:14,207 [INFO]   Metadata batch 324/443...
2026-08-14 14:11:18,456 [INFO]   Metadata batch 325/443...
2026-08-14 14:11:22,585 [INFO]   Metadata batch 326/443...
2026-08-14 14:11:27,055 [INFO]   Metadata batch 327/443...
2026-08-14 14:11:31,484 [INFO]   Metadata batch 328/443...
2026-08-14 14:11:35,694 [INFO]   Metadata batch 329/443...
2026-08-14 14:11:40,001 [INFO]   Metadata batch 330/443...
2026-08-14 14:11:44,005 [INFO]   Metadata batch 331/443...
2026-08-14 14:11:48,549 [INFO]   Metadata batch 332/443...
2026-08-14 14:11:53,121 [INFO]   Metadata batch 333/443...
2026-08-14 14:11:57,415 [INFO]   Metadata batch 334/443...
2026-08-14 14:12:01,840 [INFO]   Metadata batch 335/443...
2026-08-14 14:12:06,279 [INFO]   Metadata batch 336/443...
2026-08-14 14:12:10,879 [INFO]   Metadata batch 337/443...
2026-08-14 14:12:15,517 [INFO]   Metadata batch 338/443...
2026-08-14 14:12:19,539 [INFO]   Metadata batch 339/443...
2026-08-14 14:12:23,661 [INFO]   Metadata batch 340/443...
2026-08-14 14:12:27,983 [INFO]   Metadata batch 341/443...
2026-08-14 14:12:32,493 [INFO]   Metadata batch 342/443...
2026-08-14 14:12:36,845 [INFO]   Metadata batch 343/443...
2026-08-14 14:12:41,147 [INFO]   Metadata batch 344/443...
2026-08-14 14:12:45,051 [INFO]   Metadata batch 345/443...
2026-08-14 14:12:49,625 [INFO]   Metadata batch 346/443...
2026-08-14 14:12:53,907 [INFO]   Metadata batch 347/443...
2026-08-14 14:12:58,090 [INFO]   Metadata batch 348/443...
2026-08-14 14:13:02,446 [INFO]   Metadata batch 349/443...
2026-08-14 14:13:06,597 [INFO]   Metadata batch 350/443...
2026-08-14 14:13:11,795 [INFO]   Metadata batch 351/443...
2026-08-14 14:13:15,851 [INFO]   Metadata batch 352/443...
2026-08-14 14:13:20,109 [INFO]   Metadata batch 353/443...
2026-08-14 14:13:24,182 [INFO]   Metadata batch 354/443...
2026-08-14 14:13:28,599 [INFO]   Metadata batch 355/443...
2026-08-14 14:13:32,766 [INFO]   Metadata batch 356/443...
2026-08-14 14:13:37,485 [INFO]   Metadata batch 357/443...
2026-08-14 14:13:42,433 [INFO]   Metadata batch 358/443...
2026-08-14 14:13:46,287 [INFO]   Metadata batch 359/443...
2026-08-14 14:13:50,587 [INFO]   Metadata batch 360/443...
2026-08-14 14:13:54,495 [INFO]   Metadata batch 361/443...
2026-08-14 14:13:58,824 [INFO]   Metadata batch 362/443...
2026-08-14 14:14:03,035 [INFO]   Metadata batch 363/443...
2026-08-14 14:14:07,604 [INFO]   Metadata batch 364/443...
2026-08-14 14:14:12,037 [INFO]   Metadata batch 365/443...
2026-08-14 14:14:16,300 [INFO]   Metadata batch 366/443...
2026-08-14 14:14:20,495 [INFO]   Metadata batch 367/443...
2026-08-14 14:14:24,822 [INFO]   Metadata batch 368/443...
2026-08-14 14:14:29,287 [INFO]   Metadata batch 369/443...
2026-08-14 14:14:33,412 [INFO]   Metadata batch 370/443...
2026-08-14 14:14:37,386 [INFO]   Metadata batch 371/443...
2026-08-14 14:14:41,724 [INFO]   Metadata batch 372/443...
2026-08-14 14:14:46,428 [INFO]   Metadata batch 373/443...
2026-08-14 14:14:50,264 [INFO]   Metadata batch 374/443...
2026-08-14 14:14:54,792 [INFO]   Metadata batch 375/443...
2026-08-14 14:14:58,894 [INFO]   Metadata batch 376/443...
2026-08-14 14:15:03,089 [INFO]   Metadata batch 377/443...
2026-08-14 14:15:07,410 [INFO]   Metadata batch 378/443...
2026-08-14 14:15:11,813 [INFO]   Metadata batch 379/443...
2026-08-14 14:15:16,351 [INFO]   Metadata batch 380/443...
2026-08-14 14:15:20,767 [INFO]   Metadata batch 381/443...
2026-08-14 14:15:25,561 [INFO]   Metadata batch 382/443...
2026-08-14 14:15:30,030 [INFO]   Metadata batch 383/443...
2026-08-14 14:15:34,397 [INFO]   Metadata batch 384/443...
2026-08-14 14:15:38,637 [INFO]   Metadata batch 385/443...
2026-08-14 14:15:43,095 [INFO]   Metadata batch 386/443...
2026-08-14 14:15:47,125 [INFO]   Metadata batch 387/443...
2026-08-14 14:15:51,617 [INFO]   Metadata batch 388/443...
2026-08-14 14:15:56,032 [INFO]   Metadata batch 389/443...
2026-08-14 14:16:00,392 [INFO]   Metadata batch 390/443...
2026-08-14 14:16:05,109 [INFO]   Metadata batch 391/443...
2026-08-14 14:16:09,719 [INFO]   Metadata batch 392/443...
2026-08-14 14:16:13,947 [INFO]   Metadata batch 393/443...
2026-08-14 14:16:18,388 [INFO]   Metadata batch 394/443...
2026-08-14 14:16:22,699 [INFO]   Metadata batch 395/443...
2026-08-14 14:16:27,198 [INFO]   Metadata batch 396/443...
2026-08-14 14:16:31,566 [INFO]   Metadata batch 397/443...
2026-08-14 14:16:36,253 [INFO]   Metadata batch 398/443...
2026-08-14 14:16:40,398 [INFO]   Metadata batch 399/443...
2026-08-14 14:16:44,857 [INFO]   Metadata batch 400/443...
2026-08-14 14:16:49,345 [INFO]   Metadata batch 401/443...
2026-08-14 14:16:54,462 [INFO]   Metadata batch 402/443...
2026-08-14 14:16:58,978 [INFO]   Metadata batch 403/443...
2026-08-14 14:17:03,752 [INFO]   Metadata batch 404/443...
2026-08-14 14:17:08,636 [INFO]   Metadata batch 405/443...
2026-08-14 14:17:12,349 [INFO]   Metadata batch 406/443...
2026-08-14 14:17:16,869 [INFO]   Metadata batch 407/443...
2026-08-14 14:17:28,063 [INFO]   Metadata batch 408/443...
2026-08-14 14:17:32,669 [INFO]   Metadata batch 409/443...
2026-08-14 14:17:37,293 [INFO]   Metadata batch 410/443...
2026-08-14 14:17:42,024 [INFO]   Metadata batch 411/443...
2026-08-14 14:17:46,545 [INFO]   Metadata batch 412/443...
2026-08-14 14:17:50,842 [INFO]   Metadata batch 413/443...
2026-08-14 14:17:56,307 [INFO]   Metadata batch 414/443...
2026-08-14 14:18:01,194 [INFO]   Metadata batch 415/443...
2026-08-14 14:18:05,818 [INFO]   Metadata batch 416/443...
2026-08-14 14:18:10,548 [INFO]   Metadata batch 417/443...
2026-08-14 14:18:14,970 [INFO]   Metadata batch 418/443...
2026-08-14 14:18:19,497 [INFO]   Metadata batch 419/443...
2026-08-14 14:18:23,753 [INFO]   Metadata batch 420/443...
2026-08-14 14:18:28,520 [INFO]   Metadata batch 421/443...
2026-08-14 14:18:32,849 [INFO]   Metadata batch 422/443...
2026-08-14 14:18:36,741 [INFO]   Metadata batch 423/443...
2026-08-14 14:18:40,768 [INFO]   Metadata batch 424/443...
2026-08-14 14:18:45,287 [INFO]   Metadata batch 425/443...
2026-08-14 14:18:50,041 [INFO]   Metadata batch 426/443...
2026-08-14 14:18:54,580 [INFO]   Metadata batch 427/443...
2026-08-14 14:18:59,061 [INFO]   Metadata batch 428/443...
2026-08-14 14:19:03,187 [INFO]   Metadata batch 429/443...
2026-08-14 14:19:07,466 [INFO]   Metadata batch 430/443...
2026-08-14 14:19:11,474 [INFO]   Metadata batch 431/443...
2026-08-14 14:19:15,707 [INFO]   Metadata batch 432/443...
2026-08-14 14:19:20,355 [INFO]   Metadata batch 433/443...
2026-08-14 14:19:24,631 [INFO]   Metadata batch 434/443...
2026-08-14 14:19:28,784 [INFO]   Metadata batch 435/443...
2026-08-14 14:19:33,201 [INFO]   Metadata batch 436/443...
2026-08-14 14:19:39,920 [INFO]   Metadata batch 437/443...
2026-08-14 14:19:44,394 [INFO]   Metadata batch 438/443...
2026-08-14 14:19:48,205 [INFO]   Metadata batch 439/443...
2026-08-14 14:19:52,116 [INFO]   Metadata batch 440/443...
2026-08-14 14:19:56,920 [INFO]   Metadata batch 441/443...
2026-08-14 14:20:02,050 [INFO]   Metadata batch 442/443...
2026-08-14 14:20:06,449 [INFO]   Metadata batch 443/443...
2026-08-14 14:20:10,825 [INFO]   8,851,417 nodes (278,097 Frontiers core)
2026-08-14 14:20:11,850 [INFO] Applying edge weights (temporal decay + self-citation discount)...
2026-08-14 14:21:22,482 [INFO]   Decay mean=0.637  |  Self-citations: 4,926,100
2026-08-14 14:21:22,575 [INFO]   Combined weight mean=0.607
2026-08-14 14:21:23,409 [INFO] Computing bibliographic coupling (min shared refs=3)...
2026-08-14 14:21:23,425 [INFO]   BC batch 1/16...
2026-08-14 14:21:44,496 [INFO]     7,931,772 BC edges
2026-08-14 14:21:44,502 [INFO]   BC batch 2/16...
2026-08-14 14:22:01,661 [INFO]     7,979,203 BC edges
2026-08-14 14:22:01,667 [INFO]   BC batch 3/16...
2026-08-14 14:22:17,826 [INFO]     8,236,088 BC edges
2026-08-14 14:22:17,832 [INFO]   BC batch 4/16...
2026-08-14 14:22:34,190 [INFO]     7,974,971 BC edges
2026-08-14 14:22:34,196 [INFO]   BC batch 5/16...
2026-08-14 14:22:49,207 [INFO]     7,514,113 BC edges
2026-08-14 14:22:49,212 [INFO]   BC batch 6/16...
2026-08-14 14:23:04,520 [INFO]     8,113,714 BC edges
2026-08-14 14:23:04,526 [INFO]   BC batch 7/16...
2026-08-14 14:23:21,019 [INFO]     7,896,105 BC edges
2026-08-14 14:23:21,024 [INFO]   BC batch 8/16...
2026-08-14 14:23:36,244 [INFO]     6,693,289 BC edges
2026-08-14 14:23:36,249 [INFO]   BC batch 9/16...
2026-08-14 14:23:50,670 [INFO]     6,041,850 BC edges
2026-08-14 14:23:50,675 [INFO]   BC batch 10/16...
2026-08-14 14:24:05,470 [INFO]     6,820,096 BC edges
2026-08-14 14:24:05,476 [INFO]   BC batch 11/16...
2026-08-14 14:24:20,894 [INFO]     7,314,419 BC edges
2026-08-14 14:24:20,900 [INFO]   BC batch 12/16...
2026-08-14 14:24:35,727 [INFO]     6,852,065 BC edges
2026-08-14 14:24:35,733 [INFO]   BC batch 13/16...
2026-08-14 14:24:51,279 [INFO]     6,444,055 BC edges
2026-08-14 14:24:51,284 [INFO]   BC batch 14/16...
2026-08-14 14:25:08,008 [INFO]     6,346,477 BC edges
2026-08-14 14:25:08,014 [INFO]   BC batch 15/16...
2026-08-14 14:25:24,010 [INFO]     7,115,574 BC edges
2026-08-14 14:25:24,016 [INFO]   BC batch 16/16...
2026-08-14 14:25:46,714 [INFO]     6,997,605 BC edges
2026-08-14 14:26:12,848 [INFO]   Total BC edges: 116,271,396
2026-08-14 14:26:13,770 [INFO] Merging direct citation and BC edges...
2026-08-14 14:28:26,962 [INFO]   Merged: 164,448,445 edges (mean weight=0.238)
2026-08-14 14:28:33,380 [INFO] Writing CWTS files to cwts_output/  (8,851,417 nodes)...
2026-08-14 14:29:38,414 [INFO]   pubs.txt        : 8,851,417 rows  (278,097 Frontiers)
  0%|                                                                                        | 0/1 [00:00<?, ?it/s]2026-08-14 14:29:47,951 [INFO] 8851417 out of 8851417 rows loaded.
100%|██████████████████████████████████████████████████████████████████████████████| 1/1 [00:00<00:00, 8176.03it/s]
2026-08-14 14:29:47,951 [INFO]   → BigQuery: raw_citation_network_data.pubs_raw_20260814_130737
2026-08-14 14:31:06,609 [INFO]   pub_metadata.txt: 8,851,417 rows
  0%|                                                                                        | 0/1 [00:00<?, ?it/s]2026-08-14 14:31:56,502 [INFO] 8851417 out of 8851417 rows loaded.
100%|██████████████████████████████████████████████████████████████████████████████| 1/1 [00:00<00:00, 7681.88it/s]
2026-08-14 14:31:56,502 [INFO]   → BigQuery: raw_citation_network_data.pub_metadata_raw_20260814_130737
2026-08-14 14:42:43,551 [INFO]   cit_links.txt   : 320,933,548 rows  (160,466,774 unique × 2 directions)
  0%|                                                                                        | 0/1 [00:00<?, ?it/s]2026-08-14 14:44:20,951 [INFO] 320933548 out of 320933548 rows loaded.
100%|██████████████████████████████████████████████████████████████████████████████| 1/1 [00:00<00:00, 5769.33it/s]
2026-08-14 14:44:20,951 [INFO]   → BigQuery: raw_citation_network_data.cit_links_raw_20260814_130737
2026-08-14 14:44:20,952 [INFO] ============================================================
2026-08-14 14:44:20,952 [INFO] Running CWTS Classification
2026-08-14 14:44:20,952 [INFO] ============================================================
2026-08-14 14:44:20,952 [INFO]   JAR: publicationclassification.jar
2026-08-14 14:44:20,952 [INFO]   Parameters:
2026-08-14 14:44:20,952 [INFO]     largest_component_only: false
2026-08-14 14:44:20,952 [INFO]     iterations: 100
2026-08-14 14:44:20,952 [INFO]     micro_resolution: 5e-3
2026-08-14 14:44:20,952 [INFO]     micro_min_cluster_size: 1000
2026-08-14 14:44:20,952 [INFO]     meso_resolution: 5e-5
2026-08-14 14:44:20,952 [INFO]     meso_min_cluster_size: 5000
2026-08-14 14:44:20,952 [INFO]     macro_resolution: 1e-5
2026-08-14 14:44:20,952 [INFO]     macro_min_cluster_size: 2000
2026-08-14 14:44:20,952 [INFO]   Running command...
2026-08-14 16:37:20,717 [INFO]   Log written to: cwts_logs/cwts_classification_20260814_130737.log
2026-08-14 16:37:20,718 [INFO]   STDOUT: PublicationClassificationCreator version 1.1.0
By Nees Jan van Eck
Centre for Science and Technology Studies (CWTS), Leiden University

Reading citation network from file... Finished!
Reading citation...
2026-08-14 16:37:20,718 [INFO]   Classification complete: cwts_output/classification.txt
2026-08-14 16:37:20,718 [INFO] Uploading classification to BigQuery...
2026-08-14 16:37:21,955 [INFO]   Loaded 8,851,417 rows
2026-08-14 16:37:21,990 [INFO]   Micro clusters: 45,001
2026-08-14 16:37:22,024 [INFO]   Meso clusters:  41,271
2026-08-14 16:37:22,058 [INFO]   Macro clusters: 40,896
  0%|                                                                                        | 0/1 [00:00<?, ?it/s]2026-08-14 16:37:32,616 [INFO] 8851417 out of 8851417 rows loaded.
100%|██████████████████████████████████████████████████████████████████████████████| 1/1 [00:00<00:00, 9039.45it/s]
2026-08-14 16:37:32,616 [INFO]   → BigQuery: raw_citation_network_data.classification_raw_20260814_130737
/home/jupyter/scope-drift-model/src/cwts_export.py:914: DeprecationWarning: datetime.datetime.utcnow() is deprecated and scheduled for removal in a future version. Use timezone-aware objects to represent datetimes in UTC: datetime.datetime.now(datetime.UTC).
  "generated_utc": datetime.utcnow().strftime("%Y-%m-%d %H:%M UTC"),
  0%|                                                                                        | 0/1 [00:00<?, ?it/s]2026-08-14 16:37:37,190 [INFO] 1 out of 1 rows loaded.
100%|██████████████████████████████████████████████████████████████████████████████| 1/1 [00:00<00:00, 9118.05it/s]
2026-08-14 16:37:37,190 [INFO]   → BigQuery: raw_citation_network_data.run_metadata_20260814_130737
2026-08-14 16:37:37,190 [INFO] Done!!!!
