2026-07-22 22:20:14,492 [INFO] ============================================================
2026-07-22 22:20:14,492 [INFO] Configuration
2026-07-22 22:20:14,492 [INFO] ============================================================
2026-07-22 22:20:14,492 [INFO]   BQ_PROJECT              : ocean-tech-adv-analytics-p-usr
2026-07-22 22:20:14,492 [INFO]   AIRAK_DATASET           : ocean-breeze-tier-1.airak
2026-07-22 22:20:14,492 [INFO]   NETWORK_MODE            : full
2026-07-22 22:20:14,492 [INFO]   START_YEAR              : 2020
2026-07-22 22:20:14,492 [INFO]   END_YEAR                : 2026
2026-07-22 22:20:14,492 [INFO]   TOP_N_JOURNALS          : 5
2026-07-22 22:20:14,492 [INFO]   JOURNAL_IDS_OVERRIDE    : 1675037245440,1589137899520,2336462209024,2774548873217,120259084288,764504178688,1005022347264,558345748481
2026-07-22 22:20:14,492 [INFO]   ENABLE_EDGE_WEIGHTS     : True
2026-07-22 22:20:14,492 [INFO]   TEMPORAL_DECAY_TAU      : 5.0
2026-07-22 22:20:14,492 [INFO]   SELF_CITE_JOURNAL_WEIGHT: 0.5
2026-07-22 22:20:14,492 [INFO]   ENABLE_BC_EDGES         : False
2026-07-22 22:20:14,492 [INFO]   BC_MIN_SHARED_REFS      : 3
2026-07-22 22:20:14,492 [INFO]   MAX_EXTERNAL_PAPERS     : 50000
2026-07-22 22:20:14,492 [INFO]   LOG_DIR              : cwts_logs
2026-07-22 22:20:14,492 [INFO]   RUN_CLASSIFICATION      : True
2026-07-22 22:20:14,492 [INFO]   CWTS_JAR_PATH           : publicationclassification.jar
2026-07-22 22:20:14,492 [INFO]   JAVA_HEAP_SIZE          : 
2026-07-22 22:20:14,492 [INFO] ============================================================
2026-07-22 22:20:14,492 [INFO] ============================================================
2026-07-22 22:20:14,492 [INFO] CWTS Export — Edge Weight Builder
2026-07-22 22:20:14,492 [INFO]   Mode: FULL  |  Years: 2020-2026
2026-07-22 22:20:14,492 [INFO]   Edge weights: ON
2026-07-22 22:20:14,492 [INFO] ============================================================
2026-07-22 22:20:14,492 [INFO] Using specified journal IDs: [1675037245440, 1589137899520, 2336462209024, 2774548873217, 120259084288, 764504178688, 1005022347264, 558345748481]
2026-07-22 22:20:14,492 [INFO] Fetching Frontiers publication IDs...
2026-07-22 22:20:17,483 [INFO]   41,071 Frontiers publications
2026-07-22 22:20:17,483 [INFO] Building full network (Frontiers + related journals)...
2026-07-22 22:20:17,483 [INFO]   Finding journals citing Frontiers...
2026-07-22 22:20:20,860 [INFO]   Finding journals cited by Frontiers...
2026-07-22 22:20:24,166 [INFO]   2019 journals in network (2011 related + 8 Frontiers)
2026-07-22 22:20:33,543 [INFO]   13,933,678 publications
2026-07-22 22:20:34,010 [INFO]   Citation batch 1/279...
2026-07-22 22:20:43,882 [INFO]   Citation batch 2/279...
2026-07-22 22:20:54,053 [INFO]   Citation batch 3/279...
2026-07-22 22:21:03,636 [INFO]   Citation batch 4/279...
2026-07-22 22:21:12,346 [INFO]   Citation batch 5/279...
2026-07-22 22:21:21,620 [INFO]   Citation batch 6/279...
2026-07-22 22:21:31,457 [INFO]   Citation batch 7/279...
2026-07-22 22:21:38,492 [INFO]   Citation batch 8/279...
2026-07-22 22:21:46,180 [INFO]   Citation batch 9/279...
2026-07-22 22:21:55,655 [INFO]   Citation batch 10/279...
2026-07-22 22:22:05,252 [INFO]   Citation batch 11/279...
2026-07-22 22:22:16,980 [INFO]   Citation batch 12/279...
2026-07-22 22:22:27,163 [INFO]   Citation batch 13/279...
2026-07-22 22:22:36,647 [INFO]   Citation batch 14/279...
2026-07-22 22:22:45,627 [INFO]   Citation batch 15/279...
2026-07-22 22:22:53,311 [INFO]   Citation batch 16/279...
2026-07-22 22:22:59,812 [INFO]   Citation batch 17/279...
2026-07-22 22:23:08,495 [INFO]   Citation batch 18/279...
2026-07-22 22:23:16,943 [INFO]   Citation batch 19/279...
2026-07-22 22:23:25,561 [INFO]   Citation batch 20/279...
2026-07-22 22:23:33,276 [INFO]   Citation batch 21/279...
2026-07-22 22:23:40,652 [INFO]   Citation batch 22/279...
2026-07-22 22:23:48,811 [INFO]   Citation batch 23/279...
2026-07-22 22:23:57,128 [INFO]   Citation batch 24/279...
2026-07-22 22:24:08,048 [INFO]   Citation batch 25/279...
2026-07-22 22:24:16,353 [INFO]   Citation batch 26/279...
2026-07-22 22:24:26,310 [INFO]   Citation batch 27/279...
2026-07-22 22:24:36,085 [INFO]   Citation batch 28/279...
2026-07-22 22:24:45,810 [INFO]   Citation batch 29/279...
2026-07-22 22:24:55,338 [INFO]   Citation batch 30/279...
2026-07-22 22:25:03,533 [INFO]   Citation batch 31/279...
2026-07-22 22:25:14,100 [INFO]   Citation batch 32/279...
2026-07-22 22:25:23,077 [INFO]   Citation batch 33/279...
2026-07-22 22:25:32,195 [INFO]   Citation batch 34/279...
2026-07-22 22:25:41,975 [INFO]   Citation batch 35/279...
2026-07-22 22:25:50,301 [INFO]   Citation batch 36/279...
2026-07-22 22:25:59,425 [INFO]   Citation batch 37/279...
2026-07-22 22:26:07,333 [INFO]   Citation batch 38/279...
2026-07-22 22:26:14,925 [INFO]   Citation batch 39/279...
2026-07-22 22:26:22,460 [INFO]   Citation batch 40/279...
2026-07-22 22:26:30,822 [INFO]   Citation batch 41/279...
2026-07-22 22:26:39,227 [INFO]   Citation batch 42/279...
2026-07-22 22:26:48,872 [INFO]   Citation batch 43/279...
2026-07-22 22:26:57,044 [INFO]   Citation batch 44/279...
2026-07-22 22:27:04,806 [INFO]   Citation batch 45/279...
2026-07-22 22:27:12,967 [INFO]   Citation batch 46/279...
2026-07-22 22:27:21,330 [INFO]   Citation batch 47/279...
2026-07-22 22:27:31,164 [INFO]   Citation batch 48/279...
2026-07-22 22:27:40,149 [INFO]   Citation batch 49/279...
2026-07-22 22:27:48,878 [INFO]   Citation batch 50/279...
2026-07-22 22:27:57,429 [INFO]   Citation batch 51/279...
2026-07-22 22:28:06,776 [INFO]   Citation batch 52/279...
2026-07-22 22:28:14,854 [INFO]   Citation batch 53/279...
2026-07-22 22:28:22,669 [INFO]   Citation batch 54/279...
2026-07-22 22:28:32,043 [INFO]   Citation batch 55/279...
2026-07-22 22:28:41,625 [INFO]   Citation batch 56/279...
2026-07-22 22:28:49,282 [INFO]   Citation batch 57/279...
2026-07-22 22:28:57,843 [INFO]   Citation batch 58/279...
2026-07-22 22:29:19,980 [INFO]   Citation batch 59/279...
2026-07-22 22:29:27,555 [INFO]   Citation batch 60/279...
2026-07-22 22:29:37,568 [INFO]   Citation batch 61/279...
2026-07-22 22:29:46,282 [INFO]   Citation batch 62/279...
2026-07-22 22:29:54,237 [INFO]   Citation batch 63/279...
2026-07-22 22:30:02,294 [INFO]   Citation batch 64/279...
2026-07-22 22:30:12,235 [INFO]   Citation batch 65/279...
2026-07-22 22:30:22,655 [INFO]   Citation batch 66/279...
2026-07-22 22:30:31,808 [INFO]   Citation batch 67/279...
2026-07-22 22:30:41,988 [INFO]   Citation batch 68/279...
2026-07-22 22:30:50,031 [INFO]   Citation batch 69/279...
2026-07-22 22:30:59,183 [INFO]   Citation batch 70/279...
2026-07-22 22:31:07,460 [INFO]   Citation batch 71/279...
2026-07-22 22:31:16,687 [INFO]   Citation batch 72/279...
2026-07-22 22:31:25,696 [INFO]   Citation batch 73/279...
2026-07-22 22:31:34,156 [INFO]   Citation batch 74/279...
2026-07-22 22:31:42,458 [INFO]   Citation batch 75/279...
2026-07-22 22:31:50,057 [INFO]   Citation batch 76/279...
2026-07-22 22:31:59,100 [INFO]   Citation batch 77/279...
2026-07-22 22:32:08,339 [INFO]   Citation batch 78/279...
2026-07-22 22:32:16,309 [INFO]   Citation batch 79/279...
2026-07-22 22:32:25,149 [INFO]   Citation batch 80/279...
2026-07-22 22:32:33,805 [INFO]   Citation batch 81/279...
2026-07-22 22:32:43,075 [INFO]   Citation batch 82/279...
2026-07-22 22:32:52,458 [INFO]   Citation batch 83/279...
2026-07-22 22:33:00,867 [INFO]   Citation batch 84/279...
2026-07-22 22:33:09,340 [INFO]   Citation batch 85/279...
2026-07-22 22:33:17,934 [INFO]   Citation batch 86/279...
2026-07-22 22:33:25,895 [INFO]   Citation batch 87/279...
2026-07-22 22:33:35,641 [INFO]   Citation batch 88/279...
2026-07-22 22:33:43,650 [INFO]   Citation batch 89/279...
2026-07-22 22:33:52,892 [INFO]   Citation batch 90/279...
2026-07-22 22:34:01,332 [INFO]   Citation batch 91/279...
2026-07-22 22:34:10,459 [INFO]   Citation batch 92/279...
2026-07-22 22:34:17,617 [INFO]   Citation batch 93/279...
2026-07-22 22:34:25,190 [INFO]   Citation batch 94/279...
2026-07-22 22:34:35,477 [INFO]   Citation batch 95/279...
2026-07-22 22:34:43,620 [INFO]   Citation batch 96/279...
2026-07-22 22:34:51,766 [INFO]   Citation batch 97/279...
2026-07-22 22:34:59,252 [INFO]   Citation batch 98/279...
2026-07-22 22:35:07,895 [INFO]   Citation batch 99/279...
2026-07-22 22:35:16,345 [INFO]   Citation batch 100/279...
2026-07-22 22:35:25,076 [INFO]   Citation batch 101/279...
2026-07-22 22:35:34,128 [INFO]   Citation batch 102/279...
2026-07-22 22:35:42,498 [INFO]   Citation batch 103/279...
2026-07-22 22:35:52,874 [INFO]   Citation batch 104/279...
2026-07-22 22:36:01,188 [INFO]   Citation batch 105/279...
2026-07-22 22:36:10,557 [INFO]   Citation batch 106/279...
2026-07-22 22:36:19,799 [INFO]   Citation batch 107/279...
2026-07-22 22:36:28,456 [INFO]   Citation batch 108/279...
2026-07-22 22:36:36,988 [INFO]   Citation batch 109/279...
2026-07-22 22:36:45,135 [INFO]   Citation batch 110/279...
2026-07-22 22:36:53,609 [INFO]   Citation batch 111/279...
2026-07-22 22:37:02,813 [INFO]   Citation batch 112/279...
2026-07-22 22:37:11,210 [INFO]   Citation batch 113/279...
2026-07-22 22:37:19,688 [INFO]   Citation batch 114/279...
2026-07-22 22:37:28,294 [INFO]   Citation batch 115/279...
2026-07-22 22:37:36,783 [INFO]   Citation batch 116/279...
2026-07-22 22:37:44,673 [INFO]   Citation batch 117/279...
2026-07-22 22:37:53,156 [INFO]   Citation batch 118/279...
2026-07-22 22:38:01,053 [INFO]   Citation batch 119/279...
2026-07-22 22:38:10,698 [INFO]   Citation batch 120/279...
2026-07-22 22:38:20,462 [INFO]   Citation batch 121/279...
2026-07-22 22:38:28,964 [INFO]   Citation batch 122/279...
2026-07-22 22:38:37,547 [INFO]   Citation batch 123/279...
2026-07-22 22:38:47,013 [INFO]   Citation batch 124/279...
2026-07-22 22:38:55,772 [INFO]   Citation batch 125/279...
2026-07-22 22:39:04,502 [INFO]   Citation batch 126/279...
2026-07-22 22:39:12,865 [INFO]   Citation batch 127/279...
2026-07-22 22:39:21,590 [INFO]   Citation batch 128/279...
2026-07-22 22:39:30,424 [INFO]   Citation batch 129/279...
2026-07-22 22:39:39,074 [INFO]   Citation batch 130/279...
2026-07-22 22:39:47,778 [INFO]   Citation batch 131/279...
2026-07-22 22:39:56,670 [INFO]   Citation batch 132/279...
2026-07-22 22:40:05,420 [INFO]   Citation batch 133/279...
2026-07-22 22:40:14,294 [INFO]   Citation batch 134/279...
2026-07-22 22:40:24,082 [INFO]   Citation batch 135/279...
2026-07-22 22:40:33,163 [INFO]   Citation batch 136/279...
2026-07-22 22:40:41,396 [INFO]   Citation batch 137/279...
2026-07-22 22:40:49,601 [INFO]   Citation batch 138/279...
2026-07-22 22:40:58,112 [INFO]   Citation batch 139/279...
2026-07-22 22:41:07,206 [INFO]   Citation batch 140/279...
2026-07-22 22:41:15,966 [INFO]   Citation batch 141/279...
2026-07-22 22:41:24,354 [INFO]   Citation batch 142/279...
2026-07-22 22:41:33,136 [INFO]   Citation batch 143/279...
2026-07-22 22:41:41,593 [INFO]   Citation batch 144/279...
2026-07-22 22:41:50,668 [INFO]   Citation batch 145/279...
2026-07-22 22:41:58,695 [INFO]   Citation batch 146/279...
2026-07-22 22:42:06,828 [INFO]   Citation batch 147/279...
2026-07-22 22:42:15,349 [INFO]   Citation batch 148/279...
2026-07-22 22:42:23,323 [INFO]   Citation batch 149/279...
2026-07-22 22:42:30,787 [INFO]   Citation batch 150/279...
2026-07-22 22:42:39,586 [INFO]   Citation batch 151/279...
2026-07-22 22:42:48,174 [INFO]   Citation batch 152/279...
2026-07-22 22:42:57,396 [INFO]   Citation batch 153/279...
2026-07-22 22:43:06,231 [INFO]   Citation batch 154/279...
2026-07-22 22:43:15,625 [INFO]   Citation batch 155/279...
2026-07-22 22:43:23,454 [INFO]   Citation batch 156/279...
2026-07-22 22:43:30,665 [INFO]   Citation batch 157/279...
2026-07-22 22:43:39,406 [INFO]   Citation batch 158/279...
2026-07-22 22:43:47,449 [INFO]   Citation batch 159/279...
2026-07-22 22:43:54,868 [INFO]   Citation batch 160/279...
2026-07-22 22:44:03,734 [INFO]   Citation batch 161/279...
2026-07-22 22:44:12,380 [INFO]   Citation batch 162/279...
2026-07-22 22:44:21,670 [INFO]   Citation batch 163/279...
2026-07-22 22:44:30,408 [INFO]   Citation batch 164/279...
2026-07-22 22:44:38,269 [INFO]   Citation batch 165/279...
2026-07-22 22:44:49,245 [INFO]   Citation batch 166/279...
2026-07-22 22:44:57,152 [INFO]   Citation batch 167/279...
2026-07-22 22:45:06,519 [INFO]   Citation batch 168/279...
2026-07-22 22:45:16,525 [INFO]   Citation batch 169/279...
2026-07-22 22:45:25,203 [INFO]   Citation batch 170/279...
2026-07-22 22:45:33,630 [INFO]   Citation batch 171/279...
2026-07-22 22:45:42,031 [INFO]   Citation batch 172/279...
2026-07-22 22:45:50,630 [INFO]   Citation batch 173/279...
2026-07-22 22:45:59,547 [INFO]   Citation batch 174/279...
2026-07-22 22:46:08,622 [INFO]   Citation batch 175/279...
2026-07-22 22:46:17,829 [INFO]   Citation batch 176/279...
2026-07-22 22:46:27,904 [INFO]   Citation batch 177/279...
2026-07-22 22:46:38,432 [INFO]   Citation batch 178/279...
2026-07-22 22:46:47,608 [INFO]   Citation batch 179/279...
2026-07-22 22:46:55,953 [INFO]   Citation batch 180/279...
2026-07-22 22:47:04,981 [INFO]   Citation batch 181/279...
2026-07-22 22:47:13,461 [INFO]   Citation batch 182/279...
2026-07-22 22:47:23,521 [INFO]   Citation batch 183/279...
2026-07-22 22:47:34,642 [INFO]   Citation batch 184/279...
2026-07-22 22:47:44,603 [INFO]   Citation batch 185/279...
2026-07-22 22:47:53,611 [INFO]   Citation batch 186/279...
2026-07-22 22:48:03,439 [INFO]   Citation batch 187/279...
2026-07-22 22:48:12,007 [INFO]   Citation batch 188/279...
2026-07-22 22:48:20,958 [INFO]   Citation batch 189/279...
2026-07-22 22:48:29,178 [INFO]   Citation batch 190/279...
2026-07-22 22:48:39,793 [INFO]   Citation batch 191/279...
2026-07-22 22:48:48,159 [INFO]   Citation batch 192/279...
2026-07-22 22:48:57,804 [INFO]   Citation batch 193/279...
2026-07-22 22:49:06,254 [INFO]   Citation batch 194/279...
2026-07-22 22:49:17,272 [INFO]   Citation batch 195/279...
2026-07-22 22:49:25,799 [INFO]   Citation batch 196/279...
2026-07-22 22:49:34,344 [INFO]   Citation batch 197/279...
2026-07-22 22:49:42,680 [INFO]   Citation batch 198/279...
2026-07-22 22:49:51,027 [INFO]   Citation batch 199/279...
2026-07-22 22:50:00,931 [INFO]   Citation batch 200/279...
2026-07-22 22:50:09,413 [INFO]   Citation batch 201/279...
2026-07-22 22:50:17,927 [INFO]   Citation batch 202/279...
2026-07-22 22:50:27,030 [INFO]   Citation batch 203/279...
2026-07-22 22:50:34,524 [INFO]   Citation batch 204/279...
2026-07-22 22:50:43,643 [INFO]   Citation batch 205/279...
2026-07-22 22:50:52,417 [INFO]   Citation batch 206/279...
2026-07-22 22:51:01,780 [INFO]   Citation batch 207/279...
2026-07-22 22:51:11,328 [INFO]   Citation batch 208/279...
2026-07-22 22:51:20,355 [INFO]   Citation batch 209/279...
2026-07-22 22:51:29,361 [INFO]   Citation batch 210/279...
2026-07-22 22:51:37,072 [INFO]   Citation batch 211/279...
2026-07-22 22:51:47,027 [INFO]   Citation batch 212/279...
2026-07-22 22:51:54,972 [INFO]   Citation batch 213/279...
2026-07-22 22:52:03,075 [INFO]   Citation batch 214/279...
2026-07-22 22:52:12,290 [INFO]   Citation batch 215/279...
2026-07-22 22:52:20,140 [INFO]   Citation batch 216/279...
2026-07-22 22:52:29,367 [INFO]   Citation batch 217/279...
2026-07-22 22:52:38,666 [INFO]   Citation batch 218/279...
2026-07-22 22:52:47,782 [INFO]   Citation batch 219/279...
2026-07-22 22:52:56,487 [INFO]   Citation batch 220/279...
2026-07-22 22:53:05,831 [INFO]   Citation batch 221/279...
2026-07-22 22:53:14,719 [INFO]   Citation batch 222/279...
2026-07-22 22:53:23,067 [INFO]   Citation batch 223/279...
2026-07-22 22:53:32,264 [INFO]   Citation batch 224/279...
2026-07-22 22:53:40,615 [INFO]   Citation batch 225/279...
2026-07-22 22:53:48,902 [INFO]   Citation batch 226/279...
2026-07-22 22:53:57,120 [INFO]   Citation batch 227/279...
2026-07-22 22:54:05,053 [INFO]   Citation batch 228/279...
2026-07-22 22:54:14,180 [INFO]   Citation batch 229/279...
2026-07-22 22:54:23,048 [INFO]   Citation batch 230/279...
2026-07-22 22:54:31,578 [INFO]   Citation batch 231/279...
2026-07-22 22:54:39,562 [INFO]   Citation batch 232/279...
2026-07-22 22:54:48,353 [INFO]   Citation batch 233/279...
2026-07-22 22:54:57,172 [INFO]   Citation batch 234/279...
2026-07-22 22:55:07,917 [INFO]   Citation batch 235/279...
2026-07-22 22:55:17,170 [INFO]   Citation batch 236/279...
2026-07-22 22:55:25,487 [INFO]   Citation batch 237/279...
2026-07-22 22:55:34,796 [INFO]   Citation batch 238/279...
2026-07-22 22:55:43,901 [INFO]   Citation batch 239/279...
2026-07-22 22:55:52,513 [INFO]   Citation batch 240/279...
2026-07-22 22:56:01,317 [INFO]   Citation batch 241/279...
2026-07-22 22:56:10,770 [INFO]   Citation batch 242/279...
2026-07-22 22:56:19,664 [INFO]   Citation batch 243/279...
2026-07-22 22:56:29,667 [INFO]   Citation batch 244/279...
2026-07-22 22:56:39,840 [INFO]   Citation batch 245/279...
2026-07-22 22:56:55,435 [INFO]   Citation batch 246/279...
2026-07-22 22:57:04,542 [INFO]   Citation batch 247/279...
2026-07-22 22:57:14,272 [INFO]   Citation batch 248/279...
2026-07-22 22:57:23,765 [INFO]   Citation batch 249/279...
2026-07-22 22:57:33,329 [INFO]   Citation batch 250/279...
2026-07-22 22:57:41,033 [INFO]   Citation batch 251/279...
2026-07-22 22:57:49,160 [INFO]   Citation batch 252/279...
2026-07-22 22:57:57,624 [INFO]   Citation batch 253/279...
2026-07-22 22:58:06,984 [INFO]   Citation batch 254/279...
2026-07-22 22:58:16,024 [INFO]   Citation batch 255/279...
2026-07-22 22:58:24,603 [INFO]   Citation batch 256/279...
2026-07-22 22:58:33,594 [INFO]   Citation batch 257/279...
2026-07-22 22:58:42,634 [INFO]   Citation batch 258/279...
2026-07-22 22:58:51,574 [INFO]   Citation batch 259/279...
2026-07-22 22:59:00,850 [INFO]   Citation batch 260/279...
2026-07-22 22:59:08,792 [INFO]   Citation batch 261/279...
2026-07-22 22:59:17,138 [INFO]   Citation batch 262/279...
2026-07-22 22:59:27,623 [INFO]   Citation batch 263/279...
2026-07-22 22:59:36,316 [INFO]   Citation batch 264/279...
2026-07-22 22:59:46,778 [INFO]   Citation batch 265/279...
2026-07-22 22:59:55,360 [INFO]   Citation batch 266/279...
2026-07-22 23:00:03,523 [INFO]   Citation batch 267/279...
2026-07-22 23:00:16,896 [INFO]   Citation batch 268/279...
2026-07-22 23:00:28,987 [INFO]   Citation batch 269/279...
2026-07-22 23:00:39,305 [INFO]   Citation batch 270/279...
2026-07-22 23:00:51,227 [INFO]   Citation batch 271/279...
2026-07-22 23:01:03,522 [INFO]   Citation batch 272/279...
2026-07-22 23:01:15,275 [INFO]   Citation batch 273/279...
2026-07-22 23:01:24,703 [INFO]   Citation batch 274/279...
2026-07-22 23:01:34,625 [INFO]   Citation batch 275/279...
2026-07-22 23:01:46,699 [INFO]   Citation batch 276/279...
2026-07-22 23:01:57,392 [INFO]   Citation batch 277/279...
2026-07-22 23:02:08,557 [INFO]   Citation batch 278/279...
2026-07-22 23:02:18,222 [INFO]   Citation batch 279/279...
2026-07-22 23:03:42,127 [INFO]   108,310,741 edges, 10,660,077 nodes
2026-07-22 23:03:42,951 [INFO] Fetching metadata for 10,660,077 nodes...
2026-07-22 23:03:43,266 [INFO]   Metadata batch 1/534...
2026-07-22 23:03:48,795 [INFO]   Metadata batch 2/534...
2026-07-22 23:03:56,053 [INFO]   Metadata batch 3/534...
2026-07-22 23:04:00,902 [INFO]   Metadata batch 4/534...
2026-07-22 23:04:06,138 [INFO]   Metadata batch 5/534...
2026-07-22 23:04:10,678 [INFO]   Metadata batch 6/534...
2026-07-22 23:04:15,519 [INFO]   Metadata batch 7/534...
2026-07-22 23:04:20,033 [INFO]   Metadata batch 8/534...
2026-07-22 23:04:24,742 [INFO]   Metadata batch 9/534...
2026-07-22 23:04:29,945 [INFO]   Metadata batch 10/534...
2026-07-22 23:04:34,418 [INFO]   Metadata batch 11/534...
2026-07-22 23:04:38,963 [INFO]   Metadata batch 12/534...
2026-07-22 23:04:43,557 [INFO]   Metadata batch 13/534...
2026-07-22 23:04:48,041 [INFO]   Metadata batch 14/534...
2026-07-22 23:04:52,182 [INFO]   Metadata batch 15/534...
2026-07-22 23:04:56,298 [INFO]   Metadata batch 16/534...
2026-07-22 23:05:00,446 [INFO]   Metadata batch 17/534...
2026-07-22 23:05:04,639 [INFO]   Metadata batch 18/534...
2026-07-22 23:05:09,311 [INFO]   Metadata batch 19/534...
2026-07-22 23:05:13,737 [INFO]   Metadata batch 20/534...
2026-07-22 23:05:18,727 [INFO]   Metadata batch 21/534...
2026-07-22 23:05:23,693 [INFO]   Metadata batch 22/534...
2026-07-22 23:05:29,385 [INFO]   Metadata batch 23/534...
2026-07-22 23:05:35,172 [INFO]   Metadata batch 24/534...
2026-07-22 23:05:39,632 [INFO]   Metadata batch 25/534...
2026-07-22 23:05:45,162 [INFO]   Metadata batch 26/534...
2026-07-22 23:05:50,041 [INFO]   Metadata batch 27/534...
2026-07-22 23:05:54,880 [INFO]   Metadata batch 28/534...
2026-07-22 23:05:59,518 [INFO]   Metadata batch 29/534...
2026-07-22 23:06:04,258 [INFO]   Metadata batch 30/534...
2026-07-22 23:06:09,432 [INFO]   Metadata batch 31/534...
2026-07-22 23:06:14,509 [INFO]   Metadata batch 32/534...
2026-07-22 23:06:19,043 [INFO]   Metadata batch 33/534...
2026-07-22 23:06:24,283 [INFO]   Metadata batch 34/534...
2026-07-22 23:06:28,726 [INFO]   Metadata batch 35/534...
2026-07-22 23:06:33,555 [INFO]   Metadata batch 36/534...
2026-07-22 23:06:38,793 [INFO]   Metadata batch 37/534...
2026-07-22 23:06:43,234 [INFO]   Metadata batch 38/534...
2026-07-22 23:06:47,953 [INFO]   Metadata batch 39/534...
2026-07-22 23:06:53,052 [INFO]   Metadata batch 40/534...
2026-07-22 23:06:58,252 [INFO]   Metadata batch 41/534...
2026-07-22 23:07:02,498 [INFO]   Metadata batch 42/534...
2026-07-22 23:07:07,592 [INFO]   Metadata batch 43/534...
2026-07-22 23:07:12,467 [INFO]   Metadata batch 44/534...
2026-07-22 23:07:17,221 [INFO]   Metadata batch 45/534...
2026-07-22 23:07:22,202 [INFO]   Metadata batch 46/534...
2026-07-22 23:07:26,704 [INFO]   Metadata batch 47/534...
2026-07-22 23:07:31,873 [INFO]   Metadata batch 48/534...
2026-07-22 23:07:36,725 [INFO]   Metadata batch 49/534...
2026-07-22 23:07:41,564 [INFO]   Metadata batch 50/534...
2026-07-22 23:07:46,490 [INFO]   Metadata batch 51/534...
2026-07-22 23:07:51,317 [INFO]   Metadata batch 52/534...
2026-07-22 23:07:56,215 [INFO]   Metadata batch 53/534...
2026-07-22 23:08:01,128 [INFO]   Metadata batch 54/534...
2026-07-22 23:08:05,836 [INFO]   Metadata batch 55/534...
2026-07-22 23:08:11,093 [INFO]   Metadata batch 56/534...
2026-07-22 23:08:15,881 [INFO]   Metadata batch 57/534...
2026-07-22 23:08:20,618 [INFO]   Metadata batch 58/534...
2026-07-22 23:08:25,589 [INFO]   Metadata batch 59/534...
2026-07-22 23:08:31,189 [INFO]   Metadata batch 60/534...
2026-07-22 23:08:35,814 [INFO]   Metadata batch 61/534...
2026-07-22 23:08:51,885 [INFO]   Metadata batch 62/534...
2026-07-22 23:08:56,642 [INFO]   Metadata batch 63/534...
2026-07-22 23:09:01,474 [INFO]   Metadata batch 64/534...
2026-07-22 23:09:07,040 [INFO]   Metadata batch 65/534...
2026-07-22 23:09:12,119 [INFO]   Metadata batch 66/534...
2026-07-22 23:09:17,086 [INFO]   Metadata batch 67/534...
2026-07-22 23:09:21,546 [INFO]   Metadata batch 68/534...
2026-07-22 23:09:26,726 [INFO]   Metadata batch 69/534...
2026-07-22 23:09:31,818 [INFO]   Metadata batch 70/534...
2026-07-22 23:09:36,619 [INFO]   Metadata batch 71/534...
2026-07-22 23:09:41,106 [INFO]   Metadata batch 72/534...
2026-07-22 23:09:45,894 [INFO]   Metadata batch 73/534...
2026-07-22 23:09:54,482 [INFO]   Metadata batch 74/534...
2026-07-22 23:09:59,259 [INFO]   Metadata batch 75/534...
2026-07-22 23:10:04,989 [INFO]   Metadata batch 76/534...
2026-07-22 23:10:10,287 [INFO]   Metadata batch 77/534...
2026-07-22 23:10:15,668 [INFO]   Metadata batch 78/534...
2026-07-22 23:10:20,153 [INFO]   Metadata batch 79/534...
2026-07-22 23:10:24,741 [INFO]   Metadata batch 80/534...
2026-07-22 23:10:30,039 [INFO]   Metadata batch 81/534...
2026-07-22 23:10:35,011 [INFO]   Metadata batch 82/534...
2026-07-22 23:10:39,690 [INFO]   Metadata batch 83/534...
2026-07-22 23:10:43,997 [INFO]   Metadata batch 84/534...
2026-07-22 23:10:49,225 [INFO]   Metadata batch 85/534...
2026-07-22 23:10:54,762 [INFO]   Metadata batch 86/534...
2026-07-22 23:10:59,476 [INFO]   Metadata batch 87/534...
2026-07-22 23:11:04,658 [INFO]   Metadata batch 88/534...
2026-07-22 23:11:09,478 [INFO]   Metadata batch 89/534...
2026-07-22 23:11:14,070 [INFO]   Metadata batch 90/534...
2026-07-22 23:11:18,902 [INFO]   Metadata batch 91/534...
2026-07-22 23:11:23,220 [INFO]   Metadata batch 92/534...
2026-07-22 23:11:27,540 [INFO]   Metadata batch 93/534...
2026-07-22 23:11:33,648 [INFO]   Metadata batch 94/534...
2026-07-22 23:11:38,315 [INFO]   Metadata batch 95/534...
2026-07-22 23:11:42,773 [INFO]   Metadata batch 96/534...
2026-07-22 23:11:47,309 [INFO]   Metadata batch 97/534...
2026-07-22 23:11:51,651 [INFO]   Metadata batch 98/534...
2026-07-22 23:11:55,988 [INFO]   Metadata batch 99/534...
2026-07-22 23:12:00,352 [INFO]   Metadata batch 100/534...
2026-07-22 23:12:04,839 [INFO]   Metadata batch 101/534...
2026-07-22 23:12:09,299 [INFO]   Metadata batch 102/534...
2026-07-22 23:12:13,900 [INFO]   Metadata batch 103/534...
2026-07-22 23:12:18,712 [INFO]   Metadata batch 104/534...
2026-07-22 23:12:23,047 [INFO]   Metadata batch 105/534...
2026-07-22 23:12:27,599 [INFO]   Metadata batch 106/534...
2026-07-22 23:12:32,752 [INFO]   Metadata batch 107/534...
2026-07-22 23:12:37,104 [INFO]   Metadata batch 108/534...
2026-07-22 23:12:41,772 [INFO]   Metadata batch 109/534...
2026-07-22 23:12:46,787 [INFO]   Metadata batch 110/534...
2026-07-22 23:12:51,551 [INFO]   Metadata batch 111/534...
2026-07-22 23:12:55,909 [INFO]   Metadata batch 112/534...
2026-07-22 23:13:00,425 [INFO]   Metadata batch 113/534...
2026-07-22 23:13:05,155 [INFO]   Metadata batch 114/534...
2026-07-22 23:13:09,854 [INFO]   Metadata batch 115/534...
2026-07-22 23:13:14,179 [INFO]   Metadata batch 116/534...
2026-07-22 23:13:19,103 [INFO]   Metadata batch 117/534...
2026-07-22 23:13:23,143 [INFO]   Metadata batch 118/534...
2026-07-22 23:13:27,458 [INFO]   Metadata batch 119/534...
2026-07-22 23:13:31,794 [INFO]   Metadata batch 120/534...
2026-07-22 23:13:36,436 [INFO]   Metadata batch 121/534...
2026-07-22 23:13:41,470 [INFO]   Metadata batch 122/534...
2026-07-22 23:13:45,676 [INFO]   Metadata batch 123/534...
2026-07-22 23:13:49,694 [INFO]   Metadata batch 124/534...
2026-07-22 23:13:54,218 [INFO]   Metadata batch 125/534...
2026-07-22 23:13:58,658 [INFO]   Metadata batch 126/534...
2026-07-22 23:14:03,456 [INFO]   Metadata batch 127/534...
2026-07-22 23:14:07,874 [INFO]   Metadata batch 128/534...
2026-07-22 23:14:12,413 [INFO]   Metadata batch 129/534...
2026-07-22 23:14:16,722 [INFO]   Metadata batch 130/534...
2026-07-22 23:14:21,195 [INFO]   Metadata batch 131/534...
2026-07-22 23:14:26,438 [INFO]   Metadata batch 132/534...
2026-07-22 23:14:31,310 [INFO]   Metadata batch 133/534...
2026-07-22 23:14:36,140 [INFO]   Metadata batch 134/534...
2026-07-22 23:14:40,535 [INFO]   Metadata batch 135/534...
2026-07-22 23:14:45,048 [INFO]   Metadata batch 136/534...
2026-07-22 23:14:49,229 [INFO]   Metadata batch 137/534...
2026-07-22 23:14:53,446 [INFO]   Metadata batch 138/534...
2026-07-22 23:14:58,050 [INFO]   Metadata batch 139/534...
2026-07-22 23:15:02,285 [INFO]   Metadata batch 140/534...
2026-07-22 23:15:06,688 [INFO]   Metadata batch 141/534...
2026-07-22 23:15:11,670 [INFO]   Metadata batch 142/534...
2026-07-22 23:15:16,102 [INFO]   Metadata batch 143/534...
2026-07-22 23:15:20,643 [INFO]   Metadata batch 144/534...
2026-07-22 23:15:25,179 [INFO]   Metadata batch 145/534...
2026-07-22 23:15:29,549 [INFO]   Metadata batch 146/534...
2026-07-22 23:15:33,967 [INFO]   Metadata batch 147/534...
2026-07-22 23:15:39,819 [INFO]   Metadata batch 148/534...
2026-07-22 23:15:44,262 [INFO]   Metadata batch 149/534...
2026-07-22 23:15:49,091 [INFO]   Metadata batch 150/534...
2026-07-22 23:15:53,156 [INFO]   Metadata batch 151/534...
2026-07-22 23:15:57,581 [INFO]   Metadata batch 152/534...
2026-07-22 23:16:02,070 [INFO]   Metadata batch 153/534...
2026-07-22 23:16:06,240 [INFO]   Metadata batch 154/534...
2026-07-22 23:16:10,795 [INFO]   Metadata batch 155/534...
2026-07-22 23:16:14,911 [INFO]   Metadata batch 156/534...
2026-07-22 23:16:18,747 [INFO]   Metadata batch 157/534...
2026-07-22 23:16:23,214 [INFO]   Metadata batch 158/534...
2026-07-22 23:16:27,427 [INFO]   Metadata batch 159/534...
2026-07-22 23:16:31,409 [INFO]   Metadata batch 160/534...
2026-07-22 23:16:35,773 [INFO]   Metadata batch 161/534...
2026-07-22 23:16:39,894 [INFO]   Metadata batch 162/534...
2026-07-22 23:16:44,384 [INFO]   Metadata batch 163/534...
2026-07-22 23:16:48,955 [INFO]   Metadata batch 164/534...
2026-07-22 23:16:53,612 [INFO]   Metadata batch 165/534...
2026-07-22 23:16:57,994 [INFO]   Metadata batch 166/534...
2026-07-22 23:17:03,088 [INFO]   Metadata batch 167/534...
2026-07-22 23:17:08,032 [INFO]   Metadata batch 168/534...
2026-07-22 23:17:12,031 [INFO]   Metadata batch 169/534...
2026-07-22 23:17:19,345 [INFO]   Metadata batch 170/534...
2026-07-22 23:17:23,812 [INFO]   Metadata batch 171/534...
2026-07-22 23:17:28,306 [INFO]   Metadata batch 172/534...
2026-07-22 23:17:33,025 [INFO]   Metadata batch 173/534...
2026-07-22 23:17:37,331 [INFO]   Metadata batch 174/534...
2026-07-22 23:17:41,558 [INFO]   Metadata batch 175/534...
2026-07-22 23:17:45,902 [INFO]   Metadata batch 176/534...
2026-07-22 23:17:50,659 [INFO]   Metadata batch 177/534...
2026-07-22 23:17:54,779 [INFO]   Metadata batch 178/534...
2026-07-22 23:17:59,062 [INFO]   Metadata batch 179/534...
2026-07-22 23:18:03,862 [INFO]   Metadata batch 180/534...
2026-07-22 23:18:08,642 [INFO]   Metadata batch 181/534...
2026-07-22 23:18:13,098 [INFO]   Metadata batch 182/534...
2026-07-22 23:18:17,696 [INFO]   Metadata batch 183/534...
2026-07-22 23:18:22,069 [INFO]   Metadata batch 184/534...
2026-07-22 23:18:26,203 [INFO]   Metadata batch 185/534...
2026-07-22 23:18:30,512 [INFO]   Metadata batch 186/534...
2026-07-22 23:18:34,792 [INFO]   Metadata batch 187/534...
2026-07-22 23:18:39,078 [INFO]   Metadata batch 188/534...
2026-07-22 23:18:43,357 [INFO]   Metadata batch 189/534...
2026-07-22 23:18:47,794 [INFO]   Metadata batch 190/534...
2026-07-22 23:18:52,560 [INFO]   Metadata batch 191/534...
2026-07-22 23:18:56,834 [INFO]   Metadata batch 192/534...
2026-07-22 23:19:01,686 [INFO]   Metadata batch 193/534...
2026-07-22 23:19:06,461 [INFO]   Metadata batch 194/534...
2026-07-22 23:19:10,587 [INFO]   Metadata batch 195/534...
2026-07-22 23:19:14,867 [INFO]   Metadata batch 196/534...
2026-07-22 23:19:19,949 [INFO]   Metadata batch 197/534...
2026-07-22 23:19:24,268 [INFO]   Metadata batch 198/534...
2026-07-22 23:19:28,619 [INFO]   Metadata batch 199/534...
2026-07-22 23:19:32,648 [INFO]   Metadata batch 200/534...
2026-07-22 23:19:37,152 [INFO]   Metadata batch 201/534...
2026-07-22 23:19:41,504 [INFO]   Metadata batch 202/534...
2026-07-22 23:19:45,697 [INFO]   Metadata batch 203/534...
2026-07-22 23:19:49,680 [INFO]   Metadata batch 204/534...
2026-07-22 23:19:54,070 [INFO]   Metadata batch 205/534...
2026-07-22 23:19:59,274 [INFO]   Metadata batch 206/534...
2026-07-22 23:20:03,688 [INFO]   Metadata batch 207/534...
2026-07-22 23:20:08,312 [INFO]   Metadata batch 208/534...
2026-07-22 23:20:16,062 [INFO]   Metadata batch 209/534...
2026-07-22 23:20:20,536 [INFO]   Metadata batch 210/534...
2026-07-22 23:20:25,001 [INFO]   Metadata batch 211/534...
2026-07-22 23:20:29,579 [INFO]   Metadata batch 212/534...
2026-07-22 23:20:34,063 [INFO]   Metadata batch 213/534...
2026-07-22 23:20:38,609 [INFO]   Metadata batch 214/534...
2026-07-22 23:20:42,964 [INFO]   Metadata batch 215/534...
2026-07-22 23:20:47,598 [INFO]   Metadata batch 216/534...
2026-07-22 23:20:52,046 [INFO]   Metadata batch 217/534...
2026-07-22 23:20:56,235 [INFO]   Metadata batch 218/534...
2026-07-22 23:21:01,646 [INFO]   Metadata batch 219/534...
2026-07-22 23:21:05,852 [INFO]   Metadata batch 220/534...
2026-07-22 23:21:10,368 [INFO]   Metadata batch 221/534...
2026-07-22 23:21:14,256 [INFO]   Metadata batch 222/534...
2026-07-22 23:21:18,605 [INFO]   Metadata batch 223/534...
2026-07-22 23:21:23,156 [INFO]   Metadata batch 224/534...
2026-07-22 23:21:27,243 [INFO]   Metadata batch 225/534...
2026-07-22 23:21:32,059 [INFO]   Metadata batch 226/534...
2026-07-22 23:21:36,815 [INFO]   Metadata batch 227/534...
2026-07-22 23:21:41,166 [INFO]   Metadata batch 228/534...
2026-07-22 23:21:45,648 [INFO]   Metadata batch 229/534...
2026-07-22 23:21:49,465 [INFO]   Metadata batch 230/534...
2026-07-22 23:21:53,429 [INFO]   Metadata batch 231/534...
2026-07-22 23:21:57,487 [INFO]   Metadata batch 232/534...
2026-07-22 23:22:03,851 [INFO]   Metadata batch 233/534...
2026-07-22 23:22:08,377 [INFO]   Metadata batch 234/534...
2026-07-22 23:22:12,724 [INFO]   Metadata batch 235/534...
2026-07-22 23:22:16,701 [INFO]   Metadata batch 236/534...
2026-07-22 23:22:21,353 [INFO]   Metadata batch 237/534...
2026-07-22 23:22:25,911 [INFO]   Metadata batch 238/534...
2026-07-22 23:22:30,207 [INFO]   Metadata batch 239/534...
2026-07-22 23:22:35,255 [INFO]   Metadata batch 240/534...
2026-07-22 23:22:40,364 [INFO]   Metadata batch 241/534...
2026-07-22 23:22:44,586 [INFO]   Metadata batch 242/534...
2026-07-22 23:22:49,010 [INFO]   Metadata batch 243/534...
2026-07-22 23:22:53,219 [INFO]   Metadata batch 244/534...
2026-07-22 23:22:57,460 [INFO]   Metadata batch 245/534...
2026-07-22 23:23:02,262 [INFO]   Metadata batch 246/534...
2026-07-22 23:23:06,649 [INFO]   Metadata batch 247/534...
2026-07-22 23:23:11,798 [INFO]   Metadata batch 248/534...
2026-07-22 23:23:16,049 [INFO]   Metadata batch 249/534...
2026-07-22 23:23:20,648 [INFO]   Metadata batch 250/534...
2026-07-22 23:23:24,717 [INFO]   Metadata batch 251/534...
2026-07-22 23:23:29,372 [INFO]   Metadata batch 252/534...
2026-07-22 23:23:33,484 [INFO]   Metadata batch 253/534...
2026-07-22 23:23:37,779 [INFO]   Metadata batch 254/534...
2026-07-22 23:23:41,811 [INFO]   Metadata batch 255/534...
2026-07-22 23:23:45,979 [INFO]   Metadata batch 256/534...
2026-07-22 23:23:49,907 [INFO]   Metadata batch 257/534...
2026-07-22 23:23:54,766 [INFO]   Metadata batch 258/534...
2026-07-22 23:23:59,729 [INFO]   Metadata batch 259/534...
2026-07-22 23:24:03,775 [INFO]   Metadata batch 260/534...
2026-07-22 23:24:08,298 [INFO]   Metadata batch 261/534...
2026-07-22 23:24:13,201 [INFO]   Metadata batch 262/534...
2026-07-22 23:24:17,151 [INFO]   Metadata batch 263/534...
2026-07-22 23:24:21,913 [INFO]   Metadata batch 264/534...
2026-07-22 23:24:26,161 [INFO]   Metadata batch 265/534...
2026-07-22 23:24:30,748 [INFO]   Metadata batch 266/534...
2026-07-22 23:24:35,046 [INFO]   Metadata batch 267/534...
2026-07-22 23:24:39,293 [INFO]   Metadata batch 268/534...
2026-07-22 23:24:44,004 [INFO]   Metadata batch 269/534...
2026-07-22 23:24:48,466 [INFO]   Metadata batch 270/534...
2026-07-22 23:24:52,935 [INFO]   Metadata batch 271/534...
2026-07-22 23:24:57,480 [INFO]   Metadata batch 272/534...
2026-07-22 23:25:01,721 [INFO]   Metadata batch 273/534...
2026-07-22 23:25:06,160 [INFO]   Metadata batch 274/534...
2026-07-22 23:25:10,800 [INFO]   Metadata batch 275/534...
2026-07-22 23:25:15,098 [INFO]   Metadata batch 276/534...
2026-07-22 23:25:19,342 [INFO]   Metadata batch 277/534...
2026-07-22 23:25:23,856 [INFO]   Metadata batch 278/534...
2026-07-22 23:25:27,882 [INFO]   Metadata batch 279/534...
2026-07-22 23:25:32,582 [INFO]   Metadata batch 280/534...
2026-07-22 23:25:36,936 [INFO]   Metadata batch 281/534...
2026-07-22 23:25:41,123 [INFO]   Metadata batch 282/534...
2026-07-22 23:25:45,521 [INFO]   Metadata batch 283/534...
2026-07-22 23:25:49,544 [INFO]   Metadata batch 284/534...
2026-07-22 23:25:53,851 [INFO]   Metadata batch 285/534...
2026-07-22 23:25:57,877 [INFO]   Metadata batch 286/534...
2026-07-22 23:26:01,837 [INFO]   Metadata batch 287/534...
2026-07-22 23:26:05,808 [INFO]   Metadata batch 288/534...
2026-07-22 23:26:10,198 [INFO]   Metadata batch 289/534...
2026-07-22 23:26:14,627 [INFO]   Metadata batch 290/534...
2026-07-22 23:26:19,093 [INFO]   Metadata batch 291/534...
2026-07-22 23:26:23,984 [INFO]   Metadata batch 292/534...
2026-07-22 23:26:28,103 [INFO]   Metadata batch 293/534...
2026-07-22 23:26:32,118 [INFO]   Metadata batch 294/534...
2026-07-22 23:26:36,163 [INFO]   Metadata batch 295/534...
2026-07-22 23:26:40,023 [INFO]   Metadata batch 296/534...
2026-07-22 23:26:44,484 [INFO]   Metadata batch 297/534...
2026-07-22 23:26:48,736 [INFO]   Metadata batch 298/534...
2026-07-22 23:26:52,701 [INFO]   Metadata batch 299/534...
2026-07-22 23:26:56,962 [INFO]   Metadata batch 300/534...
2026-07-22 23:27:01,214 [INFO]   Metadata batch 301/534...
2026-07-22 23:27:05,868 [INFO]   Metadata batch 302/534...
2026-07-22 23:27:10,452 [INFO]   Metadata batch 303/534...
2026-07-22 23:27:14,549 [INFO]   Metadata batch 304/534...
2026-07-22 23:27:18,859 [INFO]   Metadata batch 305/534...
2026-07-22 23:27:23,157 [INFO]   Metadata batch 306/534...
2026-07-22 23:27:27,114 [INFO]   Metadata batch 307/534...
2026-07-22 23:27:31,355 [INFO]   Metadata batch 308/534...
2026-07-22 23:27:35,341 [INFO]   Metadata batch 309/534...
2026-07-22 23:27:40,230 [INFO]   Metadata batch 310/534...
2026-07-22 23:27:44,497 [INFO]   Metadata batch 311/534...
2026-07-22 23:27:48,618 [INFO]   Metadata batch 312/534...
2026-07-22 23:27:52,688 [INFO]   Metadata batch 313/534...
2026-07-22 23:27:57,079 [INFO]   Metadata batch 314/534...
2026-07-22 23:28:01,425 [INFO]   Metadata batch 315/534...
2026-07-22 23:28:05,675 [INFO]   Metadata batch 316/534...
2026-07-22 23:28:10,025 [INFO]   Metadata batch 317/534...
2026-07-22 23:28:13,968 [INFO]   Metadata batch 318/534...
2026-07-22 23:28:18,129 [INFO]   Metadata batch 319/534...
2026-07-22 23:28:22,594 [INFO]   Metadata batch 320/534...
2026-07-22 23:28:26,542 [INFO]   Metadata batch 321/534...
2026-07-22 23:28:30,538 [INFO]   Metadata batch 322/534...
2026-07-22 23:28:34,963 [INFO]   Metadata batch 323/534...
2026-07-22 23:28:38,980 [INFO]   Metadata batch 324/534...
2026-07-22 23:28:43,080 [INFO]   Metadata batch 325/534...
2026-07-22 23:28:47,579 [INFO]   Metadata batch 326/534...
2026-07-22 23:28:51,834 [INFO]   Metadata batch 327/534...
2026-07-22 23:28:55,999 [INFO]   Metadata batch 328/534...
2026-07-22 23:29:00,382 [INFO]   Metadata batch 329/534...
2026-07-22 23:29:05,009 [INFO]   Metadata batch 330/534...
2026-07-22 23:29:09,015 [INFO]   Metadata batch 331/534...
2026-07-22 23:29:13,211 [INFO]   Metadata batch 332/534...
2026-07-22 23:29:17,288 [INFO]   Metadata batch 333/534...
2026-07-22 23:29:21,420 [INFO]   Metadata batch 334/534...
2026-07-22 23:29:25,801 [INFO]   Metadata batch 335/534...
2026-07-22 23:29:29,791 [INFO]   Metadata batch 336/534...
2026-07-22 23:29:34,176 [INFO]   Metadata batch 337/534...
2026-07-22 23:29:38,279 [INFO]   Metadata batch 338/534...
2026-07-22 23:29:42,482 [INFO]   Metadata batch 339/534...
2026-07-22 23:29:47,121 [INFO]   Metadata batch 340/534...
2026-07-22 23:29:51,328 [INFO]   Metadata batch 341/534...
2026-07-22 23:29:55,701 [INFO]   Metadata batch 342/534...
2026-07-22 23:29:59,668 [INFO]   Metadata batch 343/534...
2026-07-22 23:30:03,906 [INFO]   Metadata batch 344/534...
2026-07-22 23:30:08,260 [INFO]   Metadata batch 345/534...
2026-07-22 23:30:12,606 [INFO]   Metadata batch 346/534...
2026-07-22 23:30:16,949 [INFO]   Metadata batch 347/534...
2026-07-22 23:30:21,734 [INFO]   Metadata batch 348/534...
2026-07-22 23:30:26,153 [INFO]   Metadata batch 349/534...
2026-07-22 23:30:30,432 [INFO]   Metadata batch 350/534...
2026-07-22 23:30:34,672 [INFO]   Metadata batch 351/534...
2026-07-22 23:30:39,470 [INFO]   Metadata batch 352/534...
2026-07-22 23:30:44,060 [INFO]   Metadata batch 353/534...
2026-07-22 23:30:48,270 [INFO]   Metadata batch 354/534...
2026-07-22 23:30:52,931 [INFO]   Metadata batch 355/534...
2026-07-22 23:30:57,793 [INFO]   Metadata batch 356/534...
2026-07-22 23:31:03,265 [INFO]   Metadata batch 357/534...
2026-07-22 23:31:08,159 [INFO]   Metadata batch 358/534...
2026-07-22 23:31:12,751 [INFO]   Metadata batch 359/534...
2026-07-22 23:31:17,201 [INFO]   Metadata batch 360/534...
2026-07-22 23:31:21,803 [INFO]   Metadata batch 361/534...
2026-07-22 23:31:27,123 [INFO]   Metadata batch 362/534...
2026-07-22 23:31:31,146 [INFO]   Metadata batch 363/534...
2026-07-22 23:31:35,642 [INFO]   Metadata batch 364/534...
2026-07-22 23:31:41,055 [INFO]   Metadata batch 365/534...
2026-07-22 23:31:46,031 [INFO]   Metadata batch 366/534...
2026-07-22 23:31:50,382 [INFO]   Metadata batch 367/534...
2026-07-22 23:31:54,645 [INFO]   Metadata batch 368/534...
2026-07-22 23:31:59,068 [INFO]   Metadata batch 369/534...
2026-07-22 23:32:03,553 [INFO]   Metadata batch 370/534...
2026-07-22 23:32:08,083 [INFO]   Metadata batch 371/534...
2026-07-22 23:32:12,452 [INFO]   Metadata batch 372/534...
2026-07-22 23:32:19,789 [INFO]   Metadata batch 373/534...
2026-07-22 23:32:23,962 [INFO]   Metadata batch 374/534...
2026-07-22 23:32:28,370 [INFO]   Metadata batch 375/534...
2026-07-22 23:32:32,185 [INFO]   Metadata batch 376/534...
2026-07-22 23:32:36,268 [INFO]   Metadata batch 377/534...
2026-07-22 23:32:40,540 [INFO]   Metadata batch 378/534...
2026-07-22 23:32:45,123 [INFO]   Metadata batch 379/534...
2026-07-22 23:32:49,138 [INFO]   Metadata batch 380/534...
2026-07-22 23:32:53,163 [INFO]   Metadata batch 381/534...
2026-07-22 23:32:57,085 [INFO]   Metadata batch 382/534...
2026-07-22 23:33:00,887 [INFO]   Metadata batch 383/534...
2026-07-22 23:33:04,820 [INFO]   Metadata batch 384/534...
2026-07-22 23:33:09,222 [INFO]   Metadata batch 385/534...
2026-07-22 23:33:13,443 [INFO]   Metadata batch 386/534...
2026-07-22 23:33:17,647 [INFO]   Metadata batch 387/534...
2026-07-22 23:33:22,069 [INFO]   Metadata batch 388/534...
2026-07-22 23:33:26,175 [INFO]   Metadata batch 389/534...
2026-07-22 23:33:30,271 [INFO]   Metadata batch 390/534...
2026-07-22 23:33:34,407 [INFO]   Metadata batch 391/534...
2026-07-22 23:33:38,484 [INFO]   Metadata batch 392/534...
2026-07-22 23:33:42,621 [INFO]   Metadata batch 393/534...
2026-07-22 23:33:46,795 [INFO]   Metadata batch 394/534...
2026-07-22 23:33:50,940 [INFO]   Metadata batch 395/534...
2026-07-22 23:33:55,125 [INFO]   Metadata batch 396/534...
2026-07-22 23:33:58,971 [INFO]   Metadata batch 397/534...
2026-07-22 23:34:03,226 [INFO]   Metadata batch 398/534...
2026-07-22 23:34:07,463 [INFO]   Metadata batch 399/534...
2026-07-22 23:34:11,535 [INFO]   Metadata batch 400/534...
2026-07-22 23:34:15,754 [INFO]   Metadata batch 401/534...
2026-07-22 23:34:19,997 [INFO]   Metadata batch 402/534...
2026-07-22 23:34:24,103 [INFO]   Metadata batch 403/534...
2026-07-22 23:34:28,366 [INFO]   Metadata batch 404/534...
2026-07-22 23:34:32,454 [INFO]   Metadata batch 405/534...
2026-07-22 23:34:36,911 [INFO]   Metadata batch 406/534...
2026-07-22 23:34:41,219 [INFO]   Metadata batch 407/534...
2026-07-22 23:34:45,714 [INFO]   Metadata batch 408/534...
2026-07-22 23:34:50,215 [INFO]   Metadata batch 409/534...
2026-07-22 23:34:54,264 [INFO]   Metadata batch 410/534...
2026-07-22 23:34:58,581 [INFO]   Metadata batch 411/534...
2026-07-22 23:35:02,992 [INFO]   Metadata batch 412/534...
2026-07-22 23:35:07,266 [INFO]   Metadata batch 413/534...
2026-07-22 23:35:11,658 [INFO]   Metadata batch 414/534...
2026-07-22 23:35:16,186 [INFO]   Metadata batch 415/534...
2026-07-22 23:35:20,466 [INFO]   Metadata batch 416/534...
2026-07-22 23:35:24,752 [INFO]   Metadata batch 417/534...
2026-07-22 23:35:28,630 [INFO]   Metadata batch 418/534...
2026-07-22 23:35:32,953 [INFO]   Metadata batch 419/534...
2026-07-22 23:35:37,589 [INFO]   Metadata batch 420/534...
2026-07-22 23:35:41,958 [INFO]   Metadata batch 421/534...
2026-07-22 23:35:46,230 [INFO]   Metadata batch 422/534...
2026-07-22 23:35:50,137 [INFO]   Metadata batch 423/534...
2026-07-22 23:35:54,769 [INFO]   Metadata batch 424/534...
2026-07-22 23:35:59,121 [INFO]   Metadata batch 425/534...
2026-07-22 23:36:03,194 [INFO]   Metadata batch 426/534...
2026-07-22 23:36:07,989 [INFO]   Metadata batch 427/534...
2026-07-22 23:36:12,374 [INFO]   Metadata batch 428/534...
2026-07-22 23:36:16,788 [INFO]   Metadata batch 429/534...
2026-07-22 23:36:20,737 [INFO]   Metadata batch 430/534...
2026-07-22 23:36:24,530 [INFO]   Metadata batch 431/534...
2026-07-22 23:36:28,628 [INFO]   Metadata batch 432/534...
2026-07-22 23:36:32,945 [INFO]   Metadata batch 433/534...
2026-07-22 23:36:36,834 [INFO]   Metadata batch 434/534...
2026-07-22 23:36:41,434 [INFO]   Metadata batch 435/534...
2026-07-22 23:36:45,482 [INFO]   Metadata batch 436/534...
2026-07-22 23:36:49,277 [INFO]   Metadata batch 437/534...
2026-07-22 23:36:53,490 [INFO]   Metadata batch 438/534...
2026-07-22 23:36:57,205 [INFO]   Metadata batch 439/534...
2026-07-22 23:37:01,639 [INFO]   Metadata batch 440/534...
2026-07-22 23:37:05,779 [INFO]   Metadata batch 441/534...
2026-07-22 23:37:10,042 [INFO]   Metadata batch 442/534...
2026-07-22 23:37:14,082 [INFO]   Metadata batch 443/534...
2026-07-22 23:37:17,741 [INFO]   Metadata batch 444/534...
2026-07-22 23:37:21,957 [INFO]   Metadata batch 445/534...
2026-07-22 23:37:26,012 [INFO]   Metadata batch 446/534...
2026-07-22 23:37:30,509 [INFO]   Metadata batch 447/534...
2026-07-22 23:37:34,605 [INFO]   Metadata batch 448/534...
2026-07-22 23:37:38,956 [INFO]   Metadata batch 449/534...
2026-07-22 23:37:43,181 [INFO]   Metadata batch 450/534...
2026-07-22 23:37:47,348 [INFO]   Metadata batch 451/534...
2026-07-22 23:37:51,518 [INFO]   Metadata batch 452/534...
2026-07-22 23:37:55,687 [INFO]   Metadata batch 453/534...
2026-07-22 23:37:59,987 [INFO]   Metadata batch 454/534...
2026-07-22 23:38:04,337 [INFO]   Metadata batch 455/534...
2026-07-22 23:38:08,680 [INFO]   Metadata batch 456/534...
2026-07-22 23:38:13,108 [INFO]   Metadata batch 457/534...
2026-07-22 23:38:17,143 [INFO]   Metadata batch 458/534...
2026-07-22 23:38:21,351 [INFO]   Metadata batch 459/534...
2026-07-22 23:38:25,756 [INFO]   Metadata batch 460/534...
2026-07-22 23:38:29,423 [INFO]   Metadata batch 461/534...
2026-07-22 23:38:33,571 [INFO]   Metadata batch 462/534...
2026-07-22 23:38:37,942 [INFO]   Metadata batch 463/534...
2026-07-22 23:38:42,187 [INFO]   Metadata batch 464/534...
2026-07-22 23:38:46,488 [INFO]   Metadata batch 465/534...
2026-07-22 23:38:50,594 [INFO]   Metadata batch 466/534...
2026-07-22 23:38:54,690 [INFO]   Metadata batch 467/534...
2026-07-22 23:38:59,126 [INFO]   Metadata batch 468/534...
2026-07-22 23:39:03,331 [INFO]   Metadata batch 469/534...
2026-07-22 23:39:07,611 [INFO]   Metadata batch 470/534...
2026-07-22 23:39:12,344 [INFO]   Metadata batch 471/534...
2026-07-22 23:39:16,663 [INFO]   Metadata batch 472/534...
2026-07-22 23:39:21,278 [INFO]   Metadata batch 473/534...
2026-07-22 23:39:25,580 [INFO]   Metadata batch 474/534...
2026-07-22 23:39:29,573 [INFO]   Metadata batch 475/534...
2026-07-22 23:39:34,525 [INFO]   Metadata batch 476/534...
2026-07-22 23:39:38,230 [INFO]   Metadata batch 477/534...
2026-07-22 23:39:42,060 [INFO]   Metadata batch 478/534...
2026-07-22 23:39:46,018 [INFO]   Metadata batch 479/534...
2026-07-22 23:39:50,333 [INFO]   Metadata batch 480/534...
2026-07-22 23:39:54,738 [INFO]   Metadata batch 481/534...
2026-07-22 23:39:59,007 [INFO]   Metadata batch 482/534...
2026-07-22 23:40:03,082 [INFO]   Metadata batch 483/534...
2026-07-22 23:40:07,485 [INFO]   Metadata batch 484/534...
2026-07-22 23:40:11,411 [INFO]   Metadata batch 485/534...
2026-07-22 23:40:15,704 [INFO]   Metadata batch 486/534...
2026-07-22 23:40:20,058 [INFO]   Metadata batch 487/534...
2026-07-22 23:40:24,075 [INFO]   Metadata batch 488/534...
2026-07-22 23:40:28,748 [INFO]   Metadata batch 489/534...
2026-07-22 23:40:32,996 [INFO]   Metadata batch 490/534...
2026-07-22 23:40:37,122 [INFO]   Metadata batch 491/534...
2026-07-22 23:40:41,653 [INFO]   Metadata batch 492/534...
2026-07-22 23:40:47,619 [INFO]   Metadata batch 493/534...
2026-07-22 23:40:52,328 [INFO]   Metadata batch 494/534...
2026-07-22 23:41:05,518 [INFO]   Metadata batch 495/534...
2026-07-22 23:41:10,379 [INFO]   Metadata batch 496/534...
2026-07-22 23:41:15,095 [INFO]   Metadata batch 497/534...
2026-07-22 23:41:19,323 [INFO]   Metadata batch 498/534...
2026-07-22 23:41:23,882 [INFO]   Metadata batch 499/534...
2026-07-22 23:41:27,899 [INFO]   Metadata batch 500/534...
2026-07-22 23:41:31,887 [INFO]   Metadata batch 501/534...
2026-07-22 23:41:36,534 [INFO]   Metadata batch 502/534...
2026-07-22 23:41:41,204 [INFO]   Metadata batch 503/534...
2026-07-22 23:41:45,808 [INFO]   Metadata batch 504/534...
2026-07-22 23:41:49,621 [INFO]   Metadata batch 505/534...
2026-07-22 23:41:53,765 [INFO]   Metadata batch 506/534...
2026-07-22 23:41:58,422 [INFO]   Metadata batch 507/534...
2026-07-22 23:42:02,654 [INFO]   Metadata batch 508/534...
2026-07-22 23:42:07,201 [INFO]   Metadata batch 509/534...
2026-07-22 23:42:11,493 [INFO]   Metadata batch 510/534...
2026-07-22 23:42:15,872 [INFO]   Metadata batch 511/534...
2026-07-22 23:42:19,709 [INFO]   Metadata batch 512/534...
2026-07-22 23:42:24,019 [INFO]   Metadata batch 513/534...
2026-07-22 23:42:28,164 [INFO]   Metadata batch 514/534...
2026-07-22 23:42:32,621 [INFO]   Metadata batch 515/534...
2026-07-22 23:42:37,007 [INFO]   Metadata batch 516/534...
2026-07-22 23:42:41,298 [INFO]   Metadata batch 517/534...
2026-07-22 23:42:45,464 [INFO]   Metadata batch 518/534...
2026-07-22 23:42:49,909 [INFO]   Metadata batch 519/534...
2026-07-22 23:42:54,229 [INFO]   Metadata batch 520/534...
2026-07-22 23:42:58,641 [INFO]   Metadata batch 521/534...
2026-07-22 23:43:03,091 [INFO]   Metadata batch 522/534...
2026-07-22 23:43:07,471 [INFO]   Metadata batch 523/534...
2026-07-22 23:43:11,474 [INFO]   Metadata batch 524/534...
2026-07-22 23:43:15,594 [INFO]   Metadata batch 525/534...
2026-07-22 23:43:20,455 [INFO]   Metadata batch 526/534...
2026-07-22 23:43:24,691 [INFO]   Metadata batch 527/534...
2026-07-22 23:43:28,637 [INFO]   Metadata batch 528/534...
2026-07-22 23:43:32,823 [INFO]   Metadata batch 529/534...
2026-07-22 23:43:37,143 [INFO]   Metadata batch 530/534...
2026-07-22 23:43:41,496 [INFO]   Metadata batch 531/534...
2026-07-22 23:43:45,523 [INFO]   Metadata batch 532/534...
2026-07-22 23:43:49,694 [INFO]   Metadata batch 533/534...
2026-07-22 23:43:53,478 [INFO]   Metadata batch 534/534...
2026-07-22 23:43:56,204 [INFO]   10,660,077 nodes (38,239 Frontiers core)
2026-07-22 23:43:57,484 [INFO] Applying edge weights (temporal decay + self-citation discount)...
2026-07-22 23:45:35,675 [INFO]   Decay mean=0.438  |  Self-citations: 10,102,736
2026-07-22 23:45:35,867 [INFO]   Combined weight mean=0.417
2026-07-22 23:45:37,245 [INFO] BC edges disabled (ENABLE_BC_EDGES=false)
2026-07-22 23:45:45,246 [INFO] Writing CWTS files to cwts_output/  (10,660,077 nodes)...
2026-07-22 23:47:03,819 [INFO]   pubs.txt        : 10,660,077 rows  (38,239 Frontiers)
2026-07-22 23:47:13,702 [INFO] 10660077 out of 10660077 rows loaded.
2026-07-22 23:47:13,702 [INFO]   → BigQuery: raw_citation_network_data.pubs_raw_20260722_222014
2026-07-22 23:48:47,611 [INFO]   pub_metadata.txt: 10,660,077 rows
2026-07-22 23:49:45,608 [INFO] 10660077 out of 10660077 rows loaded.
2026-07-22 23:49:45,609 [INFO]   → BigQuery: raw_citation_network_data.pub_metadata_raw_20260722_222014
2026-07-22 23:58:05,035 [INFO]   cit_links.txt   : 216,555,714 rows  (108,277,857 unique × 2 directions)
2026-07-22 23:58:59,515 [INFO] 216555714 out of 216555714 rows loaded.
2026-07-22 23:58:59,515 [INFO]   → BigQuery: raw_citation_network_data.cit_links_raw_20260722_222014
2026-07-22 23:58:59,515 [INFO] ============================================================
2026-07-22 23:58:59,515 [INFO] Running CWTS Classification
2026-07-22 23:58:59,515 [INFO] ============================================================
2026-07-22 23:58:59,515 [INFO]   JAR: publicationclassification.jar
2026-07-22 23:58:59,515 [INFO]   Parameters:
2026-07-22 23:58:59,515 [INFO]     largest_component_only: true
2026-07-22 23:58:59,515 [INFO]     iterations: 100
2026-07-22 23:58:59,515 [INFO]     micro_resolution: 5e-4
2026-07-22 23:58:59,515 [INFO]     micro_min_cluster_size: 1000
2026-07-22 23:58:59,515 [INFO]     meso_resolution: 5e-6
2026-07-22 23:58:59,515 [INFO]     meso_min_cluster_size: 5000
2026-07-22 23:58:59,515 [INFO]     macro_resolution: 3e-7
2026-07-22 23:58:59,515 [INFO]     macro_min_cluster_size: 40000
2026-07-22 23:58:59,515 [INFO]   Running command...
2026-07-23 01:27:23,276 [INFO]   Log written to: cwts_logs/cwts_classification_20260722_222014.log
2026-07-23 01:27:23,276 [INFO]   STDOUT: PublicationClassificationCreator version 1.1.0
By Nees Jan van Eck
Centre for Science and Technology Studies (CWTS), Leiden University

Reading citation network from file... Finished!
Reading citation...
2026-07-23 01:27:23,276 [INFO]   Classification complete: cwts_output/classification.txt
2026-07-23 01:27:23,276 [INFO] Uploading classification to BigQuery...
2026-07-23 01:27:24,893 [INFO]   Loaded 10,587,970 rows
2026-07-23 01:27:24,933 [INFO]   Micro clusters: 4,749
2026-07-23 01:27:24,972 [INFO]   Meso clusters:  312
2026-07-23 01:27:25,011 [INFO]   Macro clusters: 11
2026-07-23 01:27:39,213 [INFO] 10587970 out of 10587970 rows loaded.
2026-07-23 01:27:39,213 [INFO]   → BigQuery: raw_citation_network_data.classification_raw_20260722_222014
2026-07-23 01:27:43,964 [INFO] 1 out of 1 rows loaded.
2026-07-23 01:27:43,964 [INFO]   → BigQuery: raw_citation_network_data.run_metadata_20260722_222014
2026-07-23 01:27:43,964 [INFO] Done!!!!
