CWTS Publication Classification
==================================================
Timestamp: 20260721_122434

Parameters
------------------------------
  largest_component_only    : true
  iterations                : 100
  micro_resolution          : 5e-4
  micro_min_cluster_size    : 1000
  meso_resolution           : 5e-6
  meso_min_cluster_size     : 5000
  macro_resolution          : 1e-6
  macro_min_cluster_size    : 20000

Return Code: 0

STDOUT
------------------------------
PublicationClassificationCreator version 1.1.0
By Nees Jan van Eck
Centre for Science and Technology Studies (CWTS), Leiden University

Reading citation network from file... Finished!
Reading citation network from file took 0h 0m 0s.
Citation network:
	Number of publications: 56105
	Number of citation links: 88815
	Total publication weight: 56105
	Total citation link weight: 24145

Identifying largest connected component in citation network... Finished!
Identifying largest connected component in citation network took 0h 0m 0s.
Largest connected component:
	Number of publications: 52373
	Number of citation links: 85616
	Total publication weight: 52373
	Total citation link weight: 23472

Creating publication classification...
	Clustering algorithm: Leiden algorithm
	Number of iterations: 100
	Random seed: 0

Adding micro-level classification...
Creating clustering... Finished! 7262 clusters created.
Reassigning small clusters... Finished! 29 clusters remaining.
Adding micro-level classification took 0h 0m 3s.
Micro-level classification:
	Resolution: 5.0E-4
	Threshold: 1000
	Number of clusters: 29

Adding meso-level classification...
Creating clustering... Finished! 13 clusters created.
Reassigning small clusters... Finished! 4 clusters remaining.
Adding meso-level classification took 0h 0m 0s.
Meso-level classification:
	Resolution: 5.0E-6
	Threshold: 5000
	Number of clusters: 4

Adding macro-level classification...
Creating clustering... Finished! 4 clusters created.
Reassigning small clusters... Finished! 2 clusters remaining.
Adding macro-level classification took 0h 0m 0s.
Macro-level classification:
	Resolution: 1.0E-6
	Threshold: 20000
	Number of clusters: 2

Writing publication classification to file... Finished!
Writing publication classification to file took 0h 0m 0s.

STDERR
------------------------------
(empty)
