2026-07-21 12:27:50,459 [INFO] ============================================================
2026-07-21 12:27:50,459 [INFO] Configuration
2026-07-21 12:27:50,459 [INFO] ============================================================
2026-07-21 12:27:50,459 [INFO]   BQ_PROJECT              : ocean-tech-adv-analytics-p-usr
2026-07-21 12:27:50,459 [INFO]   AIRAK_DATASET           : ocean-breeze-tier-1.airak
2026-07-21 12:27:50,459 [INFO]   NETWORK_MODE            : full
2026-07-21 12:27:50,459 [INFO]   START_YEAR              : 2020
2026-07-21 12:27:50,459 [INFO]   END_YEAR                : 2026
2026-07-21 12:27:50,459 [INFO]   TOP_N_JOURNALS          : 5
2026-07-21 12:27:50,459 [INFO]   JOURNAL_IDS_OVERRIDE    : 1675037245440,1589137899520,2336462209024,2774548873217,120259084288,764504178688,1005022347264,558345748481
2026-07-21 12:27:50,459 [INFO]   ENABLE_EDGE_WEIGHTS     : True
2026-07-21 12:27:50,459 [INFO]   TEMPORAL_DECAY_TAU      : 5.0
2026-07-21 12:27:50,459 [INFO]   SELF_CITE_JOURNAL_WEIGHT: 0.5
2026-07-21 12:27:50,459 [INFO]   ENABLE_BC_EDGES         : True
2026-07-21 12:27:50,459 [INFO]   BC_MIN_SHARED_REFS      : 3
2026-07-21 12:27:50,459 [INFO]   MAX_EXTERNAL_PAPERS     : 50000
2026-07-21 12:27:50,459 [INFO]   LOG_DIR              : cwts_logs
2026-07-21 12:27:50,459 [INFO]   RUN_CLASSIFICATION      : True
2026-07-21 12:27:50,459 [INFO]   CWTS_JAR_PATH           : publicationclassification.jar
2026-07-21 12:27:50,459 [INFO]   JAVA_HEAP_SIZE          : 
2026-07-21 12:27:50,459 [INFO] ============================================================
2026-07-21 12:27:50,460 [INFO] ============================================================
2026-07-21 12:27:50,460 [INFO] CWTS Export — Edge Weight Builder
2026-07-21 12:27:50,460 [INFO]   Mode: FULL  |  Years: 2020-2026
2026-07-21 12:27:50,460 [INFO]   Edge weights: ON
2026-07-21 12:27:50,460 [INFO] ============================================================
2026-07-21 12:27:50,460 [INFO] Using specified journal IDs: [1675037245440, 1589137899520, 2336462209024, 2774548873217, 120259084288, 764504178688, 1005022347264, 558345748481]
2026-07-21 12:27:50,460 [INFO] Fetching Frontiers publication IDs...
2026-07-21 12:27:52,773 [INFO]   41,071 Frontiers publications
2026-07-21 12:27:52,773 [INFO] Building full network (Frontiers + related journals)...
2026-07-21 12:27:52,773 [INFO]   Finding journals citing Frontiers...
2026-07-21 12:27:55,223 [INFO]   Finding journals cited by Frontiers...
2026-07-21 12:27:57,722 [INFO]   2019 journals in network (2011 related + 8 Frontiers)
2026-07-21 12:28:04,408 [INFO]   13,933,678 publications
2026-07-21 12:28:04,870 [INFO]   Citation batch 1/279...
2026-07-21 12:28:15,900 [INFO]   Citation batch 2/279...
2026-07-21 12:28:28,316 [INFO]   Citation batch 3/279...
2026-07-21 12:28:39,223 [INFO]   Citation batch 4/279...
2026-07-21 12:28:49,022 [INFO]   Citation batch 5/279...
2026-07-21 12:29:00,601 [INFO]   Citation batch 6/279...
2026-07-21 12:29:13,638 [INFO]   Citation batch 7/279...
2026-07-21 12:29:23,132 [INFO]   Citation batch 8/279...
2026-07-21 12:29:34,242 [INFO]   Citation batch 9/279...
2026-07-21 12:29:46,341 [INFO]   Citation batch 10/279...
2026-07-21 12:29:56,359 [INFO]   Citation batch 11/279...
2026-07-21 12:30:09,180 [INFO]   Citation batch 12/279...
2026-07-21 12:30:24,357 [INFO]   Citation batch 13/279...
2026-07-21 12:30:36,446 [INFO]   Citation batch 14/279...
2026-07-21 12:30:50,727 [INFO]   Citation batch 15/279...
2026-07-21 12:31:01,993 [INFO]   Citation batch 16/279...
2026-07-21 12:31:11,418 [INFO]   Citation batch 17/279...
2026-07-21 12:31:22,818 [INFO]   Citation batch 18/279...
2026-07-21 12:31:33,065 [INFO]   Citation batch 19/279...
2026-07-21 12:31:43,468 [INFO]   Citation batch 20/279...
2026-07-21 12:31:54,078 [INFO]   Citation batch 21/279...
2026-07-21 12:32:04,359 [INFO]   Citation batch 22/279...
2026-07-21 12:32:14,871 [INFO]   Citation batch 23/279...
2026-07-21 12:32:26,010 [INFO]   Citation batch 24/279...
2026-07-21 12:32:38,543 [INFO]   Citation batch 25/279...
2026-07-21 12:32:48,610 [INFO]   Citation batch 26/279...
2026-07-21 12:33:00,045 [INFO]   Citation batch 27/279...
2026-07-21 12:33:10,970 [INFO]   Citation batch 28/279...
2026-07-21 12:33:20,981 [INFO]   Citation batch 29/279...
2026-07-21 12:33:33,487 [INFO]   Citation batch 30/279...
2026-07-21 12:33:47,031 [INFO]   Citation batch 31/279...
2026-07-21 12:33:57,602 [INFO]   Citation batch 32/279...
2026-07-21 12:34:08,200 [INFO]   Citation batch 33/279...
2026-07-21 12:34:18,635 [INFO]   Citation batch 34/279...
2026-07-21 12:34:31,188 [INFO]   Citation batch 35/279...
2026-07-21 12:34:41,481 [INFO]   Citation batch 36/279...
2026-07-21 12:34:54,964 [INFO]   Citation batch 37/279...
2026-07-21 12:35:06,499 [INFO]   Citation batch 38/279...
2026-07-21 12:35:16,662 [INFO]   Citation batch 39/279...
2026-07-21 12:35:29,038 [INFO]   Citation batch 40/279...
2026-07-21 12:35:40,741 [INFO]   Citation batch 41/279...
2026-07-21 12:35:53,826 [INFO]   Citation batch 42/279...
2026-07-21 12:36:04,756 [INFO]   Citation batch 43/279...
2026-07-21 12:36:14,572 [INFO]   Citation batch 44/279...
2026-07-21 12:36:24,460 [INFO]   Citation batch 45/279...
2026-07-21 12:36:34,431 [INFO]   Citation batch 46/279...
2026-07-21 12:36:44,132 [INFO]   Citation batch 47/279...
2026-07-21 12:36:52,921 [INFO]   Citation batch 48/279...
2026-07-21 12:37:02,263 [INFO]   Citation batch 49/279...
2026-07-21 12:37:11,899 [INFO]   Citation batch 50/279...
2026-07-21 12:37:23,398 [INFO]   Citation batch 51/279...
2026-07-21 12:37:34,541 [INFO]   Citation batch 52/279...
2026-07-21 12:37:43,655 [INFO]   Citation batch 53/279...
2026-07-21 12:37:52,898 [INFO]   Citation batch 54/279...
2026-07-21 12:38:05,610 [INFO]   Citation batch 55/279...
2026-07-21 12:38:15,926 [INFO]   Citation batch 56/279...
2026-07-21 12:38:26,965 [INFO]   Citation batch 57/279...
2026-07-21 12:38:36,899 [INFO]   Citation batch 58/279...
2026-07-21 12:38:46,586 [INFO]   Citation batch 59/279...
2026-07-21 12:38:57,685 [INFO]   Citation batch 60/279...
2026-07-21 12:39:07,067 [INFO]   Citation batch 61/279...
2026-07-21 12:39:16,618 [INFO]   Citation batch 62/279...
2026-07-21 12:39:25,819 [INFO]   Citation batch 63/279...
2026-07-21 12:39:36,439 [INFO]   Citation batch 64/279...
2026-07-21 12:39:45,638 [INFO]   Citation batch 65/279...
2026-07-21 12:39:55,312 [INFO]   Citation batch 66/279...
2026-07-21 12:40:05,287 [INFO]   Citation batch 67/279...
2026-07-21 12:40:17,238 [INFO]   Citation batch 68/279...
2026-07-21 12:40:29,246 [INFO]   Citation batch 69/279...
2026-07-21 12:40:40,400 [INFO]   Citation batch 70/279...
2026-07-21 12:40:50,586 [INFO]   Citation batch 71/279...
2026-07-21 12:41:02,450 [INFO]   Citation batch 72/279...
2026-07-21 12:41:14,304 [INFO]   Citation batch 73/279...
2026-07-21 12:41:24,491 [INFO]   Citation batch 74/279...
2026-07-21 12:41:34,215 [INFO]   Citation batch 75/279...
2026-07-21 12:41:43,121 [INFO]   Citation batch 76/279...
2026-07-21 12:41:53,341 [INFO]   Citation batch 77/279...
2026-07-21 12:42:02,992 [INFO]   Citation batch 78/279...
2026-07-21 12:42:11,486 [INFO]   Citation batch 79/279...
2026-07-21 12:42:21,620 [INFO]   Citation batch 80/279...
2026-07-21 12:42:31,498 [INFO]   Citation batch 81/279...
2026-07-21 12:42:40,379 [INFO]   Citation batch 82/279...
2026-07-21 12:42:50,441 [INFO]   Citation batch 83/279...
2026-07-21 12:42:59,724 [INFO]   Citation batch 84/279...
2026-07-21 12:43:10,548 [INFO]   Citation batch 85/279...
2026-07-21 12:43:20,883 [INFO]   Citation batch 86/279...
2026-07-21 12:43:33,004 [INFO]   Citation batch 87/279...
2026-07-21 12:43:42,136 [INFO]   Citation batch 88/279...
2026-07-21 12:43:52,672 [INFO]   Citation batch 89/279...
2026-07-21 12:44:02,845 [INFO]   Citation batch 90/279...
2026-07-21 12:44:14,186 [INFO]   Citation batch 91/279...
2026-07-21 12:44:24,339 [INFO]   Citation batch 92/279...
2026-07-21 12:44:32,595 [INFO]   Citation batch 93/279...
2026-07-21 12:44:41,514 [INFO]   Citation batch 94/279...
2026-07-21 12:44:52,045 [INFO]   Citation batch 95/279...
2026-07-21 12:45:00,154 [INFO]   Citation batch 96/279...
2026-07-21 12:45:09,265 [INFO]   Citation batch 97/279...
2026-07-21 12:45:18,458 [INFO]   Citation batch 98/279...
2026-07-21 12:45:30,142 [INFO]   Citation batch 99/279...
2026-07-21 12:45:42,078 [INFO]   Citation batch 100/279...
2026-07-21 12:45:51,580 [INFO]   Citation batch 101/279...
2026-07-21 12:46:02,215 [INFO]   Citation batch 102/279...
2026-07-21 12:46:14,255 [INFO]   Citation batch 103/279...
2026-07-21 12:46:25,413 [INFO]   Citation batch 104/279...
2026-07-21 12:46:35,279 [INFO]   Citation batch 105/279...
2026-07-21 12:46:46,676 [INFO]   Citation batch 106/279...
2026-07-21 12:46:57,563 [INFO]   Citation batch 107/279...
2026-07-21 12:47:07,400 [INFO]   Citation batch 108/279...
2026-07-21 12:47:16,752 [INFO]   Citation batch 109/279...
2026-07-21 12:47:26,834 [INFO]   Citation batch 110/279...
2026-07-21 12:47:36,422 [INFO]   Citation batch 111/279...
2026-07-21 12:47:46,797 [INFO]   Citation batch 112/279...
2026-07-21 12:47:55,944 [INFO]   Citation batch 113/279...
2026-07-21 12:48:08,701 [INFO]   Citation batch 114/279...
2026-07-21 12:48:18,335 [INFO]   Citation batch 115/279...
2026-07-21 12:48:30,678 [INFO]   Citation batch 116/279...
2026-07-21 12:48:42,499 [INFO]   Citation batch 117/279...
2026-07-21 12:48:52,624 [INFO]   Citation batch 118/279...
2026-07-21 12:49:02,388 [INFO]   Citation batch 119/279...
2026-07-21 12:49:11,522 [INFO]   Citation batch 120/279...
2026-07-21 12:49:22,890 [INFO]   Citation batch 121/279...
2026-07-21 12:49:32,624 [INFO]   Citation batch 122/279...
2026-07-21 12:49:44,108 [INFO]   Citation batch 123/279...
2026-07-21 12:49:53,467 [INFO]   Citation batch 124/279...
2026-07-21 12:50:03,980 [INFO]   Citation batch 125/279...
2026-07-21 12:50:15,682 [INFO]   Citation batch 126/279...
2026-07-21 12:50:26,398 [INFO]   Citation batch 127/279...
2026-07-21 12:50:38,686 [INFO]   Citation batch 128/279...
2026-07-21 12:50:49,909 [INFO]   Citation batch 129/279...
2026-07-21 12:50:59,354 [INFO]   Citation batch 130/279...
2026-07-21 12:51:10,345 [INFO]   Citation batch 131/279...
2026-07-21 12:51:20,718 [INFO]   Citation batch 132/279...
2026-07-21 12:51:31,683 [INFO]   Citation batch 133/279...
2026-07-21 12:51:42,013 [INFO]   Citation batch 134/279...
2026-07-21 12:51:54,668 [INFO]   Citation batch 135/279...
2026-07-21 12:52:04,884 [INFO]   Citation batch 136/279...
2026-07-21 12:52:15,570 [INFO]   Citation batch 137/279...
2026-07-21 12:52:34,019 [INFO]   Citation batch 138/279...
2026-07-21 12:52:43,041 [INFO]   Citation batch 139/279...
2026-07-21 12:52:52,989 [INFO]   Citation batch 140/279...
2026-07-21 12:53:04,295 [INFO]   Citation batch 141/279...
2026-07-21 12:53:14,328 [INFO]   Citation batch 142/279...
2026-07-21 12:53:24,361 [INFO]   Citation batch 143/279...
2026-07-21 12:53:34,013 [INFO]   Citation batch 144/279...
2026-07-21 12:53:43,358 [INFO]   Citation batch 145/279...
2026-07-21 12:53:54,871 [INFO]   Citation batch 146/279...
2026-07-21 12:54:03,975 [INFO]   Citation batch 147/279...
2026-07-21 12:54:13,170 [INFO]   Citation batch 148/279...
2026-07-21 12:54:22,177 [INFO]   Citation batch 149/279...
2026-07-21 12:54:31,667 [INFO]   Citation batch 150/279...
2026-07-21 12:54:41,934 [INFO]   Citation batch 151/279...
2026-07-21 12:54:53,686 [INFO]   Citation batch 152/279...
2026-07-21 12:55:03,827 [INFO]   Citation batch 153/279...
2026-07-21 12:55:13,735 [INFO]   Citation batch 154/279...
2026-07-21 12:55:25,051 [INFO]   Citation batch 155/279...
2026-07-21 12:55:35,326 [INFO]   Citation batch 156/279...
2026-07-21 12:55:44,256 [INFO]   Citation batch 157/279...
2026-07-21 12:55:54,000 [INFO]   Citation batch 158/279...
2026-07-21 12:56:03,559 [INFO]   Citation batch 159/279...
2026-07-21 12:56:13,019 [INFO]   Citation batch 160/279...
2026-07-21 12:56:23,308 [INFO]   Citation batch 161/279...
2026-07-21 12:56:32,788 [INFO]   Citation batch 162/279...
2026-07-21 12:56:42,592 [INFO]   Citation batch 163/279...
2026-07-21 12:56:52,499 [INFO]   Citation batch 164/279...
2026-07-21 12:57:02,749 [INFO]   Citation batch 165/279...
2026-07-21 12:57:13,502 [INFO]   Citation batch 166/279...
2026-07-21 12:57:24,217 [INFO]   Citation batch 167/279...
2026-07-21 12:57:34,178 [INFO]   Citation batch 168/279...
2026-07-21 12:57:44,063 [INFO]   Citation batch 169/279...
2026-07-21 12:57:54,659 [INFO]   Citation batch 170/279...
2026-07-21 12:58:03,996 [INFO]   Citation batch 171/279...
2026-07-21 12:58:14,780 [INFO]   Citation batch 172/279...
2026-07-21 12:58:24,071 [INFO]   Citation batch 173/279...
2026-07-21 12:58:33,342 [INFO]   Citation batch 174/279...
2026-07-21 12:58:43,369 [INFO]   Citation batch 175/279...
2026-07-21 12:58:54,358 [INFO]   Citation batch 176/279...
2026-07-21 12:59:03,921 [INFO]   Citation batch 177/279...
2026-07-21 12:59:13,199 [INFO]   Citation batch 178/279...
2026-07-21 12:59:24,181 [INFO]   Citation batch 179/279...
2026-07-21 12:59:34,265 [INFO]   Citation batch 180/279...
2026-07-21 12:59:44,576 [INFO]   Citation batch 181/279...
2026-07-21 12:59:53,801 [INFO]   Citation batch 182/279...
2026-07-21 13:00:04,526 [INFO]   Citation batch 183/279...
2026-07-21 13:00:26,542 [INFO]   Citation batch 184/279...
2026-07-21 13:00:41,287 [INFO]   Citation batch 185/279...
2026-07-21 13:01:02,027 [INFO]   Citation batch 186/279...
2026-07-21 13:01:13,778 [INFO]   Citation batch 187/279...
2026-07-21 13:01:25,170 [INFO]   Citation batch 188/279...
2026-07-21 13:01:39,661 [INFO]   Citation batch 189/279...
2026-07-21 13:01:52,250 [INFO]   Citation batch 190/279...
2026-07-21 13:02:11,941 [INFO]   Citation batch 191/279...
2026-07-21 13:02:24,721 [INFO]   Citation batch 192/279...
2026-07-21 13:02:39,497 [INFO]   Citation batch 193/279...
2026-07-21 13:02:52,977 [INFO]   Citation batch 194/279...
2026-07-21 13:03:07,060 [INFO]   Citation batch 195/279...
2026-07-21 13:03:19,278 [INFO]   Citation batch 196/279...
2026-07-21 13:03:29,608 [INFO]   Citation batch 197/279...
2026-07-21 13:03:41,833 [INFO]   Citation batch 198/279...
2026-07-21 13:03:53,312 [INFO]   Citation batch 199/279...
2026-07-21 13:04:04,550 [INFO]   Citation batch 200/279...
2026-07-21 13:04:15,561 [INFO]   Citation batch 201/279...
2026-07-21 13:04:26,217 [INFO]   Citation batch 202/279...
2026-07-21 13:04:38,459 [INFO]   Citation batch 203/279...
2026-07-21 13:04:50,099 [INFO]   Citation batch 204/279...
2026-07-21 13:05:00,912 [INFO]   Citation batch 205/279...
2026-07-21 13:05:11,489 [INFO]   Citation batch 206/279...
2026-07-21 13:05:24,162 [INFO]   Citation batch 207/279...
2026-07-21 13:05:34,978 [INFO]   Citation batch 208/279...
2026-07-21 13:05:47,592 [INFO]   Citation batch 209/279...
2026-07-21 13:05:57,253 [INFO]   Citation batch 210/279...
2026-07-21 13:06:06,264 [INFO]   Citation batch 211/279...
2026-07-21 13:06:16,190 [INFO]   Citation batch 212/279...
2026-07-21 13:06:25,785 [INFO]   Citation batch 213/279...
2026-07-21 13:06:36,443 [INFO]   Citation batch 214/279...
2026-07-21 13:06:47,832 [INFO]   Citation batch 215/279...
2026-07-21 13:06:58,674 [INFO]   Citation batch 216/279...
2026-07-21 13:07:10,469 [INFO]   Citation batch 217/279...
2026-07-21 13:07:21,199 [INFO]   Citation batch 218/279...
2026-07-21 13:07:31,850 [INFO]   Citation batch 219/279...
2026-07-21 13:07:44,574 [INFO]   Citation batch 220/279...
2026-07-21 13:07:55,540 [INFO]   Citation batch 221/279...
2026-07-21 13:08:07,974 [INFO]   Citation batch 222/279...
2026-07-21 13:08:18,869 [INFO]   Citation batch 223/279...
2026-07-21 13:08:28,776 [INFO]   Citation batch 224/279...
2026-07-21 13:08:39,323 [INFO]   Citation batch 225/279...
2026-07-21 13:08:49,420 [INFO]   Citation batch 226/279...
2026-07-21 13:08:59,140 [INFO]   Citation batch 227/279...
2026-07-21 13:09:14,941 [INFO]   Citation batch 228/279...
2026-07-21 13:09:24,391 [INFO]   Citation batch 229/279...
2026-07-21 13:09:34,901 [INFO]   Citation batch 230/279...
2026-07-21 13:09:45,703 [INFO]   Citation batch 231/279...
2026-07-21 13:09:56,279 [INFO]   Citation batch 232/279...
2026-07-21 13:10:06,496 [INFO]   Citation batch 233/279...
2026-07-21 13:10:16,977 [INFO]   Citation batch 234/279...
2026-07-21 13:10:28,069 [INFO]   Citation batch 235/279...
2026-07-21 13:10:39,969 [INFO]   Citation batch 236/279...
2026-07-21 13:10:51,363 [INFO]   Citation batch 237/279...
2026-07-21 13:11:04,331 [INFO]   Citation batch 238/279...
2026-07-21 13:11:16,942 [INFO]   Citation batch 239/279...
2026-07-21 13:11:28,944 [INFO]   Citation batch 240/279...
2026-07-21 13:11:41,117 [INFO]   Citation batch 241/279...
2026-07-21 13:11:52,315 [INFO]   Citation batch 242/279...
2026-07-21 13:12:09,749 [INFO]   Citation batch 243/279...
2026-07-21 13:12:21,290 [INFO]   Citation batch 244/279...
2026-07-21 13:12:31,261 [INFO]   Citation batch 245/279...
2026-07-21 13:12:42,647 [INFO]   Citation batch 246/279...
2026-07-21 13:12:55,200 [INFO]   Citation batch 247/279...
2026-07-21 13:13:08,312 [INFO]   Citation batch 248/279...
2026-07-21 13:13:18,789 [INFO]   Citation batch 249/279...
2026-07-21 13:13:33,891 [INFO]   Citation batch 250/279...
2026-07-21 13:13:44,060 [INFO]   Citation batch 251/279...
2026-07-21 13:13:55,627 [INFO]   Citation batch 252/279...
2026-07-21 13:14:07,174 [INFO]   Citation batch 253/279...
2026-07-21 13:14:18,720 [INFO]   Citation batch 254/279...
2026-07-21 13:14:30,940 [INFO]   Citation batch 255/279...
2026-07-21 13:14:42,402 [INFO]   Citation batch 256/279...
2026-07-21 13:14:52,208 [INFO]   Citation batch 257/279...
2026-07-21 13:15:06,145 [INFO]   Citation batch 258/279...
2026-07-21 13:15:17,871 [INFO]   Citation batch 259/279...
2026-07-21 13:15:31,905 [INFO]   Citation batch 260/279...
2026-07-21 13:15:42,748 [INFO]   Citation batch 261/279...
2026-07-21 13:15:54,075 [INFO]   Citation batch 262/279...
2026-07-21 13:16:08,954 [INFO]   Citation batch 263/279...
2026-07-21 13:16:22,266 [INFO]   Citation batch 264/279...
2026-07-21 13:16:34,308 [INFO]   Citation batch 265/279...
2026-07-21 13:16:45,908 [INFO]   Citation batch 266/279...
2026-07-21 13:16:56,497 [INFO]   Citation batch 267/279...
2026-07-21 13:17:07,722 [INFO]   Citation batch 268/279...
2026-07-21 13:17:17,466 [INFO]   Citation batch 269/279...
2026-07-21 13:17:27,530 [INFO]   Citation batch 270/279...
2026-07-21 13:17:37,547 [INFO]   Citation batch 271/279...
2026-07-21 13:17:49,299 [INFO]   Citation batch 272/279...
2026-07-21 13:18:00,457 [INFO]   Citation batch 273/279...
2026-07-21 13:18:11,764 [INFO]   Citation batch 274/279...
2026-07-21 13:18:23,406 [INFO]   Citation batch 275/279...
2026-07-21 13:18:35,311 [INFO]   Citation batch 276/279...
2026-07-21 13:18:45,968 [INFO]   Citation batch 277/279...
2026-07-21 13:18:56,645 [INFO]   Citation batch 278/279...
2026-07-21 13:19:08,372 [INFO]   Citation batch 279/279...
2026-07-21 13:20:41,408 [INFO]   108,310,741 edges, 10,660,077 nodes
2026-07-21 13:20:42,130 [INFO] Fetching metadata for 10,660,077 nodes...
2026-07-21 13:20:42,440 [INFO]   Metadata batch 1/534...
2026-07-21 13:20:48,322 [INFO]   Metadata batch 2/534...
2026-07-21 13:20:54,489 [INFO]   Metadata batch 3/534...
2026-07-21 13:20:59,946 [INFO]   Metadata batch 4/534...
2026-07-21 13:21:05,047 [INFO]   Metadata batch 5/534...
2026-07-21 13:21:11,757 [INFO]   Metadata batch 6/534...
2026-07-21 13:21:16,604 [INFO]   Metadata batch 7/534...
2026-07-21 13:21:22,406 [INFO]   Metadata batch 8/534...
2026-07-21 13:21:28,349 [INFO]   Metadata batch 9/534...
2026-07-21 13:21:33,870 [INFO]   Metadata batch 10/534...
2026-07-21 13:21:39,283 [INFO]   Metadata batch 11/534...
2026-07-21 13:21:45,401 [INFO]   Metadata batch 12/534...
2026-07-21 13:21:50,959 [INFO]   Metadata batch 13/534...
2026-07-21 13:21:56,201 [INFO]   Metadata batch 14/534...
2026-07-21 13:22:01,588 [INFO]   Metadata batch 15/534...
2026-07-21 13:22:07,079 [INFO]   Metadata batch 16/534...
2026-07-21 13:22:12,492 [INFO]   Metadata batch 17/534...
2026-07-21 13:22:17,696 [INFO]   Metadata batch 18/534...
2026-07-21 13:22:23,346 [INFO]   Metadata batch 19/534...
2026-07-21 13:22:28,674 [INFO]   Metadata batch 20/534...
2026-07-21 13:22:34,073 [INFO]   Metadata batch 21/534...
2026-07-21 13:22:39,252 [INFO]   Metadata batch 22/534...
2026-07-21 13:22:45,020 [INFO]   Metadata batch 23/534...
2026-07-21 13:22:50,109 [INFO]   Metadata batch 24/534...
2026-07-21 13:22:55,188 [INFO]   Metadata batch 25/534...
2026-07-21 13:23:00,770 [INFO]   Metadata batch 26/534...
2026-07-21 13:23:06,119 [INFO]   Metadata batch 27/534...
2026-07-21 13:23:11,109 [INFO]   Metadata batch 28/534...
2026-07-21 13:23:17,077 [INFO]   Metadata batch 29/534...
2026-07-21 13:23:23,177 [INFO]   Metadata batch 30/534...
2026-07-21 13:23:28,762 [INFO]   Metadata batch 31/534...
2026-07-21 13:23:34,492 [INFO]   Metadata batch 32/534...
2026-07-21 13:23:40,193 [INFO]   Metadata batch 33/534...
2026-07-21 13:23:45,166 [INFO]   Metadata batch 34/534...
2026-07-21 13:23:50,080 [INFO]   Metadata batch 35/534...
2026-07-21 13:23:55,330 [INFO]   Metadata batch 36/534...
2026-07-21 13:24:00,394 [INFO]   Metadata batch 37/534...
2026-07-21 13:24:05,556 [INFO]   Metadata batch 38/534...
2026-07-21 13:24:10,745 [INFO]   Metadata batch 39/534...
2026-07-21 13:24:16,285 [INFO]   Metadata batch 40/534...
2026-07-21 13:24:21,125 [INFO]   Metadata batch 41/534...
2026-07-21 13:24:26,208 [INFO]   Metadata batch 42/534...
2026-07-21 13:24:31,245 [INFO]   Metadata batch 43/534...
2026-07-21 13:24:36,115 [INFO]   Metadata batch 44/534...
2026-07-21 13:24:41,468 [INFO]   Metadata batch 45/534...
2026-07-21 13:24:47,300 [INFO]   Metadata batch 46/534...
2026-07-21 13:24:52,699 [INFO]   Metadata batch 47/534...
2026-07-21 13:24:57,597 [INFO]   Metadata batch 48/534...
2026-07-21 13:25:02,602 [INFO]   Metadata batch 49/534...
2026-07-21 13:25:07,814 [INFO]   Metadata batch 50/534...
2026-07-21 13:25:13,217 [INFO]   Metadata batch 51/534...
2026-07-21 13:25:18,663 [INFO]   Metadata batch 52/534...
2026-07-21 13:25:24,234 [INFO]   Metadata batch 53/534...
2026-07-21 13:25:29,736 [INFO]   Metadata batch 54/534...
2026-07-21 13:25:35,221 [INFO]   Metadata batch 55/534...
2026-07-21 13:25:40,446 [INFO]   Metadata batch 56/534...
2026-07-21 13:25:45,592 [INFO]   Metadata batch 57/534...
2026-07-21 13:25:51,456 [INFO]   Metadata batch 58/534...
2026-07-21 13:25:56,930 [INFO]   Metadata batch 59/534...
2026-07-21 13:26:02,860 [INFO]   Metadata batch 60/534...
2026-07-21 13:26:08,251 [INFO]   Metadata batch 61/534...
2026-07-21 13:26:13,687 [INFO]   Metadata batch 62/534...
2026-07-21 13:26:19,444 [INFO]   Metadata batch 63/534...
2026-07-21 13:26:24,325 [INFO]   Metadata batch 64/534...
2026-07-21 13:26:29,142 [INFO]   Metadata batch 65/534...
2026-07-21 13:26:34,311 [INFO]   Metadata batch 66/534...
2026-07-21 13:26:39,788 [INFO]   Metadata batch 67/534...
2026-07-21 13:26:45,273 [INFO]   Metadata batch 68/534...
2026-07-21 13:26:50,759 [INFO]   Metadata batch 69/534...
2026-07-21 13:26:56,429 [INFO]   Metadata batch 70/534...
2026-07-21 13:27:01,598 [INFO]   Metadata batch 71/534...
2026-07-21 13:27:06,599 [INFO]   Metadata batch 72/534...
2026-07-21 13:27:12,614 [INFO]   Metadata batch 73/534...
2026-07-21 13:27:18,396 [INFO]   Metadata batch 74/534...
2026-07-21 13:27:24,296 [INFO]   Metadata batch 75/534...
2026-07-21 13:27:29,392 [INFO]   Metadata batch 76/534...
2026-07-21 13:27:34,668 [INFO]   Metadata batch 77/534...
2026-07-21 13:27:40,146 [INFO]   Metadata batch 78/534...
2026-07-21 13:27:45,305 [INFO]   Metadata batch 79/534...
2026-07-21 13:27:49,942 [INFO]   Metadata batch 80/534...
2026-07-21 13:27:55,077 [INFO]   Metadata batch 81/534...
2026-07-21 13:28:00,348 [INFO]   Metadata batch 82/534...
2026-07-21 13:28:05,673 [INFO]   Metadata batch 83/534...
2026-07-21 13:28:11,417 [INFO]   Metadata batch 84/534...
2026-07-21 13:28:16,410 [INFO]   Metadata batch 85/534...
2026-07-21 13:28:21,982 [INFO]   Metadata batch 86/534...
2026-07-21 13:28:26,925 [INFO]   Metadata batch 87/534...
2026-07-21 13:28:31,811 [INFO]   Metadata batch 88/534...
2026-07-21 13:28:37,230 [INFO]   Metadata batch 89/534...
2026-07-21 13:28:42,822 [INFO]   Metadata batch 90/534...
2026-07-21 13:28:48,822 [INFO]   Metadata batch 91/534...
2026-07-21 13:28:53,787 [INFO]   Metadata batch 92/534...
2026-07-21 13:28:58,999 [INFO]   Metadata batch 93/534...
2026-07-21 13:29:04,362 [INFO]   Metadata batch 94/534...
2026-07-21 13:29:09,450 [INFO]   Metadata batch 95/534...
2026-07-21 13:29:14,839 [INFO]   Metadata batch 96/534...
2026-07-21 13:29:20,040 [INFO]   Metadata batch 97/534...
2026-07-21 13:29:26,057 [INFO]   Metadata batch 98/534...
2026-07-21 13:29:30,856 [INFO]   Metadata batch 99/534...
2026-07-21 13:29:36,746 [INFO]   Metadata batch 100/534...
2026-07-21 13:29:42,320 [INFO]   Metadata batch 101/534...
2026-07-21 13:29:47,041 [INFO]   Metadata batch 102/534...
2026-07-21 13:29:52,871 [INFO]   Metadata batch 103/534...
2026-07-21 13:29:57,918 [INFO]   Metadata batch 104/534...
2026-07-21 13:30:03,388 [INFO]   Metadata batch 105/534...
2026-07-21 13:30:08,647 [INFO]   Metadata batch 106/534...
2026-07-21 13:30:14,019 [INFO]   Metadata batch 107/534...
2026-07-21 13:30:19,596 [INFO]   Metadata batch 108/534...
2026-07-21 13:30:25,201 [INFO]   Metadata batch 109/534...
2026-07-21 13:30:30,831 [INFO]   Metadata batch 110/534...
2026-07-21 13:30:37,351 [INFO]   Metadata batch 111/534...
2026-07-21 13:30:42,922 [INFO]   Metadata batch 112/534...
2026-07-21 13:30:48,914 [INFO]   Metadata batch 113/534...
2026-07-21 13:30:54,578 [INFO]   Metadata batch 114/534...
2026-07-21 13:30:59,839 [INFO]   Metadata batch 115/534...
2026-07-21 13:31:06,033 [INFO]   Metadata batch 116/534...
2026-07-21 13:31:12,199 [INFO]   Metadata batch 117/534...
2026-07-21 13:31:17,585 [INFO]   Metadata batch 118/534...
2026-07-21 13:31:23,562 [INFO]   Metadata batch 119/534...
2026-07-21 13:31:29,514 [INFO]   Metadata batch 120/534...
2026-07-21 13:31:35,799 [INFO]   Metadata batch 121/534...
2026-07-21 13:31:41,732 [INFO]   Metadata batch 122/534...
2026-07-21 13:31:47,752 [INFO]   Metadata batch 123/534...
2026-07-21 13:31:54,104 [INFO]   Metadata batch 124/534...
2026-07-21 13:32:00,664 [INFO]   Metadata batch 125/534...
2026-07-21 13:32:06,494 [INFO]   Metadata batch 126/534...
2026-07-21 13:32:12,983 [INFO]   Metadata batch 127/534...
2026-07-21 13:32:18,536 [INFO]   Metadata batch 128/534...
2026-07-21 13:32:24,225 [INFO]   Metadata batch 129/534...
2026-07-21 13:32:29,487 [INFO]   Metadata batch 130/534...
2026-07-21 13:32:37,208 [INFO]   Metadata batch 131/534...
2026-07-21 13:32:42,458 [INFO]   Metadata batch 132/534...
2026-07-21 13:32:48,206 [INFO]   Metadata batch 133/534...
2026-07-21 13:32:53,511 [INFO]   Metadata batch 134/534...
2026-07-21 13:32:58,860 [INFO]   Metadata batch 135/534...
2026-07-21 13:33:04,256 [INFO]   Metadata batch 136/534...
2026-07-21 13:33:09,299 [INFO]   Metadata batch 137/534...
2026-07-21 13:33:14,965 [INFO]   Metadata batch 138/534...
2026-07-21 13:33:20,095 [INFO]   Metadata batch 139/534...
2026-07-21 13:33:25,487 [INFO]   Metadata batch 140/534...
2026-07-21 13:33:30,593 [INFO]   Metadata batch 141/534...
2026-07-21 13:33:35,587 [INFO]   Metadata batch 142/534...
2026-07-21 13:33:40,514 [INFO]   Metadata batch 143/534...
2026-07-21 13:33:45,480 [INFO]   Metadata batch 144/534...
2026-07-21 13:33:51,016 [INFO]   Metadata batch 145/534...
2026-07-21 13:33:56,313 [INFO]   Metadata batch 146/534...
2026-07-21 13:34:01,328 [INFO]   Metadata batch 147/534...
2026-07-21 13:34:06,550 [INFO]   Metadata batch 148/534...
2026-07-21 13:34:11,785 [INFO]   Metadata batch 149/534...
2026-07-21 13:34:17,111 [INFO]   Metadata batch 150/534...
2026-07-21 13:34:23,013 [INFO]   Metadata batch 151/534...
2026-07-21 13:34:28,091 [INFO]   Metadata batch 152/534...
2026-07-21 13:34:33,363 [INFO]   Metadata batch 153/534...
2026-07-21 13:34:38,613 [INFO]   Metadata batch 154/534...
2026-07-21 13:34:44,099 [INFO]   Metadata batch 155/534...
2026-07-21 13:34:49,410 [INFO]   Metadata batch 156/534...
2026-07-21 13:34:54,510 [INFO]   Metadata batch 157/534...
2026-07-21 13:34:59,784 [INFO]   Metadata batch 158/534...
2026-07-21 13:35:04,448 [INFO]   Metadata batch 159/534...
2026-07-21 13:35:10,162 [INFO]   Metadata batch 160/534...
2026-07-21 13:35:15,159 [INFO]   Metadata batch 161/534...
2026-07-21 13:35:21,200 [INFO]   Metadata batch 162/534...
2026-07-21 13:35:26,319 [INFO]   Metadata batch 163/534...
2026-07-21 13:35:32,178 [INFO]   Metadata batch 164/534...
2026-07-21 13:35:37,900 [INFO]   Metadata batch 165/534...
2026-07-21 13:35:43,830 [INFO]   Metadata batch 166/534...
2026-07-21 13:35:49,551 [INFO]   Metadata batch 167/534...
2026-07-21 13:35:54,878 [INFO]   Metadata batch 168/534...
2026-07-21 13:35:59,981 [INFO]   Metadata batch 169/534...
2026-07-21 13:36:05,340 [INFO]   Metadata batch 170/534...
2026-07-21 13:36:10,428 [INFO]   Metadata batch 171/534...
2026-07-21 13:36:16,055 [INFO]   Metadata batch 172/534...
2026-07-21 13:36:21,291 [INFO]   Metadata batch 173/534...
2026-07-21 13:36:26,798 [INFO]   Metadata batch 174/534...
2026-07-21 13:36:32,289 [INFO]   Metadata batch 175/534...
2026-07-21 13:36:37,427 [INFO]   Metadata batch 176/534...
2026-07-21 13:36:42,440 [INFO]   Metadata batch 177/534...
2026-07-21 13:36:47,338 [INFO]   Metadata batch 178/534...
2026-07-21 13:36:52,398 [INFO]   Metadata batch 179/534...
2026-07-21 13:36:57,495 [INFO]   Metadata batch 180/534...
2026-07-21 13:37:02,405 [INFO]   Metadata batch 181/534...
2026-07-21 13:37:07,701 [INFO]   Metadata batch 182/534...
2026-07-21 13:37:12,429 [INFO]   Metadata batch 183/534...
2026-07-21 13:37:18,428 [INFO]   Metadata batch 184/534...
2026-07-21 13:37:23,579 [INFO]   Metadata batch 185/534...
2026-07-21 13:37:29,169 [INFO]   Metadata batch 186/534...
2026-07-21 13:37:34,150 [INFO]   Metadata batch 187/534...
2026-07-21 13:37:39,393 [INFO]   Metadata batch 188/534...
2026-07-21 13:37:44,489 [INFO]   Metadata batch 189/534...
2026-07-21 13:37:48,966 [INFO]   Metadata batch 190/534...
2026-07-21 13:37:54,637 [INFO]   Metadata batch 191/534...
2026-07-21 13:37:59,327 [INFO]   Metadata batch 192/534...
2026-07-21 13:38:04,837 [INFO]   Metadata batch 193/534...
2026-07-21 13:38:10,049 [INFO]   Metadata batch 194/534...
2026-07-21 13:38:15,444 [INFO]   Metadata batch 195/534...
2026-07-21 13:38:20,290 [INFO]   Metadata batch 196/534...
2026-07-21 13:38:26,255 [INFO]   Metadata batch 197/534...
2026-07-21 13:38:31,302 [INFO]   Metadata batch 198/534...
2026-07-21 13:38:36,147 [INFO]   Metadata batch 199/534...
2026-07-21 13:38:41,094 [INFO]   Metadata batch 200/534...
2026-07-21 13:38:46,403 [INFO]   Metadata batch 201/534...
2026-07-21 13:38:51,159 [INFO]   Metadata batch 202/534...
2026-07-21 13:38:55,815 [INFO]   Metadata batch 203/534...
2026-07-21 13:39:01,178 [INFO]   Metadata batch 204/534...
2026-07-21 13:39:06,088 [INFO]   Metadata batch 205/534...
2026-07-21 13:39:11,779 [INFO]   Metadata batch 206/534...
2026-07-21 13:39:17,011 [INFO]   Metadata batch 207/534...
2026-07-21 13:39:21,848 [INFO]   Metadata batch 208/534...
2026-07-21 13:39:27,101 [INFO]   Metadata batch 209/534...
2026-07-21 13:39:32,584 [INFO]   Metadata batch 210/534...
2026-07-21 13:39:37,715 [INFO]   Metadata batch 211/534...
2026-07-21 13:39:42,617 [INFO]   Metadata batch 212/534...
2026-07-21 13:39:48,764 [INFO]   Metadata batch 213/534...
2026-07-21 13:39:54,126 [INFO]   Metadata batch 214/534...
2026-07-21 13:39:59,131 [INFO]   Metadata batch 215/534...
2026-07-21 13:40:03,956 [INFO]   Metadata batch 216/534...
2026-07-21 13:40:09,764 [INFO]   Metadata batch 217/534...
2026-07-21 13:40:15,553 [INFO]   Metadata batch 218/534...
2026-07-21 13:40:21,107 [INFO]   Metadata batch 219/534...
2026-07-21 13:40:26,515 [INFO]   Metadata batch 220/534...
2026-07-21 13:40:31,739 [INFO]   Metadata batch 221/534...
2026-07-21 13:40:36,874 [INFO]   Metadata batch 222/534...
2026-07-21 13:40:42,996 [INFO]   Metadata batch 223/534...
2026-07-21 13:40:48,493 [INFO]   Metadata batch 224/534...
2026-07-21 13:40:53,483 [INFO]   Metadata batch 225/534...
2026-07-21 13:40:58,279 [INFO]   Metadata batch 226/534...
2026-07-21 13:41:05,233 [INFO]   Metadata batch 227/534...
2026-07-21 13:41:10,493 [INFO]   Metadata batch 228/534...
2026-07-21 13:41:15,982 [INFO]   Metadata batch 229/534...
2026-07-21 13:41:21,430 [INFO]   Metadata batch 230/534...
2026-07-21 13:41:27,082 [INFO]   Metadata batch 231/534...
2026-07-21 13:41:32,260 [INFO]   Metadata batch 232/534...
2026-07-21 13:41:37,585 [INFO]   Metadata batch 233/534...
2026-07-21 13:41:42,365 [INFO]   Metadata batch 234/534...
2026-07-21 13:41:47,618 [INFO]   Metadata batch 235/534...
2026-07-21 13:41:52,909 [INFO]   Metadata batch 236/534...
2026-07-21 13:41:57,933 [INFO]   Metadata batch 237/534...
2026-07-21 13:42:02,776 [INFO]   Metadata batch 238/534...
2026-07-21 13:42:08,581 [INFO]   Metadata batch 239/534...
2026-07-21 13:42:13,769 [INFO]   Metadata batch 240/534...
2026-07-21 13:42:19,194 [INFO]   Metadata batch 241/534...
2026-07-21 13:42:25,094 [INFO]   Metadata batch 242/534...
2026-07-21 13:42:30,256 [INFO]   Metadata batch 243/534...
2026-07-21 13:42:35,767 [INFO]   Metadata batch 244/534...
2026-07-21 13:42:40,477 [INFO]   Metadata batch 245/534...
2026-07-21 13:42:45,893 [INFO]   Metadata batch 246/534...
2026-07-21 13:42:51,059 [INFO]   Metadata batch 247/534...
2026-07-21 13:42:56,257 [INFO]   Metadata batch 248/534...
2026-07-21 13:43:01,506 [INFO]   Metadata batch 249/534...
2026-07-21 13:43:06,744 [INFO]   Metadata batch 250/534...
2026-07-21 13:43:11,624 [INFO]   Metadata batch 251/534...
2026-07-21 13:43:17,136 [INFO]   Metadata batch 252/534...
2026-07-21 13:43:22,423 [INFO]   Metadata batch 253/534...
2026-07-21 13:43:27,331 [INFO]   Metadata batch 254/534...
2026-07-21 13:43:32,719 [INFO]   Metadata batch 255/534...
2026-07-21 13:43:38,581 [INFO]   Metadata batch 256/534...
2026-07-21 13:43:43,832 [INFO]   Metadata batch 257/534...
2026-07-21 13:43:49,180 [INFO]   Metadata batch 258/534...
2026-07-21 13:43:54,009 [INFO]   Metadata batch 259/534...
2026-07-21 13:43:59,448 [INFO]   Metadata batch 260/534...
2026-07-21 13:44:04,603 [INFO]   Metadata batch 261/534...
2026-07-21 13:44:09,835 [INFO]   Metadata batch 262/534...
2026-07-21 13:44:14,338 [INFO]   Metadata batch 263/534...
2026-07-21 13:44:19,148 [INFO]   Metadata batch 264/534...
2026-07-21 13:44:24,061 [INFO]   Metadata batch 265/534...
2026-07-21 13:44:29,219 [INFO]   Metadata batch 266/534...
2026-07-21 13:44:34,906 [INFO]   Metadata batch 267/534...
2026-07-21 13:44:39,609 [INFO]   Metadata batch 268/534...
2026-07-21 13:44:44,495 [INFO]   Metadata batch 269/534...
2026-07-21 13:44:49,671 [INFO]   Metadata batch 270/534...
2026-07-21 13:44:55,172 [INFO]   Metadata batch 271/534...
2026-07-21 13:45:00,319 [INFO]   Metadata batch 272/534...
2026-07-21 13:45:05,413 [INFO]   Metadata batch 273/534...
2026-07-21 13:45:10,706 [INFO]   Metadata batch 274/534...
2026-07-21 13:45:16,263 [INFO]   Metadata batch 275/534...
2026-07-21 13:45:21,593 [INFO]   Metadata batch 276/534...
2026-07-21 13:45:27,009 [INFO]   Metadata batch 277/534...
2026-07-21 13:45:32,084 [INFO]   Metadata batch 278/534...
2026-07-21 13:45:37,179 [INFO]   Metadata batch 279/534...
2026-07-21 13:45:41,782 [INFO]   Metadata batch 280/534...
2026-07-21 13:45:47,185 [INFO]   Metadata batch 281/534...
2026-07-21 13:45:52,439 [INFO]   Metadata batch 282/534...
2026-07-21 13:45:57,832 [INFO]   Metadata batch 283/534...
2026-07-21 13:46:02,958 [INFO]   Metadata batch 284/534...
2026-07-21 13:46:07,970 [INFO]   Metadata batch 285/534...
2026-07-21 13:46:13,426 [INFO]   Metadata batch 286/534...
2026-07-21 13:46:18,799 [INFO]   Metadata batch 287/534...
2026-07-21 13:46:24,264 [INFO]   Metadata batch 288/534...
2026-07-21 13:46:29,281 [INFO]   Metadata batch 289/534...
2026-07-21 13:46:34,928 [INFO]   Metadata batch 290/534...
2026-07-21 13:46:41,355 [INFO]   Metadata batch 291/534...
2026-07-21 13:46:46,610 [INFO]   Metadata batch 292/534...
2026-07-21 13:46:52,207 [INFO]   Metadata batch 293/534...
2026-07-21 13:46:56,674 [INFO]   Metadata batch 294/534...
2026-07-21 13:47:02,368 [INFO]   Metadata batch 295/534...
2026-07-21 13:47:07,307 [INFO]   Metadata batch 296/534...
2026-07-21 13:47:12,753 [INFO]   Metadata batch 297/534...
2026-07-21 13:47:17,923 [INFO]   Metadata batch 298/534...
2026-07-21 13:47:23,255 [INFO]   Metadata batch 299/534...
2026-07-21 13:47:28,994 [INFO]   Metadata batch 300/534...
2026-07-21 13:47:34,392 [INFO]   Metadata batch 301/534...
2026-07-21 13:47:39,539 [INFO]   Metadata batch 302/534...
2026-07-21 13:47:45,036 [INFO]   Metadata batch 303/534...
2026-07-21 13:47:50,545 [INFO]   Metadata batch 304/534...
2026-07-21 13:47:55,320 [INFO]   Metadata batch 305/534...
2026-07-21 13:48:01,249 [INFO]   Metadata batch 306/534...
2026-07-21 13:48:06,595 [INFO]   Metadata batch 307/534...
2026-07-21 13:48:13,266 [INFO]   Metadata batch 308/534...
2026-07-21 13:48:18,171 [INFO]   Metadata batch 309/534...
2026-07-21 13:48:23,579 [INFO]   Metadata batch 310/534...
2026-07-21 13:48:29,027 [INFO]   Metadata batch 311/534...
2026-07-21 13:48:34,105 [INFO]   Metadata batch 312/534...
2026-07-21 13:48:39,130 [INFO]   Metadata batch 313/534...
2026-07-21 13:48:44,284 [INFO]   Metadata batch 314/534...
2026-07-21 13:48:49,306 [INFO]   Metadata batch 315/534...
2026-07-21 13:48:54,462 [INFO]   Metadata batch 316/534...
2026-07-21 13:49:00,257 [INFO]   Metadata batch 317/534...
2026-07-21 13:49:05,292 [INFO]   Metadata batch 318/534...
2026-07-21 13:49:10,933 [INFO]   Metadata batch 319/534...
2026-07-21 13:49:16,104 [INFO]   Metadata batch 320/534...
2026-07-21 13:49:21,932 [INFO]   Metadata batch 321/534...
2026-07-21 13:49:27,562 [INFO]   Metadata batch 322/534...
2026-07-21 13:49:33,102 [INFO]   Metadata batch 323/534...
2026-07-21 13:49:37,690 [INFO]   Metadata batch 324/534...
2026-07-21 13:49:43,472 [INFO]   Metadata batch 325/534...
2026-07-21 13:49:49,138 [INFO]   Metadata batch 326/534...
2026-07-21 13:49:54,432 [INFO]   Metadata batch 327/534...
2026-07-21 13:49:59,454 [INFO]   Metadata batch 328/534...
2026-07-21 13:50:04,510 [INFO]   Metadata batch 329/534...
2026-07-21 13:50:10,520 [INFO]   Metadata batch 330/534...
2026-07-21 13:50:15,978 [INFO]   Metadata batch 331/534...
2026-07-21 13:50:21,425 [INFO]   Metadata batch 332/534...
2026-07-21 13:50:27,108 [INFO]   Metadata batch 333/534...
2026-07-21 13:50:32,792 [INFO]   Metadata batch 334/534...
2026-07-21 13:50:37,594 [INFO]   Metadata batch 335/534...
2026-07-21 13:50:42,896 [INFO]   Metadata batch 336/534...
2026-07-21 13:50:47,864 [INFO]   Metadata batch 337/534...
2026-07-21 13:50:53,077 [INFO]   Metadata batch 338/534...
2026-07-21 13:50:58,055 [INFO]   Metadata batch 339/534...
2026-07-21 13:51:02,966 [INFO]   Metadata batch 340/534...
2026-07-21 13:51:08,034 [INFO]   Metadata batch 341/534...
2026-07-21 13:51:13,368 [INFO]   Metadata batch 342/534...
2026-07-21 13:51:18,280 [INFO]   Metadata batch 343/534...
2026-07-21 13:51:23,161 [INFO]   Metadata batch 344/534...
2026-07-21 13:51:28,764 [INFO]   Metadata batch 345/534...
2026-07-21 13:51:33,788 [INFO]   Metadata batch 346/534...
2026-07-21 13:51:39,034 [INFO]   Metadata batch 347/534...
2026-07-21 13:51:44,283 [INFO]   Metadata batch 348/534...
2026-07-21 13:51:49,756 [INFO]   Metadata batch 349/534...
2026-07-21 13:51:54,814 [INFO]   Metadata batch 350/534...
2026-07-21 13:51:59,807 [INFO]   Metadata batch 351/534...
2026-07-21 13:52:04,758 [INFO]   Metadata batch 352/534...
2026-07-21 13:52:09,671 [INFO]   Metadata batch 353/534...
2026-07-21 13:52:15,097 [INFO]   Metadata batch 354/534...
2026-07-21 13:52:20,026 [INFO]   Metadata batch 355/534...
2026-07-21 13:52:25,309 [INFO]   Metadata batch 356/534...
2026-07-21 13:52:30,564 [INFO]   Metadata batch 357/534...
2026-07-21 13:52:35,887 [INFO]   Metadata batch 358/534...
2026-07-21 13:52:41,163 [INFO]   Metadata batch 359/534...
2026-07-21 13:52:46,213 [INFO]   Metadata batch 360/534...
2026-07-21 13:52:51,508 [INFO]   Metadata batch 361/534...
2026-07-21 13:52:56,918 [INFO]   Metadata batch 362/534...
2026-07-21 13:53:01,947 [INFO]   Metadata batch 363/534...
2026-07-21 13:53:07,058 [INFO]   Metadata batch 364/534...
2026-07-21 13:53:12,317 [INFO]   Metadata batch 365/534...
2026-07-21 13:53:17,362 [INFO]   Metadata batch 366/534...
2026-07-21 13:53:22,576 [INFO]   Metadata batch 367/534...
2026-07-21 13:53:27,584 [INFO]   Metadata batch 368/534...
2026-07-21 13:53:32,629 [INFO]   Metadata batch 369/534...
2026-07-21 13:53:38,218 [INFO]   Metadata batch 370/534...
2026-07-21 13:53:42,803 [INFO]   Metadata batch 371/534...
2026-07-21 13:53:48,049 [INFO]   Metadata batch 372/534...
2026-07-21 13:53:53,340 [INFO]   Metadata batch 373/534...
2026-07-21 13:53:58,554 [INFO]   Metadata batch 374/534...
2026-07-21 13:54:03,439 [INFO]   Metadata batch 375/534...
2026-07-21 13:54:08,665 [INFO]   Metadata batch 376/534...
2026-07-21 13:54:14,223 [INFO]   Metadata batch 377/534...
2026-07-21 13:54:19,328 [INFO]   Metadata batch 378/534...
2026-07-21 13:54:24,967 [INFO]   Metadata batch 379/534...
2026-07-21 13:54:30,389 [INFO]   Metadata batch 380/534...
2026-07-21 13:54:35,881 [INFO]   Metadata batch 381/534...
2026-07-21 13:54:40,545 [INFO]   Metadata batch 382/534...
2026-07-21 13:54:45,716 [INFO]   Metadata batch 383/534...
2026-07-21 13:54:51,468 [INFO]   Metadata batch 384/534...
2026-07-21 13:54:56,453 [INFO]   Metadata batch 385/534...
2026-07-21 13:55:01,996 [INFO]   Metadata batch 386/534...
2026-07-21 13:55:07,361 [INFO]   Metadata batch 387/534...
2026-07-21 13:55:12,413 [INFO]   Metadata batch 388/534...
2026-07-21 13:55:18,019 [INFO]   Metadata batch 389/534...
2026-07-21 13:55:23,192 [INFO]   Metadata batch 390/534...
2026-07-21 13:55:28,924 [INFO]   Metadata batch 391/534...
2026-07-21 13:55:34,882 [INFO]   Metadata batch 392/534...
2026-07-21 13:55:40,052 [INFO]   Metadata batch 393/534...
2026-07-21 13:55:45,102 [INFO]   Metadata batch 394/534...
2026-07-21 13:55:50,544 [INFO]   Metadata batch 395/534...
2026-07-21 13:55:55,480 [INFO]   Metadata batch 396/534...
2026-07-21 13:56:00,967 [INFO]   Metadata batch 397/534...
2026-07-21 13:56:05,885 [INFO]   Metadata batch 398/534...
2026-07-21 13:56:11,406 [INFO]   Metadata batch 399/534...
2026-07-21 13:56:16,230 [INFO]   Metadata batch 400/534...
2026-07-21 13:56:21,260 [INFO]   Metadata batch 401/534...
2026-07-21 13:56:26,898 [INFO]   Metadata batch 402/534...
2026-07-21 13:56:32,099 [INFO]   Metadata batch 403/534...
2026-07-21 13:56:37,245 [INFO]   Metadata batch 404/534...
2026-07-21 13:56:43,239 [INFO]   Metadata batch 405/534...
2026-07-21 13:56:48,438 [INFO]   Metadata batch 406/534...
2026-07-21 13:56:53,760 [INFO]   Metadata batch 407/534...
2026-07-21 13:56:59,190 [INFO]   Metadata batch 408/534...
2026-07-21 13:57:04,252 [INFO]   Metadata batch 409/534...
2026-07-21 13:57:09,259 [INFO]   Metadata batch 410/534...
2026-07-21 13:57:14,242 [INFO]   Metadata batch 411/534...
2026-07-21 13:57:19,328 [INFO]   Metadata batch 412/534...
2026-07-21 13:57:24,772 [INFO]   Metadata batch 413/534...
2026-07-21 13:57:30,186 [INFO]   Metadata batch 414/534...
2026-07-21 13:57:34,849 [INFO]   Metadata batch 415/534...
2026-07-21 13:57:39,916 [INFO]   Metadata batch 416/534...
2026-07-21 13:57:45,048 [INFO]   Metadata batch 417/534...
2026-07-21 13:57:50,200 [INFO]   Metadata batch 418/534...
2026-07-21 13:57:55,735 [INFO]   Metadata batch 419/534...
2026-07-21 13:58:00,486 [INFO]   Metadata batch 420/534...
2026-07-21 13:58:05,961 [INFO]   Metadata batch 421/534...
2026-07-21 13:58:12,437 [INFO]   Metadata batch 422/534...
2026-07-21 13:58:17,915 [INFO]   Metadata batch 423/534...
2026-07-21 13:58:23,511 [INFO]   Metadata batch 424/534...
2026-07-21 13:58:28,473 [INFO]   Metadata batch 425/534...
2026-07-21 13:58:34,138 [INFO]   Metadata batch 426/534...
2026-07-21 13:58:38,972 [INFO]   Metadata batch 427/534...
2026-07-21 13:58:44,220 [INFO]   Metadata batch 428/534...
2026-07-21 13:58:48,616 [INFO]   Metadata batch 429/534...
2026-07-21 13:58:53,398 [INFO]   Metadata batch 430/534...
2026-07-21 13:58:58,749 [INFO]   Metadata batch 431/534...
2026-07-21 13:59:03,715 [INFO]   Metadata batch 432/534...
2026-07-21 13:59:08,826 [INFO]   Metadata batch 433/534...
2026-07-21 13:59:13,971 [INFO]   Metadata batch 434/534...
2026-07-21 13:59:19,388 [INFO]   Metadata batch 435/534...
2026-07-21 13:59:24,262 [INFO]   Metadata batch 436/534...
2026-07-21 13:59:29,937 [INFO]   Metadata batch 437/534...
2026-07-21 13:59:34,776 [INFO]   Metadata batch 438/534...
2026-07-21 13:59:40,152 [INFO]   Metadata batch 439/534...
2026-07-21 13:59:44,578 [INFO]   Metadata batch 440/534...
2026-07-21 13:59:49,331 [INFO]   Metadata batch 441/534...
2026-07-21 13:59:54,063 [INFO]   Metadata batch 442/534...
2026-07-21 13:59:59,231 [INFO]   Metadata batch 443/534...
2026-07-21 14:00:04,650 [INFO]   Metadata batch 444/534...
2026-07-21 14:00:10,563 [INFO]   Metadata batch 445/534...
2026-07-21 14:00:16,220 [INFO]   Metadata batch 446/534...
2026-07-21 14:00:22,222 [INFO]   Metadata batch 447/534...
2026-07-21 14:00:29,218 [INFO]   Metadata batch 448/534...
2026-07-21 14:00:35,453 [INFO]   Metadata batch 449/534...
2026-07-21 14:00:41,263 [INFO]   Metadata batch 450/534...
2026-07-21 14:00:47,473 [INFO]   Metadata batch 451/534...
2026-07-21 14:00:53,090 [INFO]   Metadata batch 452/534...
2026-07-21 14:00:59,453 [INFO]   Metadata batch 453/534...
2026-07-21 14:01:04,842 [INFO]   Metadata batch 454/534...
2026-07-21 14:01:10,949 [INFO]   Metadata batch 455/534...
2026-07-21 14:01:17,154 [INFO]   Metadata batch 456/534...
2026-07-21 14:01:22,917 [INFO]   Metadata batch 457/534...
2026-07-21 14:01:28,401 [INFO]   Metadata batch 458/534...
2026-07-21 14:01:34,318 [INFO]   Metadata batch 459/534...
2026-07-21 14:01:40,296 [INFO]   Metadata batch 460/534...
2026-07-21 14:01:47,471 [INFO]   Metadata batch 461/534...
2026-07-21 14:02:00,161 [INFO]   Metadata batch 462/534...
2026-07-21 14:02:06,155 [INFO]   Metadata batch 463/534...
2026-07-21 14:02:12,685 [INFO]   Metadata batch 464/534...
2026-07-21 14:02:18,437 [INFO]   Metadata batch 465/534...
2026-07-21 14:02:24,118 [INFO]   Metadata batch 466/534...
2026-07-21 14:02:29,993 [INFO]   Metadata batch 467/534...
2026-07-21 14:02:35,781 [INFO]   Metadata batch 468/534...
2026-07-21 14:02:41,943 [INFO]   Metadata batch 469/534...
2026-07-21 14:02:48,267 [INFO]   Metadata batch 470/534...
2026-07-21 14:02:53,504 [INFO]   Metadata batch 471/534...
2026-07-21 14:02:59,427 [INFO]   Metadata batch 472/534...
2026-07-21 14:03:05,076 [INFO]   Metadata batch 473/534...
2026-07-21 14:03:11,081 [INFO]   Metadata batch 474/534...
2026-07-21 14:03:17,650 [INFO]   Metadata batch 475/534...
2026-07-21 14:03:23,438 [INFO]   Metadata batch 476/534...
2026-07-21 14:03:29,423 [INFO]   Metadata batch 477/534...
2026-07-21 14:03:35,920 [INFO]   Metadata batch 478/534...
2026-07-21 14:03:41,514 [INFO]   Metadata batch 479/534...
2026-07-21 14:03:46,759 [INFO]   Metadata batch 480/534...
2026-07-21 14:03:52,911 [INFO]   Metadata batch 481/534...
2026-07-21 14:03:59,292 [INFO]   Metadata batch 482/534...
2026-07-21 14:04:04,624 [INFO]   Metadata batch 483/534...
2026-07-21 14:04:10,457 [INFO]   Metadata batch 484/534...
2026-07-21 14:04:16,025 [INFO]   Metadata batch 485/534...
2026-07-21 14:04:22,074 [INFO]   Metadata batch 486/534...
2026-07-21 14:04:27,698 [INFO]   Metadata batch 487/534...
2026-07-21 14:04:33,311 [INFO]   Metadata batch 488/534...
2026-07-21 14:04:38,739 [INFO]   Metadata batch 489/534...
2026-07-21 14:04:44,598 [INFO]   Metadata batch 490/534...
2026-07-21 14:04:50,043 [INFO]   Metadata batch 491/534...
2026-07-21 14:04:56,082 [INFO]   Metadata batch 492/534...
2026-07-21 14:05:02,141 [INFO]   Metadata batch 493/534...
2026-07-21 14:05:07,894 [INFO]   Metadata batch 494/534...
2026-07-21 14:05:13,876 [INFO]   Metadata batch 495/534...
2026-07-21 14:05:20,214 [INFO]   Metadata batch 496/534...
2026-07-21 14:05:26,325 [INFO]   Metadata batch 497/534...
2026-07-21 14:05:32,705 [INFO]   Metadata batch 498/534...
2026-07-21 14:05:38,697 [INFO]   Metadata batch 499/534...
2026-07-21 14:05:44,236 [INFO]   Metadata batch 500/534...
2026-07-21 14:05:49,535 [INFO]   Metadata batch 501/534...
2026-07-21 14:05:55,106 [INFO]   Metadata batch 502/534...
2026-07-21 14:06:00,839 [INFO]   Metadata batch 503/534...
2026-07-21 14:06:07,114 [INFO]   Metadata batch 504/534...
2026-07-21 14:06:12,595 [INFO]   Metadata batch 505/534...
2026-07-21 14:06:18,744 [INFO]   Metadata batch 506/534...
2026-07-21 14:06:24,627 [INFO]   Metadata batch 507/534...
2026-07-21 14:06:30,077 [INFO]   Metadata batch 508/534...
2026-07-21 14:06:36,210 [INFO]   Metadata batch 509/534...
2026-07-21 14:06:42,344 [INFO]   Metadata batch 510/534...
2026-07-21 14:06:48,357 [INFO]   Metadata batch 511/534...
2026-07-21 14:06:54,598 [INFO]   Metadata batch 512/534...
2026-07-21 14:07:00,158 [INFO]   Metadata batch 513/534...
2026-07-21 14:07:05,141 [INFO]   Metadata batch 514/534...
2026-07-21 14:07:10,808 [INFO]   Metadata batch 515/534...
2026-07-21 14:07:16,600 [INFO]   Metadata batch 516/534...
2026-07-21 14:07:21,782 [INFO]   Metadata batch 517/534...
2026-07-21 14:07:27,316 [INFO]   Metadata batch 518/534...
2026-07-21 14:07:32,986 [INFO]   Metadata batch 519/534...
2026-07-21 14:07:38,998 [INFO]   Metadata batch 520/534...
2026-07-21 14:07:45,254 [INFO]   Metadata batch 521/534...
2026-07-21 14:07:50,571 [INFO]   Metadata batch 522/534...
2026-07-21 14:07:56,578 [INFO]   Metadata batch 523/534...
2026-07-21 14:08:01,887 [INFO]   Metadata batch 524/534...
2026-07-21 14:08:07,143 [INFO]   Metadata batch 525/534...
2026-07-21 14:08:14,262 [INFO]   Metadata batch 526/534...
2026-07-21 14:08:20,161 [INFO]   Metadata batch 527/534...
2026-07-21 14:08:25,908 [INFO]   Metadata batch 528/534...
2026-07-21 14:08:31,480 [INFO]   Metadata batch 529/534...
2026-07-21 14:08:37,012 [INFO]   Metadata batch 530/534...
2026-07-21 14:08:43,220 [INFO]   Metadata batch 531/534...
2026-07-21 14:08:49,708 [INFO]   Metadata batch 532/534...
2026-07-21 14:08:55,142 [INFO]   Metadata batch 533/534...
2026-07-21 14:09:01,864 [INFO]   Metadata batch 534/534...
2026-07-21 14:09:05,288 [INFO]   10,660,077 nodes (38,239 Frontiers core)
2026-07-21 14:09:06,710 [INFO] Applying edge weights (temporal decay + self-citation discount)...
2026-07-21 14:10:44,927 [INFO]   Decay mean=0.438  |  Self-citations: 10,102,736
2026-07-21 14:10:45,122 [INFO]   Combined weight mean=0.417
2026-07-21 14:10:46,666 [INFO] Computing bibliographic coupling (min shared refs=3)...
2026-07-21 14:10:46,674 [INFO]   BC batch 1/3...
2026-07-21 14:10:51,268 [INFO]     9,533,103 BC edges
2026-07-21 14:10:51,273 [INFO]   BC batch 2/3...
2026-07-21 14:10:55,199 [INFO]     9,583,899 BC edges
2026-07-21 14:10:55,199 [INFO]   BC batch 3/3...
2026-07-21 14:10:57,935 [INFO]     534,658 BC edges
2026-07-21 14:11:01,604 [INFO]   Total BC edges: 19,651,660
2026-07-21 14:11:01,755 [INFO] Merging direct citation and BC edges...
2026-07-21 14:12:48,013 [INFO]   Merged: 127,554,350 edges (mean weight=0.364)
2026-07-21 14:12:56,626 [INFO] Writing CWTS files to cwts_output/  (10,660,077 nodes)...
2026-07-21 14:14:16,681 [INFO]   pubs.txt        : 10,660,077 rows  (38,239 Frontiers)
2026-07-21 14:14:33,011 [INFO] 10660077 out of 10660077 rows loaded.
2026-07-21 14:14:33,011 [INFO]   → BigQuery: raw_citation_network_data.pubs_raw_20260721_122750
2026-07-21 14:16:07,814 [INFO]   pub_metadata.txt: 10,660,077 rows
2026-07-21 14:17:17,870 [INFO] 10660077 out of 10660077 rows loaded.
2026-07-21 14:17:17,870 [INFO]   → BigQuery: raw_citation_network_data.pub_metadata_raw_20260721_122750
2026-07-21 14:26:02,234 [INFO]   cit_links.txt   : 254,706,396 rows  (127,353,198 unique × 2 directions)
2026-07-21 14:27:14,854 [INFO] 254706396 out of 254706396 rows loaded.
2026-07-21 14:27:14,854 [INFO]   → BigQuery: raw_citation_network_data.cit_links_raw_20260721_122750
2026-07-21 14:27:14,854 [INFO] ============================================================
2026-07-21 14:27:14,854 [INFO] Running CWTS Classification
2026-07-21 14:27:14,854 [INFO] ============================================================
2026-07-21 14:27:14,854 [INFO]   JAR: publicationclassification.jar
2026-07-21 14:27:14,854 [INFO]   Parameters:
2026-07-21 14:27:14,854 [INFO]     largest_component_only: true
2026-07-21 14:27:14,854 [INFO]     iterations: 100
2026-07-21 14:27:14,854 [INFO]     micro_resolution: 5e-4
2026-07-21 14:27:14,854 [INFO]     micro_min_cluster_size: 1000
2026-07-21 14:27:14,854 [INFO]     meso_resolution: 5e-6
2026-07-21 14:27:14,854 [INFO]     meso_min_cluster_size: 5000
2026-07-21 14:27:14,854 [INFO]     macro_resolution: 1e-6
2026-07-21 14:27:14,854 [INFO]     macro_min_cluster_size: 20000
2026-07-21 14:27:14,854 [INFO]   Running command...
2026-07-21 16:11:39,215 [INFO]   Log written to: cwts_logs/cwts_classification_20260721_122750.log
2026-07-21 16:11:39,215 [INFO]   STDOUT: PublicationClassificationCreator version 1.1.0
By Nees Jan van Eck
Centre for Science and Technology Studies (CWTS), Leiden University

Reading citation network from file... Finished!
Reading citation...
2026-07-21 16:11:39,215 [INFO]   Classification complete: cwts_output/classification.txt
2026-07-21 16:11:39,215 [INFO] Uploading classification to BigQuery...
2026-07-21 16:11:40,999 [INFO]   Loaded 10,590,996 rows
2026-07-21 16:11:41,039 [INFO]   Micro clusters: 4,724
2026-07-21 16:11:41,078 [INFO]   Meso clusters:  313
2026-07-21 16:11:41,117 [INFO]   Macro clusters: 50
2026-07-21 16:11:53,027 [INFO] 10590996 out of 10590996 rows loaded.
2026-07-21 16:11:53,027 [INFO]   → BigQuery: raw_citation_network_data.classification_raw_20260721_122750
2026-07-21 16:12:01,696 [INFO] 1 out of 1 rows loaded.
2026-07-21 16:12:01,696 [INFO]   → BigQuery: raw_citation_network_data.run_metadata_20260721_122750
2026-07-21 16:12:01,696 [INFO] Done!!!!
