CWTS Publication Classification
==================================================
Timestamp: 20260818_090851

Parameters
------------------------------
  largest_component_only    : false
  iterations                : 100
  micro_resolution          : 5e-3
  micro_min_cluster_size    : 1000
  meso_resolution           : 5e-5
  meso_min_cluster_size     : 5000
  macro_resolution          : 1e-5
  macro_min_cluster_size    : 2000

Return Code: 0

STDOUT
------------------------------
PublicationClassificationCreator version 1.1.0
By Nees Jan van Eck
Centre for Science and Technology Studies (CWTS), Leiden University

Reading citation network from file... Finished!
Reading citation network from file took 0h 1m 4s.
Citation network:
	Number of publications: 17136717
	Number of citation links: 95322030
	Total publication weight: 17136717
	Total citation link weight: 59020520

Creating publication classification...
	Clustering algorithm: Leiden algorithm
	Number of iterations: 100
	Random seed: 0

Adding micro-level classification...
Creating clustering... Finished! 1157745 clusters created.
Reassigning small clusters... Finished! 194371 clusters remaining.
Adding micro-level classification took 4h 52m 4s.
Micro-level classification:
	Resolution: 0.005
	Threshold: 1000
	Number of clusters: 194371

Adding meso-level classification...
Creating clustering... Finished! 191171 clusters created.
Reassigning small clusters... Finished! 187159 clusters remaining.
Adding meso-level classification took 0h 5m 25s.
Meso-level classification:
	Resolution: 5.0E-5
	Threshold: 5000
	Number of clusters: 187159

Adding macro-level classification...
Creating clustering... Finished! 186545 clusters created.
Reassigning small clusters... Finished! 186545 clusters remaining.
Adding macro-level classification took 0h 3m 49s.
Macro-level classification:
	Resolution: 1.0E-5
	Threshold: 2000
	Number of clusters: 186545

Writing publication classification to file... Finished!
Writing publication classification to file took 0h 0m 3s.

STDERR
------------------------------
(empty)
