2026-07-21 12:18:21,206 [INFO] ============================================================
2026-07-21 12:18:21,206 [INFO] Configuration
2026-07-21 12:18:21,206 [INFO] ============================================================
2026-07-21 12:18:21,206 [INFO]   BQ_PROJECT              : ocean-tech-adv-analytics-p-usr
2026-07-21 12:18:21,206 [INFO]   AIRAK_DATASET           : ocean-breeze-tier-1.airak
2026-07-21 12:18:21,206 [INFO]   NETWORK_MODE            : ego
2026-07-21 12:18:21,206 [INFO]   START_YEAR              : 2026
2026-07-21 12:18:21,206 [INFO]   END_YEAR                : 2026
2026-07-21 12:18:21,206 [INFO]   TOP_N_JOURNALS          : 5
2026-07-21 12:18:21,206 [INFO]   JOURNAL_IDS_OVERRIDE    : 1675037245440,1589137899520,2336462209024,2774548873217,120259084288,764504178688,1005022347264,558345748481
2026-07-21 12:18:21,206 [INFO]   ENABLE_EDGE_WEIGHTS     : True
2026-07-21 12:18:21,206 [INFO]   TEMPORAL_DECAY_TAU      : 5.0
2026-07-21 12:18:21,206 [INFO]   SELF_CITE_JOURNAL_WEIGHT: 0.5
2026-07-21 12:18:21,206 [INFO]   ENABLE_BC_EDGES         : True
2026-07-21 12:18:21,206 [INFO]   BC_MIN_SHARED_REFS      : 3
2026-07-21 12:18:21,206 [INFO]   MAX_EXTERNAL_PAPERS     : 50000
2026-07-21 12:18:21,206 [INFO]   LOG_DIR              : cwts_logs
2026-07-21 12:18:21,206 [INFO]   RUN_CLASSIFICATION      : True
2026-07-21 12:18:21,206 [INFO]   CWTS_JAR_PATH           : publicationclassification.jar
2026-07-21 12:18:21,206 [INFO]   JAVA_HEAP_SIZE          : 
2026-07-21 12:18:21,206 [INFO] ============================================================
2026-07-21 12:18:21,206 [INFO] ============================================================
2026-07-21 12:18:21,206 [INFO] CWTS Export — Edge Weight Builder
2026-07-21 12:18:21,206 [INFO]   Mode: EGO  |  Years: 2026-2026
2026-07-21 12:18:21,206 [INFO]   Edge weights: ON
2026-07-21 12:18:21,206 [INFO] ============================================================
2026-07-21 12:18:21,206 [INFO] Using specified journal IDs: [1675037245440, 1589137899520, 2336462209024, 2774548873217, 120259084288, 764504178688, 1005022347264, 558345748481]
2026-07-21 12:18:21,206 [INFO] Fetching Frontiers publication IDs...
2026-07-21 12:18:24,380 [INFO]   2,960 Frontiers publications
2026-07-21 12:18:24,381 [INFO] Building ego network (top 50,000 external papers)...
2026-07-21 12:18:24,381 [INFO]   Ego batch 1/1...
2026-07-21 12:18:32,632 [INFO]   Raw edges: 98,643
2026-07-21 12:18:32,796 [INFO]   Filtered: 54,938 edges, 52,146 nodes
2026-07-21 12:18:32,803 [INFO] Fetching metadata for 52,146 nodes...
2026-07-21 12:18:32,807 [INFO]   Metadata batch 1/3...
2026-07-21 12:18:38,695 [INFO]   Metadata batch 2/3...
2026-07-21 12:18:44,582 [INFO]   Metadata batch 3/3...
2026-07-21 12:18:49,640 [INFO]   52,146 nodes (2,777 Frontiers core)
2026-07-21 12:18:49,644 [INFO] Applying edge weights (temporal decay + self-citation discount)...
2026-07-21 12:18:49,978 [INFO]   Decay mean=0.221  |  Self-citations: 658
2026-07-21 12:18:49,978 [INFO]   Combined weight mean=0.218
2026-07-21 12:18:49,980 [INFO] Computing bibliographic coupling (min shared refs=3)...
2026-07-21 12:18:49,981 [INFO]   BC batch 1/1...
2026-07-21 12:18:55,964 [INFO]     856 BC edges
2026-07-21 12:18:55,966 [INFO]   Total BC edges: 856
2026-07-21 12:18:55,966 [INFO] Merging direct citation and BC edges...
2026-07-21 12:18:55,998 [INFO]   Merged: 55,357 edges (mean weight=0.218)
2026-07-21 12:18:56,021 [INFO] Writing CWTS files to cwts_output/  (52,146 nodes)...
2026-07-21 12:18:56,472 [INFO]   pubs.txt        : 52,146 rows  (2,777 Frontiers)
2026-07-21 12:19:00,483 [INFO] 52146 out of 52146 rows loaded.
2026-07-21 12:19:00,483 [INFO]   → BigQuery: raw_citation_network_data.pubs_raw_20260721_121821
2026-07-21 12:19:00,943 [INFO]   pub_metadata.txt: 52,146 rows
2026-07-21 12:19:04,831 [INFO] 52146 out of 52146 rows loaded.
2026-07-21 12:19:04,832 [INFO]   → BigQuery: raw_citation_network_data.pub_metadata_raw_20260721_121821
2026-07-21 12:19:05,256 [INFO]   cit_links.txt   : 110,714 rows  (55,357 unique × 2 directions)
2026-07-21 12:19:10,292 [INFO] 110714 out of 110714 rows loaded.
2026-07-21 12:19:10,292 [INFO]   → BigQuery: raw_citation_network_data.cit_links_raw_20260721_121821
2026-07-21 12:19:10,293 [ERROR] CWTS JAR not found at: publicationclassification.jar
2026-07-21 12:19:13,507 [INFO] 1 out of 1 rows loaded.
2026-07-21 12:19:13,507 [INFO]   → BigQuery: raw_citation_network_data.run_metadata_20260721_121821
2026-07-21 12:19:13,507 [INFO] Done!!!!
