CWTS Publication Classification
==================================================
Timestamp: 20260814_130737

Parameters
------------------------------
  largest_component_only    : false
  iterations                : 100
  micro_resolution          : 5e-3
  micro_min_cluster_size    : 1000
  meso_resolution           : 5e-5
  meso_min_cluster_size     : 5000
  macro_resolution          : 1e-5
  macro_min_cluster_size    : 2000

Return Code: 0

STDOUT
------------------------------
PublicationClassificationCreator version 1.1.0
By Nees Jan van Eck
Centre for Science and Technology Studies (CWTS), Leiden University

Reading citation network from file... Finished!
Reading citation network from file took 0h 1m 43s.
Citation network:
	Number of publications: 8851417
	Number of citation links: 160466774
	Total publication weight: 8851417
	Total citation link weight: 38856903

Creating publication classification...
	Clustering algorithm: Leiden algorithm
	Number of iterations: 100
	Random seed: 0

Adding micro-level classification...
Creating clustering... Finished! 545492 clusters created.
Reassigning small clusters... Finished! 45001 clusters remaining.
Adding micro-level classification took 1h 50m 2s.
Micro-level classification:
	Resolution: 0.005
	Threshold: 1000
	Number of clusters: 45001

Adding meso-level classification...
Creating clustering... Finished! 42869 clusters created.
Reassigning small clusters... Finished! 41271 clusters remaining.
Adding meso-level classification took 0h 0m 54s.
Meso-level classification:
	Resolution: 5.0E-5
	Threshold: 5000
	Number of clusters: 41271

Adding macro-level classification...
Creating clustering... Finished! 40896 clusters created.
Reassigning small clusters... Finished! 40896 clusters remaining.
Adding macro-level classification took 0h 0m 17s.
Macro-level classification:
	Resolution: 1.0E-5
	Threshold: 2000
	Number of clusters: 40896

Writing publication classification to file... Finished!
Writing publication classification to file took 0h 0m 1s.

STDERR
------------------------------
(empty)
