2026-07-17 14:26:50,964 [INFO] ============================================================
2026-07-17 14:26:50,964 [INFO] Configuration
2026-07-17 14:26:50,964 [INFO] ============================================================
2026-07-17 14:26:50,964 [INFO]   BQ_PROJECT              : ocean-tech-adv-analytics-p-usr
2026-07-17 14:26:50,964 [INFO]   AIRAK_DATASET           : ocean-breeze-tier-1.airak
2026-07-17 14:26:50,964 [INFO]   NETWORK_MODE            : full
2026-07-17 14:26:50,964 [INFO]   START_YEAR              : 2020
2026-07-17 14:26:50,964 [INFO]   END_YEAR                : 2026
2026-07-17 14:26:50,964 [INFO]   TOP_N_JOURNALS          : 5
2026-07-17 14:26:50,964 [INFO]   JOURNAL_IDS_OVERRIDE    : 1675037245440,1589137899520,2336462209024,2774548873217,120259084288,764504178688,1005022347264,558345748481
2026-07-17 14:26:50,964 [INFO]   ENABLE_EDGE_WEIGHTS     : True
2026-07-17 14:26:50,965 [INFO]   TEMPORAL_DECAY_TAU      : 5.0
2026-07-17 14:26:50,965 [INFO]   SELF_CITE_JOURNAL_WEIGHT: 0.5
2026-07-17 14:26:50,965 [INFO]   ENABLE_BC_EDGES         : True
2026-07-17 14:26:50,965 [INFO]   BC_MIN_SHARED_REFS      : 3
2026-07-17 14:26:50,965 [INFO]   MAX_EXTERNAL_PAPERS     : 50000
2026-07-17 14:26:50,965 [INFO]   OUTPUT_DIR              : cwts_output
2026-07-17 14:26:50,965 [INFO]   RUN_CLASSIFICATION      : False
2026-07-17 14:26:50,965 [INFO] ============================================================
2026-07-17 14:26:50,965 [INFO] ============================================================
2026-07-17 14:26:50,965 [INFO] CWTS Export — Edge Weight Builder
2026-07-17 14:26:50,965 [INFO]   Mode: FULL  |  Years: 2020-2026
2026-07-17 14:26:50,965 [INFO]   Edge weights: ON
2026-07-17 14:26:50,965 [INFO] ============================================================
2026-07-17 14:26:50,965 [INFO] Using specified journal IDs: [1675037245440, 1589137899520, 2336462209024, 2774548873217, 120259084288, 764504178688, 1005022347264, 558345748481]
2026-07-17 14:26:50,965 [INFO] Fetching Frontiers publication IDs...
2026-07-17 14:26:53,715 [INFO]   41,071 Frontiers publications
2026-07-17 14:26:53,715 [INFO] Building full network (Frontiers + related journals)...
2026-07-17 14:26:53,715 [INFO]   Finding journals citing Frontiers...
2026-07-17 14:26:57,574 [INFO]   Finding journals cited by Frontiers...
2026-07-17 14:27:02,218 [INFO]   2019 journals in network (2011 related + 8 Frontiers)
2026-07-17 14:27:12,524 [INFO]   13,933,678 publications
2026-07-17 14:27:12,964 [INFO]   Citation batch 1/279...
2026-07-17 14:27:23,776 [INFO]   Citation batch 2/279...
2026-07-17 14:27:36,279 [INFO]   Citation batch 3/279...
2026-07-17 14:27:47,405 [INFO]   Citation batch 4/279...
2026-07-17 14:27:57,164 [INFO]   Citation batch 5/279...
2026-07-17 14:28:07,815 [INFO]   Citation batch 6/279...
2026-07-17 14:28:20,256 [INFO]   Citation batch 7/279...
2026-07-17 14:28:29,660 [INFO]   Citation batch 8/279...
2026-07-17 14:28:38,882 [INFO]   Citation batch 9/279...
2026-07-17 14:28:49,238 [INFO]   Citation batch 10/279...
2026-07-17 14:28:58,851 [INFO]   Citation batch 11/279...
2026-07-17 14:29:10,082 [INFO]   Citation batch 12/279...
2026-07-17 14:29:22,363 [INFO]   Citation batch 13/279...
2026-07-17 14:29:36,075 [INFO]   Citation batch 14/279...
2026-07-17 14:29:48,249 [INFO]   Citation batch 15/279...
2026-07-17 14:29:56,911 [INFO]   Citation batch 16/279...
2026-07-17 14:30:05,764 [INFO]   Citation batch 17/279...
2026-07-17 14:30:15,391 [INFO]   Citation batch 18/279...
2026-07-17 14:30:25,149 [INFO]   Citation batch 19/279...
2026-07-17 14:30:33,427 [INFO]   Citation batch 20/279...
2026-07-17 14:30:42,991 [INFO]   Citation batch 21/279...
2026-07-17 14:30:53,775 [INFO]   Citation batch 22/279...
2026-07-17 14:31:03,534 [INFO]   Citation batch 23/279...
2026-07-17 14:31:14,430 [INFO]   Citation batch 24/279...
2026-07-17 14:31:25,965 [INFO]   Citation batch 25/279...
2026-07-17 14:31:35,423 [INFO]   Citation batch 26/279...
2026-07-17 14:31:47,721 [INFO]   Citation batch 27/279...
2026-07-17 14:31:58,751 [INFO]   Citation batch 28/279...
2026-07-17 14:32:08,833 [INFO]   Citation batch 29/279...
2026-07-17 14:32:19,485 [INFO]   Citation batch 30/279...
2026-07-17 14:32:30,591 [INFO]   Citation batch 31/279...
2026-07-17 14:32:41,661 [INFO]   Citation batch 32/279...
2026-07-17 14:32:52,327 [INFO]   Citation batch 33/279...
2026-07-17 14:33:03,465 [INFO]   Citation batch 34/279...
2026-07-17 14:33:14,896 [INFO]   Citation batch 35/279...
2026-07-17 14:33:26,140 [INFO]   Citation batch 36/279...
2026-07-17 14:33:36,563 [INFO]   Citation batch 37/279...
2026-07-17 14:33:47,299 [INFO]   Citation batch 38/279...
2026-07-17 14:34:07,016 [INFO]   Citation batch 39/279...
2026-07-17 14:34:16,370 [INFO]   Citation batch 40/279...
2026-07-17 14:34:27,302 [INFO]   Citation batch 41/279...
2026-07-17 14:34:37,139 [INFO]   Citation batch 42/279...
2026-07-17 14:34:47,827 [INFO]   Citation batch 43/279...
2026-07-17 14:34:58,164 [INFO]   Citation batch 44/279...
2026-07-17 14:35:08,463 [INFO]   Citation batch 45/279...
2026-07-17 14:35:19,600 [INFO]   Citation batch 46/279...
2026-07-17 14:35:31,118 [INFO]   Citation batch 47/279...
2026-07-17 14:35:43,949 [INFO]   Citation batch 48/279...
2026-07-17 14:35:54,003 [INFO]   Citation batch 49/279...
2026-07-17 14:36:03,623 [INFO]   Citation batch 50/279...
2026-07-17 14:36:15,692 [INFO]   Citation batch 51/279...
2026-07-17 14:36:25,690 [INFO]   Citation batch 52/279...
2026-07-17 14:36:36,089 [INFO]   Citation batch 53/279...
2026-07-17 14:36:46,849 [INFO]   Citation batch 54/279...
2026-07-17 14:36:58,127 [INFO]   Citation batch 55/279...
2026-07-17 14:37:09,626 [INFO]   Citation batch 56/279...
2026-07-17 14:37:20,572 [INFO]   Citation batch 57/279...
2026-07-17 14:37:29,915 [INFO]   Citation batch 58/279...
2026-07-17 14:37:40,494 [INFO]   Citation batch 59/279...
2026-07-17 14:37:50,931 [INFO]   Citation batch 60/279...
2026-07-17 14:38:01,403 [INFO]   Citation batch 61/279...
2026-07-17 14:38:12,951 [INFO]   Citation batch 62/279...
2026-07-17 14:38:24,739 [INFO]   Citation batch 63/279...
2026-07-17 14:38:36,019 [INFO]   Citation batch 64/279...
2026-07-17 14:38:48,516 [INFO]   Citation batch 65/279...
2026-07-17 14:39:00,713 [INFO]   Citation batch 66/279...
2026-07-17 14:39:14,276 [INFO]   Citation batch 67/279...
2026-07-17 14:39:23,889 [INFO]   Citation batch 68/279...
2026-07-17 14:39:35,141 [INFO]   Citation batch 69/279...
2026-07-17 14:39:46,637 [INFO]   Citation batch 70/279...
2026-07-17 14:39:58,218 [INFO]   Citation batch 71/279...
2026-07-17 14:40:08,515 [INFO]   Citation batch 72/279...
2026-07-17 14:40:19,635 [INFO]   Citation batch 73/279...
2026-07-17 14:40:32,126 [INFO]   Citation batch 74/279...
2026-07-17 14:40:41,196 [INFO]   Citation batch 75/279...
2026-07-17 14:40:51,359 [INFO]   Citation batch 76/279...
2026-07-17 14:41:03,563 [INFO]   Citation batch 77/279...
2026-07-17 14:41:13,631 [INFO]   Citation batch 78/279...
2026-07-17 14:41:23,894 [INFO]   Citation batch 79/279...
2026-07-17 14:41:33,506 [INFO]   Citation batch 80/279...
2026-07-17 14:41:42,720 [INFO]   Citation batch 81/279...
2026-07-17 14:41:52,566 [INFO]   Citation batch 82/279...
2026-07-17 14:42:02,445 [INFO]   Citation batch 83/279...
2026-07-17 14:42:11,521 [INFO]   Citation batch 84/279...
2026-07-17 14:42:22,750 [INFO]   Citation batch 85/279...
2026-07-17 14:42:32,416 [INFO]   Citation batch 86/279...
2026-07-17 14:42:41,779 [INFO]   Citation batch 87/279...
2026-07-17 14:42:51,023 [INFO]   Citation batch 88/279...
2026-07-17 14:43:01,062 [INFO]   Citation batch 89/279...
2026-07-17 14:43:11,218 [INFO]   Citation batch 90/279...
2026-07-17 14:43:20,554 [INFO]   Citation batch 91/279...
2026-07-17 14:43:30,286 [INFO]   Citation batch 92/279...
2026-07-17 14:43:38,929 [INFO]   Citation batch 93/279...
2026-07-17 14:43:47,367 [INFO]   Citation batch 94/279...
2026-07-17 14:43:58,721 [INFO]   Citation batch 95/279...
2026-07-17 14:44:07,665 [INFO]   Citation batch 96/279...
2026-07-17 14:44:17,790 [INFO]   Citation batch 97/279...
2026-07-17 14:44:27,194 [INFO]   Citation batch 98/279...
2026-07-17 14:44:37,224 [INFO]   Citation batch 99/279...
2026-07-17 14:44:48,976 [INFO]   Citation batch 100/279...
2026-07-17 14:44:59,151 [INFO]   Citation batch 101/279...
2026-07-17 14:45:10,730 [INFO]   Citation batch 102/279...
2026-07-17 14:45:21,957 [INFO]   Citation batch 103/279...
2026-07-17 14:45:33,369 [INFO]   Citation batch 104/279...
2026-07-17 14:45:44,611 [INFO]   Citation batch 105/279...
2026-07-17 14:45:56,106 [INFO]   Citation batch 106/279...
2026-07-17 14:46:07,682 [INFO]   Citation batch 107/279...
2026-07-17 14:46:17,467 [INFO]   Citation batch 108/279...
2026-07-17 14:46:27,185 [INFO]   Citation batch 109/279...
2026-07-17 14:46:37,480 [INFO]   Citation batch 110/279...
2026-07-17 14:46:48,288 [INFO]   Citation batch 111/279...
2026-07-17 14:46:59,242 [INFO]   Citation batch 112/279...
2026-07-17 14:47:09,138 [INFO]   Citation batch 113/279...
2026-07-17 14:47:18,879 [INFO]   Citation batch 114/279...
2026-07-17 14:47:29,601 [INFO]   Citation batch 115/279...
2026-07-17 14:47:39,904 [INFO]   Citation batch 116/279...
2026-07-17 14:47:50,000 [INFO]   Citation batch 117/279...
2026-07-17 14:48:01,293 [INFO]   Citation batch 118/279...
2026-07-17 14:48:12,723 [INFO]   Citation batch 119/279...
2026-07-17 14:48:22,990 [INFO]   Citation batch 120/279...
2026-07-17 14:48:33,158 [INFO]   Citation batch 121/279...
2026-07-17 14:48:42,638 [INFO]   Citation batch 122/279...
2026-07-17 14:48:51,709 [INFO]   Citation batch 123/279...
2026-07-17 14:49:03,000 [INFO]   Citation batch 124/279...
2026-07-17 14:49:12,858 [INFO]   Citation batch 125/279...
2026-07-17 14:49:23,761 [INFO]   Citation batch 126/279...
2026-07-17 14:49:34,897 [INFO]   Citation batch 127/279...
2026-07-17 14:49:46,775 [INFO]   Citation batch 128/279...
2026-07-17 14:49:56,718 [INFO]   Citation batch 129/279...
2026-07-17 14:50:08,038 [INFO]   Citation batch 130/279...
2026-07-17 14:50:18,136 [INFO]   Citation batch 131/279...
2026-07-17 14:50:28,876 [INFO]   Citation batch 132/279...
2026-07-17 14:50:40,910 [INFO]   Citation batch 133/279...
2026-07-17 14:50:51,424 [INFO]   Citation batch 134/279...
2026-07-17 14:51:02,799 [INFO]   Citation batch 135/279...
2026-07-17 14:51:12,472 [INFO]   Citation batch 136/279...
2026-07-17 14:51:24,282 [INFO]   Citation batch 137/279...
2026-07-17 14:51:34,353 [INFO]   Citation batch 138/279...
2026-07-17 14:51:44,755 [INFO]   Citation batch 139/279...
2026-07-17 14:51:55,793 [INFO]   Citation batch 140/279...
2026-07-17 14:52:06,779 [INFO]   Citation batch 141/279...
2026-07-17 14:52:17,346 [INFO]   Citation batch 142/279...
2026-07-17 14:52:26,777 [INFO]   Citation batch 143/279...
2026-07-17 14:52:38,866 [INFO]   Citation batch 144/279...
2026-07-17 14:52:49,022 [INFO]   Citation batch 145/279...
2026-07-17 14:52:59,430 [INFO]   Citation batch 146/279...
2026-07-17 14:53:07,870 [INFO]   Citation batch 147/279...
2026-07-17 14:53:17,924 [INFO]   Citation batch 148/279...
2026-07-17 14:53:26,742 [INFO]   Citation batch 149/279...
2026-07-17 14:53:36,759 [INFO]   Citation batch 150/279...
2026-07-17 14:53:46,542 [INFO]   Citation batch 151/279...
2026-07-17 14:53:57,318 [INFO]   Citation batch 152/279...
2026-07-17 14:54:08,359 [INFO]   Citation batch 153/279...
2026-07-17 14:54:20,066 [INFO]   Citation batch 154/279...
2026-07-17 14:54:29,672 [INFO]   Citation batch 155/279...
2026-07-17 14:54:39,924 [INFO]   Citation batch 156/279...
2026-07-17 14:54:48,574 [INFO]   Citation batch 157/279...
2026-07-17 14:54:59,336 [INFO]   Citation batch 158/279...
2026-07-17 14:55:07,916 [INFO]   Citation batch 159/279...
2026-07-17 14:55:16,921 [INFO]   Citation batch 160/279...
2026-07-17 14:55:28,749 [INFO]   Citation batch 161/279...
2026-07-17 14:55:40,280 [INFO]   Citation batch 162/279...
2026-07-17 14:55:50,397 [INFO]   Citation batch 163/279...
2026-07-17 14:55:59,559 [INFO]   Citation batch 164/279...
2026-07-17 14:56:10,822 [INFO]   Citation batch 165/279...
2026-07-17 14:56:20,889 [INFO]   Citation batch 166/279...
2026-07-17 14:56:30,014 [INFO]   Citation batch 167/279...
2026-07-17 14:56:39,850 [INFO]   Citation batch 168/279...
2026-07-17 14:56:50,297 [INFO]   Citation batch 169/279...
2026-07-17 14:57:06,226 [INFO]   Citation batch 170/279...
2026-07-17 14:57:16,801 [INFO]   Citation batch 171/279...
2026-07-17 14:57:27,318 [INFO]   Citation batch 172/279...
2026-07-17 14:57:37,091 [INFO]   Citation batch 173/279...
2026-07-17 14:57:46,236 [INFO]   Citation batch 174/279...
2026-07-17 14:57:56,188 [INFO]   Citation batch 175/279...
2026-07-17 14:58:05,806 [INFO]   Citation batch 176/279...
2026-07-17 14:58:15,368 [INFO]   Citation batch 177/279...
2026-07-17 14:58:25,346 [INFO]   Citation batch 178/279...
2026-07-17 14:58:35,841 [INFO]   Citation batch 179/279...
2026-07-17 14:58:45,575 [INFO]   Citation batch 180/279...
2026-07-17 14:58:56,868 [INFO]   Citation batch 181/279...
2026-07-17 14:59:06,659 [INFO]   Citation batch 182/279...
2026-07-17 14:59:17,735 [INFO]   Citation batch 183/279...
2026-07-17 14:59:28,025 [INFO]   Citation batch 184/279...
2026-07-17 14:59:37,433 [INFO]   Citation batch 185/279...
2026-07-17 14:59:48,603 [INFO]   Citation batch 186/279...
2026-07-17 14:59:59,350 [INFO]   Citation batch 187/279...
2026-07-17 15:00:13,801 [INFO]   Citation batch 188/279...
2026-07-17 15:00:28,479 [INFO]   Citation batch 189/279...
2026-07-17 15:00:39,648 [INFO]   Citation batch 190/279...
2026-07-17 15:00:51,136 [INFO]   Citation batch 191/279...
2026-07-17 15:01:02,615 [INFO]   Citation batch 192/279...
2026-07-17 15:01:13,378 [INFO]   Citation batch 193/279...
2026-07-17 15:01:24,470 [INFO]   Citation batch 194/279...
2026-07-17 15:01:36,753 [INFO]   Citation batch 195/279...
2026-07-17 15:01:50,219 [INFO]   Citation batch 196/279...
2026-07-17 15:02:00,747 [INFO]   Citation batch 197/279...
2026-07-17 15:02:13,302 [INFO]   Citation batch 198/279...
2026-07-17 15:02:24,658 [INFO]   Citation batch 199/279...
2026-07-17 15:02:35,948 [INFO]   Citation batch 200/279...
2026-07-17 15:02:47,231 [INFO]   Citation batch 201/279...
2026-07-17 15:02:57,310 [INFO]   Citation batch 202/279...
2026-07-17 15:03:07,338 [INFO]   Citation batch 203/279...
2026-07-17 15:03:18,413 [INFO]   Citation batch 204/279...
2026-07-17 15:03:29,349 [INFO]   Citation batch 205/279...
2026-07-17 15:03:41,624 [INFO]   Citation batch 206/279...
2026-07-17 15:03:53,051 [INFO]   Citation batch 207/279...
2026-07-17 15:04:03,682 [INFO]   Citation batch 208/279...
2026-07-17 15:04:15,454 [INFO]   Citation batch 209/279...
2026-07-17 15:04:25,108 [INFO]   Citation batch 210/279...
2026-07-17 15:04:34,233 [INFO]   Citation batch 211/279...
2026-07-17 15:04:45,155 [INFO]   Citation batch 212/279...
2026-07-17 15:04:56,193 [INFO]   Citation batch 213/279...
2026-07-17 15:05:06,622 [INFO]   Citation batch 214/279...
2026-07-17 15:05:16,868 [INFO]   Citation batch 215/279...
2026-07-17 15:05:29,146 [INFO]   Citation batch 216/279...
2026-07-17 15:05:40,847 [INFO]   Citation batch 217/279...
2026-07-17 15:05:53,522 [INFO]   Citation batch 218/279...
2026-07-17 15:06:05,443 [INFO]   Citation batch 219/279...
2026-07-17 15:06:16,232 [INFO]   Citation batch 220/279...
2026-07-17 15:06:27,004 [INFO]   Citation batch 221/279...
2026-07-17 15:06:37,406 [INFO]   Citation batch 222/279...
2026-07-17 15:06:48,295 [INFO]   Citation batch 223/279...
2026-07-17 15:06:58,247 [INFO]   Citation batch 224/279...
2026-07-17 15:07:10,566 [INFO]   Citation batch 225/279...
2026-07-17 15:07:21,142 [INFO]   Citation batch 226/279...
2026-07-17 15:07:32,675 [INFO]   Citation batch 227/279...
2026-07-17 15:07:43,573 [INFO]   Citation batch 228/279...
2026-07-17 15:07:52,789 [INFO]   Citation batch 229/279...
2026-07-17 15:08:02,327 [INFO]   Citation batch 230/279...
2026-07-17 15:08:12,675 [INFO]   Citation batch 231/279...
2026-07-17 15:08:23,188 [INFO]   Citation batch 232/279...
2026-07-17 15:08:33,355 [INFO]   Citation batch 233/279...
2026-07-17 15:08:43,082 [INFO]   Citation batch 234/279...
2026-07-17 15:08:52,062 [INFO]   Citation batch 235/279...
2026-07-17 15:09:03,101 [INFO]   Citation batch 236/279...
2026-07-17 15:09:14,649 [INFO]   Citation batch 237/279...
2026-07-17 15:09:26,406 [INFO]   Citation batch 238/279...
2026-07-17 15:09:36,840 [INFO]   Citation batch 239/279...
2026-07-17 15:09:46,968 [INFO]   Citation batch 240/279...
2026-07-17 15:09:57,856 [INFO]   Citation batch 241/279...
2026-07-17 15:10:08,839 [INFO]   Citation batch 242/279...
2026-07-17 15:10:18,988 [INFO]   Citation batch 243/279...
2026-07-17 15:10:30,720 [INFO]   Citation batch 244/279...
2026-07-17 15:10:40,975 [INFO]   Citation batch 245/279...
2026-07-17 15:10:52,946 [INFO]   Citation batch 246/279...
2026-07-17 15:11:02,423 [INFO]   Citation batch 247/279...
2026-07-17 15:11:12,839 [INFO]   Citation batch 248/279...
2026-07-17 15:11:22,850 [INFO]   Citation batch 249/279...
2026-07-17 15:11:33,850 [INFO]   Citation batch 250/279...
2026-07-17 15:11:44,499 [INFO]   Citation batch 251/279...
2026-07-17 15:11:55,974 [INFO]   Citation batch 252/279...
2026-07-17 15:12:06,698 [INFO]   Citation batch 253/279...
2026-07-17 15:12:17,218 [INFO]   Citation batch 254/279...
2026-07-17 15:12:28,044 [INFO]   Citation batch 255/279...
2026-07-17 15:12:38,321 [INFO]   Citation batch 256/279...
2026-07-17 15:12:47,417 [INFO]   Citation batch 257/279...
2026-07-17 15:12:56,377 [INFO]   Citation batch 258/279...
2026-07-17 15:13:05,719 [INFO]   Citation batch 259/279...
2026-07-17 15:13:17,045 [INFO]   Citation batch 260/279...
2026-07-17 15:13:26,817 [INFO]   Citation batch 261/279...
2026-07-17 15:13:36,139 [INFO]   Citation batch 262/279...
2026-07-17 15:13:46,566 [INFO]   Citation batch 263/279...
2026-07-17 15:13:58,587 [INFO]   Citation batch 264/279...
2026-07-17 15:14:08,399 [INFO]   Citation batch 265/279...
2026-07-17 15:14:18,205 [INFO]   Citation batch 266/279...
2026-07-17 15:14:28,322 [INFO]   Citation batch 267/279...
2026-07-17 15:14:36,727 [INFO]   Citation batch 268/279...
2026-07-17 15:14:47,983 [INFO]   Citation batch 269/279...
2026-07-17 15:14:57,722 [INFO]   Citation batch 270/279...
2026-07-17 15:15:11,766 [INFO]   Citation batch 271/279...
2026-07-17 15:15:24,156 [INFO]   Citation batch 272/279...
2026-07-17 15:15:35,668 [INFO]   Citation batch 273/279...
2026-07-17 15:15:47,583 [INFO]   Citation batch 274/279...
2026-07-17 15:15:58,974 [INFO]   Citation batch 275/279...
2026-07-17 15:16:09,702 [INFO]   Citation batch 276/279...
2026-07-17 15:16:19,281 [INFO]   Citation batch 277/279...
2026-07-17 15:16:30,636 [INFO]   Citation batch 278/279...
2026-07-17 15:16:41,441 [INFO]   Citation batch 279/279...
2026-07-17 15:18:16,708 [INFO]   108,310,741 edges, 10,660,077 nodes
2026-07-17 15:18:17,470 [INFO] Fetching metadata for 10,660,077 nodes...
2026-07-17 15:18:17,782 [INFO]   Metadata batch 1/534...
2026-07-17 15:18:23,498 [INFO]   Metadata batch 2/534...
2026-07-17 15:18:29,348 [INFO]   Metadata batch 3/534...
2026-07-17 15:18:34,972 [INFO]   Metadata batch 4/534...
2026-07-17 15:18:39,911 [INFO]   Metadata batch 5/534...
2026-07-17 15:18:45,121 [INFO]   Metadata batch 6/534...
2026-07-17 15:18:50,190 [INFO]   Metadata batch 7/534...
2026-07-17 15:18:55,623 [INFO]   Metadata batch 8/534...
2026-07-17 15:19:01,317 [INFO]   Metadata batch 9/534...
2026-07-17 15:19:06,818 [INFO]   Metadata batch 10/534...
2026-07-17 15:19:12,044 [INFO]   Metadata batch 11/534...
2026-07-17 15:19:17,555 [INFO]   Metadata batch 12/534...
2026-07-17 15:19:22,434 [INFO]   Metadata batch 13/534...
2026-07-17 15:19:27,564 [INFO]   Metadata batch 14/534...
2026-07-17 15:19:32,636 [INFO]   Metadata batch 15/534...
2026-07-17 15:19:37,168 [INFO]   Metadata batch 16/534...
2026-07-17 15:19:42,510 [INFO]   Metadata batch 17/534...
2026-07-17 15:19:47,199 [INFO]   Metadata batch 18/534...
2026-07-17 15:19:52,346 [INFO]   Metadata batch 19/534...
2026-07-17 15:19:57,343 [INFO]   Metadata batch 20/534...
2026-07-17 15:20:01,986 [INFO]   Metadata batch 21/534...
2026-07-17 15:20:07,359 [INFO]   Metadata batch 22/534...
2026-07-17 15:20:12,774 [INFO]   Metadata batch 23/534...
2026-07-17 15:20:18,453 [INFO]   Metadata batch 24/534...
2026-07-17 15:20:24,292 [INFO]   Metadata batch 25/534...
2026-07-17 15:20:30,087 [INFO]   Metadata batch 26/534...
2026-07-17 15:20:35,318 [INFO]   Metadata batch 27/534...
2026-07-17 15:20:40,546 [INFO]   Metadata batch 28/534...
2026-07-17 15:20:45,794 [INFO]   Metadata batch 29/534...
2026-07-17 15:20:51,441 [INFO]   Metadata batch 30/534...
2026-07-17 15:20:56,697 [INFO]   Metadata batch 31/534...
2026-07-17 15:21:01,857 [INFO]   Metadata batch 32/534...
2026-07-17 15:21:06,921 [INFO]   Metadata batch 33/534...
2026-07-17 15:21:11,777 [INFO]   Metadata batch 34/534...
2026-07-17 15:21:16,951 [INFO]   Metadata batch 35/534...
2026-07-17 15:21:21,845 [INFO]   Metadata batch 36/534...
2026-07-17 15:21:27,478 [INFO]   Metadata batch 37/534...
2026-07-17 15:21:32,909 [INFO]   Metadata batch 38/534...
2026-07-17 15:21:37,991 [INFO]   Metadata batch 39/534...
2026-07-17 15:21:43,084 [INFO]   Metadata batch 40/534...
2026-07-17 15:21:48,357 [INFO]   Metadata batch 41/534...
2026-07-17 15:21:53,048 [INFO]   Metadata batch 42/534...
2026-07-17 15:21:58,196 [INFO]   Metadata batch 43/534...
2026-07-17 15:22:02,814 [INFO]   Metadata batch 44/534...
2026-07-17 15:22:08,009 [INFO]   Metadata batch 45/534...
2026-07-17 15:22:13,041 [INFO]   Metadata batch 46/534...
2026-07-17 15:22:18,017 [INFO]   Metadata batch 47/534...
2026-07-17 15:22:23,053 [INFO]   Metadata batch 48/534...
2026-07-17 15:22:28,204 [INFO]   Metadata batch 49/534...
2026-07-17 15:22:34,102 [INFO]   Metadata batch 50/534...
2026-07-17 15:22:39,389 [INFO]   Metadata batch 51/534...
2026-07-17 15:22:44,521 [INFO]   Metadata batch 52/534...
2026-07-17 15:22:50,118 [INFO]   Metadata batch 53/534...
2026-07-17 15:22:54,902 [INFO]   Metadata batch 54/534...
2026-07-17 15:23:00,707 [INFO]   Metadata batch 55/534...
2026-07-17 15:23:06,583 [INFO]   Metadata batch 56/534...
2026-07-17 15:23:11,388 [INFO]   Metadata batch 57/534...
2026-07-17 15:23:16,261 [INFO]   Metadata batch 58/534...
2026-07-17 15:23:21,416 [INFO]   Metadata batch 59/534...
2026-07-17 15:23:26,748 [INFO]   Metadata batch 60/534...
2026-07-17 15:23:32,188 [INFO]   Metadata batch 61/534...
2026-07-17 15:23:39,540 [INFO]   Metadata batch 62/534...
2026-07-17 15:23:44,687 [INFO]   Metadata batch 63/534...
2026-07-17 15:23:51,029 [INFO]   Metadata batch 64/534...
2026-07-17 15:23:56,489 [INFO]   Metadata batch 65/534...
2026-07-17 15:24:02,014 [INFO]   Metadata batch 66/534...
2026-07-17 15:24:07,808 [INFO]   Metadata batch 67/534...
2026-07-17 15:24:13,946 [INFO]   Metadata batch 68/534...
2026-07-17 15:24:18,946 [INFO]   Metadata batch 69/534...
2026-07-17 15:24:24,200 [INFO]   Metadata batch 70/534...
2026-07-17 15:24:30,132 [INFO]   Metadata batch 71/534...
2026-07-17 15:24:35,221 [INFO]   Metadata batch 72/534...
2026-07-17 15:24:40,436 [INFO]   Metadata batch 73/534...
2026-07-17 15:24:46,170 [INFO]   Metadata batch 74/534...
2026-07-17 15:24:50,915 [INFO]   Metadata batch 75/534...
2026-07-17 15:24:57,222 [INFO]   Metadata batch 76/534...
2026-07-17 15:25:02,413 [INFO]   Metadata batch 77/534...
2026-07-17 15:25:07,440 [INFO]   Metadata batch 78/534...
2026-07-17 15:25:12,720 [INFO]   Metadata batch 79/534...
2026-07-17 15:25:18,211 [INFO]   Metadata batch 80/534...
2026-07-17 15:25:23,552 [INFO]   Metadata batch 81/534...
2026-07-17 15:25:28,609 [INFO]   Metadata batch 82/534...
2026-07-17 15:25:34,063 [INFO]   Metadata batch 83/534...
2026-07-17 15:25:39,586 [INFO]   Metadata batch 84/534...
2026-07-17 15:25:44,353 [INFO]   Metadata batch 85/534...
2026-07-17 15:25:49,311 [INFO]   Metadata batch 86/534...
2026-07-17 15:25:53,630 [INFO]   Metadata batch 87/534...
2026-07-17 15:25:58,956 [INFO]   Metadata batch 88/534...
2026-07-17 15:26:03,965 [INFO]   Metadata batch 89/534...
2026-07-17 15:26:09,570 [INFO]   Metadata batch 90/534...
2026-07-17 15:26:15,475 [INFO]   Metadata batch 91/534...
2026-07-17 15:26:21,114 [INFO]   Metadata batch 92/534...
2026-07-17 15:26:26,197 [INFO]   Metadata batch 93/534...
2026-07-17 15:26:31,254 [INFO]   Metadata batch 94/534...
2026-07-17 15:26:36,227 [INFO]   Metadata batch 95/534...
2026-07-17 15:26:41,371 [INFO]   Metadata batch 96/534...
2026-07-17 15:26:46,682 [INFO]   Metadata batch 97/534...
2026-07-17 15:26:51,279 [INFO]   Metadata batch 98/534...
2026-07-17 15:26:56,313 [INFO]   Metadata batch 99/534...
2026-07-17 15:27:01,507 [INFO]   Metadata batch 100/534...
2026-07-17 15:27:06,304 [INFO]   Metadata batch 101/534...
2026-07-17 15:27:11,250 [INFO]   Metadata batch 102/534...
2026-07-17 15:27:15,947 [INFO]   Metadata batch 103/534...
2026-07-17 15:27:20,683 [INFO]   Metadata batch 104/534...
2026-07-17 15:27:25,160 [INFO]   Metadata batch 105/534...
2026-07-17 15:27:30,612 [INFO]   Metadata batch 106/534...
2026-07-17 15:27:35,301 [INFO]   Metadata batch 107/534...
2026-07-17 15:27:40,608 [INFO]   Metadata batch 108/534...
2026-07-17 15:27:45,091 [INFO]   Metadata batch 109/534...
2026-07-17 15:27:50,364 [INFO]   Metadata batch 110/534...
2026-07-17 15:27:55,258 [INFO]   Metadata batch 111/534...
2026-07-17 15:28:00,077 [INFO]   Metadata batch 112/534...
2026-07-17 15:28:05,229 [INFO]   Metadata batch 113/534...
2026-07-17 15:28:09,983 [INFO]   Metadata batch 114/534...
2026-07-17 15:28:15,380 [INFO]   Metadata batch 115/534...
2026-07-17 15:28:20,095 [INFO]   Metadata batch 116/534...
2026-07-17 15:28:25,086 [INFO]   Metadata batch 117/534...
2026-07-17 15:28:30,728 [INFO]   Metadata batch 118/534...
2026-07-17 15:28:35,555 [INFO]   Metadata batch 119/534...
2026-07-17 15:28:40,365 [INFO]   Metadata batch 120/534...
2026-07-17 15:28:44,725 [INFO]   Metadata batch 121/534...
2026-07-17 15:28:49,424 [INFO]   Metadata batch 122/534...
2026-07-17 15:28:54,673 [INFO]   Metadata batch 123/534...
2026-07-17 15:28:59,731 [INFO]   Metadata batch 124/534...
2026-07-17 15:29:05,008 [INFO]   Metadata batch 125/534...
2026-07-17 15:29:10,052 [INFO]   Metadata batch 126/534...
2026-07-17 15:29:14,963 [INFO]   Metadata batch 127/534...
2026-07-17 15:29:19,450 [INFO]   Metadata batch 128/534...
2026-07-17 15:29:24,871 [INFO]   Metadata batch 129/534...
2026-07-17 15:29:29,525 [INFO]   Metadata batch 130/534...
2026-07-17 15:29:34,184 [INFO]   Metadata batch 131/534...
2026-07-17 15:29:39,074 [INFO]   Metadata batch 132/534...
2026-07-17 15:29:44,305 [INFO]   Metadata batch 133/534...
2026-07-17 15:29:48,990 [INFO]   Metadata batch 134/534...
2026-07-17 15:29:53,458 [INFO]   Metadata batch 135/534...
2026-07-17 15:29:58,036 [INFO]   Metadata batch 136/534...
2026-07-17 15:30:03,212 [INFO]   Metadata batch 137/534...
2026-07-17 15:30:08,404 [INFO]   Metadata batch 138/534...
2026-07-17 15:30:14,037 [INFO]   Metadata batch 139/534...
2026-07-17 15:30:19,314 [INFO]   Metadata batch 140/534...
2026-07-17 15:30:24,293 [INFO]   Metadata batch 141/534...
2026-07-17 15:30:29,618 [INFO]   Metadata batch 142/534...
2026-07-17 15:30:34,141 [INFO]   Metadata batch 143/534...
2026-07-17 15:30:39,404 [INFO]   Metadata batch 144/534...
2026-07-17 15:30:44,922 [INFO]   Metadata batch 145/534...
2026-07-17 15:30:50,145 [INFO]   Metadata batch 146/534...
2026-07-17 15:30:55,379 [INFO]   Metadata batch 147/534...
2026-07-17 15:31:00,087 [INFO]   Metadata batch 148/534...
2026-07-17 15:31:06,155 [INFO]   Metadata batch 149/534...
2026-07-17 15:31:11,133 [INFO]   Metadata batch 150/534...
2026-07-17 15:31:16,009 [INFO]   Metadata batch 151/534...
2026-07-17 15:31:20,957 [INFO]   Metadata batch 152/534...
2026-07-17 15:31:26,430 [INFO]   Metadata batch 153/534...
2026-07-17 15:31:31,201 [INFO]   Metadata batch 154/534...
2026-07-17 15:31:36,301 [INFO]   Metadata batch 155/534...
2026-07-17 15:31:41,737 [INFO]   Metadata batch 156/534...
2026-07-17 15:31:47,319 [INFO]   Metadata batch 157/534...
2026-07-17 15:31:52,447 [INFO]   Metadata batch 158/534...
2026-07-17 15:31:56,920 [INFO]   Metadata batch 159/534...
2026-07-17 15:32:01,760 [INFO]   Metadata batch 160/534...
2026-07-17 15:32:06,787 [INFO]   Metadata batch 161/534...
2026-07-17 15:32:12,180 [INFO]   Metadata batch 162/534...
2026-07-17 15:32:16,983 [INFO]   Metadata batch 163/534...
2026-07-17 15:32:22,234 [INFO]   Metadata batch 164/534...
2026-07-17 15:32:28,356 [INFO]   Metadata batch 165/534...
2026-07-17 15:32:33,395 [INFO]   Metadata batch 166/534...
2026-07-17 15:32:38,537 [INFO]   Metadata batch 167/534...
2026-07-17 15:32:43,464 [INFO]   Metadata batch 168/534...
2026-07-17 15:32:48,927 [INFO]   Metadata batch 169/534...
2026-07-17 15:32:53,880 [INFO]   Metadata batch 170/534...
2026-07-17 15:32:59,656 [INFO]   Metadata batch 171/534...
2026-07-17 15:33:04,807 [INFO]   Metadata batch 172/534...
2026-07-17 15:33:09,377 [INFO]   Metadata batch 173/534...
2026-07-17 15:33:14,770 [INFO]   Metadata batch 174/534...
2026-07-17 15:33:19,402 [INFO]   Metadata batch 175/534...
2026-07-17 15:33:24,424 [INFO]   Metadata batch 176/534...
2026-07-17 15:33:29,376 [INFO]   Metadata batch 177/534...
2026-07-17 15:33:34,431 [INFO]   Metadata batch 178/534...
2026-07-17 15:33:39,266 [INFO]   Metadata batch 179/534...
2026-07-17 15:33:43,989 [INFO]   Metadata batch 180/534...
2026-07-17 15:33:48,520 [INFO]   Metadata batch 181/534...
2026-07-17 15:33:53,676 [INFO]   Metadata batch 182/534...
2026-07-17 15:33:58,542 [INFO]   Metadata batch 183/534...
2026-07-17 15:34:03,774 [INFO]   Metadata batch 184/534...
2026-07-17 15:34:08,854 [INFO]   Metadata batch 185/534...
2026-07-17 15:34:13,796 [INFO]   Metadata batch 186/534...
2026-07-17 15:34:18,534 [INFO]   Metadata batch 187/534...
2026-07-17 15:34:25,346 [INFO]   Metadata batch 188/534...
2026-07-17 15:34:29,911 [INFO]   Metadata batch 189/534...
2026-07-17 15:34:34,239 [INFO]   Metadata batch 190/534...
2026-07-17 15:34:38,933 [INFO]   Metadata batch 191/534...
2026-07-17 15:34:43,780 [INFO]   Metadata batch 192/534...
2026-07-17 15:34:48,557 [INFO]   Metadata batch 193/534...
2026-07-17 15:34:53,243 [INFO]   Metadata batch 194/534...
2026-07-17 15:34:59,040 [INFO]   Metadata batch 195/534...
2026-07-17 15:35:04,125 [INFO]   Metadata batch 196/534...
2026-07-17 15:35:10,127 [INFO]   Metadata batch 197/534...
2026-07-17 15:35:15,886 [INFO]   Metadata batch 198/534...
2026-07-17 15:35:20,892 [INFO]   Metadata batch 199/534...
2026-07-17 15:35:27,347 [INFO]   Metadata batch 200/534...
2026-07-17 15:35:32,281 [INFO]   Metadata batch 201/534...
2026-07-17 15:35:37,816 [INFO]   Metadata batch 202/534...
2026-07-17 15:35:42,997 [INFO]   Metadata batch 203/534...
2026-07-17 15:35:47,680 [INFO]   Metadata batch 204/534...
2026-07-17 15:35:52,464 [INFO]   Metadata batch 205/534...
2026-07-17 15:35:57,502 [INFO]   Metadata batch 206/534...
2026-07-17 15:36:02,222 [INFO]   Metadata batch 207/534...
2026-07-17 15:36:07,236 [INFO]   Metadata batch 208/534...
2026-07-17 15:36:12,280 [INFO]   Metadata batch 209/534...
2026-07-17 15:36:17,014 [INFO]   Metadata batch 210/534...
2026-07-17 15:36:21,657 [INFO]   Metadata batch 211/534...
2026-07-17 15:36:26,038 [INFO]   Metadata batch 212/534...
2026-07-17 15:36:31,119 [INFO]   Metadata batch 213/534...
2026-07-17 15:36:35,709 [INFO]   Metadata batch 214/534...
2026-07-17 15:36:40,499 [INFO]   Metadata batch 215/534...
2026-07-17 15:36:45,702 [INFO]   Metadata batch 216/534...
2026-07-17 15:36:50,680 [INFO]   Metadata batch 217/534...
2026-07-17 15:36:55,940 [INFO]   Metadata batch 218/534...
2026-07-17 15:37:01,394 [INFO]   Metadata batch 219/534...
2026-07-17 15:37:06,765 [INFO]   Metadata batch 220/534...
2026-07-17 15:37:11,404 [INFO]   Metadata batch 221/534...
2026-07-17 15:37:16,807 [INFO]   Metadata batch 222/534...
2026-07-17 15:37:22,015 [INFO]   Metadata batch 223/534...
2026-07-17 15:37:26,838 [INFO]   Metadata batch 224/534...
2026-07-17 15:37:33,699 [INFO]   Metadata batch 225/534...
2026-07-17 15:37:38,827 [INFO]   Metadata batch 226/534...
2026-07-17 15:37:43,552 [INFO]   Metadata batch 227/534...
2026-07-17 15:37:48,011 [INFO]   Metadata batch 228/534...
2026-07-17 15:37:52,955 [INFO]   Metadata batch 229/534...
2026-07-17 15:37:57,776 [INFO]   Metadata batch 230/534...
2026-07-17 15:38:02,848 [INFO]   Metadata batch 231/534...
2026-07-17 15:38:07,864 [INFO]   Metadata batch 232/534...
2026-07-17 15:38:13,007 [INFO]   Metadata batch 233/534...
2026-07-17 15:38:17,976 [INFO]   Metadata batch 234/534...
2026-07-17 15:38:23,450 [INFO]   Metadata batch 235/534...
2026-07-17 15:38:28,990 [INFO]   Metadata batch 236/534...
2026-07-17 15:38:33,854 [INFO]   Metadata batch 237/534...
2026-07-17 15:38:38,629 [INFO]   Metadata batch 238/534...
2026-07-17 15:38:43,426 [INFO]   Metadata batch 239/534...
2026-07-17 15:38:48,294 [INFO]   Metadata batch 240/534...
2026-07-17 15:38:53,254 [INFO]   Metadata batch 241/534...
2026-07-17 15:38:57,993 [INFO]   Metadata batch 242/534...
2026-07-17 15:39:03,100 [INFO]   Metadata batch 243/534...
2026-07-17 15:39:08,182 [INFO]   Metadata batch 244/534...
2026-07-17 15:39:12,976 [INFO]   Metadata batch 245/534...
2026-07-17 15:39:18,764 [INFO]   Metadata batch 246/534...
2026-07-17 15:39:23,399 [INFO]   Metadata batch 247/534...
2026-07-17 15:39:28,440 [INFO]   Metadata batch 248/534...
2026-07-17 15:39:33,482 [INFO]   Metadata batch 249/534...
2026-07-17 15:39:38,019 [INFO]   Metadata batch 250/534...
2026-07-17 15:39:42,586 [INFO]   Metadata batch 251/534...
2026-07-17 15:39:47,159 [INFO]   Metadata batch 252/534...
2026-07-17 15:39:53,482 [INFO]   Metadata batch 253/534...
2026-07-17 15:39:57,989 [INFO]   Metadata batch 254/534...
2026-07-17 15:40:04,561 [INFO]   Metadata batch 255/534...
2026-07-17 15:40:09,417 [INFO]   Metadata batch 256/534...
2026-07-17 15:40:14,551 [INFO]   Metadata batch 257/534...
2026-07-17 15:40:19,870 [INFO]   Metadata batch 258/534...
2026-07-17 15:40:25,028 [INFO]   Metadata batch 259/534...
2026-07-17 15:40:30,939 [INFO]   Metadata batch 260/534...
2026-07-17 15:40:35,953 [INFO]   Metadata batch 261/534...
2026-07-17 15:40:41,004 [INFO]   Metadata batch 262/534...
2026-07-17 15:40:45,984 [INFO]   Metadata batch 263/534...
2026-07-17 15:40:50,651 [INFO]   Metadata batch 264/534...
2026-07-17 15:40:57,340 [INFO]   Metadata batch 265/534...
2026-07-17 15:41:02,263 [INFO]   Metadata batch 266/534...
2026-07-17 15:41:07,445 [INFO]   Metadata batch 267/534...
2026-07-17 15:41:12,463 [INFO]   Metadata batch 268/534...
2026-07-17 15:41:17,412 [INFO]   Metadata batch 269/534...
2026-07-17 15:41:21,923 [INFO]   Metadata batch 270/534...
2026-07-17 15:41:27,046 [INFO]   Metadata batch 271/534...
2026-07-17 15:41:31,845 [INFO]   Metadata batch 272/534...
2026-07-17 15:41:36,993 [INFO]   Metadata batch 273/534...
2026-07-17 15:41:42,236 [INFO]   Metadata batch 274/534...
2026-07-17 15:41:47,378 [INFO]   Metadata batch 275/534...
2026-07-17 15:41:52,447 [INFO]   Metadata batch 276/534...
2026-07-17 15:41:57,045 [INFO]   Metadata batch 277/534...
2026-07-17 15:42:01,327 [INFO]   Metadata batch 278/534...
2026-07-17 15:42:05,907 [INFO]   Metadata batch 279/534...
2026-07-17 15:42:10,870 [INFO]   Metadata batch 280/534...
2026-07-17 15:42:15,745 [INFO]   Metadata batch 281/534...
2026-07-17 15:42:21,515 [INFO]   Metadata batch 282/534...
2026-07-17 15:42:25,929 [INFO]   Metadata batch 283/534...
2026-07-17 15:42:31,343 [INFO]   Metadata batch 284/534...
2026-07-17 15:42:36,918 [INFO]   Metadata batch 285/534...
2026-07-17 15:42:41,972 [INFO]   Metadata batch 286/534...
2026-07-17 15:42:46,855 [INFO]   Metadata batch 287/534...
2026-07-17 15:42:51,759 [INFO]   Metadata batch 288/534...
2026-07-17 15:42:56,721 [INFO]   Metadata batch 289/534...
2026-07-17 15:43:01,337 [INFO]   Metadata batch 290/534...
2026-07-17 15:43:06,803 [INFO]   Metadata batch 291/534...
2026-07-17 15:43:11,656 [INFO]   Metadata batch 292/534...
2026-07-17 15:43:16,817 [INFO]   Metadata batch 293/534...
2026-07-17 15:43:21,078 [INFO]   Metadata batch 294/534...
2026-07-17 15:43:25,896 [INFO]   Metadata batch 295/534...
2026-07-17 15:43:30,310 [INFO]   Metadata batch 296/534...
2026-07-17 15:43:34,853 [INFO]   Metadata batch 297/534...
2026-07-17 15:43:39,390 [INFO]   Metadata batch 298/534...
2026-07-17 15:43:44,127 [INFO]   Metadata batch 299/534...
2026-07-17 15:43:48,832 [INFO]   Metadata batch 300/534...
2026-07-17 15:43:53,835 [INFO]   Metadata batch 301/534...
2026-07-17 15:43:58,736 [INFO]   Metadata batch 302/534...
2026-07-17 15:44:03,328 [INFO]   Metadata batch 303/534...
2026-07-17 15:44:08,276 [INFO]   Metadata batch 304/534...
2026-07-17 15:44:13,024 [INFO]   Metadata batch 305/534...
2026-07-17 15:44:18,264 [INFO]   Metadata batch 306/534...
2026-07-17 15:44:23,654 [INFO]   Metadata batch 307/534...
2026-07-17 15:44:29,052 [INFO]   Metadata batch 308/534...
2026-07-17 15:44:34,270 [INFO]   Metadata batch 309/534...
2026-07-17 15:44:38,896 [INFO]   Metadata batch 310/534...
2026-07-17 15:44:43,482 [INFO]   Metadata batch 311/534...
2026-07-17 15:44:48,194 [INFO]   Metadata batch 312/534...
2026-07-17 15:44:52,266 [INFO]   Metadata batch 313/534...
2026-07-17 15:44:56,639 [INFO]   Metadata batch 314/534...
2026-07-17 15:45:01,228 [INFO]   Metadata batch 315/534...
2026-07-17 15:45:06,060 [INFO]   Metadata batch 316/534...
2026-07-17 15:45:10,602 [INFO]   Metadata batch 317/534...
2026-07-17 15:45:15,341 [INFO]   Metadata batch 318/534...
2026-07-17 15:45:20,040 [INFO]   Metadata batch 319/534...
2026-07-17 15:45:24,542 [INFO]   Metadata batch 320/534...
2026-07-17 15:45:29,792 [INFO]   Metadata batch 321/534...
2026-07-17 15:45:35,072 [INFO]   Metadata batch 322/534...
2026-07-17 15:45:39,736 [INFO]   Metadata batch 323/534...
2026-07-17 15:45:43,998 [INFO]   Metadata batch 324/534...
2026-07-17 15:45:48,528 [INFO]   Metadata batch 325/534...
2026-07-17 15:45:53,306 [INFO]   Metadata batch 326/534...
2026-07-17 15:45:57,966 [INFO]   Metadata batch 327/534...
2026-07-17 15:46:02,735 [INFO]   Metadata batch 328/534...
2026-07-17 15:46:07,733 [INFO]   Metadata batch 329/534...
2026-07-17 15:46:12,213 [INFO]   Metadata batch 330/534...
2026-07-17 15:46:18,139 [INFO]   Metadata batch 331/534...
2026-07-17 15:46:22,795 [INFO]   Metadata batch 332/534...
2026-07-17 15:46:27,586 [INFO]   Metadata batch 333/534...
2026-07-17 15:46:32,920 [INFO]   Metadata batch 334/534...
2026-07-17 15:46:37,732 [INFO]   Metadata batch 335/534...
2026-07-17 15:46:42,710 [INFO]   Metadata batch 336/534...
2026-07-17 15:46:47,539 [INFO]   Metadata batch 337/534...
2026-07-17 15:46:52,480 [INFO]   Metadata batch 338/534...
2026-07-17 15:46:57,329 [INFO]   Metadata batch 339/534...
2026-07-17 15:47:02,435 [INFO]   Metadata batch 340/534...
2026-07-17 15:47:07,187 [INFO]   Metadata batch 341/534...
2026-07-17 15:47:11,686 [INFO]   Metadata batch 342/534...
2026-07-17 15:47:16,878 [INFO]   Metadata batch 343/534...
2026-07-17 15:47:21,922 [INFO]   Metadata batch 344/534...
2026-07-17 15:47:27,654 [INFO]   Metadata batch 345/534...
2026-07-17 15:47:33,194 [INFO]   Metadata batch 346/534...
2026-07-17 15:47:38,952 [INFO]   Metadata batch 347/534...
2026-07-17 15:47:43,562 [INFO]   Metadata batch 348/534...
2026-07-17 15:47:48,385 [INFO]   Metadata batch 349/534...
2026-07-17 15:47:53,190 [INFO]   Metadata batch 350/534...
2026-07-17 15:47:58,580 [INFO]   Metadata batch 351/534...
2026-07-17 15:48:03,657 [INFO]   Metadata batch 352/534...
2026-07-17 15:48:09,139 [INFO]   Metadata batch 353/534...
2026-07-17 15:48:14,299 [INFO]   Metadata batch 354/534...
2026-07-17 15:48:19,301 [INFO]   Metadata batch 355/534...
2026-07-17 15:48:24,187 [INFO]   Metadata batch 356/534...
2026-07-17 15:48:29,533 [INFO]   Metadata batch 357/534...
2026-07-17 15:48:35,282 [INFO]   Metadata batch 358/534...
2026-07-17 15:48:39,979 [INFO]   Metadata batch 359/534...
2026-07-17 15:48:45,446 [INFO]   Metadata batch 360/534...
2026-07-17 15:48:50,199 [INFO]   Metadata batch 361/534...
2026-07-17 15:48:55,331 [INFO]   Metadata batch 362/534...
2026-07-17 15:49:00,371 [INFO]   Metadata batch 363/534...
2026-07-17 15:49:05,168 [INFO]   Metadata batch 364/534...
2026-07-17 15:49:10,498 [INFO]   Metadata batch 365/534...
2026-07-17 15:49:15,713 [INFO]   Metadata batch 366/534...
2026-07-17 15:49:21,358 [INFO]   Metadata batch 367/534...
2026-07-17 15:49:27,022 [INFO]   Metadata batch 368/534...
2026-07-17 15:49:32,320 [INFO]   Metadata batch 369/534...
2026-07-17 15:49:37,309 [INFO]   Metadata batch 370/534...
2026-07-17 15:49:42,827 [INFO]   Metadata batch 371/534...
2026-07-17 15:49:48,423 [INFO]   Metadata batch 372/534...
2026-07-17 15:49:53,543 [INFO]   Metadata batch 373/534...
2026-07-17 15:49:58,775 [INFO]   Metadata batch 374/534...
2026-07-17 15:50:03,840 [INFO]   Metadata batch 375/534...
2026-07-17 15:50:12,024 [INFO]   Metadata batch 376/534...
2026-07-17 15:50:16,678 [INFO]   Metadata batch 377/534...
2026-07-17 15:50:21,821 [INFO]   Metadata batch 378/534...
2026-07-17 15:50:26,816 [INFO]   Metadata batch 379/534...
2026-07-17 15:50:31,688 [INFO]   Metadata batch 380/534...
2026-07-17 15:50:41,267 [INFO]   Metadata batch 381/534...
2026-07-17 15:50:46,468 [INFO]   Metadata batch 382/534...
2026-07-17 15:50:51,399 [INFO]   Metadata batch 383/534...
2026-07-17 15:50:56,389 [INFO]   Metadata batch 384/534...
2026-07-17 15:51:01,706 [INFO]   Metadata batch 385/534...
2026-07-17 15:51:07,403 [INFO]   Metadata batch 386/534...
2026-07-17 15:51:12,149 [INFO]   Metadata batch 387/534...
2026-07-17 15:51:17,247 [INFO]   Metadata batch 388/534...
2026-07-17 15:51:22,309 [INFO]   Metadata batch 389/534...
2026-07-17 15:51:27,255 [INFO]   Metadata batch 390/534...
2026-07-17 15:51:31,956 [INFO]   Metadata batch 391/534...
2026-07-17 15:51:36,840 [INFO]   Metadata batch 392/534...
2026-07-17 15:51:41,740 [INFO]   Metadata batch 393/534...
2026-07-17 15:51:46,381 [INFO]   Metadata batch 394/534...
2026-07-17 15:51:51,039 [INFO]   Metadata batch 395/534...
2026-07-17 15:51:55,710 [INFO]   Metadata batch 396/534...
2026-07-17 15:52:01,014 [INFO]   Metadata batch 397/534...
2026-07-17 15:52:05,613 [INFO]   Metadata batch 398/534...
2026-07-17 15:52:11,332 [INFO]   Metadata batch 399/534...
2026-07-17 15:52:16,405 [INFO]   Metadata batch 400/534...
2026-07-17 15:52:22,149 [INFO]   Metadata batch 401/534...
2026-07-17 15:52:26,952 [INFO]   Metadata batch 402/534...
2026-07-17 15:52:31,953 [INFO]   Metadata batch 403/534...
2026-07-17 15:52:37,366 [INFO]   Metadata batch 404/534...
2026-07-17 15:52:42,471 [INFO]   Metadata batch 405/534...
2026-07-17 15:52:47,374 [INFO]   Metadata batch 406/534...
2026-07-17 15:52:52,693 [INFO]   Metadata batch 407/534...
2026-07-17 15:52:57,374 [INFO]   Metadata batch 408/534...
2026-07-17 15:53:01,889 [INFO]   Metadata batch 409/534...
2026-07-17 15:53:07,027 [INFO]   Metadata batch 410/534...
2026-07-17 15:53:12,972 [INFO]   Metadata batch 411/534...
2026-07-17 15:53:18,302 [INFO]   Metadata batch 412/534...
2026-07-17 15:53:22,948 [INFO]   Metadata batch 413/534...
2026-07-17 15:53:27,268 [INFO]   Metadata batch 414/534...
2026-07-17 15:53:32,315 [INFO]   Metadata batch 415/534...
2026-07-17 15:53:38,446 [INFO]   Metadata batch 416/534...
2026-07-17 15:53:43,290 [INFO]   Metadata batch 417/534...
2026-07-17 15:53:48,674 [INFO]   Metadata batch 418/534...
2026-07-17 15:53:53,811 [INFO]   Metadata batch 419/534...
2026-07-17 15:53:58,518 [INFO]   Metadata batch 420/534...
2026-07-17 15:54:03,742 [INFO]   Metadata batch 421/534...
2026-07-17 15:54:08,505 [INFO]   Metadata batch 422/534...
2026-07-17 15:54:14,324 [INFO]   Metadata batch 423/534...
2026-07-17 15:54:19,304 [INFO]   Metadata batch 424/534...
2026-07-17 15:54:25,805 [INFO]   Metadata batch 425/534...
2026-07-17 15:54:30,320 [INFO]   Metadata batch 426/534...
2026-07-17 15:54:35,481 [INFO]   Metadata batch 427/534...
2026-07-17 15:54:40,820 [INFO]   Metadata batch 428/534...
2026-07-17 15:54:46,164 [INFO]   Metadata batch 429/534...
2026-07-17 15:54:51,353 [INFO]   Metadata batch 430/534...
2026-07-17 15:54:56,096 [INFO]   Metadata batch 431/534...
2026-07-17 15:55:00,966 [INFO]   Metadata batch 432/534...
2026-07-17 15:55:05,970 [INFO]   Metadata batch 433/534...
2026-07-17 15:55:10,852 [INFO]   Metadata batch 434/534...
2026-07-17 15:55:15,938 [INFO]   Metadata batch 435/534...
2026-07-17 15:55:20,992 [INFO]   Metadata batch 436/534...
2026-07-17 15:55:25,775 [INFO]   Metadata batch 437/534...
2026-07-17 15:55:31,118 [INFO]   Metadata batch 438/534...
2026-07-17 15:55:35,950 [INFO]   Metadata batch 439/534...
2026-07-17 15:55:40,694 [INFO]   Metadata batch 440/534...
2026-07-17 15:55:45,648 [INFO]   Metadata batch 441/534...
2026-07-17 15:55:50,197 [INFO]   Metadata batch 442/534...
2026-07-17 15:55:55,291 [INFO]   Metadata batch 443/534...
2026-07-17 15:56:00,398 [INFO]   Metadata batch 444/534...
2026-07-17 15:56:05,620 [INFO]   Metadata batch 445/534...
2026-07-17 15:56:10,893 [INFO]   Metadata batch 446/534...
2026-07-17 15:56:15,591 [INFO]   Metadata batch 447/534...
2026-07-17 15:56:20,397 [INFO]   Metadata batch 448/534...
2026-07-17 15:56:25,166 [INFO]   Metadata batch 449/534...
2026-07-17 15:56:29,960 [INFO]   Metadata batch 450/534...
2026-07-17 15:56:34,656 [INFO]   Metadata batch 451/534...
2026-07-17 15:56:39,418 [INFO]   Metadata batch 452/534...
2026-07-17 15:56:44,202 [INFO]   Metadata batch 453/534...
2026-07-17 15:56:49,180 [INFO]   Metadata batch 454/534...
2026-07-17 15:56:54,405 [INFO]   Metadata batch 455/534...
2026-07-17 15:56:58,997 [INFO]   Metadata batch 456/534...
2026-07-17 15:57:03,682 [INFO]   Metadata batch 457/534...
2026-07-17 15:57:08,545 [INFO]   Metadata batch 458/534...
2026-07-17 15:57:13,556 [INFO]   Metadata batch 459/534...
2026-07-17 15:57:19,030 [INFO]   Metadata batch 460/534...
2026-07-17 15:57:24,144 [INFO]   Metadata batch 461/534...
2026-07-17 15:57:28,719 [INFO]   Metadata batch 462/534...
2026-07-17 15:57:33,254 [INFO]   Metadata batch 463/534...
2026-07-17 15:57:38,102 [INFO]   Metadata batch 464/534...
2026-07-17 15:57:43,483 [INFO]   Metadata batch 465/534...
2026-07-17 15:57:48,669 [INFO]   Metadata batch 466/534...
2026-07-17 15:57:53,816 [INFO]   Metadata batch 467/534...
2026-07-17 15:57:58,703 [INFO]   Metadata batch 468/534...
2026-07-17 15:58:03,443 [INFO]   Metadata batch 469/534...
2026-07-17 15:58:08,035 [INFO]   Metadata batch 470/534...
2026-07-17 15:58:12,843 [INFO]   Metadata batch 471/534...
2026-07-17 15:58:17,689 [INFO]   Metadata batch 472/534...
2026-07-17 15:58:22,466 [INFO]   Metadata batch 473/534...
2026-07-17 15:58:27,487 [INFO]   Metadata batch 474/534...
2026-07-17 15:58:31,960 [INFO]   Metadata batch 475/534...
2026-07-17 15:58:36,476 [INFO]   Metadata batch 476/534...
2026-07-17 15:58:41,743 [INFO]   Metadata batch 477/534...
2026-07-17 15:58:46,342 [INFO]   Metadata batch 478/534...
2026-07-17 15:58:52,683 [INFO]   Metadata batch 479/534...
2026-07-17 15:58:58,488 [INFO]   Metadata batch 480/534...
2026-07-17 15:59:03,893 [INFO]   Metadata batch 481/534...
2026-07-17 15:59:09,132 [INFO]   Metadata batch 482/534...
2026-07-17 15:59:13,921 [INFO]   Metadata batch 483/534...
2026-07-17 15:59:18,870 [INFO]   Metadata batch 484/534...
2026-07-17 15:59:23,850 [INFO]   Metadata batch 485/534...
2026-07-17 15:59:28,649 [INFO]   Metadata batch 486/534...
2026-07-17 15:59:33,663 [INFO]   Metadata batch 487/534...
2026-07-17 15:59:38,279 [INFO]   Metadata batch 488/534...
2026-07-17 15:59:42,824 [INFO]   Metadata batch 489/534...
2026-07-17 15:59:47,278 [INFO]   Metadata batch 490/534...
2026-07-17 15:59:51,983 [INFO]   Metadata batch 491/534...
2026-07-17 15:59:56,788 [INFO]   Metadata batch 492/534...
2026-07-17 16:00:02,568 [INFO]   Metadata batch 493/534...
2026-07-17 16:00:09,088 [INFO]   Metadata batch 494/534...
2026-07-17 16:00:15,792 [INFO]   Metadata batch 495/534...
2026-07-17 16:00:22,014 [INFO]   Metadata batch 496/534...
2026-07-17 16:00:27,981 [INFO]   Metadata batch 497/534...
2026-07-17 16:00:36,163 [INFO]   Metadata batch 498/534...
2026-07-17 16:00:42,223 [INFO]   Metadata batch 499/534...
2026-07-17 16:00:48,521 [INFO]   Metadata batch 500/534...
2026-07-17 16:00:55,039 [INFO]   Metadata batch 501/534...
2026-07-17 16:01:00,915 [INFO]   Metadata batch 502/534...
2026-07-17 16:01:07,290 [INFO]   Metadata batch 503/534...
2026-07-17 16:01:13,899 [INFO]   Metadata batch 504/534...
2026-07-17 16:01:19,854 [INFO]   Metadata batch 505/534...
2026-07-17 16:01:26,028 [INFO]   Metadata batch 506/534...
2026-07-17 16:01:41,453 [INFO]   Metadata batch 507/534...
2026-07-17 16:01:50,386 [INFO]   Metadata batch 508/534...
2026-07-17 16:01:57,498 [INFO]   Metadata batch 509/534...
2026-07-17 16:02:03,993 [INFO]   Metadata batch 510/534...
2026-07-17 16:02:09,974 [INFO]   Metadata batch 511/534...
2026-07-17 16:02:17,138 [INFO]   Metadata batch 512/534...
2026-07-17 16:02:23,985 [INFO]   Metadata batch 513/534...
2026-07-17 16:02:31,239 [INFO]   Metadata batch 514/534...
2026-07-17 16:02:40,389 [INFO]   Metadata batch 515/534...
2026-07-17 16:02:47,194 [INFO]   Metadata batch 516/534...
2026-07-17 16:02:54,042 [INFO]   Metadata batch 517/534...
2026-07-17 16:03:00,389 [INFO]   Metadata batch 518/534...
2026-07-17 16:03:05,722 [INFO]   Metadata batch 519/534...
2026-07-17 16:03:11,524 [INFO]   Metadata batch 520/534...
2026-07-17 16:03:18,415 [INFO]   Metadata batch 521/534...
2026-07-17 16:03:24,836 [INFO]   Metadata batch 522/534...
2026-07-17 16:03:29,603 [INFO]   Metadata batch 523/534...
2026-07-17 16:03:34,941 [INFO]   Metadata batch 524/534...
2026-07-17 16:03:40,200 [INFO]   Metadata batch 525/534...
2026-07-17 16:03:45,583 [INFO]   Metadata batch 526/534...
2026-07-17 16:03:50,824 [INFO]   Metadata batch 527/534...
2026-07-17 16:03:56,086 [INFO]   Metadata batch 528/534...
2026-07-17 16:04:01,489 [INFO]   Metadata batch 529/534...
2026-07-17 16:04:07,201 [INFO]   Metadata batch 530/534...
2026-07-17 16:04:12,067 [INFO]   Metadata batch 531/534...
2026-07-17 16:04:17,117 [INFO]   Metadata batch 532/534...
2026-07-17 16:04:23,828 [INFO]   Metadata batch 533/534...
2026-07-17 16:04:29,006 [INFO]   Metadata batch 534/534...
2026-07-17 16:04:33,074 [INFO]   10,660,077 nodes (38,239 Frontiers core)
2026-07-17 16:04:34,739 [INFO] Applying edge weights (temporal decay + self-citation discount)...
2026-07-17 16:06:14,783 [INFO]   Decay mean=0.438  |  Self-citations: 10,102,736
2026-07-17 16:06:14,970 [INFO]   Combined weight mean=0.417
2026-07-17 16:06:16,338 [INFO] Computing bibliographic coupling (min shared refs=3)...
2026-07-17 16:06:16,346 [INFO]   BC batch 1/3...
2026-07-17 16:06:40,339 [INFO]     9,596,388 BC edges
2026-07-17 16:06:40,344 [INFO]   BC batch 2/3...
2026-07-17 16:06:57,774 [INFO]     9,451,632 BC edges
2026-07-17 16:06:57,775 [INFO]   BC batch 3/3...
2026-07-17 16:07:12,476 [INFO]     603,640 BC edges
2026-07-17 16:07:16,644 [INFO]   Total BC edges: 19,651,660
2026-07-17 16:07:16,801 [INFO] Merging direct citation and BC edges...
2026-07-17 16:09:11,079 [INFO]   Merged: 127,554,350 edges (mean weight=0.364)
2026-07-17 16:09:20,338 [INFO] Writing CWTS files to cwts_output/  (10,660,077 nodes)...
2026-07-17 16:10:41,012 [INFO]   pubs.txt        : 10,660,077 rows  (38,239 Frontiers)
2026-07-17 16:10:52,836 [INFO] 10660077 out of 10660077 rows loaded.
2026-07-17 16:10:52,836 [INFO]   → BigQuery: raw_citation_network_data.pubs_raw_20260717_142650
2026-07-17 16:12:30,065 [INFO]   pub_metadata.txt: 10,660,077 rows
2026-07-17 16:13:33,343 [INFO] 10660077 out of 10660077 rows loaded.
2026-07-17 16:13:33,344 [INFO]   → BigQuery: raw_citation_network_data.pub_metadata_raw_20260717_142650
2026-07-17 16:22:40,439 [INFO]   cit_links.txt   : 254,706,396 rows  (127,353,198 unique × 2 directions)
2026-07-17 16:24:12,927 [INFO] 254706396 out of 254706396 rows loaded.
2026-07-17 16:24:12,928 [INFO]   → BigQuery: raw_citation_network_data.cit_links_raw_20260717_142650
2026-07-17 16:24:12,928 [INFO] Classification step skipped (RUN_CLASSIFICATION=false)
2026-07-17 16:24:15,698 [INFO] 1 out of 1 rows loaded.
2026-07-17 16:24:15,698 [INFO]   → BigQuery: raw_citation_network_data.run_metadata_20260717_142650
2026-07-17 16:24:15,698 [INFO] Done!!!!
