CWTS Publication Classification
==================================================
Timestamp: 20260723_150948

Parameters
------------------------------
  largest_component_only    : true
  iterations                : 100
  micro_resolution          : 5e-4
  micro_min_cluster_size    : 1000
  meso_resolution           : 5e-6
  meso_min_cluster_size     : 5000
  macro_resolution          : 6e-7
  macro_min_cluster_size    : 30000

Return Code: 0

STDOUT
------------------------------
PublicationClassificationCreator version 1.1.0
By Nees Jan van Eck
Centre for Science and Technology Studies (CWTS), Leiden University

Reading citation network from file... Finished!
Reading citation network from file took 0h 1m 8s.
Citation network:
	Number of publications: 10660077
	Number of citation links: 108277857
	Total publication weight: 10660077
	Total citation link weight: 45140424

Identifying largest connected component in citation network... Finished!
Identifying largest connected component in citation network took 0h 0m 8s.
Largest connected component:
	Number of publications: 10587970
	Number of citation links: 108232989
	Total publication weight: 10587970
	Total citation link weight: 45125888

Creating publication classification...
	Clustering algorithm: Leiden algorithm
	Number of iterations: 100
	Random seed: 0

Adding micro-level classification...
Creating clustering... Finished! 403843 clusters created.
Reassigning small clusters... Finished! 4749 clusters remaining.
Adding micro-level classification took 1h 22m 56s.
Micro-level classification:
	Resolution: 5.0E-4
	Threshold: 1000
	Number of clusters: 4749

Adding meso-level classification...
Creating clustering... Finished! 489 clusters created.
Reassigning small clusters... Finished! 312 clusters remaining.
Adding meso-level classification took 0h 0m 22s.
Meso-level classification:
	Resolution: 5.0E-6
	Threshold: 5000
	Number of clusters: 312

Adding macro-level classification...
Creating clustering... Finished! 38 clusters created.
Reassigning small clusters... Finished! 21 clusters remaining.
Adding macro-level classification took 0h 0m 5s.
Macro-level classification:
	Resolution: 6.0E-7
	Threshold: 30000
	Number of clusters: 21

Writing publication classification to file... Finished!
Writing publication classification to file took 0h 0m 2s.

STDERR
------------------------------
(empty)
